<?xml-stylesheet type="text/xsl" href="junit-tests-report.xslt" ?>
<testsuites name="jest tests" tests="1501" failures="121" time="36.667">
  <testsuite name="components/NewChannelModal" errors="0" failures="2" skipped="0" timestamp="2019-10-31T15:01:10" time="2.876" tests="3">
    <testcase classname="components/NewChannelModal should match when handleChange is called" name="components/NewChannelModal should match when handleChange is called" time="0.037">
      <failure>TypeError: Cannot read property &apos;current&apos; of undefined
    at warnIfNotScopedWithMatchingAct (/home/mjl/Projects/riff/mattermost-webapp/node_modules/react-dom/cjs/react-dom.development.js:23264:59)
    at updateContainer (/home/mjl/Projects/riff/mattermost-webapp/node_modules/react-dom/cjs/react-dom.development.js:24431:7)
    at /home/mjl/Projects/riff/mattermost-webapp/node_modules/react-dom/cjs/react-dom.development.js:24963:7
    at unbatchedUpdates (/home/mjl/Projects/riff/mattermost-webapp/node_modules/react-dom/cjs/react-dom.development.js:21687:12)
    at legacyRenderSubtreeIntoContainer (/home/mjl/Projects/riff/mattermost-webapp/node_modules/react-dom/cjs/react-dom.development.js:24962:5)
    at Object.render (/home/mjl/Projects/riff/mattermost-webapp/node_modules/react-dom/cjs/react-dom.development.js:25042:12)
    at getFiber (/home/mjl/Projects/riff/mattermost-webapp/node_modules/enzyme-adapter-react-16/build/detectFiberTags.js:49:25)
    at detectFiberTags (/home/mjl/Projects/riff/mattermost-webapp/node_modules/enzyme-adapter-react-16/build/detectFiberTags.js:101:17)
    at ReactSixteenAdapter.createMountRenderer (/home/mjl/Projects/riff/mattermost-webapp/node_modules/enzyme-adapter-react-16/build/ReactSixteenAdapter.js:290:56)
    at ReactSixteenAdapter.createRenderer (/home/mjl/Projects/riff/mattermost-webapp/node_modules/enzyme-adapter-react-16/build/ReactSixteenAdapter.js:497:25)
    at new ReactWrapper (/home/mjl/Projects/riff/mattermost-webapp/node_modules/enzyme/build/ReactWrapper.js:113:30)
    at mount (/home/mjl/Projects/riff/mattermost-webapp/node_modules/enzyme/build/mount.js:21:10)
    at mountWithIntl (/home/mjl/Projects/riff/mattermost-webapp/tests/helpers/intl-test-helper.jsx:18:12)
    at Object.&lt;anonymous&gt; (/home/mjl/Projects/riff/mattermost-webapp/tests/components/failing_tests/new_channel_modal.test.jsx:64:25)
    at Object.asyncJestTest (/home/mjl/Projects/riff/mattermost-webapp/node_modules/jest-jasmine2/build/jasmine_async.js:108:37)
    at /home/mjl/Projects/riff/mattermost-webapp/node_modules/jest-jasmine2/build/queue_runner.js:56:12
    at new Promise (&lt;anonymous&gt;)
    at mapper (/home/mjl/Projects/riff/mattermost-webapp/node_modules/jest-jasmine2/build/queue_runner.js:43:19)
    at /home/mjl/Projects/riff/mattermost-webapp/node_modules/jest-jasmine2/build/queue_runner.js:87:41
    at processTicksAndRejections (internal/process/task_queues.js:93:5)</failure>
    </testcase>
    <testcase classname="components/NewChannelModal should match when handleSubmit is called" name="components/NewChannelModal should match when handleSubmit is called" time="0.002">
      <failure>TypeError: Cannot read property &apos;current&apos; of undefined
    at warnIfNotScopedWithMatchingAct (/home/mjl/Projects/riff/mattermost-webapp/node_modules/react-dom/cjs/react-dom.development.js:23264:59)
    at updateContainer (/home/mjl/Projects/riff/mattermost-webapp/node_modules/react-dom/cjs/react-dom.development.js:24431:7)
    at /home/mjl/Projects/riff/mattermost-webapp/node_modules/react-dom/cjs/react-dom.development.js:24963:7
    at unbatchedUpdates (/home/mjl/Projects/riff/mattermost-webapp/node_modules/react-dom/cjs/react-dom.development.js:21687:12)
    at legacyRenderSubtreeIntoContainer (/home/mjl/Projects/riff/mattermost-webapp/node_modules/react-dom/cjs/react-dom.development.js:24962:5)
    at Object.render (/home/mjl/Projects/riff/mattermost-webapp/node_modules/react-dom/cjs/react-dom.development.js:25042:12)
    at getFiber (/home/mjl/Projects/riff/mattermost-webapp/node_modules/enzyme-adapter-react-16/build/detectFiberTags.js:49:25)
    at detectFiberTags (/home/mjl/Projects/riff/mattermost-webapp/node_modules/enzyme-adapter-react-16/build/detectFiberTags.js:101:17)
    at ReactSixteenAdapter.createMountRenderer (/home/mjl/Projects/riff/mattermost-webapp/node_modules/enzyme-adapter-react-16/build/ReactSixteenAdapter.js:290:56)
    at ReactSixteenAdapter.createRenderer (/home/mjl/Projects/riff/mattermost-webapp/node_modules/enzyme-adapter-react-16/build/ReactSixteenAdapter.js:497:25)
    at new ReactWrapper (/home/mjl/Projects/riff/mattermost-webapp/node_modules/enzyme/build/ReactWrapper.js:113:30)
    at mount (/home/mjl/Projects/riff/mattermost-webapp/node_modules/enzyme/build/mount.js:21:10)
    at mountWithIntl (/home/mjl/Projects/riff/mattermost-webapp/tests/helpers/intl-test-helper.jsx:18:12)
    at Object.&lt;anonymous&gt; (/home/mjl/Projects/riff/mattermost-webapp/tests/components/failing_tests/new_channel_modal.test.jsx:115:25)
    at Object.asyncJestTest (/home/mjl/Projects/riff/mattermost-webapp/node_modules/jest-jasmine2/build/jasmine_async.js:108:37)
    at /home/mjl/Projects/riff/mattermost-webapp/node_modules/jest-jasmine2/build/queue_runner.js:56:12
    at new Promise (&lt;anonymous&gt;)
    at mapper (/home/mjl/Projects/riff/mattermost-webapp/node_modules/jest-jasmine2/build/queue_runner.js:43:19)
    at /home/mjl/Projects/riff/mattermost-webapp/node_modules/jest-jasmine2/build/queue_runner.js:87:41
    at processTicksAndRejections (internal/process/task_queues.js:93:5)</failure>
    </testcase>
    <testcase classname="components/NewChannelModal should have called handleSubmit on onEnterKeyDown" name="components/NewChannelModal should have called handleSubmit on onEnterKeyDown" time="0.012">
    </testcase>
  </testsuite>
  <testsuite name="plugins/Pluggable" errors="0" failures="5" skipped="0" timestamp="2019-10-31T15:01:10" time="2.868" tests="5">
    <testcase classname="plugins/Pluggable should match snapshot with no extended component" name="plugins/Pluggable should match snapshot with no extended component" time="0.025">
      <failure>TypeError: Cannot read property &apos;current&apos; of undefined
    at warnIfNotScopedWithMatchingAct (/home/mjl/Projects/riff/mattermost-webapp/node_modules/react-dom/cjs/react-dom.development.js:23264:59)
    at updateContainer (/home/mjl/Projects/riff/mattermost-webapp/node_modules/react-dom/cjs/react-dom.development.js:24431:7)
    at /home/mjl/Projects/riff/mattermost-webapp/node_modules/react-dom/cjs/react-dom.development.js:24963:7
    at unbatchedUpdates (/home/mjl/Projects/riff/mattermost-webapp/node_modules/react-dom/cjs/react-dom.development.js:21687:12)
    at legacyRenderSubtreeIntoContainer (/home/mjl/Projects/riff/mattermost-webapp/node_modules/react-dom/cjs/react-dom.development.js:24962:5)
    at Object.render (/home/mjl/Projects/riff/mattermost-webapp/node_modules/react-dom/cjs/react-dom.development.js:25042:12)
    at getFiber (/home/mjl/Projects/riff/mattermost-webapp/node_modules/enzyme-adapter-react-16/build/detectFiberTags.js:49:25)
    at detectFiberTags (/home/mjl/Projects/riff/mattermost-webapp/node_modules/enzyme-adapter-react-16/build/detectFiberTags.js:101:17)
    at ReactSixteenAdapter.createMountRenderer (/home/mjl/Projects/riff/mattermost-webapp/node_modules/enzyme-adapter-react-16/build/ReactSixteenAdapter.js:290:56)
    at ReactSixteenAdapter.createRenderer (/home/mjl/Projects/riff/mattermost-webapp/node_modules/enzyme-adapter-react-16/build/ReactSixteenAdapter.js:497:25)
    at new ReactWrapper (/home/mjl/Projects/riff/mattermost-webapp/node_modules/enzyme/build/ReactWrapper.js:113:30)
    at mount (/home/mjl/Projects/riff/mattermost-webapp/node_modules/enzyme/build/mount.js:21:10)
    at mountWithIntl (/home/mjl/Projects/riff/mattermost-webapp/tests/helpers/intl-test-helper.jsx:18:12)
    at Object.&lt;anonymous&gt; (/home/mjl/Projects/riff/mattermost-webapp/tests/plugins/failing_tests/pluggable.test.jsx:40:25)
    at Object.asyncJestTest (/home/mjl/Projects/riff/mattermost-webapp/node_modules/jest-jasmine2/build/jasmine_async.js:108:37)
    at /home/mjl/Projects/riff/mattermost-webapp/node_modules/jest-jasmine2/build/queue_runner.js:56:12
    at new Promise (&lt;anonymous&gt;)
    at mapper (/home/mjl/Projects/riff/mattermost-webapp/node_modules/jest-jasmine2/build/queue_runner.js:43:19)
    at /home/mjl/Projects/riff/mattermost-webapp/node_modules/jest-jasmine2/build/queue_runner.js:87:41
    at processTicksAndRejections (internal/process/task_queues.js:93:5)</failure>
    </testcase>
    <testcase classname="plugins/Pluggable should match snapshot with extended component" name="plugins/Pluggable should match snapshot with extended component" time="0.002">
      <failure>TypeError: Cannot read property &apos;current&apos; of undefined
    at warnIfNotScopedWithMatchingAct (/home/mjl/Projects/riff/mattermost-webapp/node_modules/react-dom/cjs/react-dom.development.js:23264:59)
    at updateContainer (/home/mjl/Projects/riff/mattermost-webapp/node_modules/react-dom/cjs/react-dom.development.js:24431:7)
    at /home/mjl/Projects/riff/mattermost-webapp/node_modules/react-dom/cjs/react-dom.development.js:24963:7
    at unbatchedUpdates (/home/mjl/Projects/riff/mattermost-webapp/node_modules/react-dom/cjs/react-dom.development.js:21687:12)
    at legacyRenderSubtreeIntoContainer (/home/mjl/Projects/riff/mattermost-webapp/node_modules/react-dom/cjs/react-dom.development.js:24962:5)
    at Object.render (/home/mjl/Projects/riff/mattermost-webapp/node_modules/react-dom/cjs/react-dom.development.js:25042:12)
    at getFiber (/home/mjl/Projects/riff/mattermost-webapp/node_modules/enzyme-adapter-react-16/build/detectFiberTags.js:49:25)
    at detectFiberTags (/home/mjl/Projects/riff/mattermost-webapp/node_modules/enzyme-adapter-react-16/build/detectFiberTags.js:101:17)
    at ReactSixteenAdapter.createMountRenderer (/home/mjl/Projects/riff/mattermost-webapp/node_modules/enzyme-adapter-react-16/build/ReactSixteenAdapter.js:290:56)
    at ReactSixteenAdapter.createRenderer (/home/mjl/Projects/riff/mattermost-webapp/node_modules/enzyme-adapter-react-16/build/ReactSixteenAdapter.js:497:25)
    at new ReactWrapper (/home/mjl/Projects/riff/mattermost-webapp/node_modules/enzyme/build/ReactWrapper.js:113:30)
    at mount (/home/mjl/Projects/riff/mattermost-webapp/node_modules/enzyme/build/mount.js:21:10)
    at Object.&lt;anonymous&gt; (/home/mjl/Projects/riff/mattermost-webapp/tests/plugins/failing_tests/pluggable.test.jsx:52:25)
    at Object.asyncJestTest (/home/mjl/Projects/riff/mattermost-webapp/node_modules/jest-jasmine2/build/jasmine_async.js:108:37)
    at /home/mjl/Projects/riff/mattermost-webapp/node_modules/jest-jasmine2/build/queue_runner.js:56:12
    at new Promise (&lt;anonymous&gt;)
    at mapper (/home/mjl/Projects/riff/mattermost-webapp/node_modules/jest-jasmine2/build/queue_runner.js:43:19)
    at /home/mjl/Projects/riff/mattermost-webapp/node_modules/jest-jasmine2/build/queue_runner.js:87:41
    at processTicksAndRejections (internal/process/task_queues.js:93:5)</failure>
    </testcase>
    <testcase classname="plugins/Pluggable should match snapshot with extended component with pluggableName" name="plugins/Pluggable should match snapshot with extended component with pluggableName" time="0.001">
      <failure>TypeError: Cannot read property &apos;current&apos; of undefined
    at warnIfNotScopedWithMatchingAct (/home/mjl/Projects/riff/mattermost-webapp/node_modules/react-dom/cjs/react-dom.development.js:23264:59)
    at updateContainer (/home/mjl/Projects/riff/mattermost-webapp/node_modules/react-dom/cjs/react-dom.development.js:24431:7)
    at /home/mjl/Projects/riff/mattermost-webapp/node_modules/react-dom/cjs/react-dom.development.js:24963:7
    at unbatchedUpdates (/home/mjl/Projects/riff/mattermost-webapp/node_modules/react-dom/cjs/react-dom.development.js:21687:12)
    at legacyRenderSubtreeIntoContainer (/home/mjl/Projects/riff/mattermost-webapp/node_modules/react-dom/cjs/react-dom.development.js:24962:5)
    at Object.render (/home/mjl/Projects/riff/mattermost-webapp/node_modules/react-dom/cjs/react-dom.development.js:25042:12)
    at getFiber (/home/mjl/Projects/riff/mattermost-webapp/node_modules/enzyme-adapter-react-16/build/detectFiberTags.js:49:25)
    at detectFiberTags (/home/mjl/Projects/riff/mattermost-webapp/node_modules/enzyme-adapter-react-16/build/detectFiberTags.js:101:17)
    at ReactSixteenAdapter.createMountRenderer (/home/mjl/Projects/riff/mattermost-webapp/node_modules/enzyme-adapter-react-16/build/ReactSixteenAdapter.js:290:56)
    at ReactSixteenAdapter.createRenderer (/home/mjl/Projects/riff/mattermost-webapp/node_modules/enzyme-adapter-react-16/build/ReactSixteenAdapter.js:497:25)
    at new ReactWrapper (/home/mjl/Projects/riff/mattermost-webapp/node_modules/enzyme/build/ReactWrapper.js:113:30)
    at mount (/home/mjl/Projects/riff/mattermost-webapp/node_modules/enzyme/build/mount.js:21:10)
    at mountWithIntl (/home/mjl/Projects/riff/mattermost-webapp/tests/helpers/intl-test-helper.jsx:18:12)
    at Object.&lt;anonymous&gt; (/home/mjl/Projects/riff/mattermost-webapp/tests/plugins/failing_tests/pluggable.test.jsx:67:25)
    at Object.asyncJestTest (/home/mjl/Projects/riff/mattermost-webapp/node_modules/jest-jasmine2/build/jasmine_async.js:108:37)
    at /home/mjl/Projects/riff/mattermost-webapp/node_modules/jest-jasmine2/build/queue_runner.js:56:12
    at new Promise (&lt;anonymous&gt;)
    at mapper (/home/mjl/Projects/riff/mattermost-webapp/node_modules/jest-jasmine2/build/queue_runner.js:43:19)
    at /home/mjl/Projects/riff/mattermost-webapp/node_modules/jest-jasmine2/build/queue_runner.js:87:41
    at processTicksAndRejections (internal/process/task_queues.js:93:5)</failure>
    </testcase>
    <testcase classname="plugins/Pluggable should match snapshot with no overridden component" name="plugins/Pluggable should match snapshot with no overridden component" time="0.001">
      <failure>TypeError: Cannot read property &apos;current&apos; of undefined
    at warnIfNotScopedWithMatchingAct (/home/mjl/Projects/riff/mattermost-webapp/node_modules/react-dom/cjs/react-dom.development.js:23264:59)
    at updateContainer (/home/mjl/Projects/riff/mattermost-webapp/node_modules/react-dom/cjs/react-dom.development.js:24431:7)
    at /home/mjl/Projects/riff/mattermost-webapp/node_modules/react-dom/cjs/react-dom.development.js:24963:7
    at unbatchedUpdates (/home/mjl/Projects/riff/mattermost-webapp/node_modules/react-dom/cjs/react-dom.development.js:21687:12)
    at legacyRenderSubtreeIntoContainer (/home/mjl/Projects/riff/mattermost-webapp/node_modules/react-dom/cjs/react-dom.development.js:24962:5)
    at Object.render (/home/mjl/Projects/riff/mattermost-webapp/node_modules/react-dom/cjs/react-dom.development.js:25042:12)
    at getFiber (/home/mjl/Projects/riff/mattermost-webapp/node_modules/enzyme-adapter-react-16/build/detectFiberTags.js:49:25)
    at detectFiberTags (/home/mjl/Projects/riff/mattermost-webapp/node_modules/enzyme-adapter-react-16/build/detectFiberTags.js:101:17)
    at ReactSixteenAdapter.createMountRenderer (/home/mjl/Projects/riff/mattermost-webapp/node_modules/enzyme-adapter-react-16/build/ReactSixteenAdapter.js:290:56)
    at ReactSixteenAdapter.createRenderer (/home/mjl/Projects/riff/mattermost-webapp/node_modules/enzyme-adapter-react-16/build/ReactSixteenAdapter.js:497:25)
    at new ReactWrapper (/home/mjl/Projects/riff/mattermost-webapp/node_modules/enzyme/build/ReactWrapper.js:113:30)
    at mount (/home/mjl/Projects/riff/mattermost-webapp/node_modules/enzyme/build/mount.js:21:10)
    at mountWithIntl (/home/mjl/Projects/riff/mattermost-webapp/tests/helpers/intl-test-helper.jsx:18:12)
    at Object.&lt;anonymous&gt; (/home/mjl/Projects/riff/mattermost-webapp/tests/plugins/failing_tests/pluggable.test.jsx:80:25)
    at Object.asyncJestTest (/home/mjl/Projects/riff/mattermost-webapp/node_modules/jest-jasmine2/build/jasmine_async.js:108:37)
    at /home/mjl/Projects/riff/mattermost-webapp/node_modules/jest-jasmine2/build/queue_runner.js:56:12
    at new Promise (&lt;anonymous&gt;)
    at mapper (/home/mjl/Projects/riff/mattermost-webapp/node_modules/jest-jasmine2/build/queue_runner.js:43:19)
    at /home/mjl/Projects/riff/mattermost-webapp/node_modules/jest-jasmine2/build/queue_runner.js:87:41
    at processTicksAndRejections (internal/process/task_queues.js:93:5)</failure>
    </testcase>
    <testcase classname="plugins/Pluggable should match snapshot with overridden component" name="plugins/Pluggable should match snapshot with overridden component" time="0">
      <failure>TypeError: Cannot read property &apos;current&apos; of undefined
    at warnIfNotScopedWithMatchingAct (/home/mjl/Projects/riff/mattermost-webapp/node_modules/react-dom/cjs/react-dom.development.js:23264:59)
    at updateContainer (/home/mjl/Projects/riff/mattermost-webapp/node_modules/react-dom/cjs/react-dom.development.js:24431:7)
    at /home/mjl/Projects/riff/mattermost-webapp/node_modules/react-dom/cjs/react-dom.development.js:24963:7
    at unbatchedUpdates (/home/mjl/Projects/riff/mattermost-webapp/node_modules/react-dom/cjs/react-dom.development.js:21687:12)
    at legacyRenderSubtreeIntoContainer (/home/mjl/Projects/riff/mattermost-webapp/node_modules/react-dom/cjs/react-dom.development.js:24962:5)
    at Object.render (/home/mjl/Projects/riff/mattermost-webapp/node_modules/react-dom/cjs/react-dom.development.js:25042:12)
    at getFiber (/home/mjl/Projects/riff/mattermost-webapp/node_modules/enzyme-adapter-react-16/build/detectFiberTags.js:49:25)
    at detectFiberTags (/home/mjl/Projects/riff/mattermost-webapp/node_modules/enzyme-adapter-react-16/build/detectFiberTags.js:101:17)
    at ReactSixteenAdapter.createMountRenderer (/home/mjl/Projects/riff/mattermost-webapp/node_modules/enzyme-adapter-react-16/build/ReactSixteenAdapter.js:290:56)
    at ReactSixteenAdapter.createRenderer (/home/mjl/Projects/riff/mattermost-webapp/node_modules/enzyme-adapter-react-16/build/ReactSixteenAdapter.js:497:25)
    at new ReactWrapper (/home/mjl/Projects/riff/mattermost-webapp/node_modules/enzyme/build/ReactWrapper.js:113:30)
    at mount (/home/mjl/Projects/riff/mattermost-webapp/node_modules/enzyme/build/mount.js:21:10)
    at Object.&lt;anonymous&gt; (/home/mjl/Projects/riff/mattermost-webapp/tests/plugins/failing_tests/pluggable.test.jsx:97:25)
    at Object.asyncJestTest (/home/mjl/Projects/riff/mattermost-webapp/node_modules/jest-jasmine2/build/jasmine_async.js:108:37)
    at /home/mjl/Projects/riff/mattermost-webapp/node_modules/jest-jasmine2/build/queue_runner.js:56:12
    at new Promise (&lt;anonymous&gt;)
    at mapper (/home/mjl/Projects/riff/mattermost-webapp/node_modules/jest-jasmine2/build/queue_runner.js:43:19)
    at /home/mjl/Projects/riff/mattermost-webapp/node_modules/jest-jasmine2/build/queue_runner.js:87:41
    at processTicksAndRejections (internal/process/task_queues.js:93:5)</failure>
    </testcase>
  </testsuite>
  <testsuite name="plugins/PostMessageView" errors="0" failures="1" skipped="0" timestamp="2019-10-31T15:01:10" time="3.039" tests="2">
    <testcase classname="plugins/PostMessageView should match snapshot with extended post type" name="plugins/PostMessageView should match snapshot with extended post type" time="0.03">
      <failure>TypeError: Cannot read property &apos;current&apos; of undefined
    at warnIfNotScopedWithMatchingAct (/home/mjl/Projects/riff/mattermost-webapp/node_modules/react-dom/cjs/react-dom.development.js:23264:59)
    at updateContainer (/home/mjl/Projects/riff/mattermost-webapp/node_modules/react-dom/cjs/react-dom.development.js:24431:7)
    at /home/mjl/Projects/riff/mattermost-webapp/node_modules/react-dom/cjs/react-dom.development.js:24963:7
    at unbatchedUpdates (/home/mjl/Projects/riff/mattermost-webapp/node_modules/react-dom/cjs/react-dom.development.js:21687:12)
    at legacyRenderSubtreeIntoContainer (/home/mjl/Projects/riff/mattermost-webapp/node_modules/react-dom/cjs/react-dom.development.js:24962:5)
    at Object.render (/home/mjl/Projects/riff/mattermost-webapp/node_modules/react-dom/cjs/react-dom.development.js:25042:12)
    at getFiber (/home/mjl/Projects/riff/mattermost-webapp/node_modules/enzyme-adapter-react-16/build/detectFiberTags.js:49:25)
    at detectFiberTags (/home/mjl/Projects/riff/mattermost-webapp/node_modules/enzyme-adapter-react-16/build/detectFiberTags.js:101:17)
    at ReactSixteenAdapter.createMountRenderer (/home/mjl/Projects/riff/mattermost-webapp/node_modules/enzyme-adapter-react-16/build/ReactSixteenAdapter.js:290:56)
    at ReactSixteenAdapter.createRenderer (/home/mjl/Projects/riff/mattermost-webapp/node_modules/enzyme-adapter-react-16/build/ReactSixteenAdapter.js:497:25)
    at new ReactWrapper (/home/mjl/Projects/riff/mattermost-webapp/node_modules/enzyme/build/ReactWrapper.js:113:30)
    at mount (/home/mjl/Projects/riff/mattermost-webapp/node_modules/enzyme/build/mount.js:21:10)
    at Object.&lt;anonymous&gt; (/home/mjl/Projects/riff/mattermost-webapp/tests/plugins/failing_tests/post_type.test.jsx:32:25)
    at Object.asyncJestTest (/home/mjl/Projects/riff/mattermost-webapp/node_modules/jest-jasmine2/build/jasmine_async.js:108:37)
    at /home/mjl/Projects/riff/mattermost-webapp/node_modules/jest-jasmine2/build/queue_runner.js:56:12
    at new Promise (&lt;anonymous&gt;)
    at mapper (/home/mjl/Projects/riff/mattermost-webapp/node_modules/jest-jasmine2/build/queue_runner.js:43:19)
    at /home/mjl/Projects/riff/mattermost-webapp/node_modules/jest-jasmine2/build/queue_runner.js:87:41
    at processTicksAndRejections (internal/process/task_queues.js:93:5)</failure>
    </testcase>
    <testcase classname="plugins/PostMessageView should match snapshot with no extended post type" name="plugins/PostMessageView should match snapshot with no extended post type" time="0.024">
    </testcase>
  </testsuite>
  <testsuite name="components/user_settings/notifications/ManageAutoResponder" errors="0" failures="3" skipped="0" timestamp="2019-10-31T15:01:10" time="3.234" tests="3">
    <testcase classname="components/user_settings/notifications/ManageAutoResponder should match snapshot, default disabled" name="components/user_settings/notifications/ManageAutoResponder should match snapshot, default disabled" time="0.019">
      <failure>TypeError: Cannot read property &apos;current&apos; of undefined
    at warnIfNotScopedWithMatchingAct (/home/mjl/Projects/riff/mattermost-webapp/node_modules/react-dom/cjs/react-dom.development.js:23264:59)
    at updateContainer (/home/mjl/Projects/riff/mattermost-webapp/node_modules/react-dom/cjs/react-dom.development.js:24431:7)
    at /home/mjl/Projects/riff/mattermost-webapp/node_modules/react-dom/cjs/react-dom.development.js:24963:7
    at unbatchedUpdates (/home/mjl/Projects/riff/mattermost-webapp/node_modules/react-dom/cjs/react-dom.development.js:21687:12)
    at legacyRenderSubtreeIntoContainer (/home/mjl/Projects/riff/mattermost-webapp/node_modules/react-dom/cjs/react-dom.development.js:24962:5)
    at Object.render (/home/mjl/Projects/riff/mattermost-webapp/node_modules/react-dom/cjs/react-dom.development.js:25042:12)
    at getFiber (/home/mjl/Projects/riff/mattermost-webapp/node_modules/enzyme-adapter-react-16/build/detectFiberTags.js:49:25)
    at detectFiberTags (/home/mjl/Projects/riff/mattermost-webapp/node_modules/enzyme-adapter-react-16/build/detectFiberTags.js:101:17)
    at ReactSixteenAdapter.createMountRenderer (/home/mjl/Projects/riff/mattermost-webapp/node_modules/enzyme-adapter-react-16/build/ReactSixteenAdapter.js:290:56)
    at ReactSixteenAdapter.createRenderer (/home/mjl/Projects/riff/mattermost-webapp/node_modules/enzyme-adapter-react-16/build/ReactSixteenAdapter.js:497:25)
    at new ReactWrapper (/home/mjl/Projects/riff/mattermost-webapp/node_modules/enzyme/build/ReactWrapper.js:113:30)
    at mount (/home/mjl/Projects/riff/mattermost-webapp/node_modules/enzyme/build/mount.js:21:10)
    at mountWithIntl (/home/mjl/Projects/riff/mattermost-webapp/tests/helpers/intl-test-helper.jsx:18:12)
    at Object.&lt;anonymous&gt; (/home/mjl/Projects/riff/mattermost-webapp/tests/components/user_settings/failing_tests/manage_auto_responder.test.jsx:21:25)
    at Object.asyncJestTest (/home/mjl/Projects/riff/mattermost-webapp/node_modules/jest-jasmine2/build/jasmine_async.js:108:37)
    at /home/mjl/Projects/riff/mattermost-webapp/node_modules/jest-jasmine2/build/queue_runner.js:56:12
    at new Promise (&lt;anonymous&gt;)
    at mapper (/home/mjl/Projects/riff/mattermost-webapp/node_modules/jest-jasmine2/build/queue_runner.js:43:19)
    at /home/mjl/Projects/riff/mattermost-webapp/node_modules/jest-jasmine2/build/queue_runner.js:87:41
    at processTicksAndRejections (internal/process/task_queues.js:93:5)</failure>
    </testcase>
    <testcase classname="components/user_settings/notifications/ManageAutoResponder should match snapshot, enabled" name="components/user_settings/notifications/ManageAutoResponder should match snapshot, enabled" time="0.002">
      <failure>TypeError: Cannot read property &apos;current&apos; of undefined
    at warnIfNotScopedWithMatchingAct (/home/mjl/Projects/riff/mattermost-webapp/node_modules/react-dom/cjs/react-dom.development.js:23264:59)
    at updateContainer (/home/mjl/Projects/riff/mattermost-webapp/node_modules/react-dom/cjs/react-dom.development.js:24431:7)
    at /home/mjl/Projects/riff/mattermost-webapp/node_modules/react-dom/cjs/react-dom.development.js:24963:7
    at unbatchedUpdates (/home/mjl/Projects/riff/mattermost-webapp/node_modules/react-dom/cjs/react-dom.development.js:21687:12)
    at legacyRenderSubtreeIntoContainer (/home/mjl/Projects/riff/mattermost-webapp/node_modules/react-dom/cjs/react-dom.development.js:24962:5)
    at Object.render (/home/mjl/Projects/riff/mattermost-webapp/node_modules/react-dom/cjs/react-dom.development.js:25042:12)
    at getFiber (/home/mjl/Projects/riff/mattermost-webapp/node_modules/enzyme-adapter-react-16/build/detectFiberTags.js:49:25)
    at detectFiberTags (/home/mjl/Projects/riff/mattermost-webapp/node_modules/enzyme-adapter-react-16/build/detectFiberTags.js:101:17)
    at ReactSixteenAdapter.createMountRenderer (/home/mjl/Projects/riff/mattermost-webapp/node_modules/enzyme-adapter-react-16/build/ReactSixteenAdapter.js:290:56)
    at ReactSixteenAdapter.createRenderer (/home/mjl/Projects/riff/mattermost-webapp/node_modules/enzyme-adapter-react-16/build/ReactSixteenAdapter.js:497:25)
    at new ReactWrapper (/home/mjl/Projects/riff/mattermost-webapp/node_modules/enzyme/build/ReactWrapper.js:113:30)
    at mount (/home/mjl/Projects/riff/mattermost-webapp/node_modules/enzyme/build/mount.js:21:10)
    at mountWithIntl (/home/mjl/Projects/riff/mattermost-webapp/tests/helpers/intl-test-helper.jsx:18:12)
    at Object.&lt;anonymous&gt; (/home/mjl/Projects/riff/mattermost-webapp/tests/components/user_settings/failing_tests/manage_auto_responder.test.jsx:30:25)
    at Object.asyncJestTest (/home/mjl/Projects/riff/mattermost-webapp/node_modules/jest-jasmine2/build/jasmine_async.js:108:37)
    at /home/mjl/Projects/riff/mattermost-webapp/node_modules/jest-jasmine2/build/queue_runner.js:56:12
    at new Promise (&lt;anonymous&gt;)
    at mapper (/home/mjl/Projects/riff/mattermost-webapp/node_modules/jest-jasmine2/build/queue_runner.js:43:19)
    at /home/mjl/Projects/riff/mattermost-webapp/node_modules/jest-jasmine2/build/queue_runner.js:87:41
    at processTicksAndRejections (internal/process/task_queues.js:93:5)</failure>
    </testcase>
    <testcase classname="components/user_settings/notifications/ManageAutoResponder should pass handleChange" name="components/user_settings/notifications/ManageAutoResponder should pass handleChange" time="0.001">
      <failure>TypeError: Cannot read property &apos;current&apos; of undefined
    at warnIfNotScopedWithMatchingAct (/home/mjl/Projects/riff/mattermost-webapp/node_modules/react-dom/cjs/react-dom.development.js:23264:59)
    at updateContainer (/home/mjl/Projects/riff/mattermost-webapp/node_modules/react-dom/cjs/react-dom.development.js:24431:7)
    at /home/mjl/Projects/riff/mattermost-webapp/node_modules/react-dom/cjs/react-dom.development.js:24963:7
    at unbatchedUpdates (/home/mjl/Projects/riff/mattermost-webapp/node_modules/react-dom/cjs/react-dom.development.js:21687:12)
    at legacyRenderSubtreeIntoContainer (/home/mjl/Projects/riff/mattermost-webapp/node_modules/react-dom/cjs/react-dom.development.js:24962:5)
    at Object.render (/home/mjl/Projects/riff/mattermost-webapp/node_modules/react-dom/cjs/react-dom.development.js:25042:12)
    at getFiber (/home/mjl/Projects/riff/mattermost-webapp/node_modules/enzyme-adapter-react-16/build/detectFiberTags.js:49:25)
    at detectFiberTags (/home/mjl/Projects/riff/mattermost-webapp/node_modules/enzyme-adapter-react-16/build/detectFiberTags.js:101:17)
    at ReactSixteenAdapter.createMountRenderer (/home/mjl/Projects/riff/mattermost-webapp/node_modules/enzyme-adapter-react-16/build/ReactSixteenAdapter.js:290:56)
    at ReactSixteenAdapter.createRenderer (/home/mjl/Projects/riff/mattermost-webapp/node_modules/enzyme-adapter-react-16/build/ReactSixteenAdapter.js:497:25)
    at new ReactWrapper (/home/mjl/Projects/riff/mattermost-webapp/node_modules/enzyme/build/ReactWrapper.js:113:30)
    at mount (/home/mjl/Projects/riff/mattermost-webapp/node_modules/enzyme/build/mount.js:21:10)
    at mountWithIntl (/home/mjl/Projects/riff/mattermost-webapp/tests/helpers/intl-test-helper.jsx:18:12)
    at Object.&lt;anonymous&gt; (/home/mjl/Projects/riff/mattermost-webapp/tests/components/user_settings/failing_tests/manage_auto_responder.test.jsx:45:25)
    at Object.asyncJestTest (/home/mjl/Projects/riff/mattermost-webapp/node_modules/jest-jasmine2/build/jasmine_async.js:108:37)
    at /home/mjl/Projects/riff/mattermost-webapp/node_modules/jest-jasmine2/build/queue_runner.js:56:12
    at new Promise (&lt;anonymous&gt;)
    at mapper (/home/mjl/Projects/riff/mattermost-webapp/node_modules/jest-jasmine2/build/queue_runner.js:43:19)
    at /home/mjl/Projects/riff/mattermost-webapp/node_modules/jest-jasmine2/build/queue_runner.js:87:41
    at processTicksAndRejections (internal/process/task_queues.js:93:5)</failure>
    </testcase>
  </testsuite>
  <testsuite name="components/analytics/doughnut_chart.jsx" errors="0" failures="4" skipped="0" timestamp="2019-10-31T15:01:10" time="3.416" tests="5">
    <testcase classname="components/analytics/doughnut_chart.jsx should match snapshot, on loading" name="components/analytics/doughnut_chart.jsx should match snapshot, on loading" time="0.015">
    </testcase>
    <testcase classname="components/analytics/doughnut_chart.jsx should match snapshot, loaded without data" name="components/analytics/doughnut_chart.jsx should match snapshot, loaded without data" time="0.019">
      <failure>TypeError: Cannot read property &apos;current&apos; of undefined
    at warnIfNotScopedWithMatchingAct (/home/mjl/Projects/riff/mattermost-webapp/node_modules/react-dom/cjs/react-dom.development.js:23264:59)
    at updateContainer (/home/mjl/Projects/riff/mattermost-webapp/node_modules/react-dom/cjs/react-dom.development.js:24431:7)
    at /home/mjl/Projects/riff/mattermost-webapp/node_modules/react-dom/cjs/react-dom.development.js:24963:7
    at unbatchedUpdates (/home/mjl/Projects/riff/mattermost-webapp/node_modules/react-dom/cjs/react-dom.development.js:21687:12)
    at legacyRenderSubtreeIntoContainer (/home/mjl/Projects/riff/mattermost-webapp/node_modules/react-dom/cjs/react-dom.development.js:24962:5)
    at Object.render (/home/mjl/Projects/riff/mattermost-webapp/node_modules/react-dom/cjs/react-dom.development.js:25042:12)
    at getFiber (/home/mjl/Projects/riff/mattermost-webapp/node_modules/enzyme-adapter-react-16/build/detectFiberTags.js:49:25)
    at detectFiberTags (/home/mjl/Projects/riff/mattermost-webapp/node_modules/enzyme-adapter-react-16/build/detectFiberTags.js:101:17)
    at ReactSixteenAdapter.createMountRenderer (/home/mjl/Projects/riff/mattermost-webapp/node_modules/enzyme-adapter-react-16/build/ReactSixteenAdapter.js:290:56)
    at ReactSixteenAdapter.createRenderer (/home/mjl/Projects/riff/mattermost-webapp/node_modules/enzyme-adapter-react-16/build/ReactSixteenAdapter.js:497:25)
    at new ReactWrapper (/home/mjl/Projects/riff/mattermost-webapp/node_modules/enzyme/build/ReactWrapper.js:113:30)
    at mount (/home/mjl/Projects/riff/mattermost-webapp/node_modules/enzyme/build/mount.js:21:10)
    at Object.&lt;anonymous&gt; (/home/mjl/Projects/riff/mattermost-webapp/tests/components/analytics/failing_tests/doughnut_chart.test.jsx:27:25)
    at Object.asyncJestTest (/home/mjl/Projects/riff/mattermost-webapp/node_modules/jest-jasmine2/build/jasmine_async.js:108:37)
    at /home/mjl/Projects/riff/mattermost-webapp/node_modules/jest-jasmine2/build/queue_runner.js:56:12
    at new Promise (&lt;anonymous&gt;)
    at mapper (/home/mjl/Projects/riff/mattermost-webapp/node_modules/jest-jasmine2/build/queue_runner.js:43:19)
    at /home/mjl/Projects/riff/mattermost-webapp/node_modules/jest-jasmine2/build/queue_runner.js:87:41
    at processTicksAndRejections (internal/process/task_queues.js:93:5)</failure>
    </testcase>
    <testcase classname="components/analytics/doughnut_chart.jsx should match snapshot, loaded with data" name="components/analytics/doughnut_chart.jsx should match snapshot, loaded with data" time="0.003">
      <failure>TypeError: Cannot read property &apos;current&apos; of undefined
    at warnIfNotScopedWithMatchingAct (/home/mjl/Projects/riff/mattermost-webapp/node_modules/react-dom/cjs/react-dom.development.js:23264:59)
    at updateContainer (/home/mjl/Projects/riff/mattermost-webapp/node_modules/react-dom/cjs/react-dom.development.js:24431:7)
    at /home/mjl/Projects/riff/mattermost-webapp/node_modules/react-dom/cjs/react-dom.development.js:24963:7
    at unbatchedUpdates (/home/mjl/Projects/riff/mattermost-webapp/node_modules/react-dom/cjs/react-dom.development.js:21687:12)
    at legacyRenderSubtreeIntoContainer (/home/mjl/Projects/riff/mattermost-webapp/node_modules/react-dom/cjs/react-dom.development.js:24962:5)
    at Object.render (/home/mjl/Projects/riff/mattermost-webapp/node_modules/react-dom/cjs/react-dom.development.js:25042:12)
    at getFiber (/home/mjl/Projects/riff/mattermost-webapp/node_modules/enzyme-adapter-react-16/build/detectFiberTags.js:49:25)
    at detectFiberTags (/home/mjl/Projects/riff/mattermost-webapp/node_modules/enzyme-adapter-react-16/build/detectFiberTags.js:101:17)
    at ReactSixteenAdapter.createMountRenderer (/home/mjl/Projects/riff/mattermost-webapp/node_modules/enzyme-adapter-react-16/build/ReactSixteenAdapter.js:290:56)
    at ReactSixteenAdapter.createRenderer (/home/mjl/Projects/riff/mattermost-webapp/node_modules/enzyme-adapter-react-16/build/ReactSixteenAdapter.js:497:25)
    at new ReactWrapper (/home/mjl/Projects/riff/mattermost-webapp/node_modules/enzyme/build/ReactWrapper.js:113:30)
    at mount (/home/mjl/Projects/riff/mattermost-webapp/node_modules/enzyme/build/mount.js:21:10)
    at Object.&lt;anonymous&gt; (/home/mjl/Projects/riff/mattermost-webapp/tests/components/analytics/failing_tests/doughnut_chart.test.jsx:48:25)
    at Object.asyncJestTest (/home/mjl/Projects/riff/mattermost-webapp/node_modules/jest-jasmine2/build/jasmine_async.js:108:37)
    at /home/mjl/Projects/riff/mattermost-webapp/node_modules/jest-jasmine2/build/queue_runner.js:56:12
    at new Promise (&lt;anonymous&gt;)
    at mapper (/home/mjl/Projects/riff/mattermost-webapp/node_modules/jest-jasmine2/build/queue_runner.js:43:19)
    at /home/mjl/Projects/riff/mattermost-webapp/node_modules/jest-jasmine2/build/queue_runner.js:87:41
    at processTicksAndRejections (internal/process/task_queues.js:93:5)</failure>
    </testcase>
    <testcase classname="components/analytics/doughnut_chart.jsx should create and destroy the chart on mount and unmount with data" name="components/analytics/doughnut_chart.jsx should create and destroy the chart on mount and unmount with data" time="0.002">
      <failure>TypeError: Cannot read property &apos;current&apos; of undefined
    at warnIfNotScopedWithMatchingAct (/home/mjl/Projects/riff/mattermost-webapp/node_modules/react-dom/cjs/react-dom.development.js:23264:59)
    at updateContainer (/home/mjl/Projects/riff/mattermost-webapp/node_modules/react-dom/cjs/react-dom.development.js:24431:7)
    at /home/mjl/Projects/riff/mattermost-webapp/node_modules/react-dom/cjs/react-dom.development.js:24963:7
    at unbatchedUpdates (/home/mjl/Projects/riff/mattermost-webapp/node_modules/react-dom/cjs/react-dom.development.js:21687:12)
    at legacyRenderSubtreeIntoContainer (/home/mjl/Projects/riff/mattermost-webapp/node_modules/react-dom/cjs/react-dom.development.js:24962:5)
    at Object.render (/home/mjl/Projects/riff/mattermost-webapp/node_modules/react-dom/cjs/react-dom.development.js:25042:12)
    at getFiber (/home/mjl/Projects/riff/mattermost-webapp/node_modules/enzyme-adapter-react-16/build/detectFiberTags.js:49:25)
    at detectFiberTags (/home/mjl/Projects/riff/mattermost-webapp/node_modules/enzyme-adapter-react-16/build/detectFiberTags.js:101:17)
    at ReactSixteenAdapter.createMountRenderer (/home/mjl/Projects/riff/mattermost-webapp/node_modules/enzyme-adapter-react-16/build/ReactSixteenAdapter.js:290:56)
    at ReactSixteenAdapter.createRenderer (/home/mjl/Projects/riff/mattermost-webapp/node_modules/enzyme-adapter-react-16/build/ReactSixteenAdapter.js:497:25)
    at new ReactWrapper (/home/mjl/Projects/riff/mattermost-webapp/node_modules/enzyme/build/ReactWrapper.js:113:30)
    at mount (/home/mjl/Projects/riff/mattermost-webapp/node_modules/enzyme/build/mount.js:21:10)
    at Object.&lt;anonymous&gt; (/home/mjl/Projects/riff/mattermost-webapp/tests/components/analytics/failing_tests/doughnut_chart.test.jsx:70:25)
    at Object.asyncJestTest (/home/mjl/Projects/riff/mattermost-webapp/node_modules/jest-jasmine2/build/jasmine_async.js:108:37)
    at /home/mjl/Projects/riff/mattermost-webapp/node_modules/jest-jasmine2/build/queue_runner.js:56:12
    at new Promise (&lt;anonymous&gt;)
    at mapper (/home/mjl/Projects/riff/mattermost-webapp/node_modules/jest-jasmine2/build/queue_runner.js:43:19)
    at /home/mjl/Projects/riff/mattermost-webapp/node_modules/jest-jasmine2/build/queue_runner.js:87:41
    at processTicksAndRejections (internal/process/task_queues.js:93:5)</failure>
    </testcase>
    <testcase classname="components/analytics/doughnut_chart.jsx should update the chart on data change" name="components/analytics/doughnut_chart.jsx should update the chart on data change" time="0.001">
      <failure>TypeError: Cannot read property &apos;current&apos; of undefined
    at warnIfNotScopedWithMatchingAct (/home/mjl/Projects/riff/mattermost-webapp/node_modules/react-dom/cjs/react-dom.development.js:23264:59)
    at updateContainer (/home/mjl/Projects/riff/mattermost-webapp/node_modules/react-dom/cjs/react-dom.development.js:24431:7)
    at /home/mjl/Projects/riff/mattermost-webapp/node_modules/react-dom/cjs/react-dom.development.js:24963:7
    at unbatchedUpdates (/home/mjl/Projects/riff/mattermost-webapp/node_modules/react-dom/cjs/react-dom.development.js:21687:12)
    at legacyRenderSubtreeIntoContainer (/home/mjl/Projects/riff/mattermost-webapp/node_modules/react-dom/cjs/react-dom.development.js:24962:5)
    at Object.render (/home/mjl/Projects/riff/mattermost-webapp/node_modules/react-dom/cjs/react-dom.development.js:25042:12)
    at getFiber (/home/mjl/Projects/riff/mattermost-webapp/node_modules/enzyme-adapter-react-16/build/detectFiberTags.js:49:25)
    at detectFiberTags (/home/mjl/Projects/riff/mattermost-webapp/node_modules/enzyme-adapter-react-16/build/detectFiberTags.js:101:17)
    at ReactSixteenAdapter.createMountRenderer (/home/mjl/Projects/riff/mattermost-webapp/node_modules/enzyme-adapter-react-16/build/ReactSixteenAdapter.js:290:56)
    at ReactSixteenAdapter.createRenderer (/home/mjl/Projects/riff/mattermost-webapp/node_modules/enzyme-adapter-react-16/build/ReactSixteenAdapter.js:497:25)
    at new ReactWrapper (/home/mjl/Projects/riff/mattermost-webapp/node_modules/enzyme/build/ReactWrapper.js:113:30)
    at mount (/home/mjl/Projects/riff/mattermost-webapp/node_modules/enzyme/build/mount.js:21:10)
    at Object.&lt;anonymous&gt; (/home/mjl/Projects/riff/mattermost-webapp/tests/components/analytics/failing_tests/doughnut_chart.test.jsx:102:25)
    at Object.asyncJestTest (/home/mjl/Projects/riff/mattermost-webapp/node_modules/jest-jasmine2/build/jasmine_async.js:108:37)
    at /home/mjl/Projects/riff/mattermost-webapp/node_modules/jest-jasmine2/build/queue_runner.js:56:12
    at new Promise (&lt;anonymous&gt;)
    at mapper (/home/mjl/Projects/riff/mattermost-webapp/node_modules/jest-jasmine2/build/queue_runner.js:43:19)
    at /home/mjl/Projects/riff/mattermost-webapp/node_modules/jest-jasmine2/build/queue_runner.js:87:41
    at processTicksAndRejections (internal/process/task_queues.js:93:5)</failure>
    </testcase>
  </testsuite>
  <testsuite name="components/SystemNotice" errors="0" failures="6" skipped="0" timestamp="2019-10-31T15:01:13" time="0.559" tests="6">
    <testcase classname="components/SystemNotice should match snapshot for regular user, regular notice" name="components/SystemNotice should match snapshot for regular user, regular notice" time="0.038">
      <failure>Error: Unexpected console logsWarning: React.createElement: type is invalid -- expected a string (for built-in components) or a class/function (for composite components) but got: undefined. You likely forgot to export your component from the file it&apos;s defined in, or you might have mixed up default and named imports.
    at Object.&lt;anonymous&gt; (/home/mjl/Projects/riff/mattermost-webapp/riff_tests/setup.js:55:15)
    at Object.asyncJestLifecycle (/home/mjl/Projects/riff/mattermost-webapp/node_modules/jest-jasmine2/build/jasmine_async.js:63:37)
    at /home/mjl/Projects/riff/mattermost-webapp/node_modules/jest-jasmine2/build/queue_runner.js:56:12
    at new Promise (&lt;anonymous&gt;)
    at mapper (/home/mjl/Projects/riff/mattermost-webapp/node_modules/jest-jasmine2/build/queue_runner.js:43:19)
    at /home/mjl/Projects/riff/mattermost-webapp/node_modules/jest-jasmine2/build/queue_runner.js:87:41
    at processTicksAndRejections (internal/process/task_queues.js:93:5)</failure>
    </testcase>
    <testcase classname="components/SystemNotice should match snapshot for regular user, admin and regular notice" name="components/SystemNotice should match snapshot for regular user, admin and regular notice" time="0.005">
      <failure>Error: Unexpected console logsWarning: React.createElement: type is invalid -- expected a string (for built-in components) or a class/function (for composite components) but got: undefined. You likely forgot to export your component from the file it&apos;s defined in, or you might have mixed up default and named imports.
    at Object.&lt;anonymous&gt; (/home/mjl/Projects/riff/mattermost-webapp/riff_tests/setup.js:55:15)
    at Object.asyncJestLifecycle (/home/mjl/Projects/riff/mattermost-webapp/node_modules/jest-jasmine2/build/jasmine_async.js:63:37)
    at /home/mjl/Projects/riff/mattermost-webapp/node_modules/jest-jasmine2/build/queue_runner.js:56:12
    at new Promise (&lt;anonymous&gt;)
    at mapper (/home/mjl/Projects/riff/mattermost-webapp/node_modules/jest-jasmine2/build/queue_runner.js:43:19)
    at /home/mjl/Projects/riff/mattermost-webapp/node_modules/jest-jasmine2/build/queue_runner.js:87:41
    at processTicksAndRejections (internal/process/task_queues.js:93:5)</failure>
    </testcase>
    <testcase classname="components/SystemNotice should match snapshot for admin, regular notice" name="components/SystemNotice should match snapshot for admin, regular notice" time="0.007">
      <failure>Error: Unexpected console logsWarning: React.createElement: type is invalid -- expected a string (for built-in components) or a class/function (for composite components) but got: undefined. You likely forgot to export your component from the file it&apos;s defined in, or you might have mixed up default and named imports.
    at Object.&lt;anonymous&gt; (/home/mjl/Projects/riff/mattermost-webapp/riff_tests/setup.js:55:15)
    at Object.asyncJestLifecycle (/home/mjl/Projects/riff/mattermost-webapp/node_modules/jest-jasmine2/build/jasmine_async.js:63:37)
    at /home/mjl/Projects/riff/mattermost-webapp/node_modules/jest-jasmine2/build/queue_runner.js:56:12
    at new Promise (&lt;anonymous&gt;)
    at mapper (/home/mjl/Projects/riff/mattermost-webapp/node_modules/jest-jasmine2/build/queue_runner.js:43:19)
    at /home/mjl/Projects/riff/mattermost-webapp/node_modules/jest-jasmine2/build/queue_runner.js:87:41
    at processTicksAndRejections (internal/process/task_queues.js:93:5)</failure>
    </testcase>
    <testcase classname="components/SystemNotice should match snapshot for admin, admin notice" name="components/SystemNotice should match snapshot for admin, admin notice" time="0.006">
      <failure>Error: Unexpected console logsWarning: React.createElement: type is invalid -- expected a string (for built-in components) or a class/function (for composite components) but got: undefined. You likely forgot to export your component from the file it&apos;s defined in, or you might have mixed up default and named imports.
    at Object.&lt;anonymous&gt; (/home/mjl/Projects/riff/mattermost-webapp/riff_tests/setup.js:55:15)
    at Object.asyncJestLifecycle (/home/mjl/Projects/riff/mattermost-webapp/node_modules/jest-jasmine2/build/jasmine_async.js:63:37)
    at /home/mjl/Projects/riff/mattermost-webapp/node_modules/jest-jasmine2/build/queue_runner.js:56:12
    at new Promise (&lt;anonymous&gt;)
    at mapper (/home/mjl/Projects/riff/mattermost-webapp/node_modules/jest-jasmine2/build/queue_runner.js:43:19)
    at /home/mjl/Projects/riff/mattermost-webapp/node_modules/jest-jasmine2/build/queue_runner.js:87:41
    at processTicksAndRejections (internal/process/task_queues.js:93:5)</failure>
    </testcase>
    <testcase classname="components/SystemNotice should match snapshot for show function returning true" name="components/SystemNotice should match snapshot for show function returning true" time="0.015">
      <failure>Error: Unexpected console logsWarning: React.createElement: type is invalid -- expected a string (for built-in components) or a class/function (for composite components) but got: undefined. You likely forgot to export your component from the file it&apos;s defined in, or you might have mixed up default and named imports.
    at Object.&lt;anonymous&gt; (/home/mjl/Projects/riff/mattermost-webapp/riff_tests/setup.js:55:15)
    at Object.asyncJestLifecycle (/home/mjl/Projects/riff/mattermost-webapp/node_modules/jest-jasmine2/build/jasmine_async.js:63:37)
    at /home/mjl/Projects/riff/mattermost-webapp/node_modules/jest-jasmine2/build/queue_runner.js:56:12
    at new Promise (&lt;anonymous&gt;)
    at mapper (/home/mjl/Projects/riff/mattermost-webapp/node_modules/jest-jasmine2/build/queue_runner.js:43:19)
    at /home/mjl/Projects/riff/mattermost-webapp/node_modules/jest-jasmine2/build/queue_runner.js:87:41
    at processTicksAndRejections (internal/process/task_queues.js:93:5)</failure>
    </testcase>
    <testcase classname="components/SystemNotice should match snapshot for with allowForget equal false" name="components/SystemNotice should match snapshot for with allowForget equal false" time="0.003">
      <failure>Error: Unexpected console logsWarning: React.createElement: type is invalid -- expected a string (for built-in components) or a class/function (for composite components) but got: undefined. You likely forgot to export your component from the file it&apos;s defined in, or you might have mixed up default and named imports.
    at Object.&lt;anonymous&gt; (/home/mjl/Projects/riff/mattermost-webapp/riff_tests/setup.js:55:15)
    at Object.asyncJestLifecycle (/home/mjl/Projects/riff/mattermost-webapp/node_modules/jest-jasmine2/build/jasmine_async.js:63:37)
    at /home/mjl/Projects/riff/mattermost-webapp/node_modules/jest-jasmine2/build/queue_runner.js:56:12
    at new Promise (&lt;anonymous&gt;)
    at mapper (/home/mjl/Projects/riff/mattermost-webapp/node_modules/jest-jasmine2/build/queue_runner.js:43:19)
    at /home/mjl/Projects/riff/mattermost-webapp/node_modules/jest-jasmine2/build/queue_runner.js:87:41
    at processTicksAndRejections (internal/process/task_queues.js:93:5)</failure>
    </testcase>
  </testsuite>
  <testsuite name="components/permissions_gates" errors="0" failures="22" skipped="0" timestamp="2019-10-31T15:01:13" time="0.315" tests="22">
    <testcase classname="components/permissions_gates SystemPermissionGate should match snapshot when user have permission" name="components/permissions_gates SystemPermissionGate should match snapshot when user have permission" time="0.029">
      <failure>TypeError: Cannot read property &apos;current&apos; of undefined
    at warnIfNotScopedWithMatchingAct (/home/mjl/Projects/riff/mattermost-webapp/node_modules/react-dom/cjs/react-dom.development.js:23264:59)
    at updateContainer (/home/mjl/Projects/riff/mattermost-webapp/node_modules/react-dom/cjs/react-dom.development.js:24431:7)
    at /home/mjl/Projects/riff/mattermost-webapp/node_modules/react-dom/cjs/react-dom.development.js:24963:7
    at unbatchedUpdates (/home/mjl/Projects/riff/mattermost-webapp/node_modules/react-dom/cjs/react-dom.development.js:21687:12)
    at legacyRenderSubtreeIntoContainer (/home/mjl/Projects/riff/mattermost-webapp/node_modules/react-dom/cjs/react-dom.development.js:24962:5)
    at Object.render (/home/mjl/Projects/riff/mattermost-webapp/node_modules/react-dom/cjs/react-dom.development.js:25042:12)
    at getFiber (/home/mjl/Projects/riff/mattermost-webapp/node_modules/enzyme-adapter-react-16/build/detectFiberTags.js:49:25)
    at detectFiberTags (/home/mjl/Projects/riff/mattermost-webapp/node_modules/enzyme-adapter-react-16/build/detectFiberTags.js:101:17)
    at ReactSixteenAdapter.createMountRenderer (/home/mjl/Projects/riff/mattermost-webapp/node_modules/enzyme-adapter-react-16/build/ReactSixteenAdapter.js:290:56)
    at ReactSixteenAdapter.createRenderer (/home/mjl/Projects/riff/mattermost-webapp/node_modules/enzyme-adapter-react-16/build/ReactSixteenAdapter.js:497:25)
    at new ReactWrapper (/home/mjl/Projects/riff/mattermost-webapp/node_modules/enzyme/build/ReactWrapper.js:113:30)
    at mount (/home/mjl/Projects/riff/mattermost-webapp/node_modules/enzyme/build/mount.js:21:10)
    at Object.&lt;anonymous&gt; (/home/mjl/Projects/riff/mattermost-webapp/tests/components/failing_tests/permissions_gates.test.jsx:49:29)
    at Object.asyncJestTest (/home/mjl/Projects/riff/mattermost-webapp/node_modules/jest-jasmine2/build/jasmine_async.js:108:37)
    at /home/mjl/Projects/riff/mattermost-webapp/node_modules/jest-jasmine2/build/queue_runner.js:56:12
    at new Promise (&lt;anonymous&gt;)
    at mapper (/home/mjl/Projects/riff/mattermost-webapp/node_modules/jest-jasmine2/build/queue_runner.js:43:19)
    at /home/mjl/Projects/riff/mattermost-webapp/node_modules/jest-jasmine2/build/queue_runner.js:87:41
    at processTicksAndRejections (internal/process/task_queues.js:93:5)</failure>
    </testcase>
    <testcase classname="components/permissions_gates SystemPermissionGate should match snapshot when user have at least on of the permissions" name="components/permissions_gates SystemPermissionGate should match snapshot when user have at least on of the permissions" time="0.001">
      <failure>TypeError: Cannot read property &apos;current&apos; of undefined
    at warnIfNotScopedWithMatchingAct (/home/mjl/Projects/riff/mattermost-webapp/node_modules/react-dom/cjs/react-dom.development.js:23264:59)
    at updateContainer (/home/mjl/Projects/riff/mattermost-webapp/node_modules/react-dom/cjs/react-dom.development.js:24431:7)
    at /home/mjl/Projects/riff/mattermost-webapp/node_modules/react-dom/cjs/react-dom.development.js:24963:7
    at unbatchedUpdates (/home/mjl/Projects/riff/mattermost-webapp/node_modules/react-dom/cjs/react-dom.development.js:21687:12)
    at legacyRenderSubtreeIntoContainer (/home/mjl/Projects/riff/mattermost-webapp/node_modules/react-dom/cjs/react-dom.development.js:24962:5)
    at Object.render (/home/mjl/Projects/riff/mattermost-webapp/node_modules/react-dom/cjs/react-dom.development.js:25042:12)
    at getFiber (/home/mjl/Projects/riff/mattermost-webapp/node_modules/enzyme-adapter-react-16/build/detectFiberTags.js:49:25)
    at detectFiberTags (/home/mjl/Projects/riff/mattermost-webapp/node_modules/enzyme-adapter-react-16/build/detectFiberTags.js:101:17)
    at ReactSixteenAdapter.createMountRenderer (/home/mjl/Projects/riff/mattermost-webapp/node_modules/enzyme-adapter-react-16/build/ReactSixteenAdapter.js:290:56)
    at ReactSixteenAdapter.createRenderer (/home/mjl/Projects/riff/mattermost-webapp/node_modules/enzyme-adapter-react-16/build/ReactSixteenAdapter.js:497:25)
    at new ReactWrapper (/home/mjl/Projects/riff/mattermost-webapp/node_modules/enzyme/build/ReactWrapper.js:113:30)
    at mount (/home/mjl/Projects/riff/mattermost-webapp/node_modules/enzyme/build/mount.js:21:10)
    at Object.&lt;anonymous&gt; (/home/mjl/Projects/riff/mattermost-webapp/tests/components/failing_tests/permissions_gates.test.jsx:60:29)
    at Object.asyncJestTest (/home/mjl/Projects/riff/mattermost-webapp/node_modules/jest-jasmine2/build/jasmine_async.js:108:37)
    at /home/mjl/Projects/riff/mattermost-webapp/node_modules/jest-jasmine2/build/queue_runner.js:56:12
    at new Promise (&lt;anonymous&gt;)
    at mapper (/home/mjl/Projects/riff/mattermost-webapp/node_modules/jest-jasmine2/build/queue_runner.js:43:19)
    at /home/mjl/Projects/riff/mattermost-webapp/node_modules/jest-jasmine2/build/queue_runner.js:87:41
    at processTicksAndRejections (internal/process/task_queues.js:93:5)</failure>
    </testcase>
    <testcase classname="components/permissions_gates SystemPermissionGate should match snapshot when user have permission and use invert" name="components/permissions_gates SystemPermissionGate should match snapshot when user have permission and use invert" time="0.002">
      <failure>TypeError: Cannot read property &apos;current&apos; of undefined
    at warnIfNotScopedWithMatchingAct (/home/mjl/Projects/riff/mattermost-webapp/node_modules/react-dom/cjs/react-dom.development.js:23264:59)
    at updateContainer (/home/mjl/Projects/riff/mattermost-webapp/node_modules/react-dom/cjs/react-dom.development.js:24431:7)
    at /home/mjl/Projects/riff/mattermost-webapp/node_modules/react-dom/cjs/react-dom.development.js:24963:7
    at unbatchedUpdates (/home/mjl/Projects/riff/mattermost-webapp/node_modules/react-dom/cjs/react-dom.development.js:21687:12)
    at legacyRenderSubtreeIntoContainer (/home/mjl/Projects/riff/mattermost-webapp/node_modules/react-dom/cjs/react-dom.development.js:24962:5)
    at Object.render (/home/mjl/Projects/riff/mattermost-webapp/node_modules/react-dom/cjs/react-dom.development.js:25042:12)
    at getFiber (/home/mjl/Projects/riff/mattermost-webapp/node_modules/enzyme-adapter-react-16/build/detectFiberTags.js:49:25)
    at detectFiberTags (/home/mjl/Projects/riff/mattermost-webapp/node_modules/enzyme-adapter-react-16/build/detectFiberTags.js:101:17)
    at ReactSixteenAdapter.createMountRenderer (/home/mjl/Projects/riff/mattermost-webapp/node_modules/enzyme-adapter-react-16/build/ReactSixteenAdapter.js:290:56)
    at ReactSixteenAdapter.createRenderer (/home/mjl/Projects/riff/mattermost-webapp/node_modules/enzyme-adapter-react-16/build/ReactSixteenAdapter.js:497:25)
    at new ReactWrapper (/home/mjl/Projects/riff/mattermost-webapp/node_modules/enzyme/build/ReactWrapper.js:113:30)
    at mount (/home/mjl/Projects/riff/mattermost-webapp/node_modules/enzyme/build/mount.js:21:10)
    at Object.&lt;anonymous&gt; (/home/mjl/Projects/riff/mattermost-webapp/tests/components/failing_tests/permissions_gates.test.jsx:71:29)
    at Object.asyncJestTest (/home/mjl/Projects/riff/mattermost-webapp/node_modules/jest-jasmine2/build/jasmine_async.js:108:37)
    at /home/mjl/Projects/riff/mattermost-webapp/node_modules/jest-jasmine2/build/queue_runner.js:56:12
    at new Promise (&lt;anonymous&gt;)
    at mapper (/home/mjl/Projects/riff/mattermost-webapp/node_modules/jest-jasmine2/build/queue_runner.js:43:19)
    at /home/mjl/Projects/riff/mattermost-webapp/node_modules/jest-jasmine2/build/queue_runner.js:87:41
    at processTicksAndRejections (internal/process/task_queues.js:93:5)</failure>
    </testcase>
    <testcase classname="components/permissions_gates SystemPermissionGate should match snapshot when user not have permission and use invert" name="components/permissions_gates SystemPermissionGate should match snapshot when user not have permission and use invert" time="0.001">
      <failure>TypeError: Cannot read property &apos;current&apos; of undefined
    at warnIfNotScopedWithMatchingAct (/home/mjl/Projects/riff/mattermost-webapp/node_modules/react-dom/cjs/react-dom.development.js:23264:59)
    at updateContainer (/home/mjl/Projects/riff/mattermost-webapp/node_modules/react-dom/cjs/react-dom.development.js:24431:7)
    at /home/mjl/Projects/riff/mattermost-webapp/node_modules/react-dom/cjs/react-dom.development.js:24963:7
    at unbatchedUpdates (/home/mjl/Projects/riff/mattermost-webapp/node_modules/react-dom/cjs/react-dom.development.js:21687:12)
    at legacyRenderSubtreeIntoContainer (/home/mjl/Projects/riff/mattermost-webapp/node_modules/react-dom/cjs/react-dom.development.js:24962:5)
    at Object.render (/home/mjl/Projects/riff/mattermost-webapp/node_modules/react-dom/cjs/react-dom.development.js:25042:12)
    at getFiber (/home/mjl/Projects/riff/mattermost-webapp/node_modules/enzyme-adapter-react-16/build/detectFiberTags.js:49:25)
    at detectFiberTags (/home/mjl/Projects/riff/mattermost-webapp/node_modules/enzyme-adapter-react-16/build/detectFiberTags.js:101:17)
    at ReactSixteenAdapter.createMountRenderer (/home/mjl/Projects/riff/mattermost-webapp/node_modules/enzyme-adapter-react-16/build/ReactSixteenAdapter.js:290:56)
    at ReactSixteenAdapter.createRenderer (/home/mjl/Projects/riff/mattermost-webapp/node_modules/enzyme-adapter-react-16/build/ReactSixteenAdapter.js:497:25)
    at new ReactWrapper (/home/mjl/Projects/riff/mattermost-webapp/node_modules/enzyme/build/ReactWrapper.js:113:30)
    at mount (/home/mjl/Projects/riff/mattermost-webapp/node_modules/enzyme/build/mount.js:21:10)
    at Object.&lt;anonymous&gt; (/home/mjl/Projects/riff/mattermost-webapp/tests/components/failing_tests/permissions_gates.test.jsx:85:29)
    at Object.asyncJestTest (/home/mjl/Projects/riff/mattermost-webapp/node_modules/jest-jasmine2/build/jasmine_async.js:108:37)
    at /home/mjl/Projects/riff/mattermost-webapp/node_modules/jest-jasmine2/build/queue_runner.js:56:12
    at new Promise (&lt;anonymous&gt;)
    at mapper (/home/mjl/Projects/riff/mattermost-webapp/node_modules/jest-jasmine2/build/queue_runner.js:43:19)
    at /home/mjl/Projects/riff/mattermost-webapp/node_modules/jest-jasmine2/build/queue_runner.js:87:41
    at processTicksAndRejections (internal/process/task_queues.js:93:5)</failure>
    </testcase>
    <testcase classname="components/permissions_gates SystemPermissionGate should match snapshot when user haven&apos;t permission" name="components/permissions_gates SystemPermissionGate should match snapshot when user haven&apos;t permission" time="0.002">
      <failure>TypeError: Cannot read property &apos;current&apos; of undefined
    at warnIfNotScopedWithMatchingAct (/home/mjl/Projects/riff/mattermost-webapp/node_modules/react-dom/cjs/react-dom.development.js:23264:59)
    at updateContainer (/home/mjl/Projects/riff/mattermost-webapp/node_modules/react-dom/cjs/react-dom.development.js:24431:7)
    at /home/mjl/Projects/riff/mattermost-webapp/node_modules/react-dom/cjs/react-dom.development.js:24963:7
    at unbatchedUpdates (/home/mjl/Projects/riff/mattermost-webapp/node_modules/react-dom/cjs/react-dom.development.js:21687:12)
    at legacyRenderSubtreeIntoContainer (/home/mjl/Projects/riff/mattermost-webapp/node_modules/react-dom/cjs/react-dom.development.js:24962:5)
    at Object.render (/home/mjl/Projects/riff/mattermost-webapp/node_modules/react-dom/cjs/react-dom.development.js:25042:12)
    at getFiber (/home/mjl/Projects/riff/mattermost-webapp/node_modules/enzyme-adapter-react-16/build/detectFiberTags.js:49:25)
    at detectFiberTags (/home/mjl/Projects/riff/mattermost-webapp/node_modules/enzyme-adapter-react-16/build/detectFiberTags.js:101:17)
    at ReactSixteenAdapter.createMountRenderer (/home/mjl/Projects/riff/mattermost-webapp/node_modules/enzyme-adapter-react-16/build/ReactSixteenAdapter.js:290:56)
    at ReactSixteenAdapter.createRenderer (/home/mjl/Projects/riff/mattermost-webapp/node_modules/enzyme-adapter-react-16/build/ReactSixteenAdapter.js:497:25)
    at new ReactWrapper (/home/mjl/Projects/riff/mattermost-webapp/node_modules/enzyme/build/ReactWrapper.js:113:30)
    at mount (/home/mjl/Projects/riff/mattermost-webapp/node_modules/enzyme/build/mount.js:21:10)
    at Object.&lt;anonymous&gt; (/home/mjl/Projects/riff/mattermost-webapp/tests/components/failing_tests/permissions_gates.test.jsx:99:29)
    at Object.asyncJestTest (/home/mjl/Projects/riff/mattermost-webapp/node_modules/jest-jasmine2/build/jasmine_async.js:108:37)
    at /home/mjl/Projects/riff/mattermost-webapp/node_modules/jest-jasmine2/build/queue_runner.js:56:12
    at new Promise (&lt;anonymous&gt;)
    at mapper (/home/mjl/Projects/riff/mattermost-webapp/node_modules/jest-jasmine2/build/queue_runner.js:43:19)
    at /home/mjl/Projects/riff/mattermost-webapp/node_modules/jest-jasmine2/build/queue_runner.js:87:41
    at processTicksAndRejections (internal/process/task_queues.js:93:5)</failure>
    </testcase>
    <testcase classname="components/permissions_gates TeamPermissionGate should match snapshot when user have permission" name="components/permissions_gates TeamPermissionGate should match snapshot when user have permission" time="0.001">
      <failure>TypeError: Cannot read property &apos;current&apos; of undefined
    at warnIfNotScopedWithMatchingAct (/home/mjl/Projects/riff/mattermost-webapp/node_modules/react-dom/cjs/react-dom.development.js:23264:59)
    at updateContainer (/home/mjl/Projects/riff/mattermost-webapp/node_modules/react-dom/cjs/react-dom.development.js:24431:7)
    at /home/mjl/Projects/riff/mattermost-webapp/node_modules/react-dom/cjs/react-dom.development.js:24963:7
    at unbatchedUpdates (/home/mjl/Projects/riff/mattermost-webapp/node_modules/react-dom/cjs/react-dom.development.js:21687:12)
    at legacyRenderSubtreeIntoContainer (/home/mjl/Projects/riff/mattermost-webapp/node_modules/react-dom/cjs/react-dom.development.js:24962:5)
    at Object.render (/home/mjl/Projects/riff/mattermost-webapp/node_modules/react-dom/cjs/react-dom.development.js:25042:12)
    at getFiber (/home/mjl/Projects/riff/mattermost-webapp/node_modules/enzyme-adapter-react-16/build/detectFiberTags.js:49:25)
    at detectFiberTags (/home/mjl/Projects/riff/mattermost-webapp/node_modules/enzyme-adapter-react-16/build/detectFiberTags.js:101:17)
    at ReactSixteenAdapter.createMountRenderer (/home/mjl/Projects/riff/mattermost-webapp/node_modules/enzyme-adapter-react-16/build/ReactSixteenAdapter.js:290:56)
    at ReactSixteenAdapter.createRenderer (/home/mjl/Projects/riff/mattermost-webapp/node_modules/enzyme-adapter-react-16/build/ReactSixteenAdapter.js:497:25)
    at new ReactWrapper (/home/mjl/Projects/riff/mattermost-webapp/node_modules/enzyme/build/ReactWrapper.js:113:30)
    at mount (/home/mjl/Projects/riff/mattermost-webapp/node_modules/enzyme/build/mount.js:21:10)
    at Object.&lt;anonymous&gt; (/home/mjl/Projects/riff/mattermost-webapp/tests/components/failing_tests/permissions_gates.test.jsx:113:29)
    at Object.asyncJestTest (/home/mjl/Projects/riff/mattermost-webapp/node_modules/jest-jasmine2/build/jasmine_async.js:108:37)
    at /home/mjl/Projects/riff/mattermost-webapp/node_modules/jest-jasmine2/build/queue_runner.js:56:12
    at new Promise (&lt;anonymous&gt;)
    at mapper (/home/mjl/Projects/riff/mattermost-webapp/node_modules/jest-jasmine2/build/queue_runner.js:43:19)
    at /home/mjl/Projects/riff/mattermost-webapp/node_modules/jest-jasmine2/build/queue_runner.js:87:41
    at processTicksAndRejections (internal/process/task_queues.js:93:5)</failure>
    </testcase>
    <testcase classname="components/permissions_gates TeamPermissionGate should match snapshot when user have at least on of the permissions" name="components/permissions_gates TeamPermissionGate should match snapshot when user have at least on of the permissions" time="0.002">
      <failure>TypeError: Cannot read property &apos;current&apos; of undefined
    at warnIfNotScopedWithMatchingAct (/home/mjl/Projects/riff/mattermost-webapp/node_modules/react-dom/cjs/react-dom.development.js:23264:59)
    at updateContainer (/home/mjl/Projects/riff/mattermost-webapp/node_modules/react-dom/cjs/react-dom.development.js:24431:7)
    at /home/mjl/Projects/riff/mattermost-webapp/node_modules/react-dom/cjs/react-dom.development.js:24963:7
    at unbatchedUpdates (/home/mjl/Projects/riff/mattermost-webapp/node_modules/react-dom/cjs/react-dom.development.js:21687:12)
    at legacyRenderSubtreeIntoContainer (/home/mjl/Projects/riff/mattermost-webapp/node_modules/react-dom/cjs/react-dom.development.js:24962:5)
    at Object.render (/home/mjl/Projects/riff/mattermost-webapp/node_modules/react-dom/cjs/react-dom.development.js:25042:12)
    at getFiber (/home/mjl/Projects/riff/mattermost-webapp/node_modules/enzyme-adapter-react-16/build/detectFiberTags.js:49:25)
    at detectFiberTags (/home/mjl/Projects/riff/mattermost-webapp/node_modules/enzyme-adapter-react-16/build/detectFiberTags.js:101:17)
    at ReactSixteenAdapter.createMountRenderer (/home/mjl/Projects/riff/mattermost-webapp/node_modules/enzyme-adapter-react-16/build/ReactSixteenAdapter.js:290:56)
    at ReactSixteenAdapter.createRenderer (/home/mjl/Projects/riff/mattermost-webapp/node_modules/enzyme-adapter-react-16/build/ReactSixteenAdapter.js:497:25)
    at new ReactWrapper (/home/mjl/Projects/riff/mattermost-webapp/node_modules/enzyme/build/ReactWrapper.js:113:30)
    at mount (/home/mjl/Projects/riff/mattermost-webapp/node_modules/enzyme/build/mount.js:21:10)
    at Object.&lt;anonymous&gt; (/home/mjl/Projects/riff/mattermost-webapp/tests/components/failing_tests/permissions_gates.test.jsx:127:29)
    at Object.asyncJestTest (/home/mjl/Projects/riff/mattermost-webapp/node_modules/jest-jasmine2/build/jasmine_async.js:108:37)
    at /home/mjl/Projects/riff/mattermost-webapp/node_modules/jest-jasmine2/build/queue_runner.js:56:12
    at new Promise (&lt;anonymous&gt;)
    at mapper (/home/mjl/Projects/riff/mattermost-webapp/node_modules/jest-jasmine2/build/queue_runner.js:43:19)
    at /home/mjl/Projects/riff/mattermost-webapp/node_modules/jest-jasmine2/build/queue_runner.js:87:41
    at processTicksAndRejections (internal/process/task_queues.js:93:5)</failure>
    </testcase>
    <testcase classname="components/permissions_gates TeamPermissionGate should match snapshot when user have permission and use invert" name="components/permissions_gates TeamPermissionGate should match snapshot when user have permission and use invert" time="0.001">
      <failure>TypeError: Cannot read property &apos;current&apos; of undefined
    at warnIfNotScopedWithMatchingAct (/home/mjl/Projects/riff/mattermost-webapp/node_modules/react-dom/cjs/react-dom.development.js:23264:59)
    at updateContainer (/home/mjl/Projects/riff/mattermost-webapp/node_modules/react-dom/cjs/react-dom.development.js:24431:7)
    at /home/mjl/Projects/riff/mattermost-webapp/node_modules/react-dom/cjs/react-dom.development.js:24963:7
    at unbatchedUpdates (/home/mjl/Projects/riff/mattermost-webapp/node_modules/react-dom/cjs/react-dom.development.js:21687:12)
    at legacyRenderSubtreeIntoContainer (/home/mjl/Projects/riff/mattermost-webapp/node_modules/react-dom/cjs/react-dom.development.js:24962:5)
    at Object.render (/home/mjl/Projects/riff/mattermost-webapp/node_modules/react-dom/cjs/react-dom.development.js:25042:12)
    at getFiber (/home/mjl/Projects/riff/mattermost-webapp/node_modules/enzyme-adapter-react-16/build/detectFiberTags.js:49:25)
    at detectFiberTags (/home/mjl/Projects/riff/mattermost-webapp/node_modules/enzyme-adapter-react-16/build/detectFiberTags.js:101:17)
    at ReactSixteenAdapter.createMountRenderer (/home/mjl/Projects/riff/mattermost-webapp/node_modules/enzyme-adapter-react-16/build/ReactSixteenAdapter.js:290:56)
    at ReactSixteenAdapter.createRenderer (/home/mjl/Projects/riff/mattermost-webapp/node_modules/enzyme-adapter-react-16/build/ReactSixteenAdapter.js:497:25)
    at new ReactWrapper (/home/mjl/Projects/riff/mattermost-webapp/node_modules/enzyme/build/ReactWrapper.js:113:30)
    at mount (/home/mjl/Projects/riff/mattermost-webapp/node_modules/enzyme/build/mount.js:21:10)
    at Object.&lt;anonymous&gt; (/home/mjl/Projects/riff/mattermost-webapp/tests/components/failing_tests/permissions_gates.test.jsx:141:29)
    at Object.asyncJestTest (/home/mjl/Projects/riff/mattermost-webapp/node_modules/jest-jasmine2/build/jasmine_async.js:108:37)
    at /home/mjl/Projects/riff/mattermost-webapp/node_modules/jest-jasmine2/build/queue_runner.js:56:12
    at new Promise (&lt;anonymous&gt;)
    at mapper (/home/mjl/Projects/riff/mattermost-webapp/node_modules/jest-jasmine2/build/queue_runner.js:43:19)
    at /home/mjl/Projects/riff/mattermost-webapp/node_modules/jest-jasmine2/build/queue_runner.js:87:41
    at processTicksAndRejections (internal/process/task_queues.js:93:5)</failure>
    </testcase>
    <testcase classname="components/permissions_gates TeamPermissionGate should match snapshot when user not have permission and use invert" name="components/permissions_gates TeamPermissionGate should match snapshot when user not have permission and use invert" time="0.002">
      <failure>TypeError: Cannot read property &apos;current&apos; of undefined
    at warnIfNotScopedWithMatchingAct (/home/mjl/Projects/riff/mattermost-webapp/node_modules/react-dom/cjs/react-dom.development.js:23264:59)
    at updateContainer (/home/mjl/Projects/riff/mattermost-webapp/node_modules/react-dom/cjs/react-dom.development.js:24431:7)
    at /home/mjl/Projects/riff/mattermost-webapp/node_modules/react-dom/cjs/react-dom.development.js:24963:7
    at unbatchedUpdates (/home/mjl/Projects/riff/mattermost-webapp/node_modules/react-dom/cjs/react-dom.development.js:21687:12)
    at legacyRenderSubtreeIntoContainer (/home/mjl/Projects/riff/mattermost-webapp/node_modules/react-dom/cjs/react-dom.development.js:24962:5)
    at Object.render (/home/mjl/Projects/riff/mattermost-webapp/node_modules/react-dom/cjs/react-dom.development.js:25042:12)
    at getFiber (/home/mjl/Projects/riff/mattermost-webapp/node_modules/enzyme-adapter-react-16/build/detectFiberTags.js:49:25)
    at detectFiberTags (/home/mjl/Projects/riff/mattermost-webapp/node_modules/enzyme-adapter-react-16/build/detectFiberTags.js:101:17)
    at ReactSixteenAdapter.createMountRenderer (/home/mjl/Projects/riff/mattermost-webapp/node_modules/enzyme-adapter-react-16/build/ReactSixteenAdapter.js:290:56)
    at ReactSixteenAdapter.createRenderer (/home/mjl/Projects/riff/mattermost-webapp/node_modules/enzyme-adapter-react-16/build/ReactSixteenAdapter.js:497:25)
    at new ReactWrapper (/home/mjl/Projects/riff/mattermost-webapp/node_modules/enzyme/build/ReactWrapper.js:113:30)
    at mount (/home/mjl/Projects/riff/mattermost-webapp/node_modules/enzyme/build/mount.js:21:10)
    at Object.&lt;anonymous&gt; (/home/mjl/Projects/riff/mattermost-webapp/tests/components/failing_tests/permissions_gates.test.jsx:156:29)
    at Object.asyncJestTest (/home/mjl/Projects/riff/mattermost-webapp/node_modules/jest-jasmine2/build/jasmine_async.js:108:37)
    at /home/mjl/Projects/riff/mattermost-webapp/node_modules/jest-jasmine2/build/queue_runner.js:56:12
    at new Promise (&lt;anonymous&gt;)
    at mapper (/home/mjl/Projects/riff/mattermost-webapp/node_modules/jest-jasmine2/build/queue_runner.js:43:19)
    at /home/mjl/Projects/riff/mattermost-webapp/node_modules/jest-jasmine2/build/queue_runner.js:87:41
    at processTicksAndRejections (internal/process/task_queues.js:93:5)</failure>
    </testcase>
    <testcase classname="components/permissions_gates TeamPermissionGate should match snapshot when user haven&apos;t permission" name="components/permissions_gates TeamPermissionGate should match snapshot when user haven&apos;t permission" time="0.001">
      <failure>TypeError: Cannot read property &apos;current&apos; of undefined
    at warnIfNotScopedWithMatchingAct (/home/mjl/Projects/riff/mattermost-webapp/node_modules/react-dom/cjs/react-dom.development.js:23264:59)
    at updateContainer (/home/mjl/Projects/riff/mattermost-webapp/node_modules/react-dom/cjs/react-dom.development.js:24431:7)
    at /home/mjl/Projects/riff/mattermost-webapp/node_modules/react-dom/cjs/react-dom.development.js:24963:7
    at unbatchedUpdates (/home/mjl/Projects/riff/mattermost-webapp/node_modules/react-dom/cjs/react-dom.development.js:21687:12)
    at legacyRenderSubtreeIntoContainer (/home/mjl/Projects/riff/mattermost-webapp/node_modules/react-dom/cjs/react-dom.development.js:24962:5)
    at Object.render (/home/mjl/Projects/riff/mattermost-webapp/node_modules/react-dom/cjs/react-dom.development.js:25042:12)
    at getFiber (/home/mjl/Projects/riff/mattermost-webapp/node_modules/enzyme-adapter-react-16/build/detectFiberTags.js:49:25)
    at detectFiberTags (/home/mjl/Projects/riff/mattermost-webapp/node_modules/enzyme-adapter-react-16/build/detectFiberTags.js:101:17)
    at ReactSixteenAdapter.createMountRenderer (/home/mjl/Projects/riff/mattermost-webapp/node_modules/enzyme-adapter-react-16/build/ReactSixteenAdapter.js:290:56)
    at ReactSixteenAdapter.createRenderer (/home/mjl/Projects/riff/mattermost-webapp/node_modules/enzyme-adapter-react-16/build/ReactSixteenAdapter.js:497:25)
    at new ReactWrapper (/home/mjl/Projects/riff/mattermost-webapp/node_modules/enzyme/build/ReactWrapper.js:113:30)
    at mount (/home/mjl/Projects/riff/mattermost-webapp/node_modules/enzyme/build/mount.js:21:10)
    at Object.&lt;anonymous&gt; (/home/mjl/Projects/riff/mattermost-webapp/tests/components/failing_tests/permissions_gates.test.jsx:171:29)
    at Object.asyncJestTest (/home/mjl/Projects/riff/mattermost-webapp/node_modules/jest-jasmine2/build/jasmine_async.js:108:37)
    at /home/mjl/Projects/riff/mattermost-webapp/node_modules/jest-jasmine2/build/queue_runner.js:56:12
    at new Promise (&lt;anonymous&gt;)
    at mapper (/home/mjl/Projects/riff/mattermost-webapp/node_modules/jest-jasmine2/build/queue_runner.js:43:19)
    at /home/mjl/Projects/riff/mattermost-webapp/node_modules/jest-jasmine2/build/queue_runner.js:87:41
    at processTicksAndRejections (internal/process/task_queues.js:93:5)</failure>
    </testcase>
    <testcase classname="components/permissions_gates TeamPermissionGate should match snapshot when the team doesn&apos;t exists" name="components/permissions_gates TeamPermissionGate should match snapshot when the team doesn&apos;t exists" time="0.002">
      <failure>TypeError: Cannot read property &apos;current&apos; of undefined
    at warnIfNotScopedWithMatchingAct (/home/mjl/Projects/riff/mattermost-webapp/node_modules/react-dom/cjs/react-dom.development.js:23264:59)
    at updateContainer (/home/mjl/Projects/riff/mattermost-webapp/node_modules/react-dom/cjs/react-dom.development.js:24431:7)
    at /home/mjl/Projects/riff/mattermost-webapp/node_modules/react-dom/cjs/react-dom.development.js:24963:7
    at unbatchedUpdates (/home/mjl/Projects/riff/mattermost-webapp/node_modules/react-dom/cjs/react-dom.development.js:21687:12)
    at legacyRenderSubtreeIntoContainer (/home/mjl/Projects/riff/mattermost-webapp/node_modules/react-dom/cjs/react-dom.development.js:24962:5)
    at Object.render (/home/mjl/Projects/riff/mattermost-webapp/node_modules/react-dom/cjs/react-dom.development.js:25042:12)
    at getFiber (/home/mjl/Projects/riff/mattermost-webapp/node_modules/enzyme-adapter-react-16/build/detectFiberTags.js:49:25)
    at detectFiberTags (/home/mjl/Projects/riff/mattermost-webapp/node_modules/enzyme-adapter-react-16/build/detectFiberTags.js:101:17)
    at ReactSixteenAdapter.createMountRenderer (/home/mjl/Projects/riff/mattermost-webapp/node_modules/enzyme-adapter-react-16/build/ReactSixteenAdapter.js:290:56)
    at ReactSixteenAdapter.createRenderer (/home/mjl/Projects/riff/mattermost-webapp/node_modules/enzyme-adapter-react-16/build/ReactSixteenAdapter.js:497:25)
    at new ReactWrapper (/home/mjl/Projects/riff/mattermost-webapp/node_modules/enzyme/build/ReactWrapper.js:113:30)
    at mount (/home/mjl/Projects/riff/mattermost-webapp/node_modules/enzyme/build/mount.js:21:10)
    at Object.&lt;anonymous&gt; (/home/mjl/Projects/riff/mattermost-webapp/tests/components/failing_tests/permissions_gates.test.jsx:185:29)
    at Object.asyncJestTest (/home/mjl/Projects/riff/mattermost-webapp/node_modules/jest-jasmine2/build/jasmine_async.js:108:37)
    at /home/mjl/Projects/riff/mattermost-webapp/node_modules/jest-jasmine2/build/queue_runner.js:56:12
    at new Promise (&lt;anonymous&gt;)
    at mapper (/home/mjl/Projects/riff/mattermost-webapp/node_modules/jest-jasmine2/build/queue_runner.js:43:19)
    at /home/mjl/Projects/riff/mattermost-webapp/node_modules/jest-jasmine2/build/queue_runner.js:87:41
    at processTicksAndRejections (internal/process/task_queues.js:93:5)</failure>
    </testcase>
    <testcase classname="components/permissions_gates TeamPermissionGate should match snapshot when user have permission system wide" name="components/permissions_gates TeamPermissionGate should match snapshot when user have permission system wide" time="0.001">
      <failure>TypeError: Cannot read property &apos;current&apos; of undefined
    at warnIfNotScopedWithMatchingAct (/home/mjl/Projects/riff/mattermost-webapp/node_modules/react-dom/cjs/react-dom.development.js:23264:59)
    at updateContainer (/home/mjl/Projects/riff/mattermost-webapp/node_modules/react-dom/cjs/react-dom.development.js:24431:7)
    at /home/mjl/Projects/riff/mattermost-webapp/node_modules/react-dom/cjs/react-dom.development.js:24963:7
    at unbatchedUpdates (/home/mjl/Projects/riff/mattermost-webapp/node_modules/react-dom/cjs/react-dom.development.js:21687:12)
    at legacyRenderSubtreeIntoContainer (/home/mjl/Projects/riff/mattermost-webapp/node_modules/react-dom/cjs/react-dom.development.js:24962:5)
    at Object.render (/home/mjl/Projects/riff/mattermost-webapp/node_modules/react-dom/cjs/react-dom.development.js:25042:12)
    at getFiber (/home/mjl/Projects/riff/mattermost-webapp/node_modules/enzyme-adapter-react-16/build/detectFiberTags.js:49:25)
    at detectFiberTags (/home/mjl/Projects/riff/mattermost-webapp/node_modules/enzyme-adapter-react-16/build/detectFiberTags.js:101:17)
    at ReactSixteenAdapter.createMountRenderer (/home/mjl/Projects/riff/mattermost-webapp/node_modules/enzyme-adapter-react-16/build/ReactSixteenAdapter.js:290:56)
    at ReactSixteenAdapter.createRenderer (/home/mjl/Projects/riff/mattermost-webapp/node_modules/enzyme-adapter-react-16/build/ReactSixteenAdapter.js:497:25)
    at new ReactWrapper (/home/mjl/Projects/riff/mattermost-webapp/node_modules/enzyme/build/ReactWrapper.js:113:30)
    at mount (/home/mjl/Projects/riff/mattermost-webapp/node_modules/enzyme/build/mount.js:21:10)
    at Object.&lt;anonymous&gt; (/home/mjl/Projects/riff/mattermost-webapp/tests/components/failing_tests/permissions_gates.test.jsx:199:29)
    at Object.asyncJestTest (/home/mjl/Projects/riff/mattermost-webapp/node_modules/jest-jasmine2/build/jasmine_async.js:108:37)
    at /home/mjl/Projects/riff/mattermost-webapp/node_modules/jest-jasmine2/build/queue_runner.js:56:12
    at new Promise (&lt;anonymous&gt;)
    at mapper (/home/mjl/Projects/riff/mattermost-webapp/node_modules/jest-jasmine2/build/queue_runner.js:43:19)
    at /home/mjl/Projects/riff/mattermost-webapp/node_modules/jest-jasmine2/build/queue_runner.js:87:41
    at processTicksAndRejections (internal/process/task_queues.js:93:5)</failure>
    </testcase>
    <testcase classname="components/permissions_gates ChannelPermissionGate should match snapshot when user have permission" name="components/permissions_gates ChannelPermissionGate should match snapshot when user have permission" time="0.001">
      <failure>TypeError: Cannot read property &apos;current&apos; of undefined
    at warnIfNotScopedWithMatchingAct (/home/mjl/Projects/riff/mattermost-webapp/node_modules/react-dom/cjs/react-dom.development.js:23264:59)
    at updateContainer (/home/mjl/Projects/riff/mattermost-webapp/node_modules/react-dom/cjs/react-dom.development.js:24431:7)
    at /home/mjl/Projects/riff/mattermost-webapp/node_modules/react-dom/cjs/react-dom.development.js:24963:7
    at unbatchedUpdates (/home/mjl/Projects/riff/mattermost-webapp/node_modules/react-dom/cjs/react-dom.development.js:21687:12)
    at legacyRenderSubtreeIntoContainer (/home/mjl/Projects/riff/mattermost-webapp/node_modules/react-dom/cjs/react-dom.development.js:24962:5)
    at Object.render (/home/mjl/Projects/riff/mattermost-webapp/node_modules/react-dom/cjs/react-dom.development.js:25042:12)
    at getFiber (/home/mjl/Projects/riff/mattermost-webapp/node_modules/enzyme-adapter-react-16/build/detectFiberTags.js:49:25)
    at detectFiberTags (/home/mjl/Projects/riff/mattermost-webapp/node_modules/enzyme-adapter-react-16/build/detectFiberTags.js:101:17)
    at ReactSixteenAdapter.createMountRenderer (/home/mjl/Projects/riff/mattermost-webapp/node_modules/enzyme-adapter-react-16/build/ReactSixteenAdapter.js:290:56)
    at ReactSixteenAdapter.createRenderer (/home/mjl/Projects/riff/mattermost-webapp/node_modules/enzyme-adapter-react-16/build/ReactSixteenAdapter.js:497:25)
    at new ReactWrapper (/home/mjl/Projects/riff/mattermost-webapp/node_modules/enzyme/build/ReactWrapper.js:113:30)
    at mount (/home/mjl/Projects/riff/mattermost-webapp/node_modules/enzyme/build/mount.js:21:10)
    at Object.&lt;anonymous&gt; (/home/mjl/Projects/riff/mattermost-webapp/tests/components/failing_tests/permissions_gates.test.jsx:216:29)
    at Object.asyncJestTest (/home/mjl/Projects/riff/mattermost-webapp/node_modules/jest-jasmine2/build/jasmine_async.js:108:37)
    at /home/mjl/Projects/riff/mattermost-webapp/node_modules/jest-jasmine2/build/queue_runner.js:56:12
    at new Promise (&lt;anonymous&gt;)
    at mapper (/home/mjl/Projects/riff/mattermost-webapp/node_modules/jest-jasmine2/build/queue_runner.js:43:19)
    at /home/mjl/Projects/riff/mattermost-webapp/node_modules/jest-jasmine2/build/queue_runner.js:87:41
    at processTicksAndRejections (internal/process/task_queues.js:93:5)</failure>
    </testcase>
    <testcase classname="components/permissions_gates ChannelPermissionGate should match snapshot when user have at least on of the permissions" name="components/permissions_gates ChannelPermissionGate should match snapshot when user have at least on of the permissions" time="0.002">
      <failure>TypeError: Cannot read property &apos;current&apos; of undefined
    at warnIfNotScopedWithMatchingAct (/home/mjl/Projects/riff/mattermost-webapp/node_modules/react-dom/cjs/react-dom.development.js:23264:59)
    at updateContainer (/home/mjl/Projects/riff/mattermost-webapp/node_modules/react-dom/cjs/react-dom.development.js:24431:7)
    at /home/mjl/Projects/riff/mattermost-webapp/node_modules/react-dom/cjs/react-dom.development.js:24963:7
    at unbatchedUpdates (/home/mjl/Projects/riff/mattermost-webapp/node_modules/react-dom/cjs/react-dom.development.js:21687:12)
    at legacyRenderSubtreeIntoContainer (/home/mjl/Projects/riff/mattermost-webapp/node_modules/react-dom/cjs/react-dom.development.js:24962:5)
    at Object.render (/home/mjl/Projects/riff/mattermost-webapp/node_modules/react-dom/cjs/react-dom.development.js:25042:12)
    at getFiber (/home/mjl/Projects/riff/mattermost-webapp/node_modules/enzyme-adapter-react-16/build/detectFiberTags.js:49:25)
    at detectFiberTags (/home/mjl/Projects/riff/mattermost-webapp/node_modules/enzyme-adapter-react-16/build/detectFiberTags.js:101:17)
    at ReactSixteenAdapter.createMountRenderer (/home/mjl/Projects/riff/mattermost-webapp/node_modules/enzyme-adapter-react-16/build/ReactSixteenAdapter.js:290:56)
    at ReactSixteenAdapter.createRenderer (/home/mjl/Projects/riff/mattermost-webapp/node_modules/enzyme-adapter-react-16/build/ReactSixteenAdapter.js:497:25)
    at new ReactWrapper (/home/mjl/Projects/riff/mattermost-webapp/node_modules/enzyme/build/ReactWrapper.js:113:30)
    at mount (/home/mjl/Projects/riff/mattermost-webapp/node_modules/enzyme/build/mount.js:21:10)
    at Object.&lt;anonymous&gt; (/home/mjl/Projects/riff/mattermost-webapp/tests/components/failing_tests/permissions_gates.test.jsx:231:29)
    at Object.asyncJestTest (/home/mjl/Projects/riff/mattermost-webapp/node_modules/jest-jasmine2/build/jasmine_async.js:108:37)
    at /home/mjl/Projects/riff/mattermost-webapp/node_modules/jest-jasmine2/build/queue_runner.js:56:12
    at new Promise (&lt;anonymous&gt;)
    at mapper (/home/mjl/Projects/riff/mattermost-webapp/node_modules/jest-jasmine2/build/queue_runner.js:43:19)
    at /home/mjl/Projects/riff/mattermost-webapp/node_modules/jest-jasmine2/build/queue_runner.js:87:41
    at processTicksAndRejections (internal/process/task_queues.js:93:5)</failure>
    </testcase>
    <testcase classname="components/permissions_gates ChannelPermissionGate should match snapshot when user have permission and use invert" name="components/permissions_gates ChannelPermissionGate should match snapshot when user have permission and use invert" time="0.001">
      <failure>TypeError: Cannot read property &apos;current&apos; of undefined
    at warnIfNotScopedWithMatchingAct (/home/mjl/Projects/riff/mattermost-webapp/node_modules/react-dom/cjs/react-dom.development.js:23264:59)
    at updateContainer (/home/mjl/Projects/riff/mattermost-webapp/node_modules/react-dom/cjs/react-dom.development.js:24431:7)
    at /home/mjl/Projects/riff/mattermost-webapp/node_modules/react-dom/cjs/react-dom.development.js:24963:7
    at unbatchedUpdates (/home/mjl/Projects/riff/mattermost-webapp/node_modules/react-dom/cjs/react-dom.development.js:21687:12)
    at legacyRenderSubtreeIntoContainer (/home/mjl/Projects/riff/mattermost-webapp/node_modules/react-dom/cjs/react-dom.development.js:24962:5)
    at Object.render (/home/mjl/Projects/riff/mattermost-webapp/node_modules/react-dom/cjs/react-dom.development.js:25042:12)
    at getFiber (/home/mjl/Projects/riff/mattermost-webapp/node_modules/enzyme-adapter-react-16/build/detectFiberTags.js:49:25)
    at detectFiberTags (/home/mjl/Projects/riff/mattermost-webapp/node_modules/enzyme-adapter-react-16/build/detectFiberTags.js:101:17)
    at ReactSixteenAdapter.createMountRenderer (/home/mjl/Projects/riff/mattermost-webapp/node_modules/enzyme-adapter-react-16/build/ReactSixteenAdapter.js:290:56)
    at ReactSixteenAdapter.createRenderer (/home/mjl/Projects/riff/mattermost-webapp/node_modules/enzyme-adapter-react-16/build/ReactSixteenAdapter.js:497:25)
    at new ReactWrapper (/home/mjl/Projects/riff/mattermost-webapp/node_modules/enzyme/build/ReactWrapper.js:113:30)
    at mount (/home/mjl/Projects/riff/mattermost-webapp/node_modules/enzyme/build/mount.js:21:10)
    at Object.&lt;anonymous&gt; (/home/mjl/Projects/riff/mattermost-webapp/tests/components/failing_tests/permissions_gates.test.jsx:245:29)
    at Object.asyncJestTest (/home/mjl/Projects/riff/mattermost-webapp/node_modules/jest-jasmine2/build/jasmine_async.js:108:37)
    at /home/mjl/Projects/riff/mattermost-webapp/node_modules/jest-jasmine2/build/queue_runner.js:56:12
    at new Promise (&lt;anonymous&gt;)
    at mapper (/home/mjl/Projects/riff/mattermost-webapp/node_modules/jest-jasmine2/build/queue_runner.js:43:19)
    at /home/mjl/Projects/riff/mattermost-webapp/node_modules/jest-jasmine2/build/queue_runner.js:87:41
    at processTicksAndRejections (internal/process/task_queues.js:93:5)</failure>
    </testcase>
    <testcase classname="components/permissions_gates ChannelPermissionGate should match snapshot when user not have permission and use invert" name="components/permissions_gates ChannelPermissionGate should match snapshot when user not have permission and use invert" time="0.001">
      <failure>TypeError: Cannot read property &apos;current&apos; of undefined
    at warnIfNotScopedWithMatchingAct (/home/mjl/Projects/riff/mattermost-webapp/node_modules/react-dom/cjs/react-dom.development.js:23264:59)
    at updateContainer (/home/mjl/Projects/riff/mattermost-webapp/node_modules/react-dom/cjs/react-dom.development.js:24431:7)
    at /home/mjl/Projects/riff/mattermost-webapp/node_modules/react-dom/cjs/react-dom.development.js:24963:7
    at unbatchedUpdates (/home/mjl/Projects/riff/mattermost-webapp/node_modules/react-dom/cjs/react-dom.development.js:21687:12)
    at legacyRenderSubtreeIntoContainer (/home/mjl/Projects/riff/mattermost-webapp/node_modules/react-dom/cjs/react-dom.development.js:24962:5)
    at Object.render (/home/mjl/Projects/riff/mattermost-webapp/node_modules/react-dom/cjs/react-dom.development.js:25042:12)
    at getFiber (/home/mjl/Projects/riff/mattermost-webapp/node_modules/enzyme-adapter-react-16/build/detectFiberTags.js:49:25)
    at detectFiberTags (/home/mjl/Projects/riff/mattermost-webapp/node_modules/enzyme-adapter-react-16/build/detectFiberTags.js:101:17)
    at ReactSixteenAdapter.createMountRenderer (/home/mjl/Projects/riff/mattermost-webapp/node_modules/enzyme-adapter-react-16/build/ReactSixteenAdapter.js:290:56)
    at ReactSixteenAdapter.createRenderer (/home/mjl/Projects/riff/mattermost-webapp/node_modules/enzyme-adapter-react-16/build/ReactSixteenAdapter.js:497:25)
    at new ReactWrapper (/home/mjl/Projects/riff/mattermost-webapp/node_modules/enzyme/build/ReactWrapper.js:113:30)
    at mount (/home/mjl/Projects/riff/mattermost-webapp/node_modules/enzyme/build/mount.js:21:10)
    at Object.&lt;anonymous&gt; (/home/mjl/Projects/riff/mattermost-webapp/tests/components/failing_tests/permissions_gates.test.jsx:261:29)
    at Object.asyncJestTest (/home/mjl/Projects/riff/mattermost-webapp/node_modules/jest-jasmine2/build/jasmine_async.js:108:37)
    at /home/mjl/Projects/riff/mattermost-webapp/node_modules/jest-jasmine2/build/queue_runner.js:56:12
    at new Promise (&lt;anonymous&gt;)
    at mapper (/home/mjl/Projects/riff/mattermost-webapp/node_modules/jest-jasmine2/build/queue_runner.js:43:19)
    at /home/mjl/Projects/riff/mattermost-webapp/node_modules/jest-jasmine2/build/queue_runner.js:87:41
    at processTicksAndRejections (internal/process/task_queues.js:93:5)</failure>
    </testcase>
    <testcase classname="components/permissions_gates ChannelPermissionGate should match snapshot when user haven&apos;t permission" name="components/permissions_gates ChannelPermissionGate should match snapshot when user haven&apos;t permission" time="0.001">
      <failure>TypeError: Cannot read property &apos;current&apos; of undefined
    at warnIfNotScopedWithMatchingAct (/home/mjl/Projects/riff/mattermost-webapp/node_modules/react-dom/cjs/react-dom.development.js:23264:59)
    at updateContainer (/home/mjl/Projects/riff/mattermost-webapp/node_modules/react-dom/cjs/react-dom.development.js:24431:7)
    at /home/mjl/Projects/riff/mattermost-webapp/node_modules/react-dom/cjs/react-dom.development.js:24963:7
    at unbatchedUpdates (/home/mjl/Projects/riff/mattermost-webapp/node_modules/react-dom/cjs/react-dom.development.js:21687:12)
    at legacyRenderSubtreeIntoContainer (/home/mjl/Projects/riff/mattermost-webapp/node_modules/react-dom/cjs/react-dom.development.js:24962:5)
    at Object.render (/home/mjl/Projects/riff/mattermost-webapp/node_modules/react-dom/cjs/react-dom.development.js:25042:12)
    at getFiber (/home/mjl/Projects/riff/mattermost-webapp/node_modules/enzyme-adapter-react-16/build/detectFiberTags.js:49:25)
    at detectFiberTags (/home/mjl/Projects/riff/mattermost-webapp/node_modules/enzyme-adapter-react-16/build/detectFiberTags.js:101:17)
    at ReactSixteenAdapter.createMountRenderer (/home/mjl/Projects/riff/mattermost-webapp/node_modules/enzyme-adapter-react-16/build/ReactSixteenAdapter.js:290:56)
    at ReactSixteenAdapter.createRenderer (/home/mjl/Projects/riff/mattermost-webapp/node_modules/enzyme-adapter-react-16/build/ReactSixteenAdapter.js:497:25)
    at new ReactWrapper (/home/mjl/Projects/riff/mattermost-webapp/node_modules/enzyme/build/ReactWrapper.js:113:30)
    at mount (/home/mjl/Projects/riff/mattermost-webapp/node_modules/enzyme/build/mount.js:21:10)
    at Object.&lt;anonymous&gt; (/home/mjl/Projects/riff/mattermost-webapp/tests/components/failing_tests/permissions_gates.test.jsx:277:29)
    at Object.asyncJestTest (/home/mjl/Projects/riff/mattermost-webapp/node_modules/jest-jasmine2/build/jasmine_async.js:108:37)
    at /home/mjl/Projects/riff/mattermost-webapp/node_modules/jest-jasmine2/build/queue_runner.js:56:12
    at new Promise (&lt;anonymous&gt;)
    at mapper (/home/mjl/Projects/riff/mattermost-webapp/node_modules/jest-jasmine2/build/queue_runner.js:43:19)
    at /home/mjl/Projects/riff/mattermost-webapp/node_modules/jest-jasmine2/build/queue_runner.js:87:41
    at processTicksAndRejections (internal/process/task_queues.js:93:5)</failure>
    </testcase>
    <testcase classname="components/permissions_gates ChannelPermissionGate should match snapshot when the channel doesn&apos;t exists" name="components/permissions_gates ChannelPermissionGate should match snapshot when the channel doesn&apos;t exists" time="0.001">
      <failure>TypeError: Cannot read property &apos;current&apos; of undefined
    at warnIfNotScopedWithMatchingAct (/home/mjl/Projects/riff/mattermost-webapp/node_modules/react-dom/cjs/react-dom.development.js:23264:59)
    at updateContainer (/home/mjl/Projects/riff/mattermost-webapp/node_modules/react-dom/cjs/react-dom.development.js:24431:7)
    at /home/mjl/Projects/riff/mattermost-webapp/node_modules/react-dom/cjs/react-dom.development.js:24963:7
    at unbatchedUpdates (/home/mjl/Projects/riff/mattermost-webapp/node_modules/react-dom/cjs/react-dom.development.js:21687:12)
    at legacyRenderSubtreeIntoContainer (/home/mjl/Projects/riff/mattermost-webapp/node_modules/react-dom/cjs/react-dom.development.js:24962:5)
    at Object.render (/home/mjl/Projects/riff/mattermost-webapp/node_modules/react-dom/cjs/react-dom.development.js:25042:12)
    at getFiber (/home/mjl/Projects/riff/mattermost-webapp/node_modules/enzyme-adapter-react-16/build/detectFiberTags.js:49:25)
    at detectFiberTags (/home/mjl/Projects/riff/mattermost-webapp/node_modules/enzyme-adapter-react-16/build/detectFiberTags.js:101:17)
    at ReactSixteenAdapter.createMountRenderer (/home/mjl/Projects/riff/mattermost-webapp/node_modules/enzyme-adapter-react-16/build/ReactSixteenAdapter.js:290:56)
    at ReactSixteenAdapter.createRenderer (/home/mjl/Projects/riff/mattermost-webapp/node_modules/enzyme-adapter-react-16/build/ReactSixteenAdapter.js:497:25)
    at new ReactWrapper (/home/mjl/Projects/riff/mattermost-webapp/node_modules/enzyme/build/ReactWrapper.js:113:30)
    at mount (/home/mjl/Projects/riff/mattermost-webapp/node_modules/enzyme/build/mount.js:21:10)
    at Object.&lt;anonymous&gt; (/home/mjl/Projects/riff/mattermost-webapp/tests/components/failing_tests/permissions_gates.test.jsx:292:29)
    at Object.asyncJestTest (/home/mjl/Projects/riff/mattermost-webapp/node_modules/jest-jasmine2/build/jasmine_async.js:108:37)
    at /home/mjl/Projects/riff/mattermost-webapp/node_modules/jest-jasmine2/build/queue_runner.js:56:12
    at new Promise (&lt;anonymous&gt;)
    at mapper (/home/mjl/Projects/riff/mattermost-webapp/node_modules/jest-jasmine2/build/queue_runner.js:43:19)
    at /home/mjl/Projects/riff/mattermost-webapp/node_modules/jest-jasmine2/build/queue_runner.js:87:41
    at processTicksAndRejections (internal/process/task_queues.js:93:5)</failure>
    </testcase>
    <testcase classname="components/permissions_gates ChannelPermissionGate should match snapshot when user have permission team wide" name="components/permissions_gates ChannelPermissionGate should match snapshot when user have permission team wide" time="0.002">
      <failure>TypeError: Cannot read property &apos;current&apos; of undefined
    at warnIfNotScopedWithMatchingAct (/home/mjl/Projects/riff/mattermost-webapp/node_modules/react-dom/cjs/react-dom.development.js:23264:59)
    at updateContainer (/home/mjl/Projects/riff/mattermost-webapp/node_modules/react-dom/cjs/react-dom.development.js:24431:7)
    at /home/mjl/Projects/riff/mattermost-webapp/node_modules/react-dom/cjs/react-dom.development.js:24963:7
    at unbatchedUpdates (/home/mjl/Projects/riff/mattermost-webapp/node_modules/react-dom/cjs/react-dom.development.js:21687:12)
    at legacyRenderSubtreeIntoContainer (/home/mjl/Projects/riff/mattermost-webapp/node_modules/react-dom/cjs/react-dom.development.js:24962:5)
    at Object.render (/home/mjl/Projects/riff/mattermost-webapp/node_modules/react-dom/cjs/react-dom.development.js:25042:12)
    at getFiber (/home/mjl/Projects/riff/mattermost-webapp/node_modules/enzyme-adapter-react-16/build/detectFiberTags.js:49:25)
    at detectFiberTags (/home/mjl/Projects/riff/mattermost-webapp/node_modules/enzyme-adapter-react-16/build/detectFiberTags.js:101:17)
    at ReactSixteenAdapter.createMountRenderer (/home/mjl/Projects/riff/mattermost-webapp/node_modules/enzyme-adapter-react-16/build/ReactSixteenAdapter.js:290:56)
    at ReactSixteenAdapter.createRenderer (/home/mjl/Projects/riff/mattermost-webapp/node_modules/enzyme-adapter-react-16/build/ReactSixteenAdapter.js:497:25)
    at new ReactWrapper (/home/mjl/Projects/riff/mattermost-webapp/node_modules/enzyme/build/ReactWrapper.js:113:30)
    at mount (/home/mjl/Projects/riff/mattermost-webapp/node_modules/enzyme/build/mount.js:21:10)
    at Object.&lt;anonymous&gt; (/home/mjl/Projects/riff/mattermost-webapp/tests/components/failing_tests/permissions_gates.test.jsx:307:29)
    at Object.asyncJestTest (/home/mjl/Projects/riff/mattermost-webapp/node_modules/jest-jasmine2/build/jasmine_async.js:108:37)
    at /home/mjl/Projects/riff/mattermost-webapp/node_modules/jest-jasmine2/build/queue_runner.js:56:12
    at new Promise (&lt;anonymous&gt;)
    at mapper (/home/mjl/Projects/riff/mattermost-webapp/node_modules/jest-jasmine2/build/queue_runner.js:43:19)
    at /home/mjl/Projects/riff/mattermost-webapp/node_modules/jest-jasmine2/build/queue_runner.js:87:41
    at processTicksAndRejections (internal/process/task_queues.js:93:5)</failure>
    </testcase>
    <testcase classname="components/permissions_gates ChannelPermissionGate should match snapshot when user have permission system wide" name="components/permissions_gates ChannelPermissionGate should match snapshot when user have permission system wide" time="0.001">
      <failure>TypeError: Cannot read property &apos;current&apos; of undefined
    at warnIfNotScopedWithMatchingAct (/home/mjl/Projects/riff/mattermost-webapp/node_modules/react-dom/cjs/react-dom.development.js:23264:59)
    at updateContainer (/home/mjl/Projects/riff/mattermost-webapp/node_modules/react-dom/cjs/react-dom.development.js:24431:7)
    at /home/mjl/Projects/riff/mattermost-webapp/node_modules/react-dom/cjs/react-dom.development.js:24963:7
    at unbatchedUpdates (/home/mjl/Projects/riff/mattermost-webapp/node_modules/react-dom/cjs/react-dom.development.js:21687:12)
    at legacyRenderSubtreeIntoContainer (/home/mjl/Projects/riff/mattermost-webapp/node_modules/react-dom/cjs/react-dom.development.js:24962:5)
    at Object.render (/home/mjl/Projects/riff/mattermost-webapp/node_modules/react-dom/cjs/react-dom.development.js:25042:12)
    at getFiber (/home/mjl/Projects/riff/mattermost-webapp/node_modules/enzyme-adapter-react-16/build/detectFiberTags.js:49:25)
    at detectFiberTags (/home/mjl/Projects/riff/mattermost-webapp/node_modules/enzyme-adapter-react-16/build/detectFiberTags.js:101:17)
    at ReactSixteenAdapter.createMountRenderer (/home/mjl/Projects/riff/mattermost-webapp/node_modules/enzyme-adapter-react-16/build/ReactSixteenAdapter.js:290:56)
    at ReactSixteenAdapter.createRenderer (/home/mjl/Projects/riff/mattermost-webapp/node_modules/enzyme-adapter-react-16/build/ReactSixteenAdapter.js:497:25)
    at new ReactWrapper (/home/mjl/Projects/riff/mattermost-webapp/node_modules/enzyme/build/ReactWrapper.js:113:30)
    at mount (/home/mjl/Projects/riff/mattermost-webapp/node_modules/enzyme/build/mount.js:21:10)
    at Object.&lt;anonymous&gt; (/home/mjl/Projects/riff/mattermost-webapp/tests/components/failing_tests/permissions_gates.test.jsx:322:29)
    at Object.asyncJestTest (/home/mjl/Projects/riff/mattermost-webapp/node_modules/jest-jasmine2/build/jasmine_async.js:108:37)
    at /home/mjl/Projects/riff/mattermost-webapp/node_modules/jest-jasmine2/build/queue_runner.js:56:12
    at new Promise (&lt;anonymous&gt;)
    at mapper (/home/mjl/Projects/riff/mattermost-webapp/node_modules/jest-jasmine2/build/queue_runner.js:43:19)
    at /home/mjl/Projects/riff/mattermost-webapp/node_modules/jest-jasmine2/build/queue_runner.js:87:41
    at processTicksAndRejections (internal/process/task_queues.js:93:5)</failure>
    </testcase>
    <testcase classname="components/permissions_gates ChannelPermissionGate should match snapshot when user have permissions in DM and GM" name="components/permissions_gates ChannelPermissionGate should match snapshot when user have permissions in DM and GM" time="0.001">
      <failure>TypeError: Cannot read property &apos;current&apos; of undefined
    at warnIfNotScopedWithMatchingAct (/home/mjl/Projects/riff/mattermost-webapp/node_modules/react-dom/cjs/react-dom.development.js:23264:59)
    at updateContainer (/home/mjl/Projects/riff/mattermost-webapp/node_modules/react-dom/cjs/react-dom.development.js:24431:7)
    at /home/mjl/Projects/riff/mattermost-webapp/node_modules/react-dom/cjs/react-dom.development.js:24963:7
    at unbatchedUpdates (/home/mjl/Projects/riff/mattermost-webapp/node_modules/react-dom/cjs/react-dom.development.js:21687:12)
    at legacyRenderSubtreeIntoContainer (/home/mjl/Projects/riff/mattermost-webapp/node_modules/react-dom/cjs/react-dom.development.js:24962:5)
    at Object.render (/home/mjl/Projects/riff/mattermost-webapp/node_modules/react-dom/cjs/react-dom.development.js:25042:12)
    at getFiber (/home/mjl/Projects/riff/mattermost-webapp/node_modules/enzyme-adapter-react-16/build/detectFiberTags.js:49:25)
    at detectFiberTags (/home/mjl/Projects/riff/mattermost-webapp/node_modules/enzyme-adapter-react-16/build/detectFiberTags.js:101:17)
    at ReactSixteenAdapter.createMountRenderer (/home/mjl/Projects/riff/mattermost-webapp/node_modules/enzyme-adapter-react-16/build/ReactSixteenAdapter.js:290:56)
    at ReactSixteenAdapter.createRenderer (/home/mjl/Projects/riff/mattermost-webapp/node_modules/enzyme-adapter-react-16/build/ReactSixteenAdapter.js:497:25)
    at new ReactWrapper (/home/mjl/Projects/riff/mattermost-webapp/node_modules/enzyme/build/ReactWrapper.js:113:30)
    at mount (/home/mjl/Projects/riff/mattermost-webapp/node_modules/enzyme/build/mount.js:21:10)
    at Object.&lt;anonymous&gt; (/home/mjl/Projects/riff/mattermost-webapp/tests/components/failing_tests/permissions_gates.test.jsx:338:29)
    at Object.asyncJestTest (/home/mjl/Projects/riff/mattermost-webapp/node_modules/jest-jasmine2/build/jasmine_async.js:108:37)
    at /home/mjl/Projects/riff/mattermost-webapp/node_modules/jest-jasmine2/build/queue_runner.js:56:12
    at new Promise (&lt;anonymous&gt;)
    at mapper (/home/mjl/Projects/riff/mattermost-webapp/node_modules/jest-jasmine2/build/queue_runner.js:43:19)
    at /home/mjl/Projects/riff/mattermost-webapp/node_modules/jest-jasmine2/build/queue_runner.js:87:41
    at processTicksAndRejections (internal/process/task_queues.js:93:5)</failure>
    </testcase>
    <testcase classname="components/permissions_gates ChannelPermissionGate should match snapshot when user does not have permissions in DM and GM" name="components/permissions_gates ChannelPermissionGate should match snapshot when user does not have permissions in DM and GM" time="0.002">
      <failure>TypeError: Cannot read property &apos;current&apos; of undefined
    at warnIfNotScopedWithMatchingAct (/home/mjl/Projects/riff/mattermost-webapp/node_modules/react-dom/cjs/react-dom.development.js:23264:59)
    at updateContainer (/home/mjl/Projects/riff/mattermost-webapp/node_modules/react-dom/cjs/react-dom.development.js:24431:7)
    at /home/mjl/Projects/riff/mattermost-webapp/node_modules/react-dom/cjs/react-dom.development.js:24963:7
    at unbatchedUpdates (/home/mjl/Projects/riff/mattermost-webapp/node_modules/react-dom/cjs/react-dom.development.js:21687:12)
    at legacyRenderSubtreeIntoContainer (/home/mjl/Projects/riff/mattermost-webapp/node_modules/react-dom/cjs/react-dom.development.js:24962:5)
    at Object.render (/home/mjl/Projects/riff/mattermost-webapp/node_modules/react-dom/cjs/react-dom.development.js:25042:12)
    at getFiber (/home/mjl/Projects/riff/mattermost-webapp/node_modules/enzyme-adapter-react-16/build/detectFiberTags.js:49:25)
    at detectFiberTags (/home/mjl/Projects/riff/mattermost-webapp/node_modules/enzyme-adapter-react-16/build/detectFiberTags.js:101:17)
    at ReactSixteenAdapter.createMountRenderer (/home/mjl/Projects/riff/mattermost-webapp/node_modules/enzyme-adapter-react-16/build/ReactSixteenAdapter.js:290:56)
    at ReactSixteenAdapter.createRenderer (/home/mjl/Projects/riff/mattermost-webapp/node_modules/enzyme-adapter-react-16/build/ReactSixteenAdapter.js:497:25)
    at new ReactWrapper (/home/mjl/Projects/riff/mattermost-webapp/node_modules/enzyme/build/ReactWrapper.js:113:30)
    at mount (/home/mjl/Projects/riff/mattermost-webapp/node_modules/enzyme/build/mount.js:21:10)
    at Object.&lt;anonymous&gt; (/home/mjl/Projects/riff/mattermost-webapp/tests/components/failing_tests/permissions_gates.test.jsx:354:29)
    at Object.asyncJestTest (/home/mjl/Projects/riff/mattermost-webapp/node_modules/jest-jasmine2/build/jasmine_async.js:108:37)
    at /home/mjl/Projects/riff/mattermost-webapp/node_modules/jest-jasmine2/build/queue_runner.js:56:12
    at new Promise (&lt;anonymous&gt;)
    at mapper (/home/mjl/Projects/riff/mattermost-webapp/node_modules/jest-jasmine2/build/queue_runner.js:43:19)
    at /home/mjl/Projects/riff/mattermost-webapp/node_modules/jest-jasmine2/build/queue_runner.js:87:41
    at processTicksAndRejections (internal/process/task_queues.js:93:5)</failure>
    </testcase>
  </testsuite>
  <testsuite name="components/EditPostModal" errors="0" failures="5" skipped="0" timestamp="2019-10-31T15:01:10" time="3.912" tests="5">
    <testcase classname="components/EditPostModal should add emoji to editText when an emoji is clicked" name="components/EditPostModal should add emoji to editText when an emoji is clicked" time="0.035">
      <failure>TypeError: Cannot read property &apos;current&apos; of undefined
    at warnIfNotScopedWithMatchingAct (/home/mjl/Projects/riff/mattermost-webapp/node_modules/react-dom/cjs/react-dom.development.js:23264:59)
    at updateContainer (/home/mjl/Projects/riff/mattermost-webapp/node_modules/react-dom/cjs/react-dom.development.js:24431:7)
    at /home/mjl/Projects/riff/mattermost-webapp/node_modules/react-dom/cjs/react-dom.development.js:24963:7
    at unbatchedUpdates (/home/mjl/Projects/riff/mattermost-webapp/node_modules/react-dom/cjs/react-dom.development.js:21687:12)
    at legacyRenderSubtreeIntoContainer (/home/mjl/Projects/riff/mattermost-webapp/node_modules/react-dom/cjs/react-dom.development.js:24962:5)
    at Object.render (/home/mjl/Projects/riff/mattermost-webapp/node_modules/react-dom/cjs/react-dom.development.js:25042:12)
    at getFiber (/home/mjl/Projects/riff/mattermost-webapp/node_modules/enzyme-adapter-react-16/build/detectFiberTags.js:49:25)
    at detectFiberTags (/home/mjl/Projects/riff/mattermost-webapp/node_modules/enzyme-adapter-react-16/build/detectFiberTags.js:101:17)
    at ReactSixteenAdapter.createMountRenderer (/home/mjl/Projects/riff/mattermost-webapp/node_modules/enzyme-adapter-react-16/build/ReactSixteenAdapter.js:290:56)
    at ReactSixteenAdapter.createRenderer (/home/mjl/Projects/riff/mattermost-webapp/node_modules/enzyme-adapter-react-16/build/ReactSixteenAdapter.js:497:25)
    at new ReactWrapper (/home/mjl/Projects/riff/mattermost-webapp/node_modules/enzyme/build/ReactWrapper.js:113:30)
    at mount (/home/mjl/Projects/riff/mattermost-webapp/node_modules/enzyme/build/mount.js:21:10)
    at mountWithIntl (/home/mjl/Projects/riff/mattermost-webapp/tests/helpers/intl-test-helper.jsx:18:12)
    at Object.&lt;anonymous&gt; (/home/mjl/Projects/riff/mattermost-webapp/tests/components/failing_tests/edit_post_modal.test.jsx:63:25)
    at Object.asyncJestTest (/home/mjl/Projects/riff/mattermost-webapp/node_modules/jest-jasmine2/build/jasmine_async.js:108:37)
    at /home/mjl/Projects/riff/mattermost-webapp/node_modules/jest-jasmine2/build/queue_runner.js:56:12
    at new Promise (&lt;anonymous&gt;)
    at mapper (/home/mjl/Projects/riff/mattermost-webapp/node_modules/jest-jasmine2/build/queue_runner.js:43:19)
    at /home/mjl/Projects/riff/mattermost-webapp/node_modules/jest-jasmine2/build/queue_runner.js:87:41
    at processTicksAndRejections (internal/process/task_queues.js:93:5)</failure>
    </testcase>
    <testcase classname="components/EditPostModal should set the focus and recalculate the size of the edit box after entering" name="components/EditPostModal should set the focus and recalculate the size of the edit box after entering" time="0.001">
      <failure>TypeError: Cannot read property &apos;current&apos; of undefined
    at warnIfNotScopedWithMatchingAct (/home/mjl/Projects/riff/mattermost-webapp/node_modules/react-dom/cjs/react-dom.development.js:23264:59)
    at updateContainer (/home/mjl/Projects/riff/mattermost-webapp/node_modules/react-dom/cjs/react-dom.development.js:24431:7)
    at /home/mjl/Projects/riff/mattermost-webapp/node_modules/react-dom/cjs/react-dom.development.js:24963:7
    at unbatchedUpdates (/home/mjl/Projects/riff/mattermost-webapp/node_modules/react-dom/cjs/react-dom.development.js:21687:12)
    at legacyRenderSubtreeIntoContainer (/home/mjl/Projects/riff/mattermost-webapp/node_modules/react-dom/cjs/react-dom.development.js:24962:5)
    at Object.render (/home/mjl/Projects/riff/mattermost-webapp/node_modules/react-dom/cjs/react-dom.development.js:25042:12)
    at getFiber (/home/mjl/Projects/riff/mattermost-webapp/node_modules/enzyme-adapter-react-16/build/detectFiberTags.js:49:25)
    at detectFiberTags (/home/mjl/Projects/riff/mattermost-webapp/node_modules/enzyme-adapter-react-16/build/detectFiberTags.js:101:17)
    at ReactSixteenAdapter.createMountRenderer (/home/mjl/Projects/riff/mattermost-webapp/node_modules/enzyme-adapter-react-16/build/ReactSixteenAdapter.js:290:56)
    at ReactSixteenAdapter.createRenderer (/home/mjl/Projects/riff/mattermost-webapp/node_modules/enzyme-adapter-react-16/build/ReactSixteenAdapter.js:497:25)
    at new ReactWrapper (/home/mjl/Projects/riff/mattermost-webapp/node_modules/enzyme/build/ReactWrapper.js:113:30)
    at mount (/home/mjl/Projects/riff/mattermost-webapp/node_modules/enzyme/build/mount.js:21:10)
    at mountWithIntl (/home/mjl/Projects/riff/mattermost-webapp/tests/helpers/intl-test-helper.jsx:18:12)
    at Object.&lt;anonymous&gt; (/home/mjl/Projects/riff/mattermost-webapp/tests/components/failing_tests/edit_post_modal.test.jsx:85:25)
    at Object.asyncJestTest (/home/mjl/Projects/riff/mattermost-webapp/node_modules/jest-jasmine2/build/jasmine_async.js:108:37)
    at /home/mjl/Projects/riff/mattermost-webapp/node_modules/jest-jasmine2/build/queue_runner.js:56:12
    at new Promise (&lt;anonymous&gt;)
    at mapper (/home/mjl/Projects/riff/mattermost-webapp/node_modules/jest-jasmine2/build/queue_runner.js:43:19)
    at /home/mjl/Projects/riff/mattermost-webapp/node_modules/jest-jasmine2/build/queue_runner.js:87:41
    at processTicksAndRejections (internal/process/task_queues.js:93:5)</failure>
    </testcase>
    <testcase classname="components/EditPostModal should hide the preview when exiting" name="components/EditPostModal should hide the preview when exiting" time="0.002">
      <failure>TypeError: Cannot read property &apos;current&apos; of undefined
    at warnIfNotScopedWithMatchingAct (/home/mjl/Projects/riff/mattermost-webapp/node_modules/react-dom/cjs/react-dom.development.js:23264:59)
    at updateContainer (/home/mjl/Projects/riff/mattermost-webapp/node_modules/react-dom/cjs/react-dom.development.js:24431:7)
    at /home/mjl/Projects/riff/mattermost-webapp/node_modules/react-dom/cjs/react-dom.development.js:24963:7
    at unbatchedUpdates (/home/mjl/Projects/riff/mattermost-webapp/node_modules/react-dom/cjs/react-dom.development.js:21687:12)
    at legacyRenderSubtreeIntoContainer (/home/mjl/Projects/riff/mattermost-webapp/node_modules/react-dom/cjs/react-dom.development.js:24962:5)
    at Object.render (/home/mjl/Projects/riff/mattermost-webapp/node_modules/react-dom/cjs/react-dom.development.js:25042:12)
    at getFiber (/home/mjl/Projects/riff/mattermost-webapp/node_modules/enzyme-adapter-react-16/build/detectFiberTags.js:49:25)
    at detectFiberTags (/home/mjl/Projects/riff/mattermost-webapp/node_modules/enzyme-adapter-react-16/build/detectFiberTags.js:101:17)
    at ReactSixteenAdapter.createMountRenderer (/home/mjl/Projects/riff/mattermost-webapp/node_modules/enzyme-adapter-react-16/build/ReactSixteenAdapter.js:290:56)
    at ReactSixteenAdapter.createRenderer (/home/mjl/Projects/riff/mattermost-webapp/node_modules/enzyme-adapter-react-16/build/ReactSixteenAdapter.js:497:25)
    at new ReactWrapper (/home/mjl/Projects/riff/mattermost-webapp/node_modules/enzyme/build/ReactWrapper.js:113:30)
    at mount (/home/mjl/Projects/riff/mattermost-webapp/node_modules/enzyme/build/mount.js:21:10)
    at mountWithIntl (/home/mjl/Projects/riff/mattermost-webapp/tests/helpers/intl-test-helper.jsx:18:12)
    at Object.&lt;anonymous&gt; (/home/mjl/Projects/riff/mattermost-webapp/tests/components/failing_tests/edit_post_modal.test.jsx:99:25)
    at Object.asyncJestTest (/home/mjl/Projects/riff/mattermost-webapp/node_modules/jest-jasmine2/build/jasmine_async.js:108:37)
    at /home/mjl/Projects/riff/mattermost-webapp/node_modules/jest-jasmine2/build/queue_runner.js:56:12
    at new Promise (&lt;anonymous&gt;)
    at mapper (/home/mjl/Projects/riff/mattermost-webapp/node_modules/jest-jasmine2/build/queue_runner.js:43:19)
    at /home/mjl/Projects/riff/mattermost-webapp/node_modules/jest-jasmine2/build/queue_runner.js:87:41
    at processTicksAndRejections (internal/process/task_queues.js:93:5)</failure>
    </testcase>
    <testcase classname="components/EditPostModal should handle edition on key press enter depending on the conditions" name="components/EditPostModal should handle edition on key press enter depending on the conditions" time="0.002">
      <failure>TypeError: Cannot read property &apos;current&apos; of undefined
    at warnIfNotScopedWithMatchingAct (/home/mjl/Projects/riff/mattermost-webapp/node_modules/react-dom/cjs/react-dom.development.js:23264:59)
    at updateContainer (/home/mjl/Projects/riff/mattermost-webapp/node_modules/react-dom/cjs/react-dom.development.js:24431:7)
    at /home/mjl/Projects/riff/mattermost-webapp/node_modules/react-dom/cjs/react-dom.development.js:24963:7
    at unbatchedUpdates (/home/mjl/Projects/riff/mattermost-webapp/node_modules/react-dom/cjs/react-dom.development.js:21687:12)
    at legacyRenderSubtreeIntoContainer (/home/mjl/Projects/riff/mattermost-webapp/node_modules/react-dom/cjs/react-dom.development.js:24962:5)
    at Object.render (/home/mjl/Projects/riff/mattermost-webapp/node_modules/react-dom/cjs/react-dom.development.js:25042:12)
    at getFiber (/home/mjl/Projects/riff/mattermost-webapp/node_modules/enzyme-adapter-react-16/build/detectFiberTags.js:49:25)
    at detectFiberTags (/home/mjl/Projects/riff/mattermost-webapp/node_modules/enzyme-adapter-react-16/build/detectFiberTags.js:101:17)
    at ReactSixteenAdapter.createMountRenderer (/home/mjl/Projects/riff/mattermost-webapp/node_modules/enzyme-adapter-react-16/build/ReactSixteenAdapter.js:290:56)
    at ReactSixteenAdapter.createRenderer (/home/mjl/Projects/riff/mattermost-webapp/node_modules/enzyme-adapter-react-16/build/ReactSixteenAdapter.js:497:25)
    at new ReactWrapper (/home/mjl/Projects/riff/mattermost-webapp/node_modules/enzyme/build/ReactWrapper.js:113:30)
    at mount (/home/mjl/Projects/riff/mattermost-webapp/node_modules/enzyme/build/mount.js:21:10)
    at mountWithIntl (/home/mjl/Projects/riff/mattermost-webapp/tests/helpers/intl-test-helper.jsx:18:12)
    at Object.&lt;anonymous&gt; (/home/mjl/Projects/riff/mattermost-webapp/tests/components/failing_tests/edit_post_modal.test.jsx:111:23)
    at Object.asyncJestTest (/home/mjl/Projects/riff/mattermost-webapp/node_modules/jest-jasmine2/build/jasmine_async.js:108:37)
    at /home/mjl/Projects/riff/mattermost-webapp/node_modules/jest-jasmine2/build/queue_runner.js:56:12
    at new Promise (&lt;anonymous&gt;)
    at mapper (/home/mjl/Projects/riff/mattermost-webapp/node_modules/jest-jasmine2/build/queue_runner.js:43:19)
    at /home/mjl/Projects/riff/mattermost-webapp/node_modules/jest-jasmine2/build/queue_runner.js:87:41
    at processTicksAndRejections (internal/process/task_queues.js:93:5)</failure>
    </testcase>
    <testcase classname="components/EditPostModal should handle the escape key manually to hide the modal" name="components/EditPostModal should handle the escape key manually to hide the modal" time="0.002">
      <failure>TypeError: Cannot read property &apos;current&apos; of undefined
    at warnIfNotScopedWithMatchingAct (/home/mjl/Projects/riff/mattermost-webapp/node_modules/react-dom/cjs/react-dom.development.js:23264:59)
    at updateContainer (/home/mjl/Projects/riff/mattermost-webapp/node_modules/react-dom/cjs/react-dom.development.js:24431:7)
    at /home/mjl/Projects/riff/mattermost-webapp/node_modules/react-dom/cjs/react-dom.development.js:24963:7
    at unbatchedUpdates (/home/mjl/Projects/riff/mattermost-webapp/node_modules/react-dom/cjs/react-dom.development.js:21687:12)
    at legacyRenderSubtreeIntoContainer (/home/mjl/Projects/riff/mattermost-webapp/node_modules/react-dom/cjs/react-dom.development.js:24962:5)
    at Object.render (/home/mjl/Projects/riff/mattermost-webapp/node_modules/react-dom/cjs/react-dom.development.js:25042:12)
    at getFiber (/home/mjl/Projects/riff/mattermost-webapp/node_modules/enzyme-adapter-react-16/build/detectFiberTags.js:49:25)
    at detectFiberTags (/home/mjl/Projects/riff/mattermost-webapp/node_modules/enzyme-adapter-react-16/build/detectFiberTags.js:101:17)
    at ReactSixteenAdapter.createMountRenderer (/home/mjl/Projects/riff/mattermost-webapp/node_modules/enzyme-adapter-react-16/build/ReactSixteenAdapter.js:290:56)
    at ReactSixteenAdapter.createRenderer (/home/mjl/Projects/riff/mattermost-webapp/node_modules/enzyme-adapter-react-16/build/ReactSixteenAdapter.js:497:25)
    at new ReactWrapper (/home/mjl/Projects/riff/mattermost-webapp/node_modules/enzyme/build/ReactWrapper.js:113:30)
    at mount (/home/mjl/Projects/riff/mattermost-webapp/node_modules/enzyme/build/mount.js:21:10)
    at mountWithIntl (/home/mjl/Projects/riff/mattermost-webapp/tests/helpers/intl-test-helper.jsx:18:12)
    at Object.&lt;anonymous&gt; (/home/mjl/Projects/riff/mattermost-webapp/tests/components/failing_tests/edit_post_modal.test.jsx:146:25)
    at Object.asyncJestTest (/home/mjl/Projects/riff/mattermost-webapp/node_modules/jest-jasmine2/build/jasmine_async.js:108:37)
    at /home/mjl/Projects/riff/mattermost-webapp/node_modules/jest-jasmine2/build/queue_runner.js:56:12
    at new Promise (&lt;anonymous&gt;)
    at mapper (/home/mjl/Projects/riff/mattermost-webapp/node_modules/jest-jasmine2/build/queue_runner.js:43:19)
    at /home/mjl/Projects/riff/mattermost-webapp/node_modules/jest-jasmine2/build/queue_runner.js:87:41
    at processTicksAndRejections (internal/process/task_queues.js:93:5)</failure>
    </testcase>
  </testsuite>
  <testsuite name="components/ChangeURLModal" errors="0" failures="7" skipped="0" timestamp="2019-10-31T15:01:14" time="0.404" tests="7">
    <testcase classname="components/ChangeURLModal should match state when onSubmit is called with a valid URL" name="components/ChangeURLModal should match state when onSubmit is called with a valid URL" time="0.017">
      <failure>TypeError: Cannot read property &apos;current&apos; of undefined
    at warnIfNotScopedWithMatchingAct (/home/mjl/Projects/riff/mattermost-webapp/node_modules/react-dom/cjs/react-dom.development.js:23264:59)
    at updateContainer (/home/mjl/Projects/riff/mattermost-webapp/node_modules/react-dom/cjs/react-dom.development.js:24431:7)
    at /home/mjl/Projects/riff/mattermost-webapp/node_modules/react-dom/cjs/react-dom.development.js:24963:7
    at unbatchedUpdates (/home/mjl/Projects/riff/mattermost-webapp/node_modules/react-dom/cjs/react-dom.development.js:21687:12)
    at legacyRenderSubtreeIntoContainer (/home/mjl/Projects/riff/mattermost-webapp/node_modules/react-dom/cjs/react-dom.development.js:24962:5)
    at Object.render (/home/mjl/Projects/riff/mattermost-webapp/node_modules/react-dom/cjs/react-dom.development.js:25042:12)
    at getFiber (/home/mjl/Projects/riff/mattermost-webapp/node_modules/enzyme-adapter-react-16/build/detectFiberTags.js:49:25)
    at detectFiberTags (/home/mjl/Projects/riff/mattermost-webapp/node_modules/enzyme-adapter-react-16/build/detectFiberTags.js:101:17)
    at ReactSixteenAdapter.createMountRenderer (/home/mjl/Projects/riff/mattermost-webapp/node_modules/enzyme-adapter-react-16/build/ReactSixteenAdapter.js:290:56)
    at ReactSixteenAdapter.createRenderer (/home/mjl/Projects/riff/mattermost-webapp/node_modules/enzyme-adapter-react-16/build/ReactSixteenAdapter.js:497:25)
    at new ReactWrapper (/home/mjl/Projects/riff/mattermost-webapp/node_modules/enzyme/build/ReactWrapper.js:113:30)
    at mount (/home/mjl/Projects/riff/mattermost-webapp/node_modules/enzyme/build/mount.js:21:10)
    at mountWithIntl (/home/mjl/Projects/riff/mattermost-webapp/tests/helpers/intl-test-helper.jsx:18:12)
    at Object.&lt;anonymous&gt; (/home/mjl/Projects/riff/mattermost-webapp/tests/components/failing_tests/change_url_modal.test.jsx:19:25)
    at Object.asyncJestTest (/home/mjl/Projects/riff/mattermost-webapp/node_modules/jest-jasmine2/build/jasmine_async.js:108:37)
    at /home/mjl/Projects/riff/mattermost-webapp/node_modules/jest-jasmine2/build/queue_runner.js:56:12
    at new Promise (&lt;anonymous&gt;)
    at mapper (/home/mjl/Projects/riff/mattermost-webapp/node_modules/jest-jasmine2/build/queue_runner.js:43:19)
    at /home/mjl/Projects/riff/mattermost-webapp/node_modules/jest-jasmine2/build/queue_runner.js:87:41
    at processTicksAndRejections (internal/process/task_queues.js:93:5)</failure>
    </testcase>
    <testcase classname="components/ChangeURLModal should match state when onSubmit is called with a invalid URL" name="components/ChangeURLModal should match state when onSubmit is called with a invalid URL" time="0.001">
      <failure>TypeError: Cannot read property &apos;current&apos; of undefined
    at warnIfNotScopedWithMatchingAct (/home/mjl/Projects/riff/mattermost-webapp/node_modules/react-dom/cjs/react-dom.development.js:23264:59)
    at updateContainer (/home/mjl/Projects/riff/mattermost-webapp/node_modules/react-dom/cjs/react-dom.development.js:24431:7)
    at /home/mjl/Projects/riff/mattermost-webapp/node_modules/react-dom/cjs/react-dom.development.js:24963:7
    at unbatchedUpdates (/home/mjl/Projects/riff/mattermost-webapp/node_modules/react-dom/cjs/react-dom.development.js:21687:12)
    at legacyRenderSubtreeIntoContainer (/home/mjl/Projects/riff/mattermost-webapp/node_modules/react-dom/cjs/react-dom.development.js:24962:5)
    at Object.render (/home/mjl/Projects/riff/mattermost-webapp/node_modules/react-dom/cjs/react-dom.development.js:25042:12)
    at getFiber (/home/mjl/Projects/riff/mattermost-webapp/node_modules/enzyme-adapter-react-16/build/detectFiberTags.js:49:25)
    at detectFiberTags (/home/mjl/Projects/riff/mattermost-webapp/node_modules/enzyme-adapter-react-16/build/detectFiberTags.js:101:17)
    at ReactSixteenAdapter.createMountRenderer (/home/mjl/Projects/riff/mattermost-webapp/node_modules/enzyme-adapter-react-16/build/ReactSixteenAdapter.js:290:56)
    at ReactSixteenAdapter.createRenderer (/home/mjl/Projects/riff/mattermost-webapp/node_modules/enzyme-adapter-react-16/build/ReactSixteenAdapter.js:497:25)
    at new ReactWrapper (/home/mjl/Projects/riff/mattermost-webapp/node_modules/enzyme/build/ReactWrapper.js:113:30)
    at mount (/home/mjl/Projects/riff/mattermost-webapp/node_modules/enzyme/build/mount.js:21:10)
    at mountWithIntl (/home/mjl/Projects/riff/mattermost-webapp/tests/helpers/intl-test-helper.jsx:18:12)
    at Object.&lt;anonymous&gt; (/home/mjl/Projects/riff/mattermost-webapp/tests/components/failing_tests/change_url_modal.test.jsx:32:25)
    at Object.asyncJestTest (/home/mjl/Projects/riff/mattermost-webapp/node_modules/jest-jasmine2/build/jasmine_async.js:108:37)
    at /home/mjl/Projects/riff/mattermost-webapp/node_modules/jest-jasmine2/build/queue_runner.js:56:12
    at new Promise (&lt;anonymous&gt;)
    at mapper (/home/mjl/Projects/riff/mattermost-webapp/node_modules/jest-jasmine2/build/queue_runner.js:43:19)
    at /home/mjl/Projects/riff/mattermost-webapp/node_modules/jest-jasmine2/build/queue_runner.js:87:41
    at processTicksAndRejections (internal/process/task_queues.js:93:5)</failure>
    </testcase>
    <testcase classname="components/ChangeURLModal should match state when onURLChanged is called" name="components/ChangeURLModal should match state when onURLChanged is called" time="0.002">
      <failure>TypeError: Cannot read property &apos;current&apos; of undefined
    at warnIfNotScopedWithMatchingAct (/home/mjl/Projects/riff/mattermost-webapp/node_modules/react-dom/cjs/react-dom.development.js:23264:59)
    at updateContainer (/home/mjl/Projects/riff/mattermost-webapp/node_modules/react-dom/cjs/react-dom.development.js:24431:7)
    at /home/mjl/Projects/riff/mattermost-webapp/node_modules/react-dom/cjs/react-dom.development.js:24963:7
    at unbatchedUpdates (/home/mjl/Projects/riff/mattermost-webapp/node_modules/react-dom/cjs/react-dom.development.js:21687:12)
    at legacyRenderSubtreeIntoContainer (/home/mjl/Projects/riff/mattermost-webapp/node_modules/react-dom/cjs/react-dom.development.js:24962:5)
    at Object.render (/home/mjl/Projects/riff/mattermost-webapp/node_modules/react-dom/cjs/react-dom.development.js:25042:12)
    at getFiber (/home/mjl/Projects/riff/mattermost-webapp/node_modules/enzyme-adapter-react-16/build/detectFiberTags.js:49:25)
    at detectFiberTags (/home/mjl/Projects/riff/mattermost-webapp/node_modules/enzyme-adapter-react-16/build/detectFiberTags.js:101:17)
    at ReactSixteenAdapter.createMountRenderer (/home/mjl/Projects/riff/mattermost-webapp/node_modules/enzyme-adapter-react-16/build/ReactSixteenAdapter.js:290:56)
    at ReactSixteenAdapter.createRenderer (/home/mjl/Projects/riff/mattermost-webapp/node_modules/enzyme-adapter-react-16/build/ReactSixteenAdapter.js:497:25)
    at new ReactWrapper (/home/mjl/Projects/riff/mattermost-webapp/node_modules/enzyme/build/ReactWrapper.js:113:30)
    at mount (/home/mjl/Projects/riff/mattermost-webapp/node_modules/enzyme/build/mount.js:21:10)
    at mountWithIntl (/home/mjl/Projects/riff/mattermost-webapp/tests/helpers/intl-test-helper.jsx:18:12)
    at Object.&lt;anonymous&gt; (/home/mjl/Projects/riff/mattermost-webapp/tests/components/failing_tests/change_url_modal.test.jsx:44:25)
    at Object.asyncJestTest (/home/mjl/Projects/riff/mattermost-webapp/node_modules/jest-jasmine2/build/jasmine_async.js:108:37)
    at /home/mjl/Projects/riff/mattermost-webapp/node_modules/jest-jasmine2/build/queue_runner.js:56:12
    at new Promise (&lt;anonymous&gt;)
    at mapper (/home/mjl/Projects/riff/mattermost-webapp/node_modules/jest-jasmine2/build/queue_runner.js:43:19)
    at /home/mjl/Projects/riff/mattermost-webapp/node_modules/jest-jasmine2/build/queue_runner.js:87:41
    at processTicksAndRejections (internal/process/task_queues.js:93:5)</failure>
    </testcase>
    <testcase classname="components/ChangeURLModal should match state when onCancel is called" name="components/ChangeURLModal should match state when onCancel is called" time="0.001">
      <failure>TypeError: Cannot read property &apos;current&apos; of undefined
    at warnIfNotScopedWithMatchingAct (/home/mjl/Projects/riff/mattermost-webapp/node_modules/react-dom/cjs/react-dom.development.js:23264:59)
    at updateContainer (/home/mjl/Projects/riff/mattermost-webapp/node_modules/react-dom/cjs/react-dom.development.js:24431:7)
    at /home/mjl/Projects/riff/mattermost-webapp/node_modules/react-dom/cjs/react-dom.development.js:24963:7
    at unbatchedUpdates (/home/mjl/Projects/riff/mattermost-webapp/node_modules/react-dom/cjs/react-dom.development.js:21687:12)
    at legacyRenderSubtreeIntoContainer (/home/mjl/Projects/riff/mattermost-webapp/node_modules/react-dom/cjs/react-dom.development.js:24962:5)
    at Object.render (/home/mjl/Projects/riff/mattermost-webapp/node_modules/react-dom/cjs/react-dom.development.js:25042:12)
    at getFiber (/home/mjl/Projects/riff/mattermost-webapp/node_modules/enzyme-adapter-react-16/build/detectFiberTags.js:49:25)
    at detectFiberTags (/home/mjl/Projects/riff/mattermost-webapp/node_modules/enzyme-adapter-react-16/build/detectFiberTags.js:101:17)
    at ReactSixteenAdapter.createMountRenderer (/home/mjl/Projects/riff/mattermost-webapp/node_modules/enzyme-adapter-react-16/build/ReactSixteenAdapter.js:290:56)
    at ReactSixteenAdapter.createRenderer (/home/mjl/Projects/riff/mattermost-webapp/node_modules/enzyme-adapter-react-16/build/ReactSixteenAdapter.js:497:25)
    at new ReactWrapper (/home/mjl/Projects/riff/mattermost-webapp/node_modules/enzyme/build/ReactWrapper.js:113:30)
    at mount (/home/mjl/Projects/riff/mattermost-webapp/node_modules/enzyme/build/mount.js:21:10)
    at mountWithIntl (/home/mjl/Projects/riff/mattermost-webapp/tests/helpers/intl-test-helper.jsx:18:12)
    at Object.&lt;anonymous&gt; (/home/mjl/Projects/riff/mattermost-webapp/tests/components/failing_tests/change_url_modal.test.jsx:56:25)
    at Object.asyncJestTest (/home/mjl/Projects/riff/mattermost-webapp/node_modules/jest-jasmine2/build/jasmine_async.js:108:37)
    at /home/mjl/Projects/riff/mattermost-webapp/node_modules/jest-jasmine2/build/queue_runner.js:56:12
    at new Promise (&lt;anonymous&gt;)
    at mapper (/home/mjl/Projects/riff/mattermost-webapp/node_modules/jest-jasmine2/build/queue_runner.js:43:19)
    at /home/mjl/Projects/riff/mattermost-webapp/node_modules/jest-jasmine2/build/queue_runner.js:87:41
    at processTicksAndRejections (internal/process/task_queues.js:93:5)</failure>
    </testcase>
    <testcase classname="components/ChangeURLModal should match when getURLError is called with a non specific error" name="components/ChangeURLModal should match when getURLError is called with a non specific error" time="0.001">
      <failure>TypeError: Cannot read property &apos;current&apos; of undefined
    at warnIfNotScopedWithMatchingAct (/home/mjl/Projects/riff/mattermost-webapp/node_modules/react-dom/cjs/react-dom.development.js:23264:59)
    at updateContainer (/home/mjl/Projects/riff/mattermost-webapp/node_modules/react-dom/cjs/react-dom.development.js:24431:7)
    at /home/mjl/Projects/riff/mattermost-webapp/node_modules/react-dom/cjs/react-dom.development.js:24963:7
    at unbatchedUpdates (/home/mjl/Projects/riff/mattermost-webapp/node_modules/react-dom/cjs/react-dom.development.js:21687:12)
    at legacyRenderSubtreeIntoContainer (/home/mjl/Projects/riff/mattermost-webapp/node_modules/react-dom/cjs/react-dom.development.js:24962:5)
    at Object.render (/home/mjl/Projects/riff/mattermost-webapp/node_modules/react-dom/cjs/react-dom.development.js:25042:12)
    at getFiber (/home/mjl/Projects/riff/mattermost-webapp/node_modules/enzyme-adapter-react-16/build/detectFiberTags.js:49:25)
    at detectFiberTags (/home/mjl/Projects/riff/mattermost-webapp/node_modules/enzyme-adapter-react-16/build/detectFiberTags.js:101:17)
    at ReactSixteenAdapter.createMountRenderer (/home/mjl/Projects/riff/mattermost-webapp/node_modules/enzyme-adapter-react-16/build/ReactSixteenAdapter.js:290:56)
    at ReactSixteenAdapter.createRenderer (/home/mjl/Projects/riff/mattermost-webapp/node_modules/enzyme-adapter-react-16/build/ReactSixteenAdapter.js:497:25)
    at new ReactWrapper (/home/mjl/Projects/riff/mattermost-webapp/node_modules/enzyme/build/ReactWrapper.js:113:30)
    at mount (/home/mjl/Projects/riff/mattermost-webapp/node_modules/enzyme/build/mount.js:21:10)
    at mountWithIntl (/home/mjl/Projects/riff/mattermost-webapp/tests/helpers/intl-test-helper.jsx:18:12)
    at Object.&lt;anonymous&gt; (/home/mjl/Projects/riff/mattermost-webapp/tests/components/failing_tests/change_url_modal.test.jsx:66:25)
    at Object.asyncJestTest (/home/mjl/Projects/riff/mattermost-webapp/node_modules/jest-jasmine2/build/jasmine_async.js:108:37)
    at /home/mjl/Projects/riff/mattermost-webapp/node_modules/jest-jasmine2/build/queue_runner.js:56:12
    at new Promise (&lt;anonymous&gt;)
    at mapper (/home/mjl/Projects/riff/mattermost-webapp/node_modules/jest-jasmine2/build/queue_runner.js:43:19)
    at /home/mjl/Projects/riff/mattermost-webapp/node_modules/jest-jasmine2/build/queue_runner.js:87:41
    at processTicksAndRejections (internal/process/task_queues.js:93:5)</failure>
    </testcase>
    <testcase classname="components/ChangeURLModal should match when getURLError is called with a 1 character url" name="components/ChangeURLModal should match when getURLError is called with a 1 character url" time="0.001">
      <failure>TypeError: Cannot read property &apos;current&apos; of undefined
    at warnIfNotScopedWithMatchingAct (/home/mjl/Projects/riff/mattermost-webapp/node_modules/react-dom/cjs/react-dom.development.js:23264:59)
    at updateContainer (/home/mjl/Projects/riff/mattermost-webapp/node_modules/react-dom/cjs/react-dom.development.js:24431:7)
    at /home/mjl/Projects/riff/mattermost-webapp/node_modules/react-dom/cjs/react-dom.development.js:24963:7
    at unbatchedUpdates (/home/mjl/Projects/riff/mattermost-webapp/node_modules/react-dom/cjs/react-dom.development.js:21687:12)
    at legacyRenderSubtreeIntoContainer (/home/mjl/Projects/riff/mattermost-webapp/node_modules/react-dom/cjs/react-dom.development.js:24962:5)
    at Object.render (/home/mjl/Projects/riff/mattermost-webapp/node_modules/react-dom/cjs/react-dom.development.js:25042:12)
    at getFiber (/home/mjl/Projects/riff/mattermost-webapp/node_modules/enzyme-adapter-react-16/build/detectFiberTags.js:49:25)
    at detectFiberTags (/home/mjl/Projects/riff/mattermost-webapp/node_modules/enzyme-adapter-react-16/build/detectFiberTags.js:101:17)
    at ReactSixteenAdapter.createMountRenderer (/home/mjl/Projects/riff/mattermost-webapp/node_modules/enzyme-adapter-react-16/build/ReactSixteenAdapter.js:290:56)
    at ReactSixteenAdapter.createRenderer (/home/mjl/Projects/riff/mattermost-webapp/node_modules/enzyme-adapter-react-16/build/ReactSixteenAdapter.js:497:25)
    at new ReactWrapper (/home/mjl/Projects/riff/mattermost-webapp/node_modules/enzyme/build/ReactWrapper.js:113:30)
    at mount (/home/mjl/Projects/riff/mattermost-webapp/node_modules/enzyme/build/mount.js:21:10)
    at mountWithIntl (/home/mjl/Projects/riff/mattermost-webapp/tests/helpers/intl-test-helper.jsx:18:12)
    at Object.&lt;anonymous&gt; (/home/mjl/Projects/riff/mattermost-webapp/tests/components/failing_tests/change_url_modal.test.jsx:84:25)
    at Object.asyncJestTest (/home/mjl/Projects/riff/mattermost-webapp/node_modules/jest-jasmine2/build/jasmine_async.js:108:37)
    at /home/mjl/Projects/riff/mattermost-webapp/node_modules/jest-jasmine2/build/queue_runner.js:56:12
    at new Promise (&lt;anonymous&gt;)
    at mapper (/home/mjl/Projects/riff/mattermost-webapp/node_modules/jest-jasmine2/build/queue_runner.js:43:19)
    at /home/mjl/Projects/riff/mattermost-webapp/node_modules/jest-jasmine2/build/queue_runner.js:87:41
    at processTicksAndRejections (internal/process/task_queues.js:93:5)</failure>
    </testcase>
    <testcase classname="components/ChangeURLModal should match when getURLError is called with a non alphanumeric start, end and two undescores" name="components/ChangeURLModal should match when getURLError is called with a non alphanumeric start, end and two undescores" time="0.001">
      <failure>TypeError: Cannot read property &apos;current&apos; of undefined
    at warnIfNotScopedWithMatchingAct (/home/mjl/Projects/riff/mattermost-webapp/node_modules/react-dom/cjs/react-dom.development.js:23264:59)
    at updateContainer (/home/mjl/Projects/riff/mattermost-webapp/node_modules/react-dom/cjs/react-dom.development.js:24431:7)
    at /home/mjl/Projects/riff/mattermost-webapp/node_modules/react-dom/cjs/react-dom.development.js:24963:7
    at unbatchedUpdates (/home/mjl/Projects/riff/mattermost-webapp/node_modules/react-dom/cjs/react-dom.development.js:21687:12)
    at legacyRenderSubtreeIntoContainer (/home/mjl/Projects/riff/mattermost-webapp/node_modules/react-dom/cjs/react-dom.development.js:24962:5)
    at Object.render (/home/mjl/Projects/riff/mattermost-webapp/node_modules/react-dom/cjs/react-dom.development.js:25042:12)
    at getFiber (/home/mjl/Projects/riff/mattermost-webapp/node_modules/enzyme-adapter-react-16/build/detectFiberTags.js:49:25)
    at detectFiberTags (/home/mjl/Projects/riff/mattermost-webapp/node_modules/enzyme-adapter-react-16/build/detectFiberTags.js:101:17)
    at ReactSixteenAdapter.createMountRenderer (/home/mjl/Projects/riff/mattermost-webapp/node_modules/enzyme-adapter-react-16/build/ReactSixteenAdapter.js:290:56)
    at ReactSixteenAdapter.createRenderer (/home/mjl/Projects/riff/mattermost-webapp/node_modules/enzyme-adapter-react-16/build/ReactSixteenAdapter.js:497:25)
    at new ReactWrapper (/home/mjl/Projects/riff/mattermost-webapp/node_modules/enzyme/build/ReactWrapper.js:113:30)
    at mount (/home/mjl/Projects/riff/mattermost-webapp/node_modules/enzyme/build/mount.js:21:10)
    at mountWithIntl (/home/mjl/Projects/riff/mattermost-webapp/tests/helpers/intl-test-helper.jsx:18:12)
    at Object.&lt;anonymous&gt; (/home/mjl/Projects/riff/mattermost-webapp/tests/components/failing_tests/change_url_modal.test.jsx:102:25)
    at Object.asyncJestTest (/home/mjl/Projects/riff/mattermost-webapp/node_modules/jest-jasmine2/build/jasmine_async.js:108:37)
    at /home/mjl/Projects/riff/mattermost-webapp/node_modules/jest-jasmine2/build/queue_runner.js:56:12
    at new Promise (&lt;anonymous&gt;)
    at mapper (/home/mjl/Projects/riff/mattermost-webapp/node_modules/jest-jasmine2/build/queue_runner.js:43:19)
    at /home/mjl/Projects/riff/mattermost-webapp/node_modules/jest-jasmine2/build/queue_runner.js:87:41
    at processTicksAndRejections (internal/process/task_queues.js:93:5)</failure>
    </testcase>
  </testsuite>
  <testsuite name="component/FileAttachment" errors="0" failures="1" skipped="0" timestamp="2019-10-31T15:01:14" time="0.602" tests="1">
    <testcase classname="component/FileAttachment should call the handleImageClick on attachment clicked" name="component/FileAttachment should call the handleImageClick on attachment clicked" time="0.011">
      <failure>TypeError: Cannot read property &apos;current&apos; of undefined
    at warnIfNotScopedWithMatchingAct (/home/mjl/Projects/riff/mattermost-webapp/node_modules/react-dom/cjs/react-dom.development.js:23264:59)
    at updateContainer (/home/mjl/Projects/riff/mattermost-webapp/node_modules/react-dom/cjs/react-dom.development.js:24431:7)
    at /home/mjl/Projects/riff/mattermost-webapp/node_modules/react-dom/cjs/react-dom.development.js:24963:7
    at unbatchedUpdates (/home/mjl/Projects/riff/mattermost-webapp/node_modules/react-dom/cjs/react-dom.development.js:21687:12)
    at legacyRenderSubtreeIntoContainer (/home/mjl/Projects/riff/mattermost-webapp/node_modules/react-dom/cjs/react-dom.development.js:24962:5)
    at Object.render (/home/mjl/Projects/riff/mattermost-webapp/node_modules/react-dom/cjs/react-dom.development.js:25042:12)
    at getFiber (/home/mjl/Projects/riff/mattermost-webapp/node_modules/enzyme-adapter-react-16/build/detectFiberTags.js:49:25)
    at detectFiberTags (/home/mjl/Projects/riff/mattermost-webapp/node_modules/enzyme-adapter-react-16/build/detectFiberTags.js:101:17)
    at ReactSixteenAdapter.createMountRenderer (/home/mjl/Projects/riff/mattermost-webapp/node_modules/enzyme-adapter-react-16/build/ReactSixteenAdapter.js:290:56)
    at ReactSixteenAdapter.createRenderer (/home/mjl/Projects/riff/mattermost-webapp/node_modules/enzyme-adapter-react-16/build/ReactSixteenAdapter.js:497:25)
    at new ReactWrapper (/home/mjl/Projects/riff/mattermost-webapp/node_modules/enzyme/build/ReactWrapper.js:113:30)
    at mount (/home/mjl/Projects/riff/mattermost-webapp/node_modules/enzyme/build/mount.js:21:10)
    at Object.&lt;anonymous&gt; (/home/mjl/Projects/riff/mattermost-webapp/tests/components/failing_tests/file_attachment.test.jsx:40:25)
    at Object.asyncJestTest (/home/mjl/Projects/riff/mattermost-webapp/node_modules/jest-jasmine2/build/jasmine_async.js:108:37)
    at /home/mjl/Projects/riff/mattermost-webapp/node_modules/jest-jasmine2/build/queue_runner.js:56:12
    at new Promise (&lt;anonymous&gt;)
    at mapper (/home/mjl/Projects/riff/mattermost-webapp/node_modules/jest-jasmine2/build/queue_runner.js:43:19)
    at /home/mjl/Projects/riff/mattermost-webapp/node_modules/jest-jasmine2/build/queue_runner.js:87:41
    at processTicksAndRejections (internal/process/task_queues.js:93:5)</failure>
    </testcase>
  </testsuite>
  <testsuite name="components/navbar/NavbarInfoButton" errors="0" failures="2" skipped="0" timestamp="2019-10-31T15:01:13" time="1.113" tests="2">
    <testcase classname="components/navbar/NavbarInfoButton should match snapshot, with channel header" name="components/navbar/NavbarInfoButton should match snapshot, with channel header" time="0.012">
      <failure>TypeError: Cannot read property &apos;current&apos; of undefined
    at warnIfNotScopedWithMatchingAct (/home/mjl/Projects/riff/mattermost-webapp/node_modules/react-dom/cjs/react-dom.development.js:23264:59)
    at updateContainer (/home/mjl/Projects/riff/mattermost-webapp/node_modules/react-dom/cjs/react-dom.development.js:24431:7)
    at /home/mjl/Projects/riff/mattermost-webapp/node_modules/react-dom/cjs/react-dom.development.js:24963:7
    at unbatchedUpdates (/home/mjl/Projects/riff/mattermost-webapp/node_modules/react-dom/cjs/react-dom.development.js:21687:12)
    at legacyRenderSubtreeIntoContainer (/home/mjl/Projects/riff/mattermost-webapp/node_modules/react-dom/cjs/react-dom.development.js:24962:5)
    at Object.render (/home/mjl/Projects/riff/mattermost-webapp/node_modules/react-dom/cjs/react-dom.development.js:25042:12)
    at getFiber (/home/mjl/Projects/riff/mattermost-webapp/node_modules/enzyme-adapter-react-16/build/detectFiberTags.js:49:25)
    at detectFiberTags (/home/mjl/Projects/riff/mattermost-webapp/node_modules/enzyme-adapter-react-16/build/detectFiberTags.js:101:17)
    at ReactSixteenAdapter.createMountRenderer (/home/mjl/Projects/riff/mattermost-webapp/node_modules/enzyme-adapter-react-16/build/ReactSixteenAdapter.js:290:56)
    at ReactSixteenAdapter.createRenderer (/home/mjl/Projects/riff/mattermost-webapp/node_modules/enzyme-adapter-react-16/build/ReactSixteenAdapter.js:497:25)
    at new ReactWrapper (/home/mjl/Projects/riff/mattermost-webapp/node_modules/enzyme/build/ReactWrapper.js:113:30)
    at mount (/home/mjl/Projects/riff/mattermost-webapp/node_modules/enzyme/build/mount.js:21:10)
    at mountWithIntl (/home/mjl/Projects/riff/mattermost-webapp/tests/helpers/intl-test-helper.jsx:18:12)
    at Object.&lt;anonymous&gt; (/home/mjl/Projects/riff/mattermost-webapp/tests/components/navbar/failing_tests/navbar_info_button.test.jsx:21:25)
    at Object.asyncJestTest (/home/mjl/Projects/riff/mattermost-webapp/node_modules/jest-jasmine2/build/jasmine_async.js:108:37)
    at /home/mjl/Projects/riff/mattermost-webapp/node_modules/jest-jasmine2/build/queue_runner.js:56:12
    at new Promise (&lt;anonymous&gt;)
    at mapper (/home/mjl/Projects/riff/mattermost-webapp/node_modules/jest-jasmine2/build/queue_runner.js:43:19)
    at /home/mjl/Projects/riff/mattermost-webapp/node_modules/jest-jasmine2/build/queue_runner.js:87:41
    at processTicksAndRejections (internal/process/task_queues.js:93:5)</failure>
    </testcase>
    <testcase classname="components/navbar/NavbarInfoButton should match snapshot, without channel header" name="components/navbar/NavbarInfoButton should match snapshot, without channel header" time="0.001">
      <failure>TypeError: Cannot read property &apos;current&apos; of undefined
    at warnIfNotScopedWithMatchingAct (/home/mjl/Projects/riff/mattermost-webapp/node_modules/react-dom/cjs/react-dom.development.js:23264:59)
    at updateContainer (/home/mjl/Projects/riff/mattermost-webapp/node_modules/react-dom/cjs/react-dom.development.js:24431:7)
    at /home/mjl/Projects/riff/mattermost-webapp/node_modules/react-dom/cjs/react-dom.development.js:24963:7
    at unbatchedUpdates (/home/mjl/Projects/riff/mattermost-webapp/node_modules/react-dom/cjs/react-dom.development.js:21687:12)
    at legacyRenderSubtreeIntoContainer (/home/mjl/Projects/riff/mattermost-webapp/node_modules/react-dom/cjs/react-dom.development.js:24962:5)
    at Object.render (/home/mjl/Projects/riff/mattermost-webapp/node_modules/react-dom/cjs/react-dom.development.js:25042:12)
    at getFiber (/home/mjl/Projects/riff/mattermost-webapp/node_modules/enzyme-adapter-react-16/build/detectFiberTags.js:49:25)
    at detectFiberTags (/home/mjl/Projects/riff/mattermost-webapp/node_modules/enzyme-adapter-react-16/build/detectFiberTags.js:101:17)
    at ReactSixteenAdapter.createMountRenderer (/home/mjl/Projects/riff/mattermost-webapp/node_modules/enzyme-adapter-react-16/build/ReactSixteenAdapter.js:290:56)
    at ReactSixteenAdapter.createRenderer (/home/mjl/Projects/riff/mattermost-webapp/node_modules/enzyme-adapter-react-16/build/ReactSixteenAdapter.js:497:25)
    at new ReactWrapper (/home/mjl/Projects/riff/mattermost-webapp/node_modules/enzyme/build/ReactWrapper.js:113:30)
    at mount (/home/mjl/Projects/riff/mattermost-webapp/node_modules/enzyme/build/mount.js:21:10)
    at mountWithIntl (/home/mjl/Projects/riff/mattermost-webapp/tests/helpers/intl-test-helper.jsx:18:12)
    at Object.&lt;anonymous&gt; (/home/mjl/Projects/riff/mattermost-webapp/tests/components/navbar/failing_tests/navbar_info_button.test.jsx:35:25)
    at Object.asyncJestTest (/home/mjl/Projects/riff/mattermost-webapp/node_modules/jest-jasmine2/build/jasmine_async.js:108:37)
    at /home/mjl/Projects/riff/mattermost-webapp/node_modules/jest-jasmine2/build/queue_runner.js:56:12
    at new Promise (&lt;anonymous&gt;)
    at mapper (/home/mjl/Projects/riff/mattermost-webapp/node_modules/jest-jasmine2/build/queue_runner.js:43:19)
    at /home/mjl/Projects/riff/mattermost-webapp/node_modules/jest-jasmine2/build/queue_runner.js:87:41
    at processTicksAndRejections (internal/process/task_queues.js:93:5)</failure>
    </testcase>
  </testsuite>
  <testsuite name="components/AboutBuildModal" errors="0" failures="1" skipped="0" timestamp="2019-10-31T15:01:14" time="0.674" tests="1">
    <testcase classname="components/AboutBuildModal should call onModalDismissed callback when the modal is hidden" name="components/AboutBuildModal should call onModalDismissed callback when the modal is hidden" time="0.014">
      <failure>TypeError: Cannot read property &apos;current&apos; of undefined
    at warnIfNotScopedWithMatchingAct (/home/mjl/Projects/riff/mattermost-webapp/node_modules/react-dom/cjs/react-dom.development.js:23264:59)
    at updateContainer (/home/mjl/Projects/riff/mattermost-webapp/node_modules/react-dom/cjs/react-dom.development.js:24431:7)
    at /home/mjl/Projects/riff/mattermost-webapp/node_modules/react-dom/cjs/react-dom.development.js:24963:7
    at unbatchedUpdates (/home/mjl/Projects/riff/mattermost-webapp/node_modules/react-dom/cjs/react-dom.development.js:21687:12)
    at legacyRenderSubtreeIntoContainer (/home/mjl/Projects/riff/mattermost-webapp/node_modules/react-dom/cjs/react-dom.development.js:24962:5)
    at Object.render (/home/mjl/Projects/riff/mattermost-webapp/node_modules/react-dom/cjs/react-dom.development.js:25042:12)
    at getFiber (/home/mjl/Projects/riff/mattermost-webapp/node_modules/enzyme-adapter-react-16/build/detectFiberTags.js:49:25)
    at detectFiberTags (/home/mjl/Projects/riff/mattermost-webapp/node_modules/enzyme-adapter-react-16/build/detectFiberTags.js:101:17)
    at ReactSixteenAdapter.createMountRenderer (/home/mjl/Projects/riff/mattermost-webapp/node_modules/enzyme-adapter-react-16/build/ReactSixteenAdapter.js:290:56)
    at ReactSixteenAdapter.createRenderer (/home/mjl/Projects/riff/mattermost-webapp/node_modules/enzyme-adapter-react-16/build/ReactSixteenAdapter.js:497:25)
    at new ReactWrapper (/home/mjl/Projects/riff/mattermost-webapp/node_modules/enzyme/build/ReactWrapper.js:113:30)
    at mount (/home/mjl/Projects/riff/mattermost-webapp/node_modules/enzyme/build/mount.js:21:10)
    at mountWithIntl (/home/mjl/Projects/riff/mattermost-webapp/tests/helpers/intl-test-helper.jsx:18:12)
    at Object.&lt;anonymous&gt; (/home/mjl/Projects/riff/mattermost-webapp/tests/components/failing_tests/about_build_modal.test.jsx:56:25)
    at /home/mjl/Projects/riff/mattermost-webapp/node_modules/jest-jasmine2/build/queue_runner.js:56:12
    at new Promise (&lt;anonymous&gt;)
    at mapper (/home/mjl/Projects/riff/mattermost-webapp/node_modules/jest-jasmine2/build/queue_runner.js:43:19)
    at /home/mjl/Projects/riff/mattermost-webapp/node_modules/jest-jasmine2/build/queue_runner.js:87:41
    at processTicksAndRejections (internal/process/task_queues.js:93:5)</failure>
    </testcase>
  </testsuite>
  <testsuite name="components/ChannelHeader" errors="0" failures="1" skipped="0" timestamp="2019-10-31T15:01:10" time="4.394" tests="5">
    <testcase classname="components/ChannelHeader should render properly when empty" name="components/ChannelHeader should render properly when empty" time="0.039">
      <failure>Error: Unexpected console logsWarning: Failed prop type: The prop `actions.sendWebRtcMessage` is marked as required in `ChannelHeader`, but its value is `undefined`.
    in ChannelHeader,Warning: Failed prop type: The prop `currentTeam` is marked as required in `ChannelHeader`, but its value is `undefined`.
    in ChannelHeader
    at Object.&lt;anonymous&gt; (/home/mjl/Projects/riff/mattermost-webapp/riff_tests/setup.js:55:15)
    at Object.asyncJestLifecycle (/home/mjl/Projects/riff/mattermost-webapp/node_modules/jest-jasmine2/build/jasmine_async.js:63:37)
    at /home/mjl/Projects/riff/mattermost-webapp/node_modules/jest-jasmine2/build/queue_runner.js:56:12
    at new Promise (&lt;anonymous&gt;)
    at mapper (/home/mjl/Projects/riff/mattermost-webapp/node_modules/jest-jasmine2/build/queue_runner.js:43:19)
    at /home/mjl/Projects/riff/mattermost-webapp/node_modules/jest-jasmine2/build/queue_runner.js:87:41
    at processTicksAndRejections (internal/process/task_queues.js:93:5)</failure>
    </testcase>
    <testcase classname="components/ChannelHeader should render properly when populated" name="components/ChannelHeader should render properly when populated" time="0.01">
    </testcase>
    <testcase classname="components/ChannelHeader should render properly when populated with channel props" name="components/ChannelHeader should render properly when populated with channel props" time="0.008">
    </testcase>
    <testcase classname="components/ChannelHeader should render archived view" name="components/ChannelHeader should render archived view" time="0.006">
    </testcase>
    <testcase classname="components/ChannelHeader should render correct menu when muted" name="components/ChannelHeader should render correct menu when muted" time="0.007">
    </testcase>
  </testsuite>
  <testsuite name="components/emoji/components/DeleteEmoji" errors="0" failures="4" skipped="0" timestamp="2019-10-31T15:01:14" time="0.552" tests="4">
    <testcase classname="components/emoji/components/DeleteEmoji title should match the of delete emoji title" name="components/emoji/components/DeleteEmoji title should match the of delete emoji title" time="0.013">
      <failure>TypeError: Cannot read property &apos;current&apos; of undefined
    at warnIfNotScopedWithMatchingAct (/home/mjl/Projects/riff/mattermost-webapp/node_modules/react-dom/cjs/react-dom.development.js:23264:59)
    at updateContainer (/home/mjl/Projects/riff/mattermost-webapp/node_modules/react-dom/cjs/react-dom.development.js:24431:7)
    at /home/mjl/Projects/riff/mattermost-webapp/node_modules/react-dom/cjs/react-dom.development.js:24963:7
    at unbatchedUpdates (/home/mjl/Projects/riff/mattermost-webapp/node_modules/react-dom/cjs/react-dom.development.js:21687:12)
    at legacyRenderSubtreeIntoContainer (/home/mjl/Projects/riff/mattermost-webapp/node_modules/react-dom/cjs/react-dom.development.js:24962:5)
    at Object.render (/home/mjl/Projects/riff/mattermost-webapp/node_modules/react-dom/cjs/react-dom.development.js:25042:12)
    at getFiber (/home/mjl/Projects/riff/mattermost-webapp/node_modules/enzyme-adapter-react-16/build/detectFiberTags.js:49:25)
    at detectFiberTags (/home/mjl/Projects/riff/mattermost-webapp/node_modules/enzyme-adapter-react-16/build/detectFiberTags.js:101:17)
    at ReactSixteenAdapter.createMountRenderer (/home/mjl/Projects/riff/mattermost-webapp/node_modules/enzyme-adapter-react-16/build/ReactSixteenAdapter.js:290:56)
    at ReactSixteenAdapter.createRenderer (/home/mjl/Projects/riff/mattermost-webapp/node_modules/enzyme-adapter-react-16/build/ReactSixteenAdapter.js:497:25)
    at new ReactWrapper (/home/mjl/Projects/riff/mattermost-webapp/node_modules/enzyme/build/ReactWrapper.js:113:30)
    at mount (/home/mjl/Projects/riff/mattermost-webapp/node_modules/enzyme/build/mount.js:21:10)
    at mountWithIntl (/home/mjl/Projects/riff/mattermost-webapp/tests/helpers/intl-test-helper.jsx:18:12)
    at Object.&lt;anonymous&gt; (/home/mjl/Projects/riff/mattermost-webapp/tests/components/failing_tests/delete_emoji_modal.test.jsx:9:25)
    at Object.asyncJestTest (/home/mjl/Projects/riff/mattermost-webapp/node_modules/jest-jasmine2/build/jasmine_async.js:108:37)
    at /home/mjl/Projects/riff/mattermost-webapp/node_modules/jest-jasmine2/build/queue_runner.js:56:12
    at new Promise (&lt;anonymous&gt;)
    at mapper (/home/mjl/Projects/riff/mattermost-webapp/node_modules/jest-jasmine2/build/queue_runner.js:43:19)
    at /home/mjl/Projects/riff/mattermost-webapp/node_modules/jest-jasmine2/build/queue_runner.js:87:41
    at processTicksAndRejections (internal/process/task_queues.js:93:5)</failure>
    </testcase>
    <testcase classname="components/emoji/components/DeleteEmoji modal title should match the of delete emoji modal title" name="components/emoji/components/DeleteEmoji modal title should match the of delete emoji modal title" time="0.002">
      <failure>TypeError: Cannot read property &apos;current&apos; of undefined
    at warnIfNotScopedWithMatchingAct (/home/mjl/Projects/riff/mattermost-webapp/node_modules/react-dom/cjs/react-dom.development.js:23264:59)
    at updateContainer (/home/mjl/Projects/riff/mattermost-webapp/node_modules/react-dom/cjs/react-dom.development.js:24431:7)
    at /home/mjl/Projects/riff/mattermost-webapp/node_modules/react-dom/cjs/react-dom.development.js:24963:7
    at unbatchedUpdates (/home/mjl/Projects/riff/mattermost-webapp/node_modules/react-dom/cjs/react-dom.development.js:21687:12)
    at legacyRenderSubtreeIntoContainer (/home/mjl/Projects/riff/mattermost-webapp/node_modules/react-dom/cjs/react-dom.development.js:24962:5)
    at Object.render (/home/mjl/Projects/riff/mattermost-webapp/node_modules/react-dom/cjs/react-dom.development.js:25042:12)
    at getFiber (/home/mjl/Projects/riff/mattermost-webapp/node_modules/enzyme-adapter-react-16/build/detectFiberTags.js:49:25)
    at detectFiberTags (/home/mjl/Projects/riff/mattermost-webapp/node_modules/enzyme-adapter-react-16/build/detectFiberTags.js:101:17)
    at ReactSixteenAdapter.createMountRenderer (/home/mjl/Projects/riff/mattermost-webapp/node_modules/enzyme-adapter-react-16/build/ReactSixteenAdapter.js:290:56)
    at ReactSixteenAdapter.createRenderer (/home/mjl/Projects/riff/mattermost-webapp/node_modules/enzyme-adapter-react-16/build/ReactSixteenAdapter.js:497:25)
    at new ReactWrapper (/home/mjl/Projects/riff/mattermost-webapp/node_modules/enzyme/build/ReactWrapper.js:113:30)
    at mount (/home/mjl/Projects/riff/mattermost-webapp/node_modules/enzyme/build/mount.js:21:10)
    at mountWithIntl (/home/mjl/Projects/riff/mattermost-webapp/tests/helpers/intl-test-helper.jsx:18:12)
    at Object.&lt;anonymous&gt; (/home/mjl/Projects/riff/mattermost-webapp/tests/components/failing_tests/delete_emoji_modal.test.jsx:13:25)
    at Object.asyncJestTest (/home/mjl/Projects/riff/mattermost-webapp/node_modules/jest-jasmine2/build/jasmine_async.js:108:37)
    at /home/mjl/Projects/riff/mattermost-webapp/node_modules/jest-jasmine2/build/queue_runner.js:56:12
    at new Promise (&lt;anonymous&gt;)
    at mapper (/home/mjl/Projects/riff/mattermost-webapp/node_modules/jest-jasmine2/build/queue_runner.js:43:19)
    at /home/mjl/Projects/riff/mattermost-webapp/node_modules/jest-jasmine2/build/queue_runner.js:87:41
    at processTicksAndRejections (internal/process/task_queues.js:93:5)</failure>
    </testcase>
    <testcase classname="components/emoji/components/DeleteEmoji modal message should match the of delete emoji modal message" name="components/emoji/components/DeleteEmoji modal message should match the of delete emoji modal message" time="0.002">
      <failure>TypeError: Cannot read property &apos;current&apos; of undefined
    at warnIfNotScopedWithMatchingAct (/home/mjl/Projects/riff/mattermost-webapp/node_modules/react-dom/cjs/react-dom.development.js:23264:59)
    at updateContainer (/home/mjl/Projects/riff/mattermost-webapp/node_modules/react-dom/cjs/react-dom.development.js:24431:7)
    at /home/mjl/Projects/riff/mattermost-webapp/node_modules/react-dom/cjs/react-dom.development.js:24963:7
    at unbatchedUpdates (/home/mjl/Projects/riff/mattermost-webapp/node_modules/react-dom/cjs/react-dom.development.js:21687:12)
    at legacyRenderSubtreeIntoContainer (/home/mjl/Projects/riff/mattermost-webapp/node_modules/react-dom/cjs/react-dom.development.js:24962:5)
    at Object.render (/home/mjl/Projects/riff/mattermost-webapp/node_modules/react-dom/cjs/react-dom.development.js:25042:12)
    at getFiber (/home/mjl/Projects/riff/mattermost-webapp/node_modules/enzyme-adapter-react-16/build/detectFiberTags.js:49:25)
    at detectFiberTags (/home/mjl/Projects/riff/mattermost-webapp/node_modules/enzyme-adapter-react-16/build/detectFiberTags.js:101:17)
    at ReactSixteenAdapter.createMountRenderer (/home/mjl/Projects/riff/mattermost-webapp/node_modules/enzyme-adapter-react-16/build/ReactSixteenAdapter.js:290:56)
    at ReactSixteenAdapter.createRenderer (/home/mjl/Projects/riff/mattermost-webapp/node_modules/enzyme-adapter-react-16/build/ReactSixteenAdapter.js:497:25)
    at new ReactWrapper (/home/mjl/Projects/riff/mattermost-webapp/node_modules/enzyme/build/ReactWrapper.js:113:30)
    at mount (/home/mjl/Projects/riff/mattermost-webapp/node_modules/enzyme/build/mount.js:21:10)
    at mountWithIntl (/home/mjl/Projects/riff/mattermost-webapp/tests/helpers/intl-test-helper.jsx:18:12)
    at Object.&lt;anonymous&gt; (/home/mjl/Projects/riff/mattermost-webapp/tests/components/failing_tests/delete_emoji_modal.test.jsx:17:25)
    at Object.asyncJestTest (/home/mjl/Projects/riff/mattermost-webapp/node_modules/jest-jasmine2/build/jasmine_async.js:108:37)
    at /home/mjl/Projects/riff/mattermost-webapp/node_modules/jest-jasmine2/build/queue_runner.js:56:12
    at new Promise (&lt;anonymous&gt;)
    at mapper (/home/mjl/Projects/riff/mattermost-webapp/node_modules/jest-jasmine2/build/queue_runner.js:43:19)
    at /home/mjl/Projects/riff/mattermost-webapp/node_modules/jest-jasmine2/build/queue_runner.js:87:41
    at processTicksAndRejections (internal/process/task_queues.js:93:5)</failure>
    </testcase>
    <testcase classname="components/emoji/components/DeleteEmoji modal confirmation button should match the of delete emoji modal confirmation button" name="components/emoji/components/DeleteEmoji modal confirmation button should match the of delete emoji modal confirmation button" time="0.001">
      <failure>TypeError: Cannot read property &apos;current&apos; of undefined
    at warnIfNotScopedWithMatchingAct (/home/mjl/Projects/riff/mattermost-webapp/node_modules/react-dom/cjs/react-dom.development.js:23264:59)
    at updateContainer (/home/mjl/Projects/riff/mattermost-webapp/node_modules/react-dom/cjs/react-dom.development.js:24431:7)
    at /home/mjl/Projects/riff/mattermost-webapp/node_modules/react-dom/cjs/react-dom.development.js:24963:7
    at unbatchedUpdates (/home/mjl/Projects/riff/mattermost-webapp/node_modules/react-dom/cjs/react-dom.development.js:21687:12)
    at legacyRenderSubtreeIntoContainer (/home/mjl/Projects/riff/mattermost-webapp/node_modules/react-dom/cjs/react-dom.development.js:24962:5)
    at Object.render (/home/mjl/Projects/riff/mattermost-webapp/node_modules/react-dom/cjs/react-dom.development.js:25042:12)
    at getFiber (/home/mjl/Projects/riff/mattermost-webapp/node_modules/enzyme-adapter-react-16/build/detectFiberTags.js:49:25)
    at detectFiberTags (/home/mjl/Projects/riff/mattermost-webapp/node_modules/enzyme-adapter-react-16/build/detectFiberTags.js:101:17)
    at ReactSixteenAdapter.createMountRenderer (/home/mjl/Projects/riff/mattermost-webapp/node_modules/enzyme-adapter-react-16/build/ReactSixteenAdapter.js:290:56)
    at ReactSixteenAdapter.createRenderer (/home/mjl/Projects/riff/mattermost-webapp/node_modules/enzyme-adapter-react-16/build/ReactSixteenAdapter.js:497:25)
    at new ReactWrapper (/home/mjl/Projects/riff/mattermost-webapp/node_modules/enzyme/build/ReactWrapper.js:113:30)
    at mount (/home/mjl/Projects/riff/mattermost-webapp/node_modules/enzyme/build/mount.js:21:10)
    at mountWithIntl (/home/mjl/Projects/riff/mattermost-webapp/tests/helpers/intl-test-helper.jsx:18:12)
    at Object.&lt;anonymous&gt; (/home/mjl/Projects/riff/mattermost-webapp/tests/components/failing_tests/delete_emoji_modal.test.jsx:21:25)
    at Object.asyncJestTest (/home/mjl/Projects/riff/mattermost-webapp/node_modules/jest-jasmine2/build/jasmine_async.js:108:37)
    at /home/mjl/Projects/riff/mattermost-webapp/node_modules/jest-jasmine2/build/queue_runner.js:56:12
    at new Promise (&lt;anonymous&gt;)
    at mapper (/home/mjl/Projects/riff/mattermost-webapp/node_modules/jest-jasmine2/build/queue_runner.js:43:19)
    at /home/mjl/Projects/riff/mattermost-webapp/node_modules/jest-jasmine2/build/queue_runner.js:87:41
    at processTicksAndRejections (internal/process/task_queues.js:93:5)</failure>
    </testcase>
  </testsuite>
  <testsuite name="components/user_settings/display/UserSettingsDisplay" errors="0" failures="11" skipped="0" timestamp="2019-10-31T15:01:13" time="1.559" tests="11">
    <testcase classname="components/user_settings/display/UserSettingsDisplay should have called handleSubmit" name="components/user_settings/display/UserSettingsDisplay should have called handleSubmit" time="0.015">
      <failure>TypeError: Cannot read property &apos;current&apos; of undefined
    at warnIfNotScopedWithMatchingAct (/home/mjl/Projects/riff/mattermost-webapp/node_modules/react-dom/cjs/react-dom.development.js:23264:59)
    at updateContainer (/home/mjl/Projects/riff/mattermost-webapp/node_modules/react-dom/cjs/react-dom.development.js:24431:7)
    at /home/mjl/Projects/riff/mattermost-webapp/node_modules/react-dom/cjs/react-dom.development.js:24963:7
    at unbatchedUpdates (/home/mjl/Projects/riff/mattermost-webapp/node_modules/react-dom/cjs/react-dom.development.js:21687:12)
    at legacyRenderSubtreeIntoContainer (/home/mjl/Projects/riff/mattermost-webapp/node_modules/react-dom/cjs/react-dom.development.js:24962:5)
    at Object.render (/home/mjl/Projects/riff/mattermost-webapp/node_modules/react-dom/cjs/react-dom.development.js:25042:12)
    at getFiber (/home/mjl/Projects/riff/mattermost-webapp/node_modules/enzyme-adapter-react-16/build/detectFiberTags.js:49:25)
    at detectFiberTags (/home/mjl/Projects/riff/mattermost-webapp/node_modules/enzyme-adapter-react-16/build/detectFiberTags.js:101:17)
    at ReactSixteenAdapter.createMountRenderer (/home/mjl/Projects/riff/mattermost-webapp/node_modules/enzyme-adapter-react-16/build/ReactSixteenAdapter.js:290:56)
    at ReactSixteenAdapter.createRenderer (/home/mjl/Projects/riff/mattermost-webapp/node_modules/enzyme-adapter-react-16/build/ReactSixteenAdapter.js:497:25)
    at new ReactWrapper (/home/mjl/Projects/riff/mattermost-webapp/node_modules/enzyme/build/ReactWrapper.js:113:30)
    at mount (/home/mjl/Projects/riff/mattermost-webapp/node_modules/enzyme/build/mount.js:21:10)
    at mountWithIntl (/home/mjl/Projects/riff/mattermost-webapp/tests/helpers/intl-test-helper.jsx:18:12)
    at Object.&lt;anonymous&gt; (/home/mjl/Projects/riff/mattermost-webapp/tests/components/user_settings/failing_tests/user_settings_display.test.jsx:57:25)
    at Object.asyncJestTest (/home/mjl/Projects/riff/mattermost-webapp/node_modules/jest-jasmine2/build/jasmine_async.js:108:37)
    at /home/mjl/Projects/riff/mattermost-webapp/node_modules/jest-jasmine2/build/queue_runner.js:56:12
    at new Promise (&lt;anonymous&gt;)
    at mapper (/home/mjl/Projects/riff/mattermost-webapp/node_modules/jest-jasmine2/build/queue_runner.js:43:19)
    at /home/mjl/Projects/riff/mattermost-webapp/node_modules/jest-jasmine2/build/queue_runner.js:87:41
    at processTicksAndRejections (internal/process/task_queues.js:93:5)</failure>
    </testcase>
    <testcase classname="components/user_settings/display/UserSettingsDisplay should have called updateSection" name="components/user_settings/display/UserSettingsDisplay should have called updateSection" time="0.002">
      <failure>TypeError: Cannot read property &apos;current&apos; of undefined
    at warnIfNotScopedWithMatchingAct (/home/mjl/Projects/riff/mattermost-webapp/node_modules/react-dom/cjs/react-dom.development.js:23264:59)
    at updateContainer (/home/mjl/Projects/riff/mattermost-webapp/node_modules/react-dom/cjs/react-dom.development.js:24431:7)
    at /home/mjl/Projects/riff/mattermost-webapp/node_modules/react-dom/cjs/react-dom.development.js:24963:7
    at unbatchedUpdates (/home/mjl/Projects/riff/mattermost-webapp/node_modules/react-dom/cjs/react-dom.development.js:21687:12)
    at legacyRenderSubtreeIntoContainer (/home/mjl/Projects/riff/mattermost-webapp/node_modules/react-dom/cjs/react-dom.development.js:24962:5)
    at Object.render (/home/mjl/Projects/riff/mattermost-webapp/node_modules/react-dom/cjs/react-dom.development.js:25042:12)
    at getFiber (/home/mjl/Projects/riff/mattermost-webapp/node_modules/enzyme-adapter-react-16/build/detectFiberTags.js:49:25)
    at detectFiberTags (/home/mjl/Projects/riff/mattermost-webapp/node_modules/enzyme-adapter-react-16/build/detectFiberTags.js:101:17)
    at ReactSixteenAdapter.createMountRenderer (/home/mjl/Projects/riff/mattermost-webapp/node_modules/enzyme-adapter-react-16/build/ReactSixteenAdapter.js:290:56)
    at ReactSixteenAdapter.createRenderer (/home/mjl/Projects/riff/mattermost-webapp/node_modules/enzyme-adapter-react-16/build/ReactSixteenAdapter.js:497:25)
    at new ReactWrapper (/home/mjl/Projects/riff/mattermost-webapp/node_modules/enzyme/build/ReactWrapper.js:113:30)
    at mount (/home/mjl/Projects/riff/mattermost-webapp/node_modules/enzyme/build/mount.js:21:10)
    at mountWithIntl (/home/mjl/Projects/riff/mattermost-webapp/tests/helpers/intl-test-helper.jsx:18:12)
    at Object.&lt;anonymous&gt; (/home/mjl/Projects/riff/mattermost-webapp/tests/components/user_settings/failing_tests/user_settings_display.test.jsx:70:25)
    at Object.asyncJestTest (/home/mjl/Projects/riff/mattermost-webapp/node_modules/jest-jasmine2/build/jasmine_async.js:108:37)
    at /home/mjl/Projects/riff/mattermost-webapp/node_modules/jest-jasmine2/build/queue_runner.js:56:12
    at new Promise (&lt;anonymous&gt;)
    at mapper (/home/mjl/Projects/riff/mattermost-webapp/node_modules/jest-jasmine2/build/queue_runner.js:43:19)
    at /home/mjl/Projects/riff/mattermost-webapp/node_modules/jest-jasmine2/build/queue_runner.js:87:41
    at processTicksAndRejections (internal/process/task_queues.js:93:5)</failure>
    </testcase>
    <testcase classname="components/user_settings/display/UserSettingsDisplay should have called closeModal" name="components/user_settings/display/UserSettingsDisplay should have called closeModal" time="0.001">
      <failure>TypeError: Cannot read property &apos;current&apos; of undefined
    at warnIfNotScopedWithMatchingAct (/home/mjl/Projects/riff/mattermost-webapp/node_modules/react-dom/cjs/react-dom.development.js:23264:59)
    at updateContainer (/home/mjl/Projects/riff/mattermost-webapp/node_modules/react-dom/cjs/react-dom.development.js:24431:7)
    at /home/mjl/Projects/riff/mattermost-webapp/node_modules/react-dom/cjs/react-dom.development.js:24963:7
    at unbatchedUpdates (/home/mjl/Projects/riff/mattermost-webapp/node_modules/react-dom/cjs/react-dom.development.js:21687:12)
    at legacyRenderSubtreeIntoContainer (/home/mjl/Projects/riff/mattermost-webapp/node_modules/react-dom/cjs/react-dom.development.js:24962:5)
    at Object.render (/home/mjl/Projects/riff/mattermost-webapp/node_modules/react-dom/cjs/react-dom.development.js:25042:12)
    at getFiber (/home/mjl/Projects/riff/mattermost-webapp/node_modules/enzyme-adapter-react-16/build/detectFiberTags.js:49:25)
    at detectFiberTags (/home/mjl/Projects/riff/mattermost-webapp/node_modules/enzyme-adapter-react-16/build/detectFiberTags.js:101:17)
    at ReactSixteenAdapter.createMountRenderer (/home/mjl/Projects/riff/mattermost-webapp/node_modules/enzyme-adapter-react-16/build/ReactSixteenAdapter.js:290:56)
    at ReactSixteenAdapter.createRenderer (/home/mjl/Projects/riff/mattermost-webapp/node_modules/enzyme-adapter-react-16/build/ReactSixteenAdapter.js:497:25)
    at new ReactWrapper (/home/mjl/Projects/riff/mattermost-webapp/node_modules/enzyme/build/ReactWrapper.js:113:30)
    at mount (/home/mjl/Projects/riff/mattermost-webapp/node_modules/enzyme/build/mount.js:21:10)
    at mountWithIntl (/home/mjl/Projects/riff/mattermost-webapp/tests/helpers/intl-test-helper.jsx:18:12)
    at Object.&lt;anonymous&gt; (/home/mjl/Projects/riff/mattermost-webapp/tests/components/user_settings/failing_tests/user_settings_display.test.jsx:82:25)
    at Object.asyncJestTest (/home/mjl/Projects/riff/mattermost-webapp/node_modules/jest-jasmine2/build/jasmine_async.js:108:37)
    at /home/mjl/Projects/riff/mattermost-webapp/node_modules/jest-jasmine2/build/queue_runner.js:56:12
    at new Promise (&lt;anonymous&gt;)
    at mapper (/home/mjl/Projects/riff/mattermost-webapp/node_modules/jest-jasmine2/build/queue_runner.js:43:19)
    at /home/mjl/Projects/riff/mattermost-webapp/node_modules/jest-jasmine2/build/queue_runner.js:87:41
    at processTicksAndRejections (internal/process/task_queues.js:93:5)</failure>
    </testcase>
    <testcase classname="components/user_settings/display/UserSettingsDisplay should have called collapseModal" name="components/user_settings/display/UserSettingsDisplay should have called collapseModal" time="0.002">
      <failure>TypeError: Cannot read property &apos;current&apos; of undefined
    at warnIfNotScopedWithMatchingAct (/home/mjl/Projects/riff/mattermost-webapp/node_modules/react-dom/cjs/react-dom.development.js:23264:59)
    at updateContainer (/home/mjl/Projects/riff/mattermost-webapp/node_modules/react-dom/cjs/react-dom.development.js:24431:7)
    at /home/mjl/Projects/riff/mattermost-webapp/node_modules/react-dom/cjs/react-dom.development.js:24963:7
    at unbatchedUpdates (/home/mjl/Projects/riff/mattermost-webapp/node_modules/react-dom/cjs/react-dom.development.js:21687:12)
    at legacyRenderSubtreeIntoContainer (/home/mjl/Projects/riff/mattermost-webapp/node_modules/react-dom/cjs/react-dom.development.js:24962:5)
    at Object.render (/home/mjl/Projects/riff/mattermost-webapp/node_modules/react-dom/cjs/react-dom.development.js:25042:12)
    at getFiber (/home/mjl/Projects/riff/mattermost-webapp/node_modules/enzyme-adapter-react-16/build/detectFiberTags.js:49:25)
    at detectFiberTags (/home/mjl/Projects/riff/mattermost-webapp/node_modules/enzyme-adapter-react-16/build/detectFiberTags.js:101:17)
    at ReactSixteenAdapter.createMountRenderer (/home/mjl/Projects/riff/mattermost-webapp/node_modules/enzyme-adapter-react-16/build/ReactSixteenAdapter.js:290:56)
    at ReactSixteenAdapter.createRenderer (/home/mjl/Projects/riff/mattermost-webapp/node_modules/enzyme-adapter-react-16/build/ReactSixteenAdapter.js:497:25)
    at new ReactWrapper (/home/mjl/Projects/riff/mattermost-webapp/node_modules/enzyme/build/ReactWrapper.js:113:30)
    at mount (/home/mjl/Projects/riff/mattermost-webapp/node_modules/enzyme/build/mount.js:21:10)
    at mountWithIntl (/home/mjl/Projects/riff/mattermost-webapp/tests/helpers/intl-test-helper.jsx:18:12)
    at Object.&lt;anonymous&gt; (/home/mjl/Projects/riff/mattermost-webapp/tests/components/user_settings/failing_tests/user_settings_display.test.jsx:91:25)
    at Object.asyncJestTest (/home/mjl/Projects/riff/mattermost-webapp/node_modules/jest-jasmine2/build/jasmine_async.js:108:37)
    at /home/mjl/Projects/riff/mattermost-webapp/node_modules/jest-jasmine2/build/queue_runner.js:56:12
    at new Promise (&lt;anonymous&gt;)
    at mapper (/home/mjl/Projects/riff/mattermost-webapp/node_modules/jest-jasmine2/build/queue_runner.js:43:19)
    at /home/mjl/Projects/riff/mattermost-webapp/node_modules/jest-jasmine2/build/queue_runner.js:87:41
    at processTicksAndRejections (internal/process/task_queues.js:93:5)</failure>
    </testcase>
    <testcase classname="components/user_settings/display/UserSettingsDisplay should update militaryTime state" name="components/user_settings/display/UserSettingsDisplay should update militaryTime state" time="0.001">
      <failure>TypeError: Cannot read property &apos;current&apos; of undefined
    at warnIfNotScopedWithMatchingAct (/home/mjl/Projects/riff/mattermost-webapp/node_modules/react-dom/cjs/react-dom.development.js:23264:59)
    at updateContainer (/home/mjl/Projects/riff/mattermost-webapp/node_modules/react-dom/cjs/react-dom.development.js:24431:7)
    at /home/mjl/Projects/riff/mattermost-webapp/node_modules/react-dom/cjs/react-dom.development.js:24963:7
    at unbatchedUpdates (/home/mjl/Projects/riff/mattermost-webapp/node_modules/react-dom/cjs/react-dom.development.js:21687:12)
    at legacyRenderSubtreeIntoContainer (/home/mjl/Projects/riff/mattermost-webapp/node_modules/react-dom/cjs/react-dom.development.js:24962:5)
    at Object.render (/home/mjl/Projects/riff/mattermost-webapp/node_modules/react-dom/cjs/react-dom.development.js:25042:12)
    at getFiber (/home/mjl/Projects/riff/mattermost-webapp/node_modules/enzyme-adapter-react-16/build/detectFiberTags.js:49:25)
    at detectFiberTags (/home/mjl/Projects/riff/mattermost-webapp/node_modules/enzyme-adapter-react-16/build/detectFiberTags.js:101:17)
    at ReactSixteenAdapter.createMountRenderer (/home/mjl/Projects/riff/mattermost-webapp/node_modules/enzyme-adapter-react-16/build/ReactSixteenAdapter.js:290:56)
    at ReactSixteenAdapter.createRenderer (/home/mjl/Projects/riff/mattermost-webapp/node_modules/enzyme-adapter-react-16/build/ReactSixteenAdapter.js:497:25)
    at new ReactWrapper (/home/mjl/Projects/riff/mattermost-webapp/node_modules/enzyme/build/ReactWrapper.js:113:30)
    at mount (/home/mjl/Projects/riff/mattermost-webapp/node_modules/enzyme/build/mount.js:21:10)
    at mountWithIntl (/home/mjl/Projects/riff/mattermost-webapp/tests/helpers/intl-test-helper.jsx:18:12)
    at Object.&lt;anonymous&gt; (/home/mjl/Projects/riff/mattermost-webapp/tests/components/user_settings/failing_tests/user_settings_display.test.jsx:98:25)
    at Object.asyncJestTest (/home/mjl/Projects/riff/mattermost-webapp/node_modules/jest-jasmine2/build/jasmine_async.js:108:37)
    at /home/mjl/Projects/riff/mattermost-webapp/node_modules/jest-jasmine2/build/queue_runner.js:56:12
    at new Promise (&lt;anonymous&gt;)
    at mapper (/home/mjl/Projects/riff/mattermost-webapp/node_modules/jest-jasmine2/build/queue_runner.js:43:19)
    at /home/mjl/Projects/riff/mattermost-webapp/node_modules/jest-jasmine2/build/queue_runner.js:87:41
    at processTicksAndRejections (internal/process/task_queues.js:93:5)</failure>
    </testcase>
    <testcase classname="components/user_settings/display/UserSettingsDisplay should update teammateNameDisplay state" name="components/user_settings/display/UserSettingsDisplay should update teammateNameDisplay state" time="0.001">
      <failure>TypeError: Cannot read property &apos;current&apos; of undefined
    at warnIfNotScopedWithMatchingAct (/home/mjl/Projects/riff/mattermost-webapp/node_modules/react-dom/cjs/react-dom.development.js:23264:59)
    at updateContainer (/home/mjl/Projects/riff/mattermost-webapp/node_modules/react-dom/cjs/react-dom.development.js:24431:7)
    at /home/mjl/Projects/riff/mattermost-webapp/node_modules/react-dom/cjs/react-dom.development.js:24963:7
    at unbatchedUpdates (/home/mjl/Projects/riff/mattermost-webapp/node_modules/react-dom/cjs/react-dom.development.js:21687:12)
    at legacyRenderSubtreeIntoContainer (/home/mjl/Projects/riff/mattermost-webapp/node_modules/react-dom/cjs/react-dom.development.js:24962:5)
    at Object.render (/home/mjl/Projects/riff/mattermost-webapp/node_modules/react-dom/cjs/react-dom.development.js:25042:12)
    at getFiber (/home/mjl/Projects/riff/mattermost-webapp/node_modules/enzyme-adapter-react-16/build/detectFiberTags.js:49:25)
    at detectFiberTags (/home/mjl/Projects/riff/mattermost-webapp/node_modules/enzyme-adapter-react-16/build/detectFiberTags.js:101:17)
    at ReactSixteenAdapter.createMountRenderer (/home/mjl/Projects/riff/mattermost-webapp/node_modules/enzyme-adapter-react-16/build/ReactSixteenAdapter.js:290:56)
    at ReactSixteenAdapter.createRenderer (/home/mjl/Projects/riff/mattermost-webapp/node_modules/enzyme-adapter-react-16/build/ReactSixteenAdapter.js:497:25)
    at new ReactWrapper (/home/mjl/Projects/riff/mattermost-webapp/node_modules/enzyme/build/ReactWrapper.js:113:30)
    at mount (/home/mjl/Projects/riff/mattermost-webapp/node_modules/enzyme/build/mount.js:21:10)
    at mountWithIntl (/home/mjl/Projects/riff/mattermost-webapp/tests/helpers/intl-test-helper.jsx:18:12)
    at Object.&lt;anonymous&gt; (/home/mjl/Projects/riff/mattermost-webapp/tests/components/user_settings/failing_tests/user_settings_display.test.jsx:108:25)
    at Object.asyncJestTest (/home/mjl/Projects/riff/mattermost-webapp/node_modules/jest-jasmine2/build/jasmine_async.js:108:37)
    at /home/mjl/Projects/riff/mattermost-webapp/node_modules/jest-jasmine2/build/queue_runner.js:56:12
    at new Promise (&lt;anonymous&gt;)
    at mapper (/home/mjl/Projects/riff/mattermost-webapp/node_modules/jest-jasmine2/build/queue_runner.js:43:19)
    at /home/mjl/Projects/riff/mattermost-webapp/node_modules/jest-jasmine2/build/queue_runner.js:87:41
    at processTicksAndRejections (internal/process/task_queues.js:93:5)</failure>
    </testcase>
    <testcase classname="components/user_settings/display/UserSettingsDisplay should update channelDisplayMode state" name="components/user_settings/display/UserSettingsDisplay should update channelDisplayMode state" time="0.001">
      <failure>TypeError: Cannot read property &apos;current&apos; of undefined
    at warnIfNotScopedWithMatchingAct (/home/mjl/Projects/riff/mattermost-webapp/node_modules/react-dom/cjs/react-dom.development.js:23264:59)
    at updateContainer (/home/mjl/Projects/riff/mattermost-webapp/node_modules/react-dom/cjs/react-dom.development.js:24431:7)
    at /home/mjl/Projects/riff/mattermost-webapp/node_modules/react-dom/cjs/react-dom.development.js:24963:7
    at unbatchedUpdates (/home/mjl/Projects/riff/mattermost-webapp/node_modules/react-dom/cjs/react-dom.development.js:21687:12)
    at legacyRenderSubtreeIntoContainer (/home/mjl/Projects/riff/mattermost-webapp/node_modules/react-dom/cjs/react-dom.development.js:24962:5)
    at Object.render (/home/mjl/Projects/riff/mattermost-webapp/node_modules/react-dom/cjs/react-dom.development.js:25042:12)
    at getFiber (/home/mjl/Projects/riff/mattermost-webapp/node_modules/enzyme-adapter-react-16/build/detectFiberTags.js:49:25)
    at detectFiberTags (/home/mjl/Projects/riff/mattermost-webapp/node_modules/enzyme-adapter-react-16/build/detectFiberTags.js:101:17)
    at ReactSixteenAdapter.createMountRenderer (/home/mjl/Projects/riff/mattermost-webapp/node_modules/enzyme-adapter-react-16/build/ReactSixteenAdapter.js:290:56)
    at ReactSixteenAdapter.createRenderer (/home/mjl/Projects/riff/mattermost-webapp/node_modules/enzyme-adapter-react-16/build/ReactSixteenAdapter.js:497:25)
    at new ReactWrapper (/home/mjl/Projects/riff/mattermost-webapp/node_modules/enzyme/build/ReactWrapper.js:113:30)
    at mount (/home/mjl/Projects/riff/mattermost-webapp/node_modules/enzyme/build/mount.js:21:10)
    at mountWithIntl (/home/mjl/Projects/riff/mattermost-webapp/tests/helpers/intl-test-helper.jsx:18:12)
    at Object.&lt;anonymous&gt; (/home/mjl/Projects/riff/mattermost-webapp/tests/components/user_settings/failing_tests/user_settings_display.test.jsx:121:25)
    at Object.asyncJestTest (/home/mjl/Projects/riff/mattermost-webapp/node_modules/jest-jasmine2/build/jasmine_async.js:108:37)
    at /home/mjl/Projects/riff/mattermost-webapp/node_modules/jest-jasmine2/build/queue_runner.js:56:12
    at new Promise (&lt;anonymous&gt;)
    at mapper (/home/mjl/Projects/riff/mattermost-webapp/node_modules/jest-jasmine2/build/queue_runner.js:43:19)
    at /home/mjl/Projects/riff/mattermost-webapp/node_modules/jest-jasmine2/build/queue_runner.js:87:41
    at processTicksAndRejections (internal/process/task_queues.js:93:5)</failure>
    </testcase>
    <testcase classname="components/user_settings/display/UserSettingsDisplay should update messageDisplay state" name="components/user_settings/display/UserSettingsDisplay should update messageDisplay state" time="0.001">
      <failure>TypeError: Cannot read property &apos;current&apos; of undefined
    at warnIfNotScopedWithMatchingAct (/home/mjl/Projects/riff/mattermost-webapp/node_modules/react-dom/cjs/react-dom.development.js:23264:59)
    at updateContainer (/home/mjl/Projects/riff/mattermost-webapp/node_modules/react-dom/cjs/react-dom.development.js:24431:7)
    at /home/mjl/Projects/riff/mattermost-webapp/node_modules/react-dom/cjs/react-dom.development.js:24963:7
    at unbatchedUpdates (/home/mjl/Projects/riff/mattermost-webapp/node_modules/react-dom/cjs/react-dom.development.js:21687:12)
    at legacyRenderSubtreeIntoContainer (/home/mjl/Projects/riff/mattermost-webapp/node_modules/react-dom/cjs/react-dom.development.js:24962:5)
    at Object.render (/home/mjl/Projects/riff/mattermost-webapp/node_modules/react-dom/cjs/react-dom.development.js:25042:12)
    at getFiber (/home/mjl/Projects/riff/mattermost-webapp/node_modules/enzyme-adapter-react-16/build/detectFiberTags.js:49:25)
    at detectFiberTags (/home/mjl/Projects/riff/mattermost-webapp/node_modules/enzyme-adapter-react-16/build/detectFiberTags.js:101:17)
    at ReactSixteenAdapter.createMountRenderer (/home/mjl/Projects/riff/mattermost-webapp/node_modules/enzyme-adapter-react-16/build/ReactSixteenAdapter.js:290:56)
    at ReactSixteenAdapter.createRenderer (/home/mjl/Projects/riff/mattermost-webapp/node_modules/enzyme-adapter-react-16/build/ReactSixteenAdapter.js:497:25)
    at new ReactWrapper (/home/mjl/Projects/riff/mattermost-webapp/node_modules/enzyme/build/ReactWrapper.js:113:30)
    at mount (/home/mjl/Projects/riff/mattermost-webapp/node_modules/enzyme/build/mount.js:21:10)
    at mountWithIntl (/home/mjl/Projects/riff/mattermost-webapp/tests/helpers/intl-test-helper.jsx:18:12)
    at Object.&lt;anonymous&gt; (/home/mjl/Projects/riff/mattermost-webapp/tests/components/user_settings/failing_tests/user_settings_display.test.jsx:131:25)
    at Object.asyncJestTest (/home/mjl/Projects/riff/mattermost-webapp/node_modules/jest-jasmine2/build/jasmine_async.js:108:37)
    at /home/mjl/Projects/riff/mattermost-webapp/node_modules/jest-jasmine2/build/queue_runner.js:56:12
    at new Promise (&lt;anonymous&gt;)
    at mapper (/home/mjl/Projects/riff/mattermost-webapp/node_modules/jest-jasmine2/build/queue_runner.js:43:19)
    at /home/mjl/Projects/riff/mattermost-webapp/node_modules/jest-jasmine2/build/queue_runner.js:87:41
    at processTicksAndRejections (internal/process/task_queues.js:93:5)</failure>
    </testcase>
    <testcase classname="components/user_settings/display/UserSettingsDisplay should update collapseDisplay state" name="components/user_settings/display/UserSettingsDisplay should update collapseDisplay state" time="0.002">
      <failure>TypeError: Cannot read property &apos;current&apos; of undefined
    at warnIfNotScopedWithMatchingAct (/home/mjl/Projects/riff/mattermost-webapp/node_modules/react-dom/cjs/react-dom.development.js:23264:59)
    at updateContainer (/home/mjl/Projects/riff/mattermost-webapp/node_modules/react-dom/cjs/react-dom.development.js:24431:7)
    at /home/mjl/Projects/riff/mattermost-webapp/node_modules/react-dom/cjs/react-dom.development.js:24963:7
    at unbatchedUpdates (/home/mjl/Projects/riff/mattermost-webapp/node_modules/react-dom/cjs/react-dom.development.js:21687:12)
    at legacyRenderSubtreeIntoContainer (/home/mjl/Projects/riff/mattermost-webapp/node_modules/react-dom/cjs/react-dom.development.js:24962:5)
    at Object.render (/home/mjl/Projects/riff/mattermost-webapp/node_modules/react-dom/cjs/react-dom.development.js:25042:12)
    at getFiber (/home/mjl/Projects/riff/mattermost-webapp/node_modules/enzyme-adapter-react-16/build/detectFiberTags.js:49:25)
    at detectFiberTags (/home/mjl/Projects/riff/mattermost-webapp/node_modules/enzyme-adapter-react-16/build/detectFiberTags.js:101:17)
    at ReactSixteenAdapter.createMountRenderer (/home/mjl/Projects/riff/mattermost-webapp/node_modules/enzyme-adapter-react-16/build/ReactSixteenAdapter.js:290:56)
    at ReactSixteenAdapter.createRenderer (/home/mjl/Projects/riff/mattermost-webapp/node_modules/enzyme-adapter-react-16/build/ReactSixteenAdapter.js:497:25)
    at new ReactWrapper (/home/mjl/Projects/riff/mattermost-webapp/node_modules/enzyme/build/ReactWrapper.js:113:30)
    at mount (/home/mjl/Projects/riff/mattermost-webapp/node_modules/enzyme/build/mount.js:21:10)
    at mountWithIntl (/home/mjl/Projects/riff/mattermost-webapp/tests/helpers/intl-test-helper.jsx:18:12)
    at Object.&lt;anonymous&gt; (/home/mjl/Projects/riff/mattermost-webapp/tests/components/user_settings/failing_tests/user_settings_display.test.jsx:141:25)
    at Object.asyncJestTest (/home/mjl/Projects/riff/mattermost-webapp/node_modules/jest-jasmine2/build/jasmine_async.js:108:37)
    at /home/mjl/Projects/riff/mattermost-webapp/node_modules/jest-jasmine2/build/queue_runner.js:56:12
    at new Promise (&lt;anonymous&gt;)
    at mapper (/home/mjl/Projects/riff/mattermost-webapp/node_modules/jest-jasmine2/build/queue_runner.js:43:19)
    at /home/mjl/Projects/riff/mattermost-webapp/node_modules/jest-jasmine2/build/queue_runner.js:87:41
    at processTicksAndRejections (internal/process/task_queues.js:93:5)</failure>
    </testcase>
    <testcase classname="components/user_settings/display/UserSettingsDisplay should update linkPreviewDisplay state" name="components/user_settings/display/UserSettingsDisplay should update linkPreviewDisplay state" time="0.001">
      <failure>TypeError: Cannot read property &apos;current&apos; of undefined
    at warnIfNotScopedWithMatchingAct (/home/mjl/Projects/riff/mattermost-webapp/node_modules/react-dom/cjs/react-dom.development.js:23264:59)
    at updateContainer (/home/mjl/Projects/riff/mattermost-webapp/node_modules/react-dom/cjs/react-dom.development.js:24431:7)
    at /home/mjl/Projects/riff/mattermost-webapp/node_modules/react-dom/cjs/react-dom.development.js:24963:7
    at unbatchedUpdates (/home/mjl/Projects/riff/mattermost-webapp/node_modules/react-dom/cjs/react-dom.development.js:21687:12)
    at legacyRenderSubtreeIntoContainer (/home/mjl/Projects/riff/mattermost-webapp/node_modules/react-dom/cjs/react-dom.development.js:24962:5)
    at Object.render (/home/mjl/Projects/riff/mattermost-webapp/node_modules/react-dom/cjs/react-dom.development.js:25042:12)
    at getFiber (/home/mjl/Projects/riff/mattermost-webapp/node_modules/enzyme-adapter-react-16/build/detectFiberTags.js:49:25)
    at detectFiberTags (/home/mjl/Projects/riff/mattermost-webapp/node_modules/enzyme-adapter-react-16/build/detectFiberTags.js:101:17)
    at ReactSixteenAdapter.createMountRenderer (/home/mjl/Projects/riff/mattermost-webapp/node_modules/enzyme-adapter-react-16/build/ReactSixteenAdapter.js:290:56)
    at ReactSixteenAdapter.createRenderer (/home/mjl/Projects/riff/mattermost-webapp/node_modules/enzyme-adapter-react-16/build/ReactSixteenAdapter.js:497:25)
    at new ReactWrapper (/home/mjl/Projects/riff/mattermost-webapp/node_modules/enzyme/build/ReactWrapper.js:113:30)
    at mount (/home/mjl/Projects/riff/mattermost-webapp/node_modules/enzyme/build/mount.js:21:10)
    at mountWithIntl (/home/mjl/Projects/riff/mattermost-webapp/tests/helpers/intl-test-helper.jsx:18:12)
    at Object.&lt;anonymous&gt; (/home/mjl/Projects/riff/mattermost-webapp/tests/components/user_settings/failing_tests/user_settings_display.test.jsx:151:25)
    at Object.asyncJestTest (/home/mjl/Projects/riff/mattermost-webapp/node_modules/jest-jasmine2/build/jasmine_async.js:108:37)
    at /home/mjl/Projects/riff/mattermost-webapp/node_modules/jest-jasmine2/build/queue_runner.js:56:12
    at new Promise (&lt;anonymous&gt;)
    at mapper (/home/mjl/Projects/riff/mattermost-webapp/node_modules/jest-jasmine2/build/queue_runner.js:43:19)
    at /home/mjl/Projects/riff/mattermost-webapp/node_modules/jest-jasmine2/build/queue_runner.js:87:41
    at processTicksAndRejections (internal/process/task_queues.js:93:5)</failure>
    </testcase>
    <testcase classname="components/user_settings/display/UserSettingsDisplay should update display state" name="components/user_settings/display/UserSettingsDisplay should update display state" time="0.001">
      <failure>TypeError: Cannot read property &apos;current&apos; of undefined
    at warnIfNotScopedWithMatchingAct (/home/mjl/Projects/riff/mattermost-webapp/node_modules/react-dom/cjs/react-dom.development.js:23264:59)
    at updateContainer (/home/mjl/Projects/riff/mattermost-webapp/node_modules/react-dom/cjs/react-dom.development.js:24431:7)
    at /home/mjl/Projects/riff/mattermost-webapp/node_modules/react-dom/cjs/react-dom.development.js:24963:7
    at unbatchedUpdates (/home/mjl/Projects/riff/mattermost-webapp/node_modules/react-dom/cjs/react-dom.development.js:21687:12)
    at legacyRenderSubtreeIntoContainer (/home/mjl/Projects/riff/mattermost-webapp/node_modules/react-dom/cjs/react-dom.development.js:24962:5)
    at Object.render (/home/mjl/Projects/riff/mattermost-webapp/node_modules/react-dom/cjs/react-dom.development.js:25042:12)
    at getFiber (/home/mjl/Projects/riff/mattermost-webapp/node_modules/enzyme-adapter-react-16/build/detectFiberTags.js:49:25)
    at detectFiberTags (/home/mjl/Projects/riff/mattermost-webapp/node_modules/enzyme-adapter-react-16/build/detectFiberTags.js:101:17)
    at ReactSixteenAdapter.createMountRenderer (/home/mjl/Projects/riff/mattermost-webapp/node_modules/enzyme-adapter-react-16/build/ReactSixteenAdapter.js:290:56)
    at ReactSixteenAdapter.createRenderer (/home/mjl/Projects/riff/mattermost-webapp/node_modules/enzyme-adapter-react-16/build/ReactSixteenAdapter.js:497:25)
    at new ReactWrapper (/home/mjl/Projects/riff/mattermost-webapp/node_modules/enzyme/build/ReactWrapper.js:113:30)
    at mount (/home/mjl/Projects/riff/mattermost-webapp/node_modules/enzyme/build/mount.js:21:10)
    at mountWithIntl (/home/mjl/Projects/riff/mattermost-webapp/tests/helpers/intl-test-helper.jsx:18:12)
    at Object.&lt;anonymous&gt; (/home/mjl/Projects/riff/mattermost-webapp/tests/components/user_settings/failing_tests/user_settings_display.test.jsx:161:25)
    at Object.asyncJestTest (/home/mjl/Projects/riff/mattermost-webapp/node_modules/jest-jasmine2/build/jasmine_async.js:108:37)
    at /home/mjl/Projects/riff/mattermost-webapp/node_modules/jest-jasmine2/build/queue_runner.js:56:12
    at new Promise (&lt;anonymous&gt;)
    at mapper (/home/mjl/Projects/riff/mattermost-webapp/node_modules/jest-jasmine2/build/queue_runner.js:43:19)
    at /home/mjl/Projects/riff/mattermost-webapp/node_modules/jest-jasmine2/build/queue_runner.js:87:41
    at processTicksAndRejections (internal/process/task_queues.js:93:5)</failure>
    </testcase>
  </testsuite>
  <testsuite name="components/GetLinkModal" errors="0" failures="1" skipped="0" timestamp="2019-10-31T15:01:14" time="0.676" tests="1">
    <testcase classname="components/GetLinkModal should have handle copyLink" name="components/GetLinkModal should have handle copyLink" time="0.011">
      <failure>TypeError: Cannot read property &apos;current&apos; of undefined
    at warnIfNotScopedWithMatchingAct (/home/mjl/Projects/riff/mattermost-webapp/node_modules/react-dom/cjs/react-dom.development.js:23264:59)
    at updateContainer (/home/mjl/Projects/riff/mattermost-webapp/node_modules/react-dom/cjs/react-dom.development.js:24431:7)
    at /home/mjl/Projects/riff/mattermost-webapp/node_modules/react-dom/cjs/react-dom.development.js:24963:7
    at unbatchedUpdates (/home/mjl/Projects/riff/mattermost-webapp/node_modules/react-dom/cjs/react-dom.development.js:21687:12)
    at legacyRenderSubtreeIntoContainer (/home/mjl/Projects/riff/mattermost-webapp/node_modules/react-dom/cjs/react-dom.development.js:24962:5)
    at Object.render (/home/mjl/Projects/riff/mattermost-webapp/node_modules/react-dom/cjs/react-dom.development.js:25042:12)
    at getFiber (/home/mjl/Projects/riff/mattermost-webapp/node_modules/enzyme-adapter-react-16/build/detectFiberTags.js:49:25)
    at detectFiberTags (/home/mjl/Projects/riff/mattermost-webapp/node_modules/enzyme-adapter-react-16/build/detectFiberTags.js:101:17)
    at ReactSixteenAdapter.createMountRenderer (/home/mjl/Projects/riff/mattermost-webapp/node_modules/enzyme-adapter-react-16/build/ReactSixteenAdapter.js:290:56)
    at ReactSixteenAdapter.createRenderer (/home/mjl/Projects/riff/mattermost-webapp/node_modules/enzyme-adapter-react-16/build/ReactSixteenAdapter.js:497:25)
    at new ReactWrapper (/home/mjl/Projects/riff/mattermost-webapp/node_modules/enzyme/build/ReactWrapper.js:113:30)
    at mount (/home/mjl/Projects/riff/mattermost-webapp/node_modules/enzyme/build/mount.js:21:10)
    at mountWithIntl (/home/mjl/Projects/riff/mattermost-webapp/tests/helpers/intl-test-helper.jsx:18:12)
    at Object.&lt;anonymous&gt; (/home/mjl/Projects/riff/mattermost-webapp/tests/components/failing_tests/get_link_modal.test.jsx:19:25)
    at Object.asyncJestTest (/home/mjl/Projects/riff/mattermost-webapp/node_modules/jest-jasmine2/build/jasmine_async.js:108:37)
    at /home/mjl/Projects/riff/mattermost-webapp/node_modules/jest-jasmine2/build/queue_runner.js:56:12
    at new Promise (&lt;anonymous&gt;)
    at mapper (/home/mjl/Projects/riff/mattermost-webapp/node_modules/jest-jasmine2/build/queue_runner.js:43:19)
    at /home/mjl/Projects/riff/mattermost-webapp/node_modules/jest-jasmine2/build/queue_runner.js:87:41
    at processTicksAndRejections (internal/process/task_queues.js:93:5)</failure>
    </testcase>
  </testsuite>
  <testsuite name="components/ChannelInfoModal" errors="0" failures="1" skipped="0" timestamp="2019-10-31T15:01:14" time="0.529" tests="1">
    <testcase classname="components/ChannelInfoModal should call onHide callback when modal is hidden" name="components/ChannelInfoModal should call onHide callback when modal is hidden" time="0.012">
      <failure>TypeError: Cannot read property &apos;current&apos; of undefined
    at warnIfNotScopedWithMatchingAct (/home/mjl/Projects/riff/mattermost-webapp/node_modules/react-dom/cjs/react-dom.development.js:23264:59)
    at updateContainer (/home/mjl/Projects/riff/mattermost-webapp/node_modules/react-dom/cjs/react-dom.development.js:24431:7)
    at /home/mjl/Projects/riff/mattermost-webapp/node_modules/react-dom/cjs/react-dom.development.js:24963:7
    at unbatchedUpdates (/home/mjl/Projects/riff/mattermost-webapp/node_modules/react-dom/cjs/react-dom.development.js:21687:12)
    at legacyRenderSubtreeIntoContainer (/home/mjl/Projects/riff/mattermost-webapp/node_modules/react-dom/cjs/react-dom.development.js:24962:5)
    at Object.render (/home/mjl/Projects/riff/mattermost-webapp/node_modules/react-dom/cjs/react-dom.development.js:25042:12)
    at getFiber (/home/mjl/Projects/riff/mattermost-webapp/node_modules/enzyme-adapter-react-16/build/detectFiberTags.js:49:25)
    at detectFiberTags (/home/mjl/Projects/riff/mattermost-webapp/node_modules/enzyme-adapter-react-16/build/detectFiberTags.js:101:17)
    at ReactSixteenAdapter.createMountRenderer (/home/mjl/Projects/riff/mattermost-webapp/node_modules/enzyme-adapter-react-16/build/ReactSixteenAdapter.js:290:56)
    at ReactSixteenAdapter.createRenderer (/home/mjl/Projects/riff/mattermost-webapp/node_modules/enzyme-adapter-react-16/build/ReactSixteenAdapter.js:497:25)
    at new ReactWrapper (/home/mjl/Projects/riff/mattermost-webapp/node_modules/enzyme/build/ReactWrapper.js:113:30)
    at mount (/home/mjl/Projects/riff/mattermost-webapp/node_modules/enzyme/build/mount.js:21:10)
    at mountWithIntl (/home/mjl/Projects/riff/mattermost-webapp/tests/helpers/intl-test-helper.jsx:18:12)
    at Object.&lt;anonymous&gt; (/home/mjl/Projects/riff/mattermost-webapp/tests/components/failing_tests/channel_info_modal.test.jsx:17:25)
    at /home/mjl/Projects/riff/mattermost-webapp/node_modules/jest-jasmine2/build/queue_runner.js:56:12
    at new Promise (&lt;anonymous&gt;)
    at mapper (/home/mjl/Projects/riff/mattermost-webapp/node_modules/jest-jasmine2/build/queue_runner.js:43:19)
    at /home/mjl/Projects/riff/mattermost-webapp/node_modules/jest-jasmine2/build/queue_runner.js:87:41
    at processTicksAndRejections (internal/process/task_queues.js:93:5)</failure>
    </testcase>
  </testsuite>
  <testsuite name="components/ToggleModalButtonRedux" errors="0" failures="1" skipped="0" timestamp="2019-10-31T15:01:15" time="0.244" tests="1">
    <testcase classname="components/ToggleModalButtonRedux component should match snapshot" name="components/ToggleModalButtonRedux component should match snapshot" time="0.011">
      <failure>TypeError: Cannot read property &apos;current&apos; of undefined
    at warnIfNotScopedWithMatchingAct (/home/mjl/Projects/riff/mattermost-webapp/node_modules/react-dom/cjs/react-dom.development.js:23264:59)
    at updateContainer (/home/mjl/Projects/riff/mattermost-webapp/node_modules/react-dom/cjs/react-dom.development.js:24431:7)
    at /home/mjl/Projects/riff/mattermost-webapp/node_modules/react-dom/cjs/react-dom.development.js:24963:7
    at unbatchedUpdates (/home/mjl/Projects/riff/mattermost-webapp/node_modules/react-dom/cjs/react-dom.development.js:21687:12)
    at legacyRenderSubtreeIntoContainer (/home/mjl/Projects/riff/mattermost-webapp/node_modules/react-dom/cjs/react-dom.development.js:24962:5)
    at Object.render (/home/mjl/Projects/riff/mattermost-webapp/node_modules/react-dom/cjs/react-dom.development.js:25042:12)
    at getFiber (/home/mjl/Projects/riff/mattermost-webapp/node_modules/enzyme-adapter-react-16/build/detectFiberTags.js:49:25)
    at detectFiberTags (/home/mjl/Projects/riff/mattermost-webapp/node_modules/enzyme-adapter-react-16/build/detectFiberTags.js:101:17)
    at ReactSixteenAdapter.createMountRenderer (/home/mjl/Projects/riff/mattermost-webapp/node_modules/enzyme-adapter-react-16/build/ReactSixteenAdapter.js:290:56)
    at ReactSixteenAdapter.createRenderer (/home/mjl/Projects/riff/mattermost-webapp/node_modules/enzyme-adapter-react-16/build/ReactSixteenAdapter.js:497:25)
    at new ReactWrapper (/home/mjl/Projects/riff/mattermost-webapp/node_modules/enzyme/build/ReactWrapper.js:113:30)
    at mount (/home/mjl/Projects/riff/mattermost-webapp/node_modules/enzyme/build/mount.js:21:10)
    at mountWithIntl (/home/mjl/Projects/riff/mattermost-webapp/tests/helpers/intl-test-helper.jsx:18:12)
    at Object.&lt;anonymous&gt; (/home/mjl/Projects/riff/mattermost-webapp/tests/components/failing_tests/toggle_modal_button_redux.test.jsx:27:25)
    at Object.asyncJestTest (/home/mjl/Projects/riff/mattermost-webapp/node_modules/jest-jasmine2/build/jasmine_async.js:108:37)
    at /home/mjl/Projects/riff/mattermost-webapp/node_modules/jest-jasmine2/build/queue_runner.js:56:12
    at new Promise (&lt;anonymous&gt;)
    at mapper (/home/mjl/Projects/riff/mattermost-webapp/node_modules/jest-jasmine2/build/queue_runner.js:43:19)
    at /home/mjl/Projects/riff/mattermost-webapp/node_modules/jest-jasmine2/build/queue_runner.js:87:41
    at processTicksAndRejections (internal/process/task_queues.js:93:5)</failure>
    </testcase>
  </testsuite>
  <testsuite name="/components/create_team/components/display_name" errors="0" failures="3" skipped="0" timestamp="2019-10-31T15:01:14" time="0.573" tests="4">
    <testcase classname="/components/create_team/components/display_name should match snapshot" name="/components/create_team/components/display_name should match snapshot" time="0.006">
    </testcase>
    <testcase classname="/components/create_team/components/display_name should run updateParent function" name="/components/create_team/components/display_name should run updateParent function" time="0.013">
      <failure>TypeError: Cannot read property &apos;current&apos; of undefined
    at warnIfNotScopedWithMatchingAct (/home/mjl/Projects/riff/mattermost-webapp/node_modules/react-dom/cjs/react-dom.development.js:23264:59)
    at updateContainer (/home/mjl/Projects/riff/mattermost-webapp/node_modules/react-dom/cjs/react-dom.development.js:24431:7)
    at /home/mjl/Projects/riff/mattermost-webapp/node_modules/react-dom/cjs/react-dom.development.js:24963:7
    at unbatchedUpdates (/home/mjl/Projects/riff/mattermost-webapp/node_modules/react-dom/cjs/react-dom.development.js:21687:12)
    at legacyRenderSubtreeIntoContainer (/home/mjl/Projects/riff/mattermost-webapp/node_modules/react-dom/cjs/react-dom.development.js:24962:5)
    at Object.render (/home/mjl/Projects/riff/mattermost-webapp/node_modules/react-dom/cjs/react-dom.development.js:25042:12)
    at getFiber (/home/mjl/Projects/riff/mattermost-webapp/node_modules/enzyme-adapter-react-16/build/detectFiberTags.js:49:25)
    at detectFiberTags (/home/mjl/Projects/riff/mattermost-webapp/node_modules/enzyme-adapter-react-16/build/detectFiberTags.js:101:17)
    at ReactSixteenAdapter.createMountRenderer (/home/mjl/Projects/riff/mattermost-webapp/node_modules/enzyme-adapter-react-16/build/ReactSixteenAdapter.js:290:56)
    at ReactSixteenAdapter.createRenderer (/home/mjl/Projects/riff/mattermost-webapp/node_modules/enzyme-adapter-react-16/build/ReactSixteenAdapter.js:497:25)
    at new ReactWrapper (/home/mjl/Projects/riff/mattermost-webapp/node_modules/enzyme/build/ReactWrapper.js:113:30)
    at mount (/home/mjl/Projects/riff/mattermost-webapp/node_modules/enzyme/build/mount.js:21:10)
    at mountWithIntl (/home/mjl/Projects/riff/mattermost-webapp/tests/helpers/intl-test-helper.jsx:18:12)
    at Object.&lt;anonymous&gt; (/home/mjl/Projects/riff/mattermost-webapp/tests/components/create_team/failing_tests/display_name.test.jsx:31:25)
    at Object.asyncJestTest (/home/mjl/Projects/riff/mattermost-webapp/node_modules/jest-jasmine2/build/jasmine_async.js:108:37)
    at /home/mjl/Projects/riff/mattermost-webapp/node_modules/jest-jasmine2/build/queue_runner.js:56:12
    at new Promise (&lt;anonymous&gt;)
    at mapper (/home/mjl/Projects/riff/mattermost-webapp/node_modules/jest-jasmine2/build/queue_runner.js:43:19)
    at /home/mjl/Projects/riff/mattermost-webapp/node_modules/jest-jasmine2/build/queue_runner.js:87:41
    at processTicksAndRejections (internal/process/task_queues.js:93:5)</failure>
    </testcase>
    <testcase classname="/components/create_team/components/display_name should display isRequired error" name="/components/create_team/components/display_name should display isRequired error" time="0.001">
      <failure>TypeError: Cannot read property &apos;current&apos; of undefined
    at warnIfNotScopedWithMatchingAct (/home/mjl/Projects/riff/mattermost-webapp/node_modules/react-dom/cjs/react-dom.development.js:23264:59)
    at updateContainer (/home/mjl/Projects/riff/mattermost-webapp/node_modules/react-dom/cjs/react-dom.development.js:24431:7)
    at /home/mjl/Projects/riff/mattermost-webapp/node_modules/react-dom/cjs/react-dom.development.js:24963:7
    at unbatchedUpdates (/home/mjl/Projects/riff/mattermost-webapp/node_modules/react-dom/cjs/react-dom.development.js:21687:12)
    at legacyRenderSubtreeIntoContainer (/home/mjl/Projects/riff/mattermost-webapp/node_modules/react-dom/cjs/react-dom.development.js:24962:5)
    at Object.render (/home/mjl/Projects/riff/mattermost-webapp/node_modules/react-dom/cjs/react-dom.development.js:25042:12)
    at getFiber (/home/mjl/Projects/riff/mattermost-webapp/node_modules/enzyme-adapter-react-16/build/detectFiberTags.js:49:25)
    at detectFiberTags (/home/mjl/Projects/riff/mattermost-webapp/node_modules/enzyme-adapter-react-16/build/detectFiberTags.js:101:17)
    at ReactSixteenAdapter.createMountRenderer (/home/mjl/Projects/riff/mattermost-webapp/node_modules/enzyme-adapter-react-16/build/ReactSixteenAdapter.js:290:56)
    at ReactSixteenAdapter.createRenderer (/home/mjl/Projects/riff/mattermost-webapp/node_modules/enzyme-adapter-react-16/build/ReactSixteenAdapter.js:497:25)
    at new ReactWrapper (/home/mjl/Projects/riff/mattermost-webapp/node_modules/enzyme/build/ReactWrapper.js:113:30)
    at mount (/home/mjl/Projects/riff/mattermost-webapp/node_modules/enzyme/build/mount.js:21:10)
    at mountWithIntl (/home/mjl/Projects/riff/mattermost-webapp/tests/helpers/intl-test-helper.jsx:18:12)
    at Object.&lt;anonymous&gt; (/home/mjl/Projects/riff/mattermost-webapp/tests/components/create_team/failing_tests/display_name.test.jsx:41:25)
    at Object.asyncJestTest (/home/mjl/Projects/riff/mattermost-webapp/node_modules/jest-jasmine2/build/jasmine_async.js:108:37)
    at /home/mjl/Projects/riff/mattermost-webapp/node_modules/jest-jasmine2/build/queue_runner.js:56:12
    at new Promise (&lt;anonymous&gt;)
    at mapper (/home/mjl/Projects/riff/mattermost-webapp/node_modules/jest-jasmine2/build/queue_runner.js:43:19)
    at /home/mjl/Projects/riff/mattermost-webapp/node_modules/jest-jasmine2/build/queue_runner.js:87:41
    at processTicksAndRejections (internal/process/task_queues.js:93:5)</failure>
    </testcase>
    <testcase classname="/components/create_team/components/display_name should display charLength error" name="/components/create_team/components/display_name should display charLength error" time="0.002">
      <failure>TypeError: Cannot read property &apos;current&apos; of undefined
    at warnIfNotScopedWithMatchingAct (/home/mjl/Projects/riff/mattermost-webapp/node_modules/react-dom/cjs/react-dom.development.js:23264:59)
    at updateContainer (/home/mjl/Projects/riff/mattermost-webapp/node_modules/react-dom/cjs/react-dom.development.js:24431:7)
    at /home/mjl/Projects/riff/mattermost-webapp/node_modules/react-dom/cjs/react-dom.development.js:24963:7
    at unbatchedUpdates (/home/mjl/Projects/riff/mattermost-webapp/node_modules/react-dom/cjs/react-dom.development.js:21687:12)
    at legacyRenderSubtreeIntoContainer (/home/mjl/Projects/riff/mattermost-webapp/node_modules/react-dom/cjs/react-dom.development.js:24962:5)
    at Object.render (/home/mjl/Projects/riff/mattermost-webapp/node_modules/react-dom/cjs/react-dom.development.js:25042:12)
    at getFiber (/home/mjl/Projects/riff/mattermost-webapp/node_modules/enzyme-adapter-react-16/build/detectFiberTags.js:49:25)
    at detectFiberTags (/home/mjl/Projects/riff/mattermost-webapp/node_modules/enzyme-adapter-react-16/build/detectFiberTags.js:101:17)
    at ReactSixteenAdapter.createMountRenderer (/home/mjl/Projects/riff/mattermost-webapp/node_modules/enzyme-adapter-react-16/build/ReactSixteenAdapter.js:290:56)
    at ReactSixteenAdapter.createRenderer (/home/mjl/Projects/riff/mattermost-webapp/node_modules/enzyme-adapter-react-16/build/ReactSixteenAdapter.js:497:25)
    at new ReactWrapper (/home/mjl/Projects/riff/mattermost-webapp/node_modules/enzyme/build/ReactWrapper.js:113:30)
    at mount (/home/mjl/Projects/riff/mattermost-webapp/node_modules/enzyme/build/mount.js:21:10)
    at mountWithIntl (/home/mjl/Projects/riff/mattermost-webapp/tests/helpers/intl-test-helper.jsx:18:12)
    at Object.&lt;anonymous&gt; (/home/mjl/Projects/riff/mattermost-webapp/tests/components/create_team/failing_tests/display_name.test.jsx:56:25)
    at Object.asyncJestTest (/home/mjl/Projects/riff/mattermost-webapp/node_modules/jest-jasmine2/build/jasmine_async.js:108:37)
    at /home/mjl/Projects/riff/mattermost-webapp/node_modules/jest-jasmine2/build/queue_runner.js:56:12
    at new Promise (&lt;anonymous&gt;)
    at mapper (/home/mjl/Projects/riff/mattermost-webapp/node_modules/jest-jasmine2/build/queue_runner.js:43:19)
    at /home/mjl/Projects/riff/mattermost-webapp/node_modules/jest-jasmine2/build/queue_runner.js:87:41
    at processTicksAndRejections (internal/process/task_queues.js:93:5)</failure>
    </testcase>
  </testsuite>
  <testsuite name="components/user_settings/sidebar/UserSettingsSidebar" errors="0" failures="1" skipped="0" timestamp="2019-10-31T15:01:14" time="0.506" tests="1">
    <testcase classname="components/user_settings/sidebar/UserSettingsSidebar should pass handleChange" name="components/user_settings/sidebar/UserSettingsSidebar should pass handleChange" time="0.012">
      <failure>TypeError: Cannot read property &apos;current&apos; of undefined
    at warnIfNotScopedWithMatchingAct (/home/mjl/Projects/riff/mattermost-webapp/node_modules/react-dom/cjs/react-dom.development.js:23264:59)
    at updateContainer (/home/mjl/Projects/riff/mattermost-webapp/node_modules/react-dom/cjs/react-dom.development.js:24431:7)
    at /home/mjl/Projects/riff/mattermost-webapp/node_modules/react-dom/cjs/react-dom.development.js:24963:7
    at unbatchedUpdates (/home/mjl/Projects/riff/mattermost-webapp/node_modules/react-dom/cjs/react-dom.development.js:21687:12)
    at legacyRenderSubtreeIntoContainer (/home/mjl/Projects/riff/mattermost-webapp/node_modules/react-dom/cjs/react-dom.development.js:24962:5)
    at Object.render (/home/mjl/Projects/riff/mattermost-webapp/node_modules/react-dom/cjs/react-dom.development.js:25042:12)
    at getFiber (/home/mjl/Projects/riff/mattermost-webapp/node_modules/enzyme-adapter-react-16/build/detectFiberTags.js:49:25)
    at detectFiberTags (/home/mjl/Projects/riff/mattermost-webapp/node_modules/enzyme-adapter-react-16/build/detectFiberTags.js:101:17)
    at ReactSixteenAdapter.createMountRenderer (/home/mjl/Projects/riff/mattermost-webapp/node_modules/enzyme-adapter-react-16/build/ReactSixteenAdapter.js:290:56)
    at ReactSixteenAdapter.createRenderer (/home/mjl/Projects/riff/mattermost-webapp/node_modules/enzyme-adapter-react-16/build/ReactSixteenAdapter.js:497:25)
    at new ReactWrapper (/home/mjl/Projects/riff/mattermost-webapp/node_modules/enzyme/build/ReactWrapper.js:113:30)
    at mount (/home/mjl/Projects/riff/mattermost-webapp/node_modules/enzyme/build/mount.js:21:10)
    at mountWithIntl (/home/mjl/Projects/riff/mattermost-webapp/tests/helpers/intl-test-helper.jsx:18:12)
    at Object.&lt;anonymous&gt; (/home/mjl/Projects/riff/mattermost-webapp/tests/components/user_settings/failing_tests/user_settings_sidebar.test.jsx:30:25)
    at Object.asyncJestTest (/home/mjl/Projects/riff/mattermost-webapp/node_modules/jest-jasmine2/build/jasmine_async.js:108:37)
    at /home/mjl/Projects/riff/mattermost-webapp/node_modules/jest-jasmine2/build/queue_runner.js:56:12
    at new Promise (&lt;anonymous&gt;)
    at mapper (/home/mjl/Projects/riff/mattermost-webapp/node_modules/jest-jasmine2/build/queue_runner.js:43:19)
    at /home/mjl/Projects/riff/mattermost-webapp/node_modules/jest-jasmine2/build/queue_runner.js:87:41
    at processTicksAndRejections (internal/process/task_queues.js:93:5)</failure>
    </testcase>
  </testsuite>
  <testsuite name="components/ModalController" errors="0" failures="2" skipped="0" timestamp="2019-10-31T15:01:15" time="0.335" tests="2">
    <testcase classname="components/ModalController component should match snapshot without any modals" name="components/ModalController component should match snapshot without any modals" time="0.01">
      <failure>TypeError: Cannot read property &apos;current&apos; of undefined
    at warnIfNotScopedWithMatchingAct (/home/mjl/Projects/riff/mattermost-webapp/node_modules/react-dom/cjs/react-dom.development.js:23264:59)
    at updateContainer (/home/mjl/Projects/riff/mattermost-webapp/node_modules/react-dom/cjs/react-dom.development.js:24431:7)
    at /home/mjl/Projects/riff/mattermost-webapp/node_modules/react-dom/cjs/react-dom.development.js:24963:7
    at unbatchedUpdates (/home/mjl/Projects/riff/mattermost-webapp/node_modules/react-dom/cjs/react-dom.development.js:21687:12)
    at legacyRenderSubtreeIntoContainer (/home/mjl/Projects/riff/mattermost-webapp/node_modules/react-dom/cjs/react-dom.development.js:24962:5)
    at Object.render (/home/mjl/Projects/riff/mattermost-webapp/node_modules/react-dom/cjs/react-dom.development.js:25042:12)
    at getFiber (/home/mjl/Projects/riff/mattermost-webapp/node_modules/enzyme-adapter-react-16/build/detectFiberTags.js:49:25)
    at detectFiberTags (/home/mjl/Projects/riff/mattermost-webapp/node_modules/enzyme-adapter-react-16/build/detectFiberTags.js:101:17)
    at ReactSixteenAdapter.createMountRenderer (/home/mjl/Projects/riff/mattermost-webapp/node_modules/enzyme-adapter-react-16/build/ReactSixteenAdapter.js:290:56)
    at ReactSixteenAdapter.createRenderer (/home/mjl/Projects/riff/mattermost-webapp/node_modules/enzyme-adapter-react-16/build/ReactSixteenAdapter.js:497:25)
    at new ReactWrapper (/home/mjl/Projects/riff/mattermost-webapp/node_modules/enzyme/build/ReactWrapper.js:113:30)
    at mount (/home/mjl/Projects/riff/mattermost-webapp/node_modules/enzyme/build/mount.js:21:10)
    at Object.&lt;anonymous&gt; (/home/mjl/Projects/riff/mattermost-webapp/tests/components/failing_tests/modal_controller.test.jsx:39:25)
    at Object.asyncJestTest (/home/mjl/Projects/riff/mattermost-webapp/node_modules/jest-jasmine2/build/jasmine_async.js:108:37)
    at /home/mjl/Projects/riff/mattermost-webapp/node_modules/jest-jasmine2/build/queue_runner.js:56:12
    at new Promise (&lt;anonymous&gt;)
    at mapper (/home/mjl/Projects/riff/mattermost-webapp/node_modules/jest-jasmine2/build/queue_runner.js:43:19)
    at /home/mjl/Projects/riff/mattermost-webapp/node_modules/jest-jasmine2/build/queue_runner.js:87:41
    at processTicksAndRejections (internal/process/task_queues.js:93:5)</failure>
    </testcase>
    <testcase classname="components/ModalController test model should be open" name="components/ModalController test model should be open" time="0.001">
      <failure>TypeError: Cannot read property &apos;current&apos; of undefined
    at warnIfNotScopedWithMatchingAct (/home/mjl/Projects/riff/mattermost-webapp/node_modules/react-dom/cjs/react-dom.development.js:23264:59)
    at updateContainer (/home/mjl/Projects/riff/mattermost-webapp/node_modules/react-dom/cjs/react-dom.development.js:24431:7)
    at /home/mjl/Projects/riff/mattermost-webapp/node_modules/react-dom/cjs/react-dom.development.js:24963:7
    at unbatchedUpdates (/home/mjl/Projects/riff/mattermost-webapp/node_modules/react-dom/cjs/react-dom.development.js:21687:12)
    at legacyRenderSubtreeIntoContainer (/home/mjl/Projects/riff/mattermost-webapp/node_modules/react-dom/cjs/react-dom.development.js:24962:5)
    at Object.render (/home/mjl/Projects/riff/mattermost-webapp/node_modules/react-dom/cjs/react-dom.development.js:25042:12)
    at getFiber (/home/mjl/Projects/riff/mattermost-webapp/node_modules/enzyme-adapter-react-16/build/detectFiberTags.js:49:25)
    at detectFiberTags (/home/mjl/Projects/riff/mattermost-webapp/node_modules/enzyme-adapter-react-16/build/detectFiberTags.js:101:17)
    at ReactSixteenAdapter.createMountRenderer (/home/mjl/Projects/riff/mattermost-webapp/node_modules/enzyme-adapter-react-16/build/ReactSixteenAdapter.js:290:56)
    at ReactSixteenAdapter.createRenderer (/home/mjl/Projects/riff/mattermost-webapp/node_modules/enzyme-adapter-react-16/build/ReactSixteenAdapter.js:497:25)
    at new ReactWrapper (/home/mjl/Projects/riff/mattermost-webapp/node_modules/enzyme/build/ReactWrapper.js:113:30)
    at mount (/home/mjl/Projects/riff/mattermost-webapp/node_modules/enzyme/build/mount.js:21:10)
    at Object.&lt;anonymous&gt; (/home/mjl/Projects/riff/mattermost-webapp/tests/components/failing_tests/modal_controller.test.jsx:67:9)
    at Object.asyncJestTest (/home/mjl/Projects/riff/mattermost-webapp/node_modules/jest-jasmine2/build/jasmine_async.js:108:37)
    at /home/mjl/Projects/riff/mattermost-webapp/node_modules/jest-jasmine2/build/queue_runner.js:56:12
    at new Promise (&lt;anonymous&gt;)
    at mapper (/home/mjl/Projects/riff/mattermost-webapp/node_modules/jest-jasmine2/build/queue_runner.js:43:19)
    at /home/mjl/Projects/riff/mattermost-webapp/node_modules/jest-jasmine2/build/queue_runner.js:87:41
    at processTicksAndRejections (internal/process/task_queues.js:93:5)</failure>
    </testcase>
  </testsuite>
  <testsuite name="plugins/MobileChannelHeaderPlug" errors="0" failures="7" skipped="0" timestamp="2019-10-31T15:01:15" time="0.209" tests="7">
    <testcase classname="plugins/MobileChannelHeaderPlug should match snapshot with no extended component" name="plugins/MobileChannelHeaderPlug should match snapshot with no extended component" time="0.018">
      <failure>TypeError: Cannot read property &apos;current&apos; of undefined
    at warnIfNotScopedWithMatchingAct (/home/mjl/Projects/riff/mattermost-webapp/node_modules/react-dom/cjs/react-dom.development.js:23264:59)
    at updateContainer (/home/mjl/Projects/riff/mattermost-webapp/node_modules/react-dom/cjs/react-dom.development.js:24431:7)
    at /home/mjl/Projects/riff/mattermost-webapp/node_modules/react-dom/cjs/react-dom.development.js:24963:7
    at unbatchedUpdates (/home/mjl/Projects/riff/mattermost-webapp/node_modules/react-dom/cjs/react-dom.development.js:21687:12)
    at legacyRenderSubtreeIntoContainer (/home/mjl/Projects/riff/mattermost-webapp/node_modules/react-dom/cjs/react-dom.development.js:24962:5)
    at Object.render (/home/mjl/Projects/riff/mattermost-webapp/node_modules/react-dom/cjs/react-dom.development.js:25042:12)
    at getFiber (/home/mjl/Projects/riff/mattermost-webapp/node_modules/enzyme-adapter-react-16/build/detectFiberTags.js:49:25)
    at detectFiberTags (/home/mjl/Projects/riff/mattermost-webapp/node_modules/enzyme-adapter-react-16/build/detectFiberTags.js:101:17)
    at ReactSixteenAdapter.createMountRenderer (/home/mjl/Projects/riff/mattermost-webapp/node_modules/enzyme-adapter-react-16/build/ReactSixteenAdapter.js:290:56)
    at ReactSixteenAdapter.createRenderer (/home/mjl/Projects/riff/mattermost-webapp/node_modules/enzyme-adapter-react-16/build/ReactSixteenAdapter.js:497:25)
    at new ReactWrapper (/home/mjl/Projects/riff/mattermost-webapp/node_modules/enzyme/build/ReactWrapper.js:113:30)
    at mount (/home/mjl/Projects/riff/mattermost-webapp/node_modules/enzyme/build/mount.js:21:10)
    at Object.&lt;anonymous&gt; (/home/mjl/Projects/riff/mattermost-webapp/tests/plugins/failing_tests/mobile_channel_header_plug.test.jsx:19:25)
    at Object.asyncJestTest (/home/mjl/Projects/riff/mattermost-webapp/node_modules/jest-jasmine2/build/jasmine_async.js:108:37)
    at /home/mjl/Projects/riff/mattermost-webapp/node_modules/jest-jasmine2/build/queue_runner.js:56:12
    at new Promise (&lt;anonymous&gt;)
    at mapper (/home/mjl/Projects/riff/mattermost-webapp/node_modules/jest-jasmine2/build/queue_runner.js:43:19)
    at /home/mjl/Projects/riff/mattermost-webapp/node_modules/jest-jasmine2/build/queue_runner.js:87:41
    at processTicksAndRejections (internal/process/task_queues.js:93:5)</failure>
    </testcase>
    <testcase classname="plugins/MobileChannelHeaderPlug should match snapshot with one extended component" name="plugins/MobileChannelHeaderPlug should match snapshot with one extended component" time="0.002">
      <failure>TypeError: Cannot read property &apos;current&apos; of undefined
    at warnIfNotScopedWithMatchingAct (/home/mjl/Projects/riff/mattermost-webapp/node_modules/react-dom/cjs/react-dom.development.js:23264:59)
    at updateContainer (/home/mjl/Projects/riff/mattermost-webapp/node_modules/react-dom/cjs/react-dom.development.js:24431:7)
    at /home/mjl/Projects/riff/mattermost-webapp/node_modules/react-dom/cjs/react-dom.development.js:24963:7
    at unbatchedUpdates (/home/mjl/Projects/riff/mattermost-webapp/node_modules/react-dom/cjs/react-dom.development.js:21687:12)
    at legacyRenderSubtreeIntoContainer (/home/mjl/Projects/riff/mattermost-webapp/node_modules/react-dom/cjs/react-dom.development.js:24962:5)
    at Object.render (/home/mjl/Projects/riff/mattermost-webapp/node_modules/react-dom/cjs/react-dom.development.js:25042:12)
    at getFiber (/home/mjl/Projects/riff/mattermost-webapp/node_modules/enzyme-adapter-react-16/build/detectFiberTags.js:49:25)
    at detectFiberTags (/home/mjl/Projects/riff/mattermost-webapp/node_modules/enzyme-adapter-react-16/build/detectFiberTags.js:101:17)
    at ReactSixteenAdapter.createMountRenderer (/home/mjl/Projects/riff/mattermost-webapp/node_modules/enzyme-adapter-react-16/build/ReactSixteenAdapter.js:290:56)
    at ReactSixteenAdapter.createRenderer (/home/mjl/Projects/riff/mattermost-webapp/node_modules/enzyme-adapter-react-16/build/ReactSixteenAdapter.js:497:25)
    at new ReactWrapper (/home/mjl/Projects/riff/mattermost-webapp/node_modules/enzyme/build/ReactWrapper.js:113:30)
    at mount (/home/mjl/Projects/riff/mattermost-webapp/node_modules/enzyme/build/mount.js:21:10)
    at Object.&lt;anonymous&gt; (/home/mjl/Projects/riff/mattermost-webapp/tests/plugins/failing_tests/mobile_channel_header_plug.test.jsx:32:25)
    at Object.asyncJestTest (/home/mjl/Projects/riff/mattermost-webapp/node_modules/jest-jasmine2/build/jasmine_async.js:108:37)
    at /home/mjl/Projects/riff/mattermost-webapp/node_modules/jest-jasmine2/build/queue_runner.js:56:12
    at new Promise (&lt;anonymous&gt;)
    at mapper (/home/mjl/Projects/riff/mattermost-webapp/node_modules/jest-jasmine2/build/queue_runner.js:43:19)
    at /home/mjl/Projects/riff/mattermost-webapp/node_modules/jest-jasmine2/build/queue_runner.js:87:41
    at processTicksAndRejections (internal/process/task_queues.js:93:5)</failure>
    </testcase>
    <testcase classname="plugins/MobileChannelHeaderPlug should match snapshot with two extended components" name="plugins/MobileChannelHeaderPlug should match snapshot with two extended components" time="0.001">
      <failure>TypeError: Cannot read property &apos;current&apos; of undefined
    at warnIfNotScopedWithMatchingAct (/home/mjl/Projects/riff/mattermost-webapp/node_modules/react-dom/cjs/react-dom.development.js:23264:59)
    at updateContainer (/home/mjl/Projects/riff/mattermost-webapp/node_modules/react-dom/cjs/react-dom.development.js:24431:7)
    at /home/mjl/Projects/riff/mattermost-webapp/node_modules/react-dom/cjs/react-dom.development.js:24963:7
    at unbatchedUpdates (/home/mjl/Projects/riff/mattermost-webapp/node_modules/react-dom/cjs/react-dom.development.js:21687:12)
    at legacyRenderSubtreeIntoContainer (/home/mjl/Projects/riff/mattermost-webapp/node_modules/react-dom/cjs/react-dom.development.js:24962:5)
    at Object.render (/home/mjl/Projects/riff/mattermost-webapp/node_modules/react-dom/cjs/react-dom.development.js:25042:12)
    at getFiber (/home/mjl/Projects/riff/mattermost-webapp/node_modules/enzyme-adapter-react-16/build/detectFiberTags.js:49:25)
    at detectFiberTags (/home/mjl/Projects/riff/mattermost-webapp/node_modules/enzyme-adapter-react-16/build/detectFiberTags.js:101:17)
    at ReactSixteenAdapter.createMountRenderer (/home/mjl/Projects/riff/mattermost-webapp/node_modules/enzyme-adapter-react-16/build/ReactSixteenAdapter.js:290:56)
    at ReactSixteenAdapter.createRenderer (/home/mjl/Projects/riff/mattermost-webapp/node_modules/enzyme-adapter-react-16/build/ReactSixteenAdapter.js:497:25)
    at new ReactWrapper (/home/mjl/Projects/riff/mattermost-webapp/node_modules/enzyme/build/ReactWrapper.js:113:30)
    at mount (/home/mjl/Projects/riff/mattermost-webapp/node_modules/enzyme/build/mount.js:21:10)
    at Object.&lt;anonymous&gt; (/home/mjl/Projects/riff/mattermost-webapp/tests/plugins/failing_tests/mobile_channel_header_plug.test.jsx:53:25)
    at Object.asyncJestTest (/home/mjl/Projects/riff/mattermost-webapp/node_modules/jest-jasmine2/build/jasmine_async.js:108:37)
    at /home/mjl/Projects/riff/mattermost-webapp/node_modules/jest-jasmine2/build/queue_runner.js:56:12
    at new Promise (&lt;anonymous&gt;)
    at mapper (/home/mjl/Projects/riff/mattermost-webapp/node_modules/jest-jasmine2/build/queue_runner.js:43:19)
    at /home/mjl/Projects/riff/mattermost-webapp/node_modules/jest-jasmine2/build/queue_runner.js:87:41
    at processTicksAndRejections (internal/process/task_queues.js:93:5)</failure>
    </testcase>
    <testcase classname="plugins/MobileChannelHeaderPlug should match snapshot with no extended component, in dropdown" name="plugins/MobileChannelHeaderPlug should match snapshot with no extended component, in dropdown" time="0.001">
      <failure>TypeError: Cannot read property &apos;current&apos; of undefined
    at warnIfNotScopedWithMatchingAct (/home/mjl/Projects/riff/mattermost-webapp/node_modules/react-dom/cjs/react-dom.development.js:23264:59)
    at updateContainer (/home/mjl/Projects/riff/mattermost-webapp/node_modules/react-dom/cjs/react-dom.development.js:24431:7)
    at /home/mjl/Projects/riff/mattermost-webapp/node_modules/react-dom/cjs/react-dom.development.js:24963:7
    at unbatchedUpdates (/home/mjl/Projects/riff/mattermost-webapp/node_modules/react-dom/cjs/react-dom.development.js:21687:12)
    at legacyRenderSubtreeIntoContainer (/home/mjl/Projects/riff/mattermost-webapp/node_modules/react-dom/cjs/react-dom.development.js:24962:5)
    at Object.render (/home/mjl/Projects/riff/mattermost-webapp/node_modules/react-dom/cjs/react-dom.development.js:25042:12)
    at getFiber (/home/mjl/Projects/riff/mattermost-webapp/node_modules/enzyme-adapter-react-16/build/detectFiberTags.js:49:25)
    at detectFiberTags (/home/mjl/Projects/riff/mattermost-webapp/node_modules/enzyme-adapter-react-16/build/detectFiberTags.js:101:17)
    at ReactSixteenAdapter.createMountRenderer (/home/mjl/Projects/riff/mattermost-webapp/node_modules/enzyme-adapter-react-16/build/ReactSixteenAdapter.js:290:56)
    at ReactSixteenAdapter.createRenderer (/home/mjl/Projects/riff/mattermost-webapp/node_modules/enzyme-adapter-react-16/build/ReactSixteenAdapter.js:497:25)
    at new ReactWrapper (/home/mjl/Projects/riff/mattermost-webapp/node_modules/enzyme/build/ReactWrapper.js:113:30)
    at mount (/home/mjl/Projects/riff/mattermost-webapp/node_modules/enzyme/build/mount.js:21:10)
    at Object.&lt;anonymous&gt; (/home/mjl/Projects/riff/mattermost-webapp/tests/plugins/failing_tests/mobile_channel_header_plug.test.jsx:66:25)
    at Object.asyncJestTest (/home/mjl/Projects/riff/mattermost-webapp/node_modules/jest-jasmine2/build/jasmine_async.js:108:37)
    at /home/mjl/Projects/riff/mattermost-webapp/node_modules/jest-jasmine2/build/queue_runner.js:56:12
    at new Promise (&lt;anonymous&gt;)
    at mapper (/home/mjl/Projects/riff/mattermost-webapp/node_modules/jest-jasmine2/build/queue_runner.js:43:19)
    at /home/mjl/Projects/riff/mattermost-webapp/node_modules/jest-jasmine2/build/queue_runner.js:87:41
    at processTicksAndRejections (internal/process/task_queues.js:93:5)</failure>
    </testcase>
    <testcase classname="plugins/MobileChannelHeaderPlug should match snapshot with one extended component, in dropdown" name="plugins/MobileChannelHeaderPlug should match snapshot with one extended component, in dropdown" time="0.002">
      <failure>TypeError: Cannot read property &apos;current&apos; of undefined
    at warnIfNotScopedWithMatchingAct (/home/mjl/Projects/riff/mattermost-webapp/node_modules/react-dom/cjs/react-dom.development.js:23264:59)
    at updateContainer (/home/mjl/Projects/riff/mattermost-webapp/node_modules/react-dom/cjs/react-dom.development.js:24431:7)
    at /home/mjl/Projects/riff/mattermost-webapp/node_modules/react-dom/cjs/react-dom.development.js:24963:7
    at unbatchedUpdates (/home/mjl/Projects/riff/mattermost-webapp/node_modules/react-dom/cjs/react-dom.development.js:21687:12)
    at legacyRenderSubtreeIntoContainer (/home/mjl/Projects/riff/mattermost-webapp/node_modules/react-dom/cjs/react-dom.development.js:24962:5)
    at Object.render (/home/mjl/Projects/riff/mattermost-webapp/node_modules/react-dom/cjs/react-dom.development.js:25042:12)
    at getFiber (/home/mjl/Projects/riff/mattermost-webapp/node_modules/enzyme-adapter-react-16/build/detectFiberTags.js:49:25)
    at detectFiberTags (/home/mjl/Projects/riff/mattermost-webapp/node_modules/enzyme-adapter-react-16/build/detectFiberTags.js:101:17)
    at ReactSixteenAdapter.createMountRenderer (/home/mjl/Projects/riff/mattermost-webapp/node_modules/enzyme-adapter-react-16/build/ReactSixteenAdapter.js:290:56)
    at ReactSixteenAdapter.createRenderer (/home/mjl/Projects/riff/mattermost-webapp/node_modules/enzyme-adapter-react-16/build/ReactSixteenAdapter.js:497:25)
    at new ReactWrapper (/home/mjl/Projects/riff/mattermost-webapp/node_modules/enzyme/build/ReactWrapper.js:113:30)
    at mount (/home/mjl/Projects/riff/mattermost-webapp/node_modules/enzyme/build/mount.js:21:10)
    at Object.&lt;anonymous&gt; (/home/mjl/Projects/riff/mattermost-webapp/tests/plugins/failing_tests/mobile_channel_header_plug.test.jsx:79:25)
    at Object.asyncJestTest (/home/mjl/Projects/riff/mattermost-webapp/node_modules/jest-jasmine2/build/jasmine_async.js:108:37)
    at /home/mjl/Projects/riff/mattermost-webapp/node_modules/jest-jasmine2/build/queue_runner.js:56:12
    at new Promise (&lt;anonymous&gt;)
    at mapper (/home/mjl/Projects/riff/mattermost-webapp/node_modules/jest-jasmine2/build/queue_runner.js:43:19)
    at /home/mjl/Projects/riff/mattermost-webapp/node_modules/jest-jasmine2/build/queue_runner.js:87:41
    at processTicksAndRejections (internal/process/task_queues.js:93:5)</failure>
    </testcase>
    <testcase classname="plugins/MobileChannelHeaderPlug should match snapshot with two extended components, in dropdown" name="plugins/MobileChannelHeaderPlug should match snapshot with two extended components, in dropdown" time="0.001">
      <failure>TypeError: Cannot read property &apos;current&apos; of undefined
    at warnIfNotScopedWithMatchingAct (/home/mjl/Projects/riff/mattermost-webapp/node_modules/react-dom/cjs/react-dom.development.js:23264:59)
    at updateContainer (/home/mjl/Projects/riff/mattermost-webapp/node_modules/react-dom/cjs/react-dom.development.js:24431:7)
    at /home/mjl/Projects/riff/mattermost-webapp/node_modules/react-dom/cjs/react-dom.development.js:24963:7
    at unbatchedUpdates (/home/mjl/Projects/riff/mattermost-webapp/node_modules/react-dom/cjs/react-dom.development.js:21687:12)
    at legacyRenderSubtreeIntoContainer (/home/mjl/Projects/riff/mattermost-webapp/node_modules/react-dom/cjs/react-dom.development.js:24962:5)
    at Object.render (/home/mjl/Projects/riff/mattermost-webapp/node_modules/react-dom/cjs/react-dom.development.js:25042:12)
    at getFiber (/home/mjl/Projects/riff/mattermost-webapp/node_modules/enzyme-adapter-react-16/build/detectFiberTags.js:49:25)
    at detectFiberTags (/home/mjl/Projects/riff/mattermost-webapp/node_modules/enzyme-adapter-react-16/build/detectFiberTags.js:101:17)
    at ReactSixteenAdapter.createMountRenderer (/home/mjl/Projects/riff/mattermost-webapp/node_modules/enzyme-adapter-react-16/build/ReactSixteenAdapter.js:290:56)
    at ReactSixteenAdapter.createRenderer (/home/mjl/Projects/riff/mattermost-webapp/node_modules/enzyme-adapter-react-16/build/ReactSixteenAdapter.js:497:25)
    at new ReactWrapper (/home/mjl/Projects/riff/mattermost-webapp/node_modules/enzyme/build/ReactWrapper.js:113:30)
    at mount (/home/mjl/Projects/riff/mattermost-webapp/node_modules/enzyme/build/mount.js:21:10)
    at Object.&lt;anonymous&gt; (/home/mjl/Projects/riff/mattermost-webapp/tests/plugins/failing_tests/mobile_channel_header_plug.test.jsx:96:25)
    at Object.asyncJestTest (/home/mjl/Projects/riff/mattermost-webapp/node_modules/jest-jasmine2/build/jasmine_async.js:108:37)
    at /home/mjl/Projects/riff/mattermost-webapp/node_modules/jest-jasmine2/build/queue_runner.js:56:12
    at new Promise (&lt;anonymous&gt;)
    at mapper (/home/mjl/Projects/riff/mattermost-webapp/node_modules/jest-jasmine2/build/queue_runner.js:43:19)
    at /home/mjl/Projects/riff/mattermost-webapp/node_modules/jest-jasmine2/build/queue_runner.js:87:41
    at processTicksAndRejections (internal/process/task_queues.js:93:5)</failure>
    </testcase>
    <testcase classname="plugins/MobileChannelHeaderPlug should call plugin.action on fireAction" name="plugins/MobileChannelHeaderPlug should call plugin.action on fireAction" time="0.001">
      <failure>TypeError: Cannot read property &apos;current&apos; of undefined
    at warnIfNotScopedWithMatchingAct (/home/mjl/Projects/riff/mattermost-webapp/node_modules/react-dom/cjs/react-dom.development.js:23264:59)
    at updateContainer (/home/mjl/Projects/riff/mattermost-webapp/node_modules/react-dom/cjs/react-dom.development.js:24431:7)
    at /home/mjl/Projects/riff/mattermost-webapp/node_modules/react-dom/cjs/react-dom.development.js:24963:7
    at unbatchedUpdates (/home/mjl/Projects/riff/mattermost-webapp/node_modules/react-dom/cjs/react-dom.development.js:21687:12)
    at legacyRenderSubtreeIntoContainer (/home/mjl/Projects/riff/mattermost-webapp/node_modules/react-dom/cjs/react-dom.development.js:24962:5)
    at Object.render (/home/mjl/Projects/riff/mattermost-webapp/node_modules/react-dom/cjs/react-dom.development.js:25042:12)
    at getFiber (/home/mjl/Projects/riff/mattermost-webapp/node_modules/enzyme-adapter-react-16/build/detectFiberTags.js:49:25)
    at detectFiberTags (/home/mjl/Projects/riff/mattermost-webapp/node_modules/enzyme-adapter-react-16/build/detectFiberTags.js:101:17)
    at ReactSixteenAdapter.createMountRenderer (/home/mjl/Projects/riff/mattermost-webapp/node_modules/enzyme-adapter-react-16/build/ReactSixteenAdapter.js:290:56)
    at ReactSixteenAdapter.createRenderer (/home/mjl/Projects/riff/mattermost-webapp/node_modules/enzyme-adapter-react-16/build/ReactSixteenAdapter.js:497:25)
    at new ReactWrapper (/home/mjl/Projects/riff/mattermost-webapp/node_modules/enzyme/build/ReactWrapper.js:113:30)
    at mount (/home/mjl/Projects/riff/mattermost-webapp/node_modules/enzyme/build/mount.js:21:10)
    at Object.&lt;anonymous&gt; (/home/mjl/Projects/riff/mattermost-webapp/tests/plugins/failing_tests/mobile_channel_header_plug.test.jsx:127:25)
    at Object.asyncJestTest (/home/mjl/Projects/riff/mattermost-webapp/node_modules/jest-jasmine2/build/jasmine_async.js:108:37)
    at /home/mjl/Projects/riff/mattermost-webapp/node_modules/jest-jasmine2/build/queue_runner.js:56:12
    at new Promise (&lt;anonymous&gt;)
    at mapper (/home/mjl/Projects/riff/mattermost-webapp/node_modules/jest-jasmine2/build/queue_runner.js:43:19)
    at /home/mjl/Projects/riff/mattermost-webapp/node_modules/jest-jasmine2/build/queue_runner.js:87:41
    at processTicksAndRejections (internal/process/task_queues.js:93:5)</failure>
    </testcase>
  </testsuite>
  <testsuite name="components/SuggestionBox" errors="0" failures="1" skipped="0" timestamp="2019-10-31T15:01:15" time="0.59" tests="2">
    <testcase classname="components/SuggestionBox findOverlap" name="components/SuggestionBox findOverlap" time="0.004">
    </testcase>
    <testcase classname="components/SuggestionBox should avoid ref access on unmount race" name="components/SuggestionBox should avoid ref access on unmount race" time="0.009">
      <failure>TypeError: Cannot read property &apos;current&apos; of undefined
    at warnIfNotScopedWithMatchingAct (/home/mjl/Projects/riff/mattermost-webapp/node_modules/react-dom/cjs/react-dom.development.js:23264:59)
    at updateContainer (/home/mjl/Projects/riff/mattermost-webapp/node_modules/react-dom/cjs/react-dom.development.js:24431:7)
    at /home/mjl/Projects/riff/mattermost-webapp/node_modules/react-dom/cjs/react-dom.development.js:24963:7
    at unbatchedUpdates (/home/mjl/Projects/riff/mattermost-webapp/node_modules/react-dom/cjs/react-dom.development.js:21687:12)
    at legacyRenderSubtreeIntoContainer (/home/mjl/Projects/riff/mattermost-webapp/node_modules/react-dom/cjs/react-dom.development.js:24962:5)
    at Object.render (/home/mjl/Projects/riff/mattermost-webapp/node_modules/react-dom/cjs/react-dom.development.js:25042:12)
    at getFiber (/home/mjl/Projects/riff/mattermost-webapp/node_modules/enzyme-adapter-react-16/build/detectFiberTags.js:49:25)
    at detectFiberTags (/home/mjl/Projects/riff/mattermost-webapp/node_modules/enzyme-adapter-react-16/build/detectFiberTags.js:101:17)
    at ReactSixteenAdapter.createMountRenderer (/home/mjl/Projects/riff/mattermost-webapp/node_modules/enzyme-adapter-react-16/build/ReactSixteenAdapter.js:290:56)
    at ReactSixteenAdapter.createRenderer (/home/mjl/Projects/riff/mattermost-webapp/node_modules/enzyme-adapter-react-16/build/ReactSixteenAdapter.js:497:25)
    at new ReactWrapper (/home/mjl/Projects/riff/mattermost-webapp/node_modules/enzyme/build/ReactWrapper.js:113:30)
    at mount (/home/mjl/Projects/riff/mattermost-webapp/node_modules/enzyme/build/mount.js:21:10)
    at Object.&lt;anonymous&gt; (/home/mjl/Projects/riff/mattermost-webapp/tests/components/suggestion/failing_tests/suggestion_box.test.jsx:29:25)
    at /home/mjl/Projects/riff/mattermost-webapp/node_modules/jest-jasmine2/build/queue_runner.js:56:12
    at new Promise (&lt;anonymous&gt;)
    at mapper (/home/mjl/Projects/riff/mattermost-webapp/node_modules/jest-jasmine2/build/queue_runner.js:43:19)
    at /home/mjl/Projects/riff/mattermost-webapp/node_modules/jest-jasmine2/build/queue_runner.js:87:41
    at processTicksAndRejections (internal/process/task_queues.js:93:5)</failure>
    </testcase>
  </testsuite>
  <testsuite name="plugins/ChannelHeaderPlug" errors="0" failures="3" skipped="0" timestamp="2019-10-31T15:01:15" time="0.335" tests="3">
    <testcase classname="plugins/ChannelHeaderPlug should match snapshot with no extended component" name="plugins/ChannelHeaderPlug should match snapshot with no extended component" time="0.022">
      <failure>TypeError: Cannot read property &apos;current&apos; of undefined
    at warnIfNotScopedWithMatchingAct (/home/mjl/Projects/riff/mattermost-webapp/node_modules/react-dom/cjs/react-dom.development.js:23264:59)
    at updateContainer (/home/mjl/Projects/riff/mattermost-webapp/node_modules/react-dom/cjs/react-dom.development.js:24431:7)
    at /home/mjl/Projects/riff/mattermost-webapp/node_modules/react-dom/cjs/react-dom.development.js:24963:7
    at unbatchedUpdates (/home/mjl/Projects/riff/mattermost-webapp/node_modules/react-dom/cjs/react-dom.development.js:21687:12)
    at legacyRenderSubtreeIntoContainer (/home/mjl/Projects/riff/mattermost-webapp/node_modules/react-dom/cjs/react-dom.development.js:24962:5)
    at Object.render (/home/mjl/Projects/riff/mattermost-webapp/node_modules/react-dom/cjs/react-dom.development.js:25042:12)
    at getFiber (/home/mjl/Projects/riff/mattermost-webapp/node_modules/enzyme-adapter-react-16/build/detectFiberTags.js:49:25)
    at detectFiberTags (/home/mjl/Projects/riff/mattermost-webapp/node_modules/enzyme-adapter-react-16/build/detectFiberTags.js:101:17)
    at ReactSixteenAdapter.createMountRenderer (/home/mjl/Projects/riff/mattermost-webapp/node_modules/enzyme-adapter-react-16/build/ReactSixteenAdapter.js:290:56)
    at ReactSixteenAdapter.createRenderer (/home/mjl/Projects/riff/mattermost-webapp/node_modules/enzyme-adapter-react-16/build/ReactSixteenAdapter.js:497:25)
    at new ReactWrapper (/home/mjl/Projects/riff/mattermost-webapp/node_modules/enzyme/build/ReactWrapper.js:113:30)
    at mount (/home/mjl/Projects/riff/mattermost-webapp/node_modules/enzyme/build/mount.js:21:10)
    at Object.&lt;anonymous&gt; (/home/mjl/Projects/riff/mattermost-webapp/tests/plugins/failing_tests/channel_header_plug.test.jsx:19:25)
    at Object.asyncJestTest (/home/mjl/Projects/riff/mattermost-webapp/node_modules/jest-jasmine2/build/jasmine_async.js:108:37)
    at /home/mjl/Projects/riff/mattermost-webapp/node_modules/jest-jasmine2/build/queue_runner.js:56:12
    at new Promise (&lt;anonymous&gt;)
    at mapper (/home/mjl/Projects/riff/mattermost-webapp/node_modules/jest-jasmine2/build/queue_runner.js:43:19)
    at /home/mjl/Projects/riff/mattermost-webapp/node_modules/jest-jasmine2/build/queue_runner.js:87:41
    at processTicksAndRejections (internal/process/task_queues.js:93:5)</failure>
    </testcase>
    <testcase classname="plugins/ChannelHeaderPlug should match snapshot with one extended component" name="plugins/ChannelHeaderPlug should match snapshot with one extended component" time="0.001">
      <failure>TypeError: Cannot read property &apos;current&apos; of undefined
    at warnIfNotScopedWithMatchingAct (/home/mjl/Projects/riff/mattermost-webapp/node_modules/react-dom/cjs/react-dom.development.js:23264:59)
    at updateContainer (/home/mjl/Projects/riff/mattermost-webapp/node_modules/react-dom/cjs/react-dom.development.js:24431:7)
    at /home/mjl/Projects/riff/mattermost-webapp/node_modules/react-dom/cjs/react-dom.development.js:24963:7
    at unbatchedUpdates (/home/mjl/Projects/riff/mattermost-webapp/node_modules/react-dom/cjs/react-dom.development.js:21687:12)
    at legacyRenderSubtreeIntoContainer (/home/mjl/Projects/riff/mattermost-webapp/node_modules/react-dom/cjs/react-dom.development.js:24962:5)
    at Object.render (/home/mjl/Projects/riff/mattermost-webapp/node_modules/react-dom/cjs/react-dom.development.js:25042:12)
    at getFiber (/home/mjl/Projects/riff/mattermost-webapp/node_modules/enzyme-adapter-react-16/build/detectFiberTags.js:49:25)
    at detectFiberTags (/home/mjl/Projects/riff/mattermost-webapp/node_modules/enzyme-adapter-react-16/build/detectFiberTags.js:101:17)
    at ReactSixteenAdapter.createMountRenderer (/home/mjl/Projects/riff/mattermost-webapp/node_modules/enzyme-adapter-react-16/build/ReactSixteenAdapter.js:290:56)
    at ReactSixteenAdapter.createRenderer (/home/mjl/Projects/riff/mattermost-webapp/node_modules/enzyme-adapter-react-16/build/ReactSixteenAdapter.js:497:25)
    at new ReactWrapper (/home/mjl/Projects/riff/mattermost-webapp/node_modules/enzyme/build/ReactWrapper.js:113:30)
    at mount (/home/mjl/Projects/riff/mattermost-webapp/node_modules/enzyme/build/mount.js:21:10)
    at Object.&lt;anonymous&gt; (/home/mjl/Projects/riff/mattermost-webapp/tests/plugins/failing_tests/channel_header_plug.test.jsx:31:25)
    at Object.asyncJestTest (/home/mjl/Projects/riff/mattermost-webapp/node_modules/jest-jasmine2/build/jasmine_async.js:108:37)
    at /home/mjl/Projects/riff/mattermost-webapp/node_modules/jest-jasmine2/build/queue_runner.js:56:12
    at new Promise (&lt;anonymous&gt;)
    at mapper (/home/mjl/Projects/riff/mattermost-webapp/node_modules/jest-jasmine2/build/queue_runner.js:43:19)
    at /home/mjl/Projects/riff/mattermost-webapp/node_modules/jest-jasmine2/build/queue_runner.js:87:41
    at processTicksAndRejections (internal/process/task_queues.js:93:5)</failure>
    </testcase>
    <testcase classname="plugins/ChannelHeaderPlug should match snapshot with two extended components" name="plugins/ChannelHeaderPlug should match snapshot with two extended components" time="0.002">
      <failure>TypeError: Cannot read property &apos;current&apos; of undefined
    at warnIfNotScopedWithMatchingAct (/home/mjl/Projects/riff/mattermost-webapp/node_modules/react-dom/cjs/react-dom.development.js:23264:59)
    at updateContainer (/home/mjl/Projects/riff/mattermost-webapp/node_modules/react-dom/cjs/react-dom.development.js:24431:7)
    at /home/mjl/Projects/riff/mattermost-webapp/node_modules/react-dom/cjs/react-dom.development.js:24963:7
    at unbatchedUpdates (/home/mjl/Projects/riff/mattermost-webapp/node_modules/react-dom/cjs/react-dom.development.js:21687:12)
    at legacyRenderSubtreeIntoContainer (/home/mjl/Projects/riff/mattermost-webapp/node_modules/react-dom/cjs/react-dom.development.js:24962:5)
    at Object.render (/home/mjl/Projects/riff/mattermost-webapp/node_modules/react-dom/cjs/react-dom.development.js:25042:12)
    at getFiber (/home/mjl/Projects/riff/mattermost-webapp/node_modules/enzyme-adapter-react-16/build/detectFiberTags.js:49:25)
    at detectFiberTags (/home/mjl/Projects/riff/mattermost-webapp/node_modules/enzyme-adapter-react-16/build/detectFiberTags.js:101:17)
    at ReactSixteenAdapter.createMountRenderer (/home/mjl/Projects/riff/mattermost-webapp/node_modules/enzyme-adapter-react-16/build/ReactSixteenAdapter.js:290:56)
    at ReactSixteenAdapter.createRenderer (/home/mjl/Projects/riff/mattermost-webapp/node_modules/enzyme-adapter-react-16/build/ReactSixteenAdapter.js:497:25)
    at new ReactWrapper (/home/mjl/Projects/riff/mattermost-webapp/node_modules/enzyme/build/ReactWrapper.js:113:30)
    at mount (/home/mjl/Projects/riff/mattermost-webapp/node_modules/enzyme/build/mount.js:21:10)
    at Object.&lt;anonymous&gt; (/home/mjl/Projects/riff/mattermost-webapp/tests/plugins/failing_tests/channel_header_plug.test.jsx:43:25)
    at Object.asyncJestTest (/home/mjl/Projects/riff/mattermost-webapp/node_modules/jest-jasmine2/build/jasmine_async.js:108:37)
    at /home/mjl/Projects/riff/mattermost-webapp/node_modules/jest-jasmine2/build/queue_runner.js:56:12
    at new Promise (&lt;anonymous&gt;)
    at mapper (/home/mjl/Projects/riff/mattermost-webapp/node_modules/jest-jasmine2/build/queue_runner.js:43:19)
    at /home/mjl/Projects/riff/mattermost-webapp/node_modules/jest-jasmine2/build/queue_runner.js:87:41
    at processTicksAndRejections (internal/process/task_queues.js:93:5)</failure>
    </testcase>
  </testsuite>
  <testsuite name="components/ChannelInfoModal" errors="0" failures="1" skipped="0" timestamp="2019-10-31T15:01:15" time="0.287" tests="1">
    <testcase classname="components/ChannelInfoModal should call onHide callback when modal is hidden" name="components/ChannelInfoModal should call onHide callback when modal is hidden" time="0.01">
      <failure>TypeError: Cannot read property &apos;current&apos; of undefined
    at warnIfNotScopedWithMatchingAct (/home/mjl/Projects/riff/mattermost-webapp/node_modules/react-dom/cjs/react-dom.development.js:23264:59)
    at updateContainer (/home/mjl/Projects/riff/mattermost-webapp/node_modules/react-dom/cjs/react-dom.development.js:24431:7)
    at /home/mjl/Projects/riff/mattermost-webapp/node_modules/react-dom/cjs/react-dom.development.js:24963:7
    at unbatchedUpdates (/home/mjl/Projects/riff/mattermost-webapp/node_modules/react-dom/cjs/react-dom.development.js:21687:12)
    at legacyRenderSubtreeIntoContainer (/home/mjl/Projects/riff/mattermost-webapp/node_modules/react-dom/cjs/react-dom.development.js:24962:5)
    at Object.render (/home/mjl/Projects/riff/mattermost-webapp/node_modules/react-dom/cjs/react-dom.development.js:25042:12)
    at getFiber (/home/mjl/Projects/riff/mattermost-webapp/node_modules/enzyme-adapter-react-16/build/detectFiberTags.js:49:25)
    at detectFiberTags (/home/mjl/Projects/riff/mattermost-webapp/node_modules/enzyme-adapter-react-16/build/detectFiberTags.js:101:17)
    at ReactSixteenAdapter.createMountRenderer (/home/mjl/Projects/riff/mattermost-webapp/node_modules/enzyme-adapter-react-16/build/ReactSixteenAdapter.js:290:56)
    at ReactSixteenAdapter.createRenderer (/home/mjl/Projects/riff/mattermost-webapp/node_modules/enzyme-adapter-react-16/build/ReactSixteenAdapter.js:497:25)
    at new ReactWrapper (/home/mjl/Projects/riff/mattermost-webapp/node_modules/enzyme/build/ReactWrapper.js:113:30)
    at mount (/home/mjl/Projects/riff/mattermost-webapp/node_modules/enzyme/build/mount.js:21:10)
    at mountWithIntl (/home/mjl/Projects/riff/mattermost-webapp/tests/helpers/intl-test-helper.jsx:18:12)
    at Object.&lt;anonymous&gt; (/home/mjl/Projects/riff/mattermost-webapp/tests/components/failing_tests/post_deleted_modal.test.jsx:18:25)
    at /home/mjl/Projects/riff/mattermost-webapp/node_modules/jest-jasmine2/build/queue_runner.js:56:12
    at new Promise (&lt;anonymous&gt;)
    at mapper (/home/mjl/Projects/riff/mattermost-webapp/node_modules/jest-jasmine2/build/queue_runner.js:43:19)
    at /home/mjl/Projects/riff/mattermost-webapp/node_modules/jest-jasmine2/build/queue_runner.js:87:41
    at processTicksAndRejections (internal/process/task_queues.js:93:5)</failure>
    </testcase>
  </testsuite>
  <testsuite name="components/FormattedMarkdownMessage" errors="0" failures="4" skipped="0" timestamp="2019-10-31T15:01:15" time="0.224" tests="4">
    <testcase classname="components/FormattedMarkdownMessage should render message" name="components/FormattedMarkdownMessage should render message" time="0.009">
      <failure>TypeError: Cannot read property &apos;current&apos; of undefined
    at warnIfNotScopedWithMatchingAct (/home/mjl/Projects/riff/mattermost-webapp/node_modules/react-dom/cjs/react-dom.development.js:23264:59)
    at updateContainer (/home/mjl/Projects/riff/mattermost-webapp/node_modules/react-dom/cjs/react-dom.development.js:24431:7)
    at /home/mjl/Projects/riff/mattermost-webapp/node_modules/react-dom/cjs/react-dom.development.js:24963:7
    at unbatchedUpdates (/home/mjl/Projects/riff/mattermost-webapp/node_modules/react-dom/cjs/react-dom.development.js:21687:12)
    at legacyRenderSubtreeIntoContainer (/home/mjl/Projects/riff/mattermost-webapp/node_modules/react-dom/cjs/react-dom.development.js:24962:5)
    at Object.render (/home/mjl/Projects/riff/mattermost-webapp/node_modules/react-dom/cjs/react-dom.development.js:25042:12)
    at getFiber (/home/mjl/Projects/riff/mattermost-webapp/node_modules/enzyme-adapter-react-16/build/detectFiberTags.js:49:25)
    at detectFiberTags (/home/mjl/Projects/riff/mattermost-webapp/node_modules/enzyme-adapter-react-16/build/detectFiberTags.js:101:17)
    at ReactSixteenAdapter.createMountRenderer (/home/mjl/Projects/riff/mattermost-webapp/node_modules/enzyme-adapter-react-16/build/ReactSixteenAdapter.js:290:56)
    at ReactSixteenAdapter.createRenderer (/home/mjl/Projects/riff/mattermost-webapp/node_modules/enzyme-adapter-react-16/build/ReactSixteenAdapter.js:497:25)
    at new ReactWrapper (/home/mjl/Projects/riff/mattermost-webapp/node_modules/enzyme/build/ReactWrapper.js:113:30)
    at mount (/home/mjl/Projects/riff/mattermost-webapp/node_modules/enzyme/build/mount.js:21:10)
    at Object.&lt;anonymous&gt; (/home/mjl/Projects/riff/mattermost-webapp/tests/components/failing_tests/formatted_markdown_message.test.jsx:16:25)
    at Object.asyncJestTest (/home/mjl/Projects/riff/mattermost-webapp/node_modules/jest-jasmine2/build/jasmine_async.js:108:37)
    at /home/mjl/Projects/riff/mattermost-webapp/node_modules/jest-jasmine2/build/queue_runner.js:56:12
    at new Promise (&lt;anonymous&gt;)
    at mapper (/home/mjl/Projects/riff/mattermost-webapp/node_modules/jest-jasmine2/build/queue_runner.js:43:19)
    at /home/mjl/Projects/riff/mattermost-webapp/node_modules/jest-jasmine2/build/queue_runner.js:87:41
    at processTicksAndRejections (internal/process/task_queues.js:93:5)</failure>
    </testcase>
    <testcase classname="components/FormattedMarkdownMessage should backup to default" name="components/FormattedMarkdownMessage should backup to default" time="0.002">
      <failure>TypeError: Cannot read property &apos;current&apos; of undefined
    at warnIfNotScopedWithMatchingAct (/home/mjl/Projects/riff/mattermost-webapp/node_modules/react-dom/cjs/react-dom.development.js:23264:59)
    at updateContainer (/home/mjl/Projects/riff/mattermost-webapp/node_modules/react-dom/cjs/react-dom.development.js:24431:7)
    at /home/mjl/Projects/riff/mattermost-webapp/node_modules/react-dom/cjs/react-dom.development.js:24963:7
    at unbatchedUpdates (/home/mjl/Projects/riff/mattermost-webapp/node_modules/react-dom/cjs/react-dom.development.js:21687:12)
    at legacyRenderSubtreeIntoContainer (/home/mjl/Projects/riff/mattermost-webapp/node_modules/react-dom/cjs/react-dom.development.js:24962:5)
    at Object.render (/home/mjl/Projects/riff/mattermost-webapp/node_modules/react-dom/cjs/react-dom.development.js:25042:12)
    at getFiber (/home/mjl/Projects/riff/mattermost-webapp/node_modules/enzyme-adapter-react-16/build/detectFiberTags.js:49:25)
    at detectFiberTags (/home/mjl/Projects/riff/mattermost-webapp/node_modules/enzyme-adapter-react-16/build/detectFiberTags.js:101:17)
    at ReactSixteenAdapter.createMountRenderer (/home/mjl/Projects/riff/mattermost-webapp/node_modules/enzyme-adapter-react-16/build/ReactSixteenAdapter.js:290:56)
    at ReactSixteenAdapter.createRenderer (/home/mjl/Projects/riff/mattermost-webapp/node_modules/enzyme-adapter-react-16/build/ReactSixteenAdapter.js:497:25)
    at new ReactWrapper (/home/mjl/Projects/riff/mattermost-webapp/node_modules/enzyme/build/ReactWrapper.js:113:30)
    at mount (/home/mjl/Projects/riff/mattermost-webapp/node_modules/enzyme/build/mount.js:21:10)
    at Object.&lt;anonymous&gt; (/home/mjl/Projects/riff/mattermost-webapp/tests/components/failing_tests/formatted_markdown_message.test.jsx:25:25)
    at Object.asyncJestTest (/home/mjl/Projects/riff/mattermost-webapp/node_modules/jest-jasmine2/build/jasmine_async.js:108:37)
    at /home/mjl/Projects/riff/mattermost-webapp/node_modules/jest-jasmine2/build/queue_runner.js:56:12
    at new Promise (&lt;anonymous&gt;)
    at mapper (/home/mjl/Projects/riff/mattermost-webapp/node_modules/jest-jasmine2/build/queue_runner.js:43:19)
    at /home/mjl/Projects/riff/mattermost-webapp/node_modules/jest-jasmine2/build/queue_runner.js:87:41
    at processTicksAndRejections (internal/process/task_queues.js:93:5)</failure>
    </testcase>
    <testcase classname="components/FormattedMarkdownMessage should escape non-BR" name="components/FormattedMarkdownMessage should escape non-BR" time="0.002">
      <failure>TypeError: Cannot read property &apos;current&apos; of undefined
    at warnIfNotScopedWithMatchingAct (/home/mjl/Projects/riff/mattermost-webapp/node_modules/react-dom/cjs/react-dom.development.js:23264:59)
    at updateContainer (/home/mjl/Projects/riff/mattermost-webapp/node_modules/react-dom/cjs/react-dom.development.js:24431:7)
    at /home/mjl/Projects/riff/mattermost-webapp/node_modules/react-dom/cjs/react-dom.development.js:24963:7
    at unbatchedUpdates (/home/mjl/Projects/riff/mattermost-webapp/node_modules/react-dom/cjs/react-dom.development.js:21687:12)
    at legacyRenderSubtreeIntoContainer (/home/mjl/Projects/riff/mattermost-webapp/node_modules/react-dom/cjs/react-dom.development.js:24962:5)
    at Object.render (/home/mjl/Projects/riff/mattermost-webapp/node_modules/react-dom/cjs/react-dom.development.js:25042:12)
    at getFiber (/home/mjl/Projects/riff/mattermost-webapp/node_modules/enzyme-adapter-react-16/build/detectFiberTags.js:49:25)
    at detectFiberTags (/home/mjl/Projects/riff/mattermost-webapp/node_modules/enzyme-adapter-react-16/build/detectFiberTags.js:101:17)
    at ReactSixteenAdapter.createMountRenderer (/home/mjl/Projects/riff/mattermost-webapp/node_modules/enzyme-adapter-react-16/build/ReactSixteenAdapter.js:290:56)
    at ReactSixteenAdapter.createRenderer (/home/mjl/Projects/riff/mattermost-webapp/node_modules/enzyme-adapter-react-16/build/ReactSixteenAdapter.js:497:25)
    at new ReactWrapper (/home/mjl/Projects/riff/mattermost-webapp/node_modules/enzyme/build/ReactWrapper.js:113:30)
    at mount (/home/mjl/Projects/riff/mattermost-webapp/node_modules/enzyme/build/mount.js:21:10)
    at Object.&lt;anonymous&gt; (/home/mjl/Projects/riff/mattermost-webapp/tests/components/failing_tests/formatted_markdown_message.test.jsx:34:25)
    at Object.asyncJestTest (/home/mjl/Projects/riff/mattermost-webapp/node_modules/jest-jasmine2/build/jasmine_async.js:108:37)
    at /home/mjl/Projects/riff/mattermost-webapp/node_modules/jest-jasmine2/build/queue_runner.js:56:12
    at new Promise (&lt;anonymous&gt;)
    at mapper (/home/mjl/Projects/riff/mattermost-webapp/node_modules/jest-jasmine2/build/queue_runner.js:43:19)
    at /home/mjl/Projects/riff/mattermost-webapp/node_modules/jest-jasmine2/build/queue_runner.js:87:41
    at processTicksAndRejections (internal/process/task_queues.js:93:5)</failure>
    </testcase>
    <testcase classname="components/FormattedMarkdownMessage values should work" name="components/FormattedMarkdownMessage values should work" time="0.001">
      <failure>TypeError: Cannot read property &apos;current&apos; of undefined
    at warnIfNotScopedWithMatchingAct (/home/mjl/Projects/riff/mattermost-webapp/node_modules/react-dom/cjs/react-dom.development.js:23264:59)
    at updateContainer (/home/mjl/Projects/riff/mattermost-webapp/node_modules/react-dom/cjs/react-dom.development.js:24431:7)
    at /home/mjl/Projects/riff/mattermost-webapp/node_modules/react-dom/cjs/react-dom.development.js:24963:7
    at unbatchedUpdates (/home/mjl/Projects/riff/mattermost-webapp/node_modules/react-dom/cjs/react-dom.development.js:21687:12)
    at legacyRenderSubtreeIntoContainer (/home/mjl/Projects/riff/mattermost-webapp/node_modules/react-dom/cjs/react-dom.development.js:24962:5)
    at Object.render (/home/mjl/Projects/riff/mattermost-webapp/node_modules/react-dom/cjs/react-dom.development.js:25042:12)
    at getFiber (/home/mjl/Projects/riff/mattermost-webapp/node_modules/enzyme-adapter-react-16/build/detectFiberTags.js:49:25)
    at detectFiberTags (/home/mjl/Projects/riff/mattermost-webapp/node_modules/enzyme-adapter-react-16/build/detectFiberTags.js:101:17)
    at ReactSixteenAdapter.createMountRenderer (/home/mjl/Projects/riff/mattermost-webapp/node_modules/enzyme-adapter-react-16/build/ReactSixteenAdapter.js:290:56)
    at ReactSixteenAdapter.createRenderer (/home/mjl/Projects/riff/mattermost-webapp/node_modules/enzyme-adapter-react-16/build/ReactSixteenAdapter.js:497:25)
    at new ReactWrapper (/home/mjl/Projects/riff/mattermost-webapp/node_modules/enzyme/build/ReactWrapper.js:113:30)
    at mount (/home/mjl/Projects/riff/mattermost-webapp/node_modules/enzyme/build/mount.js:21:10)
    at Object.&lt;anonymous&gt; (/home/mjl/Projects/riff/mattermost-webapp/tests/components/failing_tests/formatted_markdown_message.test.jsx:46:25)
    at Object.asyncJestTest (/home/mjl/Projects/riff/mattermost-webapp/node_modules/jest-jasmine2/build/jasmine_async.js:108:37)
    at /home/mjl/Projects/riff/mattermost-webapp/node_modules/jest-jasmine2/build/queue_runner.js:56:12
    at new Promise (&lt;anonymous&gt;)
    at mapper (/home/mjl/Projects/riff/mattermost-webapp/node_modules/jest-jasmine2/build/queue_runner.js:43:19)
    at /home/mjl/Projects/riff/mattermost-webapp/node_modules/jest-jasmine2/build/queue_runner.js:87:41
    at processTicksAndRejections (internal/process/task_queues.js:93:5)</failure>
    </testcase>
  </testsuite>
  <testsuite name="/components/create_team/components/display_name" errors="0" failures="6" skipped="0" timestamp="2019-10-31T15:01:15" time="0.549" tests="7">
    <testcase classname="/components/create_team/components/display_name should match snapshot" name="/components/create_team/components/display_name should match snapshot" time="0.012">
    </testcase>
    <testcase classname="/components/create_team/components/display_name should return to display_name.jsx page" name="/components/create_team/components/display_name should return to display_name.jsx page" time="0.015">
      <failure>TypeError: Cannot read property &apos;current&apos; of undefined
    at warnIfNotScopedWithMatchingAct (/home/mjl/Projects/riff/mattermost-webapp/node_modules/react-dom/cjs/react-dom.development.js:23264:59)
    at updateContainer (/home/mjl/Projects/riff/mattermost-webapp/node_modules/react-dom/cjs/react-dom.development.js:24431:7)
    at /home/mjl/Projects/riff/mattermost-webapp/node_modules/react-dom/cjs/react-dom.development.js:24963:7
    at unbatchedUpdates (/home/mjl/Projects/riff/mattermost-webapp/node_modules/react-dom/cjs/react-dom.development.js:21687:12)
    at legacyRenderSubtreeIntoContainer (/home/mjl/Projects/riff/mattermost-webapp/node_modules/react-dom/cjs/react-dom.development.js:24962:5)
    at Object.render (/home/mjl/Projects/riff/mattermost-webapp/node_modules/react-dom/cjs/react-dom.development.js:25042:12)
    at getFiber (/home/mjl/Projects/riff/mattermost-webapp/node_modules/enzyme-adapter-react-16/build/detectFiberTags.js:49:25)
    at detectFiberTags (/home/mjl/Projects/riff/mattermost-webapp/node_modules/enzyme-adapter-react-16/build/detectFiberTags.js:101:17)
    at ReactSixteenAdapter.createMountRenderer (/home/mjl/Projects/riff/mattermost-webapp/node_modules/enzyme-adapter-react-16/build/ReactSixteenAdapter.js:290:56)
    at ReactSixteenAdapter.createRenderer (/home/mjl/Projects/riff/mattermost-webapp/node_modules/enzyme-adapter-react-16/build/ReactSixteenAdapter.js:497:25)
    at new ReactWrapper (/home/mjl/Projects/riff/mattermost-webapp/node_modules/enzyme/build/ReactWrapper.js:113:30)
    at mount (/home/mjl/Projects/riff/mattermost-webapp/node_modules/enzyme/build/mount.js:21:10)
    at mountWithIntl (/home/mjl/Projects/riff/mattermost-webapp/tests/helpers/intl-test-helper.jsx:18:12)
    at Object.&lt;anonymous&gt; (/home/mjl/Projects/riff/mattermost-webapp/tests/components/create_team/failing_tests/team_url.test.jsx:47:25)
    at Object.asyncJestTest (/home/mjl/Projects/riff/mattermost-webapp/node_modules/jest-jasmine2/build/jasmine_async.js:108:37)
    at /home/mjl/Projects/riff/mattermost-webapp/node_modules/jest-jasmine2/build/queue_runner.js:56:12
    at new Promise (&lt;anonymous&gt;)
    at mapper (/home/mjl/Projects/riff/mattermost-webapp/node_modules/jest-jasmine2/build/queue_runner.js:43:19)
    at /home/mjl/Projects/riff/mattermost-webapp/node_modules/jest-jasmine2/build/queue_runner.js:87:41
    at processTicksAndRejections (internal/process/task_queues.js:93:5)</failure>
    </testcase>
    <testcase classname="/components/create_team/components/display_name should successfully submit" name="/components/create_team/components/display_name should successfully submit" time="0.002">
      <failure>TypeError: Cannot read property &apos;current&apos; of undefined
    at warnIfNotScopedWithMatchingAct (/home/mjl/Projects/riff/mattermost-webapp/node_modules/react-dom/cjs/react-dom.development.js:23264:59)
    at updateContainer (/home/mjl/Projects/riff/mattermost-webapp/node_modules/react-dom/cjs/react-dom.development.js:24431:7)
    at /home/mjl/Projects/riff/mattermost-webapp/node_modules/react-dom/cjs/react-dom.development.js:24963:7
    at unbatchedUpdates (/home/mjl/Projects/riff/mattermost-webapp/node_modules/react-dom/cjs/react-dom.development.js:21687:12)
    at legacyRenderSubtreeIntoContainer (/home/mjl/Projects/riff/mattermost-webapp/node_modules/react-dom/cjs/react-dom.development.js:24962:5)
    at Object.render (/home/mjl/Projects/riff/mattermost-webapp/node_modules/react-dom/cjs/react-dom.development.js:25042:12)
    at getFiber (/home/mjl/Projects/riff/mattermost-webapp/node_modules/enzyme-adapter-react-16/build/detectFiberTags.js:49:25)
    at detectFiberTags (/home/mjl/Projects/riff/mattermost-webapp/node_modules/enzyme-adapter-react-16/build/detectFiberTags.js:101:17)
    at ReactSixteenAdapter.createMountRenderer (/home/mjl/Projects/riff/mattermost-webapp/node_modules/enzyme-adapter-react-16/build/ReactSixteenAdapter.js:290:56)
    at ReactSixteenAdapter.createRenderer (/home/mjl/Projects/riff/mattermost-webapp/node_modules/enzyme-adapter-react-16/build/ReactSixteenAdapter.js:497:25)
    at new ReactWrapper (/home/mjl/Projects/riff/mattermost-webapp/node_modules/enzyme/build/ReactWrapper.js:113:30)
    at mount (/home/mjl/Projects/riff/mattermost-webapp/node_modules/enzyme/build/mount.js:21:10)
    at mountWithIntl (/home/mjl/Projects/riff/mattermost-webapp/tests/helpers/intl-test-helper.jsx:18:12)
    at Object.&lt;anonymous&gt; (/home/mjl/Projects/riff/mattermost-webapp/tests/components/create_team/failing_tests/team_url.test.jsx:63:25)
    at Object.asyncJestTest (/home/mjl/Projects/riff/mattermost-webapp/node_modules/jest-jasmine2/build/jasmine_async.js:108:37)
    at /home/mjl/Projects/riff/mattermost-webapp/node_modules/jest-jasmine2/build/queue_runner.js:56:12
    at new Promise (&lt;anonymous&gt;)
    at mapper (/home/mjl/Projects/riff/mattermost-webapp/node_modules/jest-jasmine2/build/queue_runner.js:43:19)
    at /home/mjl/Projects/riff/mattermost-webapp/node_modules/jest-jasmine2/build/queue_runner.js:87:41
    at processTicksAndRejections (internal/process/task_queues.js:93:5)</failure>
    </testcase>
    <testcase classname="/components/create_team/components/display_name should display isRequired error" name="/components/create_team/components/display_name should display isRequired error" time="0.001">
      <failure>TypeError: Cannot read property &apos;current&apos; of undefined
    at warnIfNotScopedWithMatchingAct (/home/mjl/Projects/riff/mattermost-webapp/node_modules/react-dom/cjs/react-dom.development.js:23264:59)
    at updateContainer (/home/mjl/Projects/riff/mattermost-webapp/node_modules/react-dom/cjs/react-dom.development.js:24431:7)
    at /home/mjl/Projects/riff/mattermost-webapp/node_modules/react-dom/cjs/react-dom.development.js:24963:7
    at unbatchedUpdates (/home/mjl/Projects/riff/mattermost-webapp/node_modules/react-dom/cjs/react-dom.development.js:21687:12)
    at legacyRenderSubtreeIntoContainer (/home/mjl/Projects/riff/mattermost-webapp/node_modules/react-dom/cjs/react-dom.development.js:24962:5)
    at Object.render (/home/mjl/Projects/riff/mattermost-webapp/node_modules/react-dom/cjs/react-dom.development.js:25042:12)
    at getFiber (/home/mjl/Projects/riff/mattermost-webapp/node_modules/enzyme-adapter-react-16/build/detectFiberTags.js:49:25)
    at detectFiberTags (/home/mjl/Projects/riff/mattermost-webapp/node_modules/enzyme-adapter-react-16/build/detectFiberTags.js:101:17)
    at ReactSixteenAdapter.createMountRenderer (/home/mjl/Projects/riff/mattermost-webapp/node_modules/enzyme-adapter-react-16/build/ReactSixteenAdapter.js:290:56)
    at ReactSixteenAdapter.createRenderer (/home/mjl/Projects/riff/mattermost-webapp/node_modules/enzyme-adapter-react-16/build/ReactSixteenAdapter.js:497:25)
    at new ReactWrapper (/home/mjl/Projects/riff/mattermost-webapp/node_modules/enzyme/build/ReactWrapper.js:113:30)
    at mount (/home/mjl/Projects/riff/mattermost-webapp/node_modules/enzyme/build/mount.js:21:10)
    at mountWithIntl (/home/mjl/Projects/riff/mattermost-webapp/tests/helpers/intl-test-helper.jsx:18:12)
    at Object.&lt;anonymous&gt; (/home/mjl/Projects/riff/mattermost-webapp/tests/components/create_team/failing_tests/team_url.test.jsx:73:25)
    at Object.asyncJestTest (/home/mjl/Projects/riff/mattermost-webapp/node_modules/jest-jasmine2/build/jasmine_async.js:108:37)
    at /home/mjl/Projects/riff/mattermost-webapp/node_modules/jest-jasmine2/build/queue_runner.js:56:12
    at new Promise (&lt;anonymous&gt;)
    at mapper (/home/mjl/Projects/riff/mattermost-webapp/node_modules/jest-jasmine2/build/queue_runner.js:43:19)
    at /home/mjl/Projects/riff/mattermost-webapp/node_modules/jest-jasmine2/build/queue_runner.js:87:41
    at processTicksAndRejections (internal/process/task_queues.js:93:5)</failure>
    </testcase>
    <testcase classname="/components/create_team/components/display_name should display charLength error" name="/components/create_team/components/display_name should display charLength error" time="0.001">
      <failure>TypeError: Cannot read property &apos;current&apos; of undefined
    at warnIfNotScopedWithMatchingAct (/home/mjl/Projects/riff/mattermost-webapp/node_modules/react-dom/cjs/react-dom.development.js:23264:59)
    at updateContainer (/home/mjl/Projects/riff/mattermost-webapp/node_modules/react-dom/cjs/react-dom.development.js:24431:7)
    at /home/mjl/Projects/riff/mattermost-webapp/node_modules/react-dom/cjs/react-dom.development.js:24963:7
    at unbatchedUpdates (/home/mjl/Projects/riff/mattermost-webapp/node_modules/react-dom/cjs/react-dom.development.js:21687:12)
    at legacyRenderSubtreeIntoContainer (/home/mjl/Projects/riff/mattermost-webapp/node_modules/react-dom/cjs/react-dom.development.js:24962:5)
    at Object.render (/home/mjl/Projects/riff/mattermost-webapp/node_modules/react-dom/cjs/react-dom.development.js:25042:12)
    at getFiber (/home/mjl/Projects/riff/mattermost-webapp/node_modules/enzyme-adapter-react-16/build/detectFiberTags.js:49:25)
    at detectFiberTags (/home/mjl/Projects/riff/mattermost-webapp/node_modules/enzyme-adapter-react-16/build/detectFiberTags.js:101:17)
    at ReactSixteenAdapter.createMountRenderer (/home/mjl/Projects/riff/mattermost-webapp/node_modules/enzyme-adapter-react-16/build/ReactSixteenAdapter.js:290:56)
    at ReactSixteenAdapter.createRenderer (/home/mjl/Projects/riff/mattermost-webapp/node_modules/enzyme-adapter-react-16/build/ReactSixteenAdapter.js:497:25)
    at new ReactWrapper (/home/mjl/Projects/riff/mattermost-webapp/node_modules/enzyme/build/ReactWrapper.js:113:30)
    at mount (/home/mjl/Projects/riff/mattermost-webapp/node_modules/enzyme/build/mount.js:21:10)
    at mountWithIntl (/home/mjl/Projects/riff/mattermost-webapp/tests/helpers/intl-test-helper.jsx:18:12)
    at Object.&lt;anonymous&gt; (/home/mjl/Projects/riff/mattermost-webapp/tests/components/create_team/failing_tests/team_url.test.jsx:86:25)
    at Object.asyncJestTest (/home/mjl/Projects/riff/mattermost-webapp/node_modules/jest-jasmine2/build/jasmine_async.js:108:37)
    at /home/mjl/Projects/riff/mattermost-webapp/node_modules/jest-jasmine2/build/queue_runner.js:56:12
    at new Promise (&lt;anonymous&gt;)
    at mapper (/home/mjl/Projects/riff/mattermost-webapp/node_modules/jest-jasmine2/build/queue_runner.js:43:19)
    at /home/mjl/Projects/riff/mattermost-webapp/node_modules/jest-jasmine2/build/queue_runner.js:87:41
    at processTicksAndRejections (internal/process/task_queues.js:93:5)</failure>
    </testcase>
    <testcase classname="/components/create_team/components/display_name should display teamUrl regex error" name="/components/create_team/components/display_name should display teamUrl regex error" time="0.001">
      <failure>TypeError: Cannot read property &apos;current&apos; of undefined
    at warnIfNotScopedWithMatchingAct (/home/mjl/Projects/riff/mattermost-webapp/node_modules/react-dom/cjs/react-dom.development.js:23264:59)
    at updateContainer (/home/mjl/Projects/riff/mattermost-webapp/node_modules/react-dom/cjs/react-dom.development.js:24431:7)
    at /home/mjl/Projects/riff/mattermost-webapp/node_modules/react-dom/cjs/react-dom.development.js:24963:7
    at unbatchedUpdates (/home/mjl/Projects/riff/mattermost-webapp/node_modules/react-dom/cjs/react-dom.development.js:21687:12)
    at legacyRenderSubtreeIntoContainer (/home/mjl/Projects/riff/mattermost-webapp/node_modules/react-dom/cjs/react-dom.development.js:24962:5)
    at Object.render (/home/mjl/Projects/riff/mattermost-webapp/node_modules/react-dom/cjs/react-dom.development.js:25042:12)
    at getFiber (/home/mjl/Projects/riff/mattermost-webapp/node_modules/enzyme-adapter-react-16/build/detectFiberTags.js:49:25)
    at detectFiberTags (/home/mjl/Projects/riff/mattermost-webapp/node_modules/enzyme-adapter-react-16/build/detectFiberTags.js:101:17)
    at ReactSixteenAdapter.createMountRenderer (/home/mjl/Projects/riff/mattermost-webapp/node_modules/enzyme-adapter-react-16/build/ReactSixteenAdapter.js:290:56)
    at ReactSixteenAdapter.createRenderer (/home/mjl/Projects/riff/mattermost-webapp/node_modules/enzyme-adapter-react-16/build/ReactSixteenAdapter.js:497:25)
    at new ReactWrapper (/home/mjl/Projects/riff/mattermost-webapp/node_modules/enzyme/build/ReactWrapper.js:113:30)
    at mount (/home/mjl/Projects/riff/mattermost-webapp/node_modules/enzyme/build/mount.js:21:10)
    at mountWithIntl (/home/mjl/Projects/riff/mattermost-webapp/tests/helpers/intl-test-helper.jsx:18:12)
    at Object.&lt;anonymous&gt; (/home/mjl/Projects/riff/mattermost-webapp/tests/components/create_team/failing_tests/team_url.test.jsx:97:25)
    at Object.asyncJestTest (/home/mjl/Projects/riff/mattermost-webapp/node_modules/jest-jasmine2/build/jasmine_async.js:108:37)
    at /home/mjl/Projects/riff/mattermost-webapp/node_modules/jest-jasmine2/build/queue_runner.js:56:12
    at new Promise (&lt;anonymous&gt;)
    at mapper (/home/mjl/Projects/riff/mattermost-webapp/node_modules/jest-jasmine2/build/queue_runner.js:43:19)
    at /home/mjl/Projects/riff/mattermost-webapp/node_modules/jest-jasmine2/build/queue_runner.js:87:41
    at processTicksAndRejections (internal/process/task_queues.js:93:5)</failure>
    </testcase>
    <testcase classname="/components/create_team/components/display_name should display teamUrl taken error" name="/components/create_team/components/display_name should display teamUrl taken error" time="0.001">
      <failure>TypeError: Cannot read property &apos;current&apos; of undefined
    at warnIfNotScopedWithMatchingAct (/home/mjl/Projects/riff/mattermost-webapp/node_modules/react-dom/cjs/react-dom.development.js:23264:59)
    at updateContainer (/home/mjl/Projects/riff/mattermost-webapp/node_modules/react-dom/cjs/react-dom.development.js:24431:7)
    at /home/mjl/Projects/riff/mattermost-webapp/node_modules/react-dom/cjs/react-dom.development.js:24963:7
    at unbatchedUpdates (/home/mjl/Projects/riff/mattermost-webapp/node_modules/react-dom/cjs/react-dom.development.js:21687:12)
    at legacyRenderSubtreeIntoContainer (/home/mjl/Projects/riff/mattermost-webapp/node_modules/react-dom/cjs/react-dom.development.js:24962:5)
    at Object.render (/home/mjl/Projects/riff/mattermost-webapp/node_modules/react-dom/cjs/react-dom.development.js:25042:12)
    at getFiber (/home/mjl/Projects/riff/mattermost-webapp/node_modules/enzyme-adapter-react-16/build/detectFiberTags.js:49:25)
    at detectFiberTags (/home/mjl/Projects/riff/mattermost-webapp/node_modules/enzyme-adapter-react-16/build/detectFiberTags.js:101:17)
    at ReactSixteenAdapter.createMountRenderer (/home/mjl/Projects/riff/mattermost-webapp/node_modules/enzyme-adapter-react-16/build/ReactSixteenAdapter.js:290:56)
    at ReactSixteenAdapter.createRenderer (/home/mjl/Projects/riff/mattermost-webapp/node_modules/enzyme-adapter-react-16/build/ReactSixteenAdapter.js:497:25)
    at new ReactWrapper (/home/mjl/Projects/riff/mattermost-webapp/node_modules/enzyme/build/ReactWrapper.js:113:30)
    at mount (/home/mjl/Projects/riff/mattermost-webapp/node_modules/enzyme/build/mount.js:21:10)
    at mountWithIntl (/home/mjl/Projects/riff/mattermost-webapp/tests/helpers/intl-test-helper.jsx:18:12)
    at Object.&lt;anonymous&gt; (/home/mjl/Projects/riff/mattermost-webapp/tests/components/create_team/failing_tests/team_url.test.jsx:109:25)
    at Object.asyncJestTest (/home/mjl/Projects/riff/mattermost-webapp/node_modules/jest-jasmine2/build/jasmine_async.js:108:37)
    at /home/mjl/Projects/riff/mattermost-webapp/node_modules/jest-jasmine2/build/queue_runner.js:56:12
    at new Promise (&lt;anonymous&gt;)
    at mapper (/home/mjl/Projects/riff/mattermost-webapp/node_modules/jest-jasmine2/build/queue_runner.js:43:19)
    at /home/mjl/Projects/riff/mattermost-webapp/node_modules/jest-jasmine2/build/queue_runner.js:87:41
    at processTicksAndRejections (internal/process/task_queues.js:93:5)</failure>
    </testcase>
  </testsuite>
  <testsuite name="components/SpinnerButton" errors="0" failures="1" skipped="0" timestamp="2019-10-31T15:01:15" time="0.169" tests="1">
    <testcase classname="components/SpinnerButton should handle onClick" name="components/SpinnerButton should handle onClick" time="0.007">
      <failure>TypeError: Cannot read property &apos;current&apos; of undefined
    at warnIfNotScopedWithMatchingAct (/home/mjl/Projects/riff/mattermost-webapp/node_modules/react-dom/cjs/react-dom.development.js:23264:59)
    at updateContainer (/home/mjl/Projects/riff/mattermost-webapp/node_modules/react-dom/cjs/react-dom.development.js:24431:7)
    at /home/mjl/Projects/riff/mattermost-webapp/node_modules/react-dom/cjs/react-dom.development.js:24963:7
    at unbatchedUpdates (/home/mjl/Projects/riff/mattermost-webapp/node_modules/react-dom/cjs/react-dom.development.js:21687:12)
    at legacyRenderSubtreeIntoContainer (/home/mjl/Projects/riff/mattermost-webapp/node_modules/react-dom/cjs/react-dom.development.js:24962:5)
    at Object.render (/home/mjl/Projects/riff/mattermost-webapp/node_modules/react-dom/cjs/react-dom.development.js:25042:12)
    at getFiber (/home/mjl/Projects/riff/mattermost-webapp/node_modules/enzyme-adapter-react-16/build/detectFiberTags.js:49:25)
    at detectFiberTags (/home/mjl/Projects/riff/mattermost-webapp/node_modules/enzyme-adapter-react-16/build/detectFiberTags.js:101:17)
    at ReactSixteenAdapter.createMountRenderer (/home/mjl/Projects/riff/mattermost-webapp/node_modules/enzyme-adapter-react-16/build/ReactSixteenAdapter.js:290:56)
    at ReactSixteenAdapter.createRenderer (/home/mjl/Projects/riff/mattermost-webapp/node_modules/enzyme-adapter-react-16/build/ReactSixteenAdapter.js:497:25)
    at new ReactWrapper (/home/mjl/Projects/riff/mattermost-webapp/node_modules/enzyme/build/ReactWrapper.js:113:30)
    at mount (/home/mjl/Projects/riff/mattermost-webapp/node_modules/enzyme/build/mount.js:21:10)
    at Object.&lt;anonymous&gt; (/home/mjl/Projects/riff/mattermost-webapp/tests/components/failing_tests/spinner_button.test.jsx:13:25)
    at Object.asyncJestTest (/home/mjl/Projects/riff/mattermost-webapp/node_modules/jest-jasmine2/build/jasmine_async.js:108:37)
    at /home/mjl/Projects/riff/mattermost-webapp/node_modules/jest-jasmine2/build/queue_runner.js:56:12
    at new Promise (&lt;anonymous&gt;)
    at mapper (/home/mjl/Projects/riff/mattermost-webapp/node_modules/jest-jasmine2/build/queue_runner.js:43:19)
    at /home/mjl/Projects/riff/mattermost-webapp/node_modules/jest-jasmine2/build/queue_runner.js:87:41
    at processTicksAndRejections (internal/process/task_queues.js:93:5)</failure>
    </testcase>
  </testsuite>
  <testsuite name="components/ShortcutsModal" errors="0" failures="2" skipped="0" timestamp="2019-10-31T15:01:15" time="0.29" tests="2">
    <testcase classname="components/ShortcutsModal should match snapshot modal for Mac" name="components/ShortcutsModal should match snapshot modal for Mac" time="0.014">
      <failure>TypeError: Cannot read property &apos;current&apos; of undefined
    at warnIfNotScopedWithMatchingAct (/home/mjl/Projects/riff/mattermost-webapp/node_modules/react-dom/cjs/react-dom.development.js:23264:59)
    at updateContainer (/home/mjl/Projects/riff/mattermost-webapp/node_modules/react-dom/cjs/react-dom.development.js:24431:7)
    at /home/mjl/Projects/riff/mattermost-webapp/node_modules/react-dom/cjs/react-dom.development.js:24963:7
    at unbatchedUpdates (/home/mjl/Projects/riff/mattermost-webapp/node_modules/react-dom/cjs/react-dom.development.js:21687:12)
    at legacyRenderSubtreeIntoContainer (/home/mjl/Projects/riff/mattermost-webapp/node_modules/react-dom/cjs/react-dom.development.js:24962:5)
    at Object.render (/home/mjl/Projects/riff/mattermost-webapp/node_modules/react-dom/cjs/react-dom.development.js:25042:12)
    at getFiber (/home/mjl/Projects/riff/mattermost-webapp/node_modules/enzyme-adapter-react-16/build/detectFiberTags.js:49:25)
    at detectFiberTags (/home/mjl/Projects/riff/mattermost-webapp/node_modules/enzyme-adapter-react-16/build/detectFiberTags.js:101:17)
    at ReactSixteenAdapter.createMountRenderer (/home/mjl/Projects/riff/mattermost-webapp/node_modules/enzyme-adapter-react-16/build/ReactSixteenAdapter.js:290:56)
    at ReactSixteenAdapter.createRenderer (/home/mjl/Projects/riff/mattermost-webapp/node_modules/enzyme-adapter-react-16/build/ReactSixteenAdapter.js:497:25)
    at new ReactWrapper (/home/mjl/Projects/riff/mattermost-webapp/node_modules/enzyme/build/ReactWrapper.js:113:30)
    at mount (/home/mjl/Projects/riff/mattermost-webapp/node_modules/enzyme/build/mount.js:21:10)
    at mountWithIntl (/home/mjl/Projects/riff/mattermost-webapp/tests/helpers/intl-test-helper.jsx:18:12)
    at Object.&lt;anonymous&gt; (/home/mjl/Projects/riff/mattermost-webapp/tests/components/failing_tests/shortcuts_modal.test.jsx:11:25)
    at Object.asyncJestTest (/home/mjl/Projects/riff/mattermost-webapp/node_modules/jest-jasmine2/build/jasmine_async.js:108:37)
    at /home/mjl/Projects/riff/mattermost-webapp/node_modules/jest-jasmine2/build/queue_runner.js:56:12
    at new Promise (&lt;anonymous&gt;)
    at mapper (/home/mjl/Projects/riff/mattermost-webapp/node_modules/jest-jasmine2/build/queue_runner.js:43:19)
    at /home/mjl/Projects/riff/mattermost-webapp/node_modules/jest-jasmine2/build/queue_runner.js:87:41
    at processTicksAndRejections (internal/process/task_queues.js:93:5)</failure>
    </testcase>
    <testcase classname="components/ShortcutsModal should match snapshot modal for non-Mac like Windows/Linux" name="components/ShortcutsModal should match snapshot modal for non-Mac like Windows/Linux" time="0.001">
      <failure>TypeError: Cannot read property &apos;current&apos; of undefined
    at warnIfNotScopedWithMatchingAct (/home/mjl/Projects/riff/mattermost-webapp/node_modules/react-dom/cjs/react-dom.development.js:23264:59)
    at updateContainer (/home/mjl/Projects/riff/mattermost-webapp/node_modules/react-dom/cjs/react-dom.development.js:24431:7)
    at /home/mjl/Projects/riff/mattermost-webapp/node_modules/react-dom/cjs/react-dom.development.js:24963:7
    at unbatchedUpdates (/home/mjl/Projects/riff/mattermost-webapp/node_modules/react-dom/cjs/react-dom.development.js:21687:12)
    at legacyRenderSubtreeIntoContainer (/home/mjl/Projects/riff/mattermost-webapp/node_modules/react-dom/cjs/react-dom.development.js:24962:5)
    at Object.render (/home/mjl/Projects/riff/mattermost-webapp/node_modules/react-dom/cjs/react-dom.development.js:25042:12)
    at getFiber (/home/mjl/Projects/riff/mattermost-webapp/node_modules/enzyme-adapter-react-16/build/detectFiberTags.js:49:25)
    at detectFiberTags (/home/mjl/Projects/riff/mattermost-webapp/node_modules/enzyme-adapter-react-16/build/detectFiberTags.js:101:17)
    at ReactSixteenAdapter.createMountRenderer (/home/mjl/Projects/riff/mattermost-webapp/node_modules/enzyme-adapter-react-16/build/ReactSixteenAdapter.js:290:56)
    at ReactSixteenAdapter.createRenderer (/home/mjl/Projects/riff/mattermost-webapp/node_modules/enzyme-adapter-react-16/build/ReactSixteenAdapter.js:497:25)
    at new ReactWrapper (/home/mjl/Projects/riff/mattermost-webapp/node_modules/enzyme/build/ReactWrapper.js:113:30)
    at mount (/home/mjl/Projects/riff/mattermost-webapp/node_modules/enzyme/build/mount.js:21:10)
    at mountWithIntl (/home/mjl/Projects/riff/mattermost-webapp/tests/helpers/intl-test-helper.jsx:18:12)
    at Object.&lt;anonymous&gt; (/home/mjl/Projects/riff/mattermost-webapp/tests/components/failing_tests/shortcuts_modal.test.jsx:19:25)
    at Object.asyncJestTest (/home/mjl/Projects/riff/mattermost-webapp/node_modules/jest-jasmine2/build/jasmine_async.js:108:37)
    at /home/mjl/Projects/riff/mattermost-webapp/node_modules/jest-jasmine2/build/queue_runner.js:56:12
    at new Promise (&lt;anonymous&gt;)
    at mapper (/home/mjl/Projects/riff/mattermost-webapp/node_modules/jest-jasmine2/build/queue_runner.js:43:19)
    at /home/mjl/Projects/riff/mattermost-webapp/node_modules/jest-jasmine2/build/queue_runner.js:87:41
    at processTicksAndRejections (internal/process/task_queues.js:93:5)</failure>
    </testcase>
  </testsuite>
  <testsuite name="components/admin_console/request_button/request_button.jsx" errors="0" failures="4" skipped="0" timestamp="2019-10-31T15:01:14" time="1.029" tests="5">
    <testcase classname="components/admin_console/request_button/request_button.jsx should match snapshot" name="components/admin_console/request_button/request_button.jsx should match snapshot" time="0.005">
    </testcase>
    <testcase classname="components/admin_console/request_button/request_button.jsx should call saveConfig and request actions when saveNeeded is true" name="components/admin_console/request_button/request_button.jsx should call saveConfig and request actions when saveNeeded is true" time="0.018">
      <failure>TypeError: Cannot read property &apos;current&apos; of undefined
    at warnIfNotScopedWithMatchingAct (/home/mjl/Projects/riff/mattermost-webapp/node_modules/react-dom/cjs/react-dom.development.js:23264:59)
    at updateContainer (/home/mjl/Projects/riff/mattermost-webapp/node_modules/react-dom/cjs/react-dom.development.js:24431:7)
    at /home/mjl/Projects/riff/mattermost-webapp/node_modules/react-dom/cjs/react-dom.development.js:24963:7
    at unbatchedUpdates (/home/mjl/Projects/riff/mattermost-webapp/node_modules/react-dom/cjs/react-dom.development.js:21687:12)
    at legacyRenderSubtreeIntoContainer (/home/mjl/Projects/riff/mattermost-webapp/node_modules/react-dom/cjs/react-dom.development.js:24962:5)
    at Object.render (/home/mjl/Projects/riff/mattermost-webapp/node_modules/react-dom/cjs/react-dom.development.js:25042:12)
    at getFiber (/home/mjl/Projects/riff/mattermost-webapp/node_modules/enzyme-adapter-react-16/build/detectFiberTags.js:49:25)
    at detectFiberTags (/home/mjl/Projects/riff/mattermost-webapp/node_modules/enzyme-adapter-react-16/build/detectFiberTags.js:101:17)
    at ReactSixteenAdapter.createMountRenderer (/home/mjl/Projects/riff/mattermost-webapp/node_modules/enzyme-adapter-react-16/build/ReactSixteenAdapter.js:290:56)
    at ReactSixteenAdapter.createRenderer (/home/mjl/Projects/riff/mattermost-webapp/node_modules/enzyme-adapter-react-16/build/ReactSixteenAdapter.js:497:25)
    at new ReactWrapper (/home/mjl/Projects/riff/mattermost-webapp/node_modules/enzyme/build/ReactWrapper.js:113:30)
    at mount (/home/mjl/Projects/riff/mattermost-webapp/node_modules/enzyme/build/mount.js:21:10)
    at mountWithIntl (/home/mjl/Projects/riff/mattermost-webapp/tests/helpers/intl-test-helper.jsx:18:12)
    at Object.&lt;anonymous&gt; (/home/mjl/Projects/riff/mattermost-webapp/tests/components/admin_console/request_button/failing_tests/request_button.test.jsx:39:25)
    at Object.asyncJestTest (/home/mjl/Projects/riff/mattermost-webapp/node_modules/jest-jasmine2/build/jasmine_async.js:108:37)
    at /home/mjl/Projects/riff/mattermost-webapp/node_modules/jest-jasmine2/build/queue_runner.js:56:12
    at new Promise (&lt;anonymous&gt;)
    at mapper (/home/mjl/Projects/riff/mattermost-webapp/node_modules/jest-jasmine2/build/queue_runner.js:43:19)
    at /home/mjl/Projects/riff/mattermost-webapp/node_modules/jest-jasmine2/build/queue_runner.js:87:41
    at processTicksAndRejections (internal/process/task_queues.js:93:5)</failure>
    </testcase>
    <testcase classname="components/admin_console/request_button/request_button.jsx should call only request action when saveNeeded is false" name="components/admin_console/request_button/request_button.jsx should call only request action when saveNeeded is false" time="0.001">
      <failure>TypeError: Cannot read property &apos;current&apos; of undefined
    at warnIfNotScopedWithMatchingAct (/home/mjl/Projects/riff/mattermost-webapp/node_modules/react-dom/cjs/react-dom.development.js:23264:59)
    at updateContainer (/home/mjl/Projects/riff/mattermost-webapp/node_modules/react-dom/cjs/react-dom.development.js:24431:7)
    at /home/mjl/Projects/riff/mattermost-webapp/node_modules/react-dom/cjs/react-dom.development.js:24963:7
    at unbatchedUpdates (/home/mjl/Projects/riff/mattermost-webapp/node_modules/react-dom/cjs/react-dom.development.js:21687:12)
    at legacyRenderSubtreeIntoContainer (/home/mjl/Projects/riff/mattermost-webapp/node_modules/react-dom/cjs/react-dom.development.js:24962:5)
    at Object.render (/home/mjl/Projects/riff/mattermost-webapp/node_modules/react-dom/cjs/react-dom.development.js:25042:12)
    at getFiber (/home/mjl/Projects/riff/mattermost-webapp/node_modules/enzyme-adapter-react-16/build/detectFiberTags.js:49:25)
    at detectFiberTags (/home/mjl/Projects/riff/mattermost-webapp/node_modules/enzyme-adapter-react-16/build/detectFiberTags.js:101:17)
    at ReactSixteenAdapter.createMountRenderer (/home/mjl/Projects/riff/mattermost-webapp/node_modules/enzyme-adapter-react-16/build/ReactSixteenAdapter.js:290:56)
    at ReactSixteenAdapter.createRenderer (/home/mjl/Projects/riff/mattermost-webapp/node_modules/enzyme-adapter-react-16/build/ReactSixteenAdapter.js:497:25)
    at new ReactWrapper (/home/mjl/Projects/riff/mattermost-webapp/node_modules/enzyme/build/ReactWrapper.js:113:30)
    at mount (/home/mjl/Projects/riff/mattermost-webapp/node_modules/enzyme/build/mount.js:21:10)
    at mountWithIntl (/home/mjl/Projects/riff/mattermost-webapp/tests/helpers/intl-test-helper.jsx:18:12)
    at Object.&lt;anonymous&gt; (/home/mjl/Projects/riff/mattermost-webapp/tests/components/admin_console/request_button/failing_tests/request_button.test.jsx:69:25)
    at Object.asyncJestTest (/home/mjl/Projects/riff/mattermost-webapp/node_modules/jest-jasmine2/build/jasmine_async.js:108:37)
    at /home/mjl/Projects/riff/mattermost-webapp/node_modules/jest-jasmine2/build/queue_runner.js:56:12
    at new Promise (&lt;anonymous&gt;)
    at mapper (/home/mjl/Projects/riff/mattermost-webapp/node_modules/jest-jasmine2/build/queue_runner.js:43:19)
    at /home/mjl/Projects/riff/mattermost-webapp/node_modules/jest-jasmine2/build/queue_runner.js:87:41
    at processTicksAndRejections (internal/process/task_queues.js:93:5)</failure>
    </testcase>
    <testcase classname="components/admin_console/request_button/request_button.jsx should match snapshot with successMessage" name="components/admin_console/request_button/request_button.jsx should match snapshot with successMessage" time="0.001">
      <failure>TypeError: Cannot read property &apos;current&apos; of undefined
    at warnIfNotScopedWithMatchingAct (/home/mjl/Projects/riff/mattermost-webapp/node_modules/react-dom/cjs/react-dom.development.js:23264:59)
    at updateContainer (/home/mjl/Projects/riff/mattermost-webapp/node_modules/react-dom/cjs/react-dom.development.js:24431:7)
    at /home/mjl/Projects/riff/mattermost-webapp/node_modules/react-dom/cjs/react-dom.development.js:24963:7
    at unbatchedUpdates (/home/mjl/Projects/riff/mattermost-webapp/node_modules/react-dom/cjs/react-dom.development.js:21687:12)
    at legacyRenderSubtreeIntoContainer (/home/mjl/Projects/riff/mattermost-webapp/node_modules/react-dom/cjs/react-dom.development.js:24962:5)
    at Object.render (/home/mjl/Projects/riff/mattermost-webapp/node_modules/react-dom/cjs/react-dom.development.js:25042:12)
    at getFiber (/home/mjl/Projects/riff/mattermost-webapp/node_modules/enzyme-adapter-react-16/build/detectFiberTags.js:49:25)
    at detectFiberTags (/home/mjl/Projects/riff/mattermost-webapp/node_modules/enzyme-adapter-react-16/build/detectFiberTags.js:101:17)
    at ReactSixteenAdapter.createMountRenderer (/home/mjl/Projects/riff/mattermost-webapp/node_modules/enzyme-adapter-react-16/build/ReactSixteenAdapter.js:290:56)
    at ReactSixteenAdapter.createRenderer (/home/mjl/Projects/riff/mattermost-webapp/node_modules/enzyme-adapter-react-16/build/ReactSixteenAdapter.js:497:25)
    at new ReactWrapper (/home/mjl/Projects/riff/mattermost-webapp/node_modules/enzyme/build/ReactWrapper.js:113:30)
    at mount (/home/mjl/Projects/riff/mattermost-webapp/node_modules/enzyme/build/mount.js:21:10)
    at mountWithIntl (/home/mjl/Projects/riff/mattermost-webapp/tests/helpers/intl-test-helper.jsx:18:12)
    at Object.&lt;anonymous&gt; (/home/mjl/Projects/riff/mattermost-webapp/tests/components/admin_console/request_button/failing_tests/request_button.test.jsx:99:26)
    at Object.asyncJestTest (/home/mjl/Projects/riff/mattermost-webapp/node_modules/jest-jasmine2/build/jasmine_async.js:108:37)
    at /home/mjl/Projects/riff/mattermost-webapp/node_modules/jest-jasmine2/build/queue_runner.js:56:12
    at new Promise (&lt;anonymous&gt;)
    at mapper (/home/mjl/Projects/riff/mattermost-webapp/node_modules/jest-jasmine2/build/queue_runner.js:43:19)
    at /home/mjl/Projects/riff/mattermost-webapp/node_modules/jest-jasmine2/build/queue_runner.js:87:41
    at processTicksAndRejections (internal/process/task_queues.js:93:5)</failure>
    </testcase>
    <testcase classname="components/admin_console/request_button/request_button.jsx should match snapshot with request error" name="components/admin_console/request_button/request_button.jsx should match snapshot with request error" time="0.002">
      <failure>TypeError: Cannot read property &apos;current&apos; of undefined
    at warnIfNotScopedWithMatchingAct (/home/mjl/Projects/riff/mattermost-webapp/node_modules/react-dom/cjs/react-dom.development.js:23264:59)
    at updateContainer (/home/mjl/Projects/riff/mattermost-webapp/node_modules/react-dom/cjs/react-dom.development.js:24431:7)
    at /home/mjl/Projects/riff/mattermost-webapp/node_modules/react-dom/cjs/react-dom.development.js:24963:7
    at unbatchedUpdates (/home/mjl/Projects/riff/mattermost-webapp/node_modules/react-dom/cjs/react-dom.development.js:21687:12)
    at legacyRenderSubtreeIntoContainer (/home/mjl/Projects/riff/mattermost-webapp/node_modules/react-dom/cjs/react-dom.development.js:24962:5)
    at Object.render (/home/mjl/Projects/riff/mattermost-webapp/node_modules/react-dom/cjs/react-dom.development.js:25042:12)
    at getFiber (/home/mjl/Projects/riff/mattermost-webapp/node_modules/enzyme-adapter-react-16/build/detectFiberTags.js:49:25)
    at detectFiberTags (/home/mjl/Projects/riff/mattermost-webapp/node_modules/enzyme-adapter-react-16/build/detectFiberTags.js:101:17)
    at ReactSixteenAdapter.createMountRenderer (/home/mjl/Projects/riff/mattermost-webapp/node_modules/enzyme-adapter-react-16/build/ReactSixteenAdapter.js:290:56)
    at ReactSixteenAdapter.createRenderer (/home/mjl/Projects/riff/mattermost-webapp/node_modules/enzyme-adapter-react-16/build/ReactSixteenAdapter.js:497:25)
    at new ReactWrapper (/home/mjl/Projects/riff/mattermost-webapp/node_modules/enzyme/build/ReactWrapper.js:113:30)
    at mount (/home/mjl/Projects/riff/mattermost-webapp/node_modules/enzyme/build/mount.js:21:10)
    at mountWithIntl (/home/mjl/Projects/riff/mattermost-webapp/tests/helpers/intl-test-helper.jsx:18:12)
    at Object.&lt;anonymous&gt; (/home/mjl/Projects/riff/mattermost-webapp/tests/components/admin_console/request_button/failing_tests/request_button.test.jsx:161:26)
    at Object.asyncJestTest (/home/mjl/Projects/riff/mattermost-webapp/node_modules/jest-jasmine2/build/jasmine_async.js:108:37)
    at /home/mjl/Projects/riff/mattermost-webapp/node_modules/jest-jasmine2/build/queue_runner.js:56:12
    at new Promise (&lt;anonymous&gt;)
    at mapper (/home/mjl/Projects/riff/mattermost-webapp/node_modules/jest-jasmine2/build/queue_runner.js:43:19)
    at /home/mjl/Projects/riff/mattermost-webapp/node_modules/jest-jasmine2/build/queue_runner.js:87:41
    at processTicksAndRejections (internal/process/task_queues.js:93:5)</failure>
    </testcase>
  </testsuite>
  <testsuite name="components/post_view/DateSeparator" errors="0" failures="1" skipped="0" timestamp="2019-10-31T15:01:15" time="0.222" tests="1">
    <testcase classname="components/post_view/DateSeparator should match snapshot" name="components/post_view/DateSeparator should match snapshot" time="0.017">
      <failure>TypeError: Cannot read property &apos;current&apos; of undefined
    at warnIfNotScopedWithMatchingAct (/home/mjl/Projects/riff/mattermost-webapp/node_modules/react-dom/cjs/react-dom.development.js:23264:59)
    at updateContainer (/home/mjl/Projects/riff/mattermost-webapp/node_modules/react-dom/cjs/react-dom.development.js:24431:7)
    at /home/mjl/Projects/riff/mattermost-webapp/node_modules/react-dom/cjs/react-dom.development.js:24963:7
    at unbatchedUpdates (/home/mjl/Projects/riff/mattermost-webapp/node_modules/react-dom/cjs/react-dom.development.js:21687:12)
    at legacyRenderSubtreeIntoContainer (/home/mjl/Projects/riff/mattermost-webapp/node_modules/react-dom/cjs/react-dom.development.js:24962:5)
    at Object.render (/home/mjl/Projects/riff/mattermost-webapp/node_modules/react-dom/cjs/react-dom.development.js:25042:12)
    at getFiber (/home/mjl/Projects/riff/mattermost-webapp/node_modules/enzyme-adapter-react-16/build/detectFiberTags.js:49:25)
    at detectFiberTags (/home/mjl/Projects/riff/mattermost-webapp/node_modules/enzyme-adapter-react-16/build/detectFiberTags.js:101:17)
    at ReactSixteenAdapter.createMountRenderer (/home/mjl/Projects/riff/mattermost-webapp/node_modules/enzyme-adapter-react-16/build/ReactSixteenAdapter.js:290:56)
    at ReactSixteenAdapter.createRenderer (/home/mjl/Projects/riff/mattermost-webapp/node_modules/enzyme-adapter-react-16/build/ReactSixteenAdapter.js:497:25)
    at new ReactWrapper (/home/mjl/Projects/riff/mattermost-webapp/node_modules/enzyme/build/ReactWrapper.js:113:30)
    at mount (/home/mjl/Projects/riff/mattermost-webapp/node_modules/enzyme/build/mount.js:21:10)
    at mountWithIntl (/home/mjl/Projects/riff/mattermost-webapp/tests/helpers/intl-test-helper.jsx:18:12)
    at Object.&lt;anonymous&gt; (/home/mjl/Projects/riff/mattermost-webapp/tests/components/post_view/failing_tests/date_separator.test.jsx:12:25)
    at Object.asyncJestTest (/home/mjl/Projects/riff/mattermost-webapp/node_modules/jest-jasmine2/build/jasmine_async.js:108:37)
    at /home/mjl/Projects/riff/mattermost-webapp/node_modules/jest-jasmine2/build/queue_runner.js:56:12
    at new Promise (&lt;anonymous&gt;)
    at mapper (/home/mjl/Projects/riff/mattermost-webapp/node_modules/jest-jasmine2/build/queue_runner.js:43:19)
    at /home/mjl/Projects/riff/mattermost-webapp/node_modules/jest-jasmine2/build/queue_runner.js:87:41
    at processTicksAndRejections (internal/process/task_queues.js:93:5)</failure>
    </testcase>
  </testsuite>
  <testsuite name="/components/common/SiteNameAndDescription" errors="0" failures="1" skipped="0" timestamp="2019-10-31T15:01:15" time="0.25" tests="2">
    <testcase classname="/components/common/SiteNameAndDescription should match snapshot, default" name="/components/common/SiteNameAndDescription should match snapshot, default" time="0.014">
    </testcase>
    <testcase classname="/components/common/SiteNameAndDescription should match snapshot, with custom site name and description" name="/components/common/SiteNameAndDescription should match snapshot, with custom site name and description" time="0.005">
      <failure>Error: Method “text” is only meant to be run on a single node. 0 found instead.
    at ShallowWrapper.single (/home/mjl/Projects/riff/mattermost-webapp/node_modules/enzyme/build/ShallowWrapper.js:1761:17)
    at ShallowWrapper.text (/home/mjl/Projects/riff/mattermost-webapp/node_modules/enzyme/build/ShallowWrapper.js:965:21)
    at Object.text (/home/mjl/Projects/riff/mattermost-webapp/tests/components/common/failing_tests/site_name_and_description.test.jsx:29:35)
    at Object.asyncJestTest (/home/mjl/Projects/riff/mattermost-webapp/node_modules/jest-jasmine2/build/jasmine_async.js:108:37)
    at /home/mjl/Projects/riff/mattermost-webapp/node_modules/jest-jasmine2/build/queue_runner.js:56:12
    at new Promise (&lt;anonymous&gt;)
    at mapper (/home/mjl/Projects/riff/mattermost-webapp/node_modules/jest-jasmine2/build/queue_runner.js:43:19)
    at /home/mjl/Projects/riff/mattermost-webapp/node_modules/jest-jasmine2/build/queue_runner.js:87:41
    at processTicksAndRejections (internal/process/task_queues.js:93:5)</failure>
    </testcase>
  </testsuite>
  <testsuite name="components/user_settings/notifications/EmailNotificationSetting" errors="0" failures="6" skipped="0" timestamp="2019-10-31T15:01:15" time="0.928" tests="11">
    <testcase classname="components/user_settings/notifications/EmailNotificationSetting should match snapshot" name="components/user_settings/notifications/EmailNotificationSetting should match snapshot" time="0.022">
      <failure>TypeError: Cannot read property &apos;current&apos; of undefined
    at warnIfNotScopedWithMatchingAct (/home/mjl/Projects/riff/mattermost-webapp/node_modules/react-dom/cjs/react-dom.development.js:23264:59)
    at updateContainer (/home/mjl/Projects/riff/mattermost-webapp/node_modules/react-dom/cjs/react-dom.development.js:24431:7)
    at /home/mjl/Projects/riff/mattermost-webapp/node_modules/react-dom/cjs/react-dom.development.js:24963:7
    at unbatchedUpdates (/home/mjl/Projects/riff/mattermost-webapp/node_modules/react-dom/cjs/react-dom.development.js:21687:12)
    at legacyRenderSubtreeIntoContainer (/home/mjl/Projects/riff/mattermost-webapp/node_modules/react-dom/cjs/react-dom.development.js:24962:5)
    at Object.render (/home/mjl/Projects/riff/mattermost-webapp/node_modules/react-dom/cjs/react-dom.development.js:25042:12)
    at getFiber (/home/mjl/Projects/riff/mattermost-webapp/node_modules/enzyme-adapter-react-16/build/detectFiberTags.js:49:25)
    at detectFiberTags (/home/mjl/Projects/riff/mattermost-webapp/node_modules/enzyme-adapter-react-16/build/detectFiberTags.js:101:17)
    at ReactSixteenAdapter.createMountRenderer (/home/mjl/Projects/riff/mattermost-webapp/node_modules/enzyme-adapter-react-16/build/ReactSixteenAdapter.js:290:56)
    at ReactSixteenAdapter.createRenderer (/home/mjl/Projects/riff/mattermost-webapp/node_modules/enzyme-adapter-react-16/build/ReactSixteenAdapter.js:497:25)
    at new ReactWrapper (/home/mjl/Projects/riff/mattermost-webapp/node_modules/enzyme/build/ReactWrapper.js:113:30)
    at mount (/home/mjl/Projects/riff/mattermost-webapp/node_modules/enzyme/build/mount.js:21:10)
    at mountWithIntl (/home/mjl/Projects/riff/mattermost-webapp/tests/helpers/intl-test-helper.jsx:18:12)
    at Object.&lt;anonymous&gt; (/home/mjl/Projects/riff/mattermost-webapp/tests/components/user_settings/failing_tests/email_notification_setting.test.jsx:31:25)
    at Object.asyncJestTest (/home/mjl/Projects/riff/mattermost-webapp/node_modules/jest-jasmine2/build/jasmine_async.js:108:37)
    at /home/mjl/Projects/riff/mattermost-webapp/node_modules/jest-jasmine2/build/queue_runner.js:56:12
    at new Promise (&lt;anonymous&gt;)
    at mapper (/home/mjl/Projects/riff/mattermost-webapp/node_modules/jest-jasmine2/build/queue_runner.js:43:19)
    at /home/mjl/Projects/riff/mattermost-webapp/node_modules/jest-jasmine2/build/queue_runner.js:87:41
    at processTicksAndRejections (internal/process/task_queues.js:93:5)</failure>
    </testcase>
    <testcase classname="components/user_settings/notifications/EmailNotificationSetting should match snapshot, enabled email batching" name="components/user_settings/notifications/EmailNotificationSetting should match snapshot, enabled email batching" time="0.002">
      <failure>TypeError: Cannot read property &apos;current&apos; of undefined
    at warnIfNotScopedWithMatchingAct (/home/mjl/Projects/riff/mattermost-webapp/node_modules/react-dom/cjs/react-dom.development.js:23264:59)
    at updateContainer (/home/mjl/Projects/riff/mattermost-webapp/node_modules/react-dom/cjs/react-dom.development.js:24431:7)
    at /home/mjl/Projects/riff/mattermost-webapp/node_modules/react-dom/cjs/react-dom.development.js:24963:7
    at unbatchedUpdates (/home/mjl/Projects/riff/mattermost-webapp/node_modules/react-dom/cjs/react-dom.development.js:21687:12)
    at legacyRenderSubtreeIntoContainer (/home/mjl/Projects/riff/mattermost-webapp/node_modules/react-dom/cjs/react-dom.development.js:24962:5)
    at Object.render (/home/mjl/Projects/riff/mattermost-webapp/node_modules/react-dom/cjs/react-dom.development.js:25042:12)
    at getFiber (/home/mjl/Projects/riff/mattermost-webapp/node_modules/enzyme-adapter-react-16/build/detectFiberTags.js:49:25)
    at detectFiberTags (/home/mjl/Projects/riff/mattermost-webapp/node_modules/enzyme-adapter-react-16/build/detectFiberTags.js:101:17)
    at ReactSixteenAdapter.createMountRenderer (/home/mjl/Projects/riff/mattermost-webapp/node_modules/enzyme-adapter-react-16/build/ReactSixteenAdapter.js:290:56)
    at ReactSixteenAdapter.createRenderer (/home/mjl/Projects/riff/mattermost-webapp/node_modules/enzyme-adapter-react-16/build/ReactSixteenAdapter.js:497:25)
    at new ReactWrapper (/home/mjl/Projects/riff/mattermost-webapp/node_modules/enzyme/build/ReactWrapper.js:113:30)
    at mount (/home/mjl/Projects/riff/mattermost-webapp/node_modules/enzyme/build/mount.js:21:10)
    at mountWithIntl (/home/mjl/Projects/riff/mattermost-webapp/tests/helpers/intl-test-helper.jsx:18:12)
    at Object.&lt;anonymous&gt; (/home/mjl/Projects/riff/mattermost-webapp/tests/components/user_settings/failing_tests/email_notification_setting.test.jsx:45:25)
    at Object.asyncJestTest (/home/mjl/Projects/riff/mattermost-webapp/node_modules/jest-jasmine2/build/jasmine_async.js:108:37)
    at /home/mjl/Projects/riff/mattermost-webapp/node_modules/jest-jasmine2/build/queue_runner.js:56:12
    at new Promise (&lt;anonymous&gt;)
    at mapper (/home/mjl/Projects/riff/mattermost-webapp/node_modules/jest-jasmine2/build/queue_runner.js:43:19)
    at /home/mjl/Projects/riff/mattermost-webapp/node_modules/jest-jasmine2/build/queue_runner.js:87:41
    at processTicksAndRejections (internal/process/task_queues.js:93:5)</failure>
    </testcase>
    <testcase classname="components/user_settings/notifications/EmailNotificationSetting should match snapshot, not send email notifications" name="components/user_settings/notifications/EmailNotificationSetting should match snapshot, not send email notifications" time="0.003">
    </testcase>
    <testcase classname="components/user_settings/notifications/EmailNotificationSetting should match snapshot, active section != email and SendEmailNotifications !== true" name="components/user_settings/notifications/EmailNotificationSetting should match snapshot, active section != email and SendEmailNotifications !== true" time="0.002">
    </testcase>
    <testcase classname="components/user_settings/notifications/EmailNotificationSetting should match snapshot, active section != email and SendEmailNotifications = true" name="components/user_settings/notifications/EmailNotificationSetting should match snapshot, active section != email and SendEmailNotifications = true" time="0.001">
    </testcase>
    <testcase classname="components/user_settings/notifications/EmailNotificationSetting should match snapshot, active section != email, SendEmailNotifications = true and enableEmail = true" name="components/user_settings/notifications/EmailNotificationSetting should match snapshot, active section != email, SendEmailNotifications = true and enableEmail = true" time="0.001">
    </testcase>
    <testcase classname="components/user_settings/notifications/EmailNotificationSetting should match snapshot, on serverError" name="components/user_settings/notifications/EmailNotificationSetting should match snapshot, on serverError" time="0.003">
    </testcase>
    <testcase classname="components/user_settings/notifications/EmailNotificationSetting should pass handleChange" name="components/user_settings/notifications/EmailNotificationSetting should pass handleChange" time="0.001">
      <failure>TypeError: Cannot read property &apos;current&apos; of undefined
    at warnIfNotScopedWithMatchingAct (/home/mjl/Projects/riff/mattermost-webapp/node_modules/react-dom/cjs/react-dom.development.js:23264:59)
    at updateContainer (/home/mjl/Projects/riff/mattermost-webapp/node_modules/react-dom/cjs/react-dom.development.js:24431:7)
    at /home/mjl/Projects/riff/mattermost-webapp/node_modules/react-dom/cjs/react-dom.development.js:24963:7
    at unbatchedUpdates (/home/mjl/Projects/riff/mattermost-webapp/node_modules/react-dom/cjs/react-dom.development.js:21687:12)
    at legacyRenderSubtreeIntoContainer (/home/mjl/Projects/riff/mattermost-webapp/node_modules/react-dom/cjs/react-dom.development.js:24962:5)
    at Object.render (/home/mjl/Projects/riff/mattermost-webapp/node_modules/react-dom/cjs/react-dom.development.js:25042:12)
    at getFiber (/home/mjl/Projects/riff/mattermost-webapp/node_modules/enzyme-adapter-react-16/build/detectFiberTags.js:49:25)
    at detectFiberTags (/home/mjl/Projects/riff/mattermost-webapp/node_modules/enzyme-adapter-react-16/build/detectFiberTags.js:101:17)
    at ReactSixteenAdapter.createMountRenderer (/home/mjl/Projects/riff/mattermost-webapp/node_modules/enzyme-adapter-react-16/build/ReactSixteenAdapter.js:290:56)
    at ReactSixteenAdapter.createRenderer (/home/mjl/Projects/riff/mattermost-webapp/node_modules/enzyme-adapter-react-16/build/ReactSixteenAdapter.js:497:25)
    at new ReactWrapper (/home/mjl/Projects/riff/mattermost-webapp/node_modules/enzyme/build/ReactWrapper.js:113:30)
    at mount (/home/mjl/Projects/riff/mattermost-webapp/node_modules/enzyme/build/mount.js:21:10)
    at mountWithIntl (/home/mjl/Projects/riff/mattermost-webapp/tests/helpers/intl-test-helper.jsx:18:12)
    at Object.&lt;anonymous&gt; (/home/mjl/Projects/riff/mattermost-webapp/tests/components/user_settings/failing_tests/email_notification_setting.test.jsx:104:25)
    at Object.asyncJestTest (/home/mjl/Projects/riff/mattermost-webapp/node_modules/jest-jasmine2/build/jasmine_async.js:108:37)
    at /home/mjl/Projects/riff/mattermost-webapp/node_modules/jest-jasmine2/build/queue_runner.js:56:12
    at new Promise (&lt;anonymous&gt;)
    at mapper (/home/mjl/Projects/riff/mattermost-webapp/node_modules/jest-jasmine2/build/queue_runner.js:43:19)
    at /home/mjl/Projects/riff/mattermost-webapp/node_modules/jest-jasmine2/build/queue_runner.js:87:41
    at processTicksAndRejections (internal/process/task_queues.js:93:5)</failure>
    </testcase>
    <testcase classname="components/user_settings/notifications/EmailNotificationSetting should pass handleSubmit" name="components/user_settings/notifications/EmailNotificationSetting should pass handleSubmit" time="0.001">
      <failure>TypeError: Cannot read property &apos;current&apos; of undefined
    at warnIfNotScopedWithMatchingAct (/home/mjl/Projects/riff/mattermost-webapp/node_modules/react-dom/cjs/react-dom.development.js:23264:59)
    at updateContainer (/home/mjl/Projects/riff/mattermost-webapp/node_modules/react-dom/cjs/react-dom.development.js:24431:7)
    at /home/mjl/Projects/riff/mattermost-webapp/node_modules/react-dom/cjs/react-dom.development.js:24963:7
    at unbatchedUpdates (/home/mjl/Projects/riff/mattermost-webapp/node_modules/react-dom/cjs/react-dom.development.js:21687:12)
    at legacyRenderSubtreeIntoContainer (/home/mjl/Projects/riff/mattermost-webapp/node_modules/react-dom/cjs/react-dom.development.js:24962:5)
    at Object.render (/home/mjl/Projects/riff/mattermost-webapp/node_modules/react-dom/cjs/react-dom.development.js:25042:12)
    at getFiber (/home/mjl/Projects/riff/mattermost-webapp/node_modules/enzyme-adapter-react-16/build/detectFiberTags.js:49:25)
    at detectFiberTags (/home/mjl/Projects/riff/mattermost-webapp/node_modules/enzyme-adapter-react-16/build/detectFiberTags.js:101:17)
    at ReactSixteenAdapter.createMountRenderer (/home/mjl/Projects/riff/mattermost-webapp/node_modules/enzyme-adapter-react-16/build/ReactSixteenAdapter.js:290:56)
    at ReactSixteenAdapter.createRenderer (/home/mjl/Projects/riff/mattermost-webapp/node_modules/enzyme-adapter-react-16/build/ReactSixteenAdapter.js:497:25)
    at new ReactWrapper (/home/mjl/Projects/riff/mattermost-webapp/node_modules/enzyme/build/ReactWrapper.js:113:30)
    at mount (/home/mjl/Projects/riff/mattermost-webapp/node_modules/enzyme/build/mount.js:21:10)
    at mountWithIntl (/home/mjl/Projects/riff/mattermost-webapp/tests/helpers/intl-test-helper.jsx:18:12)
    at Object.&lt;anonymous&gt; (/home/mjl/Projects/riff/mattermost-webapp/tests/components/user_settings/failing_tests/email_notification_setting.test.jsx:115:25)
    at Object.asyncJestTest (/home/mjl/Projects/riff/mattermost-webapp/node_modules/jest-jasmine2/build/jasmine_async.js:108:37)
    at /home/mjl/Projects/riff/mattermost-webapp/node_modules/jest-jasmine2/build/queue_runner.js:56:12
    at new Promise (&lt;anonymous&gt;)
    at mapper (/home/mjl/Projects/riff/mattermost-webapp/node_modules/jest-jasmine2/build/queue_runner.js:43:19)
    at /home/mjl/Projects/riff/mattermost-webapp/node_modules/jest-jasmine2/build/queue_runner.js:87:41
    at processTicksAndRejections (internal/process/task_queues.js:93:5)</failure>
    </testcase>
    <testcase classname="components/user_settings/notifications/EmailNotificationSetting should pass handleUpdateSection" name="components/user_settings/notifications/EmailNotificationSetting should pass handleUpdateSection" time="0.002">
      <failure>TypeError: Cannot read property &apos;current&apos; of undefined
    at warnIfNotScopedWithMatchingAct (/home/mjl/Projects/riff/mattermost-webapp/node_modules/react-dom/cjs/react-dom.development.js:23264:59)
    at updateContainer (/home/mjl/Projects/riff/mattermost-webapp/node_modules/react-dom/cjs/react-dom.development.js:24431:7)
    at /home/mjl/Projects/riff/mattermost-webapp/node_modules/react-dom/cjs/react-dom.development.js:24963:7
    at unbatchedUpdates (/home/mjl/Projects/riff/mattermost-webapp/node_modules/react-dom/cjs/react-dom.development.js:21687:12)
    at legacyRenderSubtreeIntoContainer (/home/mjl/Projects/riff/mattermost-webapp/node_modules/react-dom/cjs/react-dom.development.js:24962:5)
    at Object.render (/home/mjl/Projects/riff/mattermost-webapp/node_modules/react-dom/cjs/react-dom.development.js:25042:12)
    at getFiber (/home/mjl/Projects/riff/mattermost-webapp/node_modules/enzyme-adapter-react-16/build/detectFiberTags.js:49:25)
    at detectFiberTags (/home/mjl/Projects/riff/mattermost-webapp/node_modules/enzyme-adapter-react-16/build/detectFiberTags.js:101:17)
    at ReactSixteenAdapter.createMountRenderer (/home/mjl/Projects/riff/mattermost-webapp/node_modules/enzyme-adapter-react-16/build/ReactSixteenAdapter.js:290:56)
    at ReactSixteenAdapter.createRenderer (/home/mjl/Projects/riff/mattermost-webapp/node_modules/enzyme-adapter-react-16/build/ReactSixteenAdapter.js:497:25)
    at new ReactWrapper (/home/mjl/Projects/riff/mattermost-webapp/node_modules/enzyme/build/ReactWrapper.js:113:30)
    at mount (/home/mjl/Projects/riff/mattermost-webapp/node_modules/enzyme/build/mount.js:21:10)
    at mountWithIntl (/home/mjl/Projects/riff/mattermost-webapp/tests/helpers/intl-test-helper.jsx:18:12)
    at Object.&lt;anonymous&gt; (/home/mjl/Projects/riff/mattermost-webapp/tests/components/user_settings/failing_tests/email_notification_setting.test.jsx:138:25)
    at Object.asyncJestTest (/home/mjl/Projects/riff/mattermost-webapp/node_modules/jest-jasmine2/build/jasmine_async.js:108:37)
    at /home/mjl/Projects/riff/mattermost-webapp/node_modules/jest-jasmine2/build/queue_runner.js:56:12
    at new Promise (&lt;anonymous&gt;)
    at mapper (/home/mjl/Projects/riff/mattermost-webapp/node_modules/jest-jasmine2/build/queue_runner.js:43:19)
    at /home/mjl/Projects/riff/mattermost-webapp/node_modules/jest-jasmine2/build/queue_runner.js:87:41
    at processTicksAndRejections (internal/process/task_queues.js:93:5)</failure>
    </testcase>
    <testcase classname="components/user_settings/notifications/EmailNotificationSetting should pass componentWillReceiveProps" name="components/user_settings/notifications/EmailNotificationSetting should pass componentWillReceiveProps" time="0.001">
      <failure>TypeError: Cannot read property &apos;current&apos; of undefined
    at warnIfNotScopedWithMatchingAct (/home/mjl/Projects/riff/mattermost-webapp/node_modules/react-dom/cjs/react-dom.development.js:23264:59)
    at updateContainer (/home/mjl/Projects/riff/mattermost-webapp/node_modules/react-dom/cjs/react-dom.development.js:24431:7)
    at /home/mjl/Projects/riff/mattermost-webapp/node_modules/react-dom/cjs/react-dom.development.js:24963:7
    at unbatchedUpdates (/home/mjl/Projects/riff/mattermost-webapp/node_modules/react-dom/cjs/react-dom.development.js:21687:12)
    at legacyRenderSubtreeIntoContainer (/home/mjl/Projects/riff/mattermost-webapp/node_modules/react-dom/cjs/react-dom.development.js:24962:5)
    at Object.render (/home/mjl/Projects/riff/mattermost-webapp/node_modules/react-dom/cjs/react-dom.development.js:25042:12)
    at getFiber (/home/mjl/Projects/riff/mattermost-webapp/node_modules/enzyme-adapter-react-16/build/detectFiberTags.js:49:25)
    at detectFiberTags (/home/mjl/Projects/riff/mattermost-webapp/node_modules/enzyme-adapter-react-16/build/detectFiberTags.js:101:17)
    at ReactSixteenAdapter.createMountRenderer (/home/mjl/Projects/riff/mattermost-webapp/node_modules/enzyme-adapter-react-16/build/ReactSixteenAdapter.js:290:56)
    at ReactSixteenAdapter.createRenderer (/home/mjl/Projects/riff/mattermost-webapp/node_modules/enzyme-adapter-react-16/build/ReactSixteenAdapter.js:497:25)
    at new ReactWrapper (/home/mjl/Projects/riff/mattermost-webapp/node_modules/enzyme/build/ReactWrapper.js:113:30)
    at mount (/home/mjl/Projects/riff/mattermost-webapp/node_modules/enzyme/build/mount.js:21:10)
    at mountWithIntl (/home/mjl/Projects/riff/mattermost-webapp/tests/helpers/intl-test-helper.jsx:18:12)
    at Object.&lt;anonymous&gt; (/home/mjl/Projects/riff/mattermost-webapp/tests/components/user_settings/failing_tests/email_notification_setting.test.jsx:157:25)
    at Object.asyncJestTest (/home/mjl/Projects/riff/mattermost-webapp/node_modules/jest-jasmine2/build/jasmine_async.js:108:37)
    at /home/mjl/Projects/riff/mattermost-webapp/node_modules/jest-jasmine2/build/queue_runner.js:56:12
    at new Promise (&lt;anonymous&gt;)
    at mapper (/home/mjl/Projects/riff/mattermost-webapp/node_modules/jest-jasmine2/build/queue_runner.js:43:19)
    at /home/mjl/Projects/riff/mattermost-webapp/node_modules/jest-jasmine2/build/queue_runner.js:87:41
    at processTicksAndRejections (internal/process/task_queues.js:93:5)</failure>
    </testcase>
  </testsuite>
  <testsuite name="components/user_settings/sidebar/UserSettingsSidebar" errors="0" failures="0" skipped="0" timestamp="2019-10-31T15:01:16" time="0.572" tests="2">
    <testcase classname="components/user_settings/sidebar/UserSettingsSidebar should match snapshot" name="components/user_settings/sidebar/UserSettingsSidebar should match snapshot" time="0.009">
    </testcase>
    <testcase classname="components/user_settings/sidebar/UserSettingsSidebar should match state when updateSection is called" name="components/user_settings/sidebar/UserSettingsSidebar should match state when updateSection is called" time="0.005">
    </testcase>
  </testsuite>
  <testsuite name="components/user_settings/display/UserSettingsDisplay" errors="0" failures="0" skipped="0" timestamp="2019-10-31T15:01:16" time="0.881" tests="12">
    <testcase classname="components/user_settings/display/UserSettingsDisplay should match snapshot, no active section" name="components/user_settings/display/UserSettingsDisplay should match snapshot, no active section" time="0.011">
    </testcase>
    <testcase classname="components/user_settings/display/UserSettingsDisplay should match snapshot, collapse section" name="components/user_settings/display/UserSettingsDisplay should match snapshot, collapse section" time="0.006">
    </testcase>
    <testcase classname="components/user_settings/display/UserSettingsDisplay should match snapshot, link preview section with EnableLinkPreviews is false" name="components/user_settings/display/UserSettingsDisplay should match snapshot, link preview section with EnableLinkPreviews is false" time="0.005">
    </testcase>
    <testcase classname="components/user_settings/display/UserSettingsDisplay should match snapshot, link preview section with EnableLinkPreviews is true" name="components/user_settings/display/UserSettingsDisplay should match snapshot, link preview section with EnableLinkPreviews is true" time="0.005">
    </testcase>
    <testcase classname="components/user_settings/display/UserSettingsDisplay should match snapshot, clock section" name="components/user_settings/display/UserSettingsDisplay should match snapshot, clock section" time="0.005">
    </testcase>
    <testcase classname="components/user_settings/display/UserSettingsDisplay should match snapshot, teammate name display section" name="components/user_settings/display/UserSettingsDisplay should match snapshot, teammate name display section" time="0.005">
    </testcase>
    <testcase classname="components/user_settings/display/UserSettingsDisplay should match snapshot, timezone section" name="components/user_settings/display/UserSettingsDisplay should match snapshot, timezone section" time="0.004">
    </testcase>
    <testcase classname="components/user_settings/display/UserSettingsDisplay should match snapshot, message display section" name="components/user_settings/display/UserSettingsDisplay should match snapshot, message display section" time="0.005">
    </testcase>
    <testcase classname="components/user_settings/display/UserSettingsDisplay should match snapshot, channel display mode section" name="components/user_settings/display/UserSettingsDisplay should match snapshot, channel display mode section" time="0.005">
    </testcase>
    <testcase classname="components/user_settings/display/UserSettingsDisplay should match snapshot, languages section" name="components/user_settings/display/UserSettingsDisplay should match snapshot, languages section" time="0.005">
    </testcase>
    <testcase classname="components/user_settings/display/UserSettingsDisplay should match snapshot, theme section with EnableThemeSelection is false" name="components/user_settings/display/UserSettingsDisplay should match snapshot, theme section with EnableThemeSelection is false" time="0.007">
    </testcase>
    <testcase classname="components/user_settings/display/UserSettingsDisplay should match snapshot, theme section with EnableThemeSelection is true" name="components/user_settings/display/UserSettingsDisplay should match snapshot, theme section with EnableThemeSelection is true" time="0.004">
    </testcase>
  </testsuite>
  <testsuite name="components/EditPostModal" errors="0" failures="0" skipped="0" timestamp="2019-10-31T15:01:16" time="1.288" tests="17">
    <testcase classname="components/EditPostModal should match with default config" name="components/EditPostModal should match with default config" time="0.01">
    </testcase>
    <testcase classname="components/EditPostModal should match without emoji picker" name="components/EditPostModal should match without emoji picker" time="0.002">
    </testcase>
    <testcase classname="components/EditPostModal should not call openModal on empty edited message but with attachment" name="components/EditPostModal should not call openModal on empty edited message but with attachment" time="0.003">
    </testcase>
    <testcase classname="components/EditPostModal should call editPost, addMessageIntoHistory and hideEditPostModal on save" name="components/EditPostModal should call editPost, addMessageIntoHistory and hideEditPostModal on save" time="0.005">
    </testcase>
    <testcase classname="components/EditPostModal should show emojis on emojis click" name="components/EditPostModal should show emojis on emojis click" time="0.004">
    </testcase>
    <testcase classname="components/EditPostModal should set the postError state when error happens" name="components/EditPostModal should set the postError state when error happens" time="0.003">
    </testcase>
    <testcase classname="components/EditPostModal should show errors when it is set in the state" name="components/EditPostModal should show errors when it is set in the state" time="0.002">
    </testcase>
    <testcase classname="components/EditPostModal should set the errorClass to animate when try to edit with an error" name="components/EditPostModal should set the errorClass to animate when try to edit with an error" time="0.006">
    </testcase>
    <testcase classname="components/EditPostModal should hide and toggle the emoji picker on correctly on (toggle/hide)EmojiPicker" name="components/EditPostModal should hide and toggle the emoji picker on correctly on (toggle/hide)EmojiPicker" time="0.005">
    </testcase>
    <testcase classname="components/EditPostModal should close without saving when post text is not changed" name="components/EditPostModal should close without saving when post text is not changed" time="0.002">
    </testcase>
    <testcase classname="components/EditPostModal should close and show delete confirmation modal when message is empty" name="components/EditPostModal should close and show delete confirmation modal when message is empty" time="0.005">
    </testcase>
    <testcase classname="components/EditPostModal should scroll page after successfully editing post" name="components/EditPostModal should scroll page after successfully editing post" time="0.003">
    </testcase>
    <testcase classname="components/EditPostModal should update state after changing value in textbox" name="components/EditPostModal should update state after changing value in textbox" time="0.002">
    </testcase>
    <testcase classname="components/EditPostModal should clear data on exit" name="components/EditPostModal should clear data on exit" time="0.002">
    </testcase>
    <testcase classname="components/EditPostModal should focus element on exit based on refocusId" name="components/EditPostModal should focus element on exit based on refocusId" time="0.002">
    </testcase>
    <testcase classname="components/EditPostModal should handle edition on key down enter depending on the conditions" name="components/EditPostModal should handle edition on key down enter depending on the conditions" time="0.002">
    </testcase>
    <testcase classname="components/EditPostModal should handle the escape key manually to hide the modal, unless the emoji picker is shown" name="components/EditPostModal should handle the escape key manually to hide the modal, unless the emoji picker is shown" time="0.002">
    </testcase>
  </testsuite>
  <testsuite name="components/AdminConsole" errors="0" failures="0" skipped="0" timestamp="2019-10-31T15:01:15" time="1.725" tests="1">
    <testcase classname="components/AdminConsole should redirect to / when not system admin" name="components/AdminConsole should redirect to / when not system admin" time="0.005">
    </testcase>
  </testsuite>
  <testsuite name="components/admin_console/admin_definition" errors="0" failures="0" skipped="0" timestamp="2019-10-31T15:01:15" time="1.961" tests="1">
    <testcase classname="components/admin_console/admin_definition should pass all validations checks" name="components/admin_console/admin_definition should pass all validations checks" time="0.259">
    </testcase>
  </testsuite>
  <testsuite name="component/sidebar/sidebar_channel/SidebarChannel" errors="0" failures="0" skipped="0" timestamp="2019-10-31T15:01:16" time="1.952" tests="8">
    <testcase classname="component/sidebar/sidebar_channel/SidebarChannel should match snapshot, when render as an empty div because no have a team or a user" name="component/sidebar/sidebar_channel/SidebarChannel should match snapshot, when render as an empty div because no have a team or a user" time="0.01">
    </testcase>
    <testcase classname="component/sidebar/sidebar_channel/SidebarChannel navigate to the next/prev channels" name="component/sidebar/sidebar_channel/SidebarChannel navigate to the next/prev channels" time="0.063">
    </testcase>
    <testcase classname="component/sidebar/sidebar_channel/SidebarChannel navigate to the next/prev unread channels" name="component/sidebar/sidebar_channel/SidebarChannel navigate to the next/prev unread channels" time="0.04">
    </testcase>
    <testcase classname="component/sidebar/sidebar_channel/SidebarChannel open direct channel selector on CTRL/CMD+SHIFT+K" name="component/sidebar/sidebar_channel/SidebarChannel open direct channel selector on CTRL/CMD+SHIFT+K" time="0.008">
    </testcase>
    <testcase classname="component/sidebar/sidebar_channel/SidebarChannel set correctly the title when needed" name="component/sidebar/sidebar_channel/SidebarChannel set correctly the title when needed" time="0.011">
    </testcase>
    <testcase classname="component/sidebar/sidebar_channel/SidebarChannel should verify if the channel is displayed for props" name="component/sidebar/sidebar_channel/SidebarChannel should verify if the channel is displayed for props" time="0.007">
    </testcase>
    <testcase classname="component/sidebar/sidebar_channel/SidebarChannel should handle correctly open more direct channels toggle" name="component/sidebar/sidebar_channel/SidebarChannel should handle correctly open more direct channels toggle" time="0.016">
    </testcase>
    <testcase classname="component/sidebar/sidebar_channel/SidebarChannel should listen/unlisten keydown events" name="component/sidebar/sidebar_channel/SidebarChannel should listen/unlisten keydown events" time="0.008">
    </testcase>
  </testsuite>
  <testsuite name="/components/create_team" errors="0" failures="0" skipped="0" timestamp="2019-10-31T15:01:17" time="1.169" tests="2">
    <testcase classname="/components/create_team should match snapshot" name="/components/create_team should match snapshot" time="0.008">
    </testcase>
    <testcase classname="/components/create_team should run props.history.push with new state" name="/components/create_team should run props.history.push with new state" time="0.006">
    </testcase>
  </testsuite>
  <testsuite name="components/SearchResultsItem" errors="0" failures="0" skipped="0" timestamp="2019-10-31T15:01:17" time="0.858" tests="7">
    <testcase classname="components/SearchResultsItem should match snapshot for channel" name="components/SearchResultsItem should match snapshot for channel" time="0.009">
    </testcase>
    <testcase classname="components/SearchResultsItem should match snapshot for deleted message with attachments by bot" name="components/SearchResultsItem should match snapshot for deleted message with attachments by bot" time="0.004">
    </testcase>
    <testcase classname="components/SearchResultsItem should match snapshot for DM" name="components/SearchResultsItem should match snapshot for DM" time="0.005">
    </testcase>
    <testcase classname="components/SearchResultsItem Check for dotmenu dropdownOpened state" name="components/SearchResultsItem Check for dotmenu dropdownOpened state" time="0.005">
    </testcase>
    <testcase classname="components/SearchResultsItem Check for comment icon click" name="components/SearchResultsItem Check for comment icon click" time="0.008">
    </testcase>
    <testcase classname="components/SearchResultsItem Check for jump to message" name="components/SearchResultsItem Check for jump to message" time="0.007">
    </testcase>
    <testcase classname="components/SearchResultsItem should match snapshot for archived channel" name="components/SearchResultsItem should match snapshot for archived channel" time="0.004">
    </testcase>
  </testsuite>
  <testsuite name="components/post_view/PostInfo" errors="0" failures="0" skipped="0" timestamp="2019-10-31T15:01:17" time="0.841" tests="14">
    <testcase classname="components/post_view/PostInfo should match snapshot" name="components/post_view/PostInfo should match snapshot" time="0.004">
    </testcase>
    <testcase classname="components/post_view/PostInfo should match snapshot, compact display" name="components/post_view/PostInfo should match snapshot, compact display" time="0.001">
    </testcase>
    <testcase classname="components/post_view/PostInfo should match snapshot, military time" name="components/post_view/PostInfo should match snapshot, military time" time="0.001">
    </testcase>
    <testcase classname="components/post_view/PostInfo should match snapshot, flagged post" name="components/post_view/PostInfo should match snapshot, flagged post" time="0.002">
    </testcase>
    <testcase classname="components/post_view/PostInfo should match snapshot, pinned post" name="components/post_view/PostInfo should match snapshot, pinned post" time="0.001">
    </testcase>
    <testcase classname="components/post_view/PostInfo should match snapshot, ephemeral post" name="components/post_view/PostInfo should match snapshot, ephemeral post" time="0.001">
    </testcase>
    <testcase classname="components/post_view/PostInfo should match snapshot, ephemeral deleted post" name="components/post_view/PostInfo should match snapshot, ephemeral deleted post" time="0.001">
    </testcase>
    <testcase classname="components/post_view/PostInfo should match snapshot, enable emoji picker" name="components/post_view/PostInfo should match snapshot, enable emoji picker" time="0.002">
    </testcase>
    <testcase classname="components/post_view/PostInfo toggleEmojiPicker, should have called props.handleDropdownOpened" name="components/post_view/PostInfo toggleEmojiPicker, should have called props.handleDropdownOpened" time="0.006">
    </testcase>
    <testcase classname="components/post_view/PostInfo hideEmojiPicker, should have called props.handleDropdownOpened(false)" name="components/post_view/PostInfo hideEmojiPicker, should have called props.handleDropdownOpened(false)" time="0.002">
    </testcase>
    <testcase classname="components/post_view/PostInfo removePost, should have called props.actions.removePost(post)" name="components/post_view/PostInfo removePost, should have called props.actions.removePost(post)" time="0.002">
    </testcase>
    <testcase classname="components/post_view/PostInfo reactEmojiClick, should have called props.actions.addReaction()" name="components/post_view/PostInfo reactEmojiClick, should have called props.actions.addReaction()" time="0.004">
    </testcase>
    <testcase classname="components/post_view/PostInfo should match snapshot, hover" name="components/post_view/PostInfo should match snapshot, hover" time="0.002">
    </testcase>
    <testcase classname="components/post_view/PostInfo should match snapshot, showTimeWithoutHover" name="components/post_view/PostInfo should match snapshot, showTimeWithoutHover" time="0.001">
    </testcase>
  </testsuite>
  <testsuite name="components/PermalinkView" errors="0" failures="0" skipped="0" timestamp="2019-10-31T15:01:15" time="2.761" tests="1">
    <testcase classname="components/PermalinkView should call emitPostFocusEvent on doPermalinkEvent" name="components/PermalinkView should call emitPostFocusEvent on doPermalinkEvent" time="0.008">
    </testcase>
  </testsuite>
  <testsuite name="components/PermalinkView" errors="0" failures="0" skipped="0" timestamp="2019-10-31T15:01:16" time="1.992" tests="2">
    <testcase classname="components/PermalinkView should match snapshot" name="components/PermalinkView should match snapshot" time="0.007">
    </testcase>
    <testcase classname="components/PermalinkView should match snapshot with archived channel" name="components/PermalinkView should match snapshot with archived channel" time="0.002">
    </testcase>
  </testsuite>
  <testsuite name="components/admin_console/CustomPluginSettings" errors="0" failures="0" skipped="0" timestamp="2019-10-31T15:01:18" time="0.568" tests="3">
    <testcase classname="components/admin_console/CustomPluginSettings should match snapshot with settings and plugin" name="components/admin_console/CustomPluginSettings should match snapshot with settings and plugin" time="0.02">
    </testcase>
    <testcase classname="components/admin_console/CustomPluginSettings should match snapshot with settings and no plugin" name="components/admin_console/CustomPluginSettings should match snapshot with settings and no plugin" time="0.002">
    </testcase>
    <testcase classname="components/admin_console/CustomPluginSettings should match snapshot with no settings and plugin" name="components/admin_console/CustomPluginSettings should match snapshot with no settings and plugin" time="0.005">
    </testcase>
  </testsuite>
  <testsuite name="components/navbar/Navbar" errors="0" failures="0" skipped="0" timestamp="2019-10-31T15:01:17" time="0.921" tests="8">
    <testcase classname="components/navbar/Navbar should match snapshot, invalid state" name="components/navbar/Navbar should match snapshot, invalid state" time="0.007">
    </testcase>
    <testcase classname="components/navbar/Navbar should match snapshot, valid state" name="components/navbar/Navbar should match snapshot, valid state" time="0.013">
    </testcase>
    <testcase classname="components/navbar/Navbar should match snapshot, for default channel" name="components/navbar/Navbar should match snapshot, for default channel" time="0.006">
    </testcase>
    <testcase classname="components/navbar/Navbar should match snapshot, if not licensed" name="components/navbar/Navbar should match snapshot, if not licensed" time="0.007">
    </testcase>
    <testcase classname="components/navbar/Navbar should match snapshot, for DM channel" name="components/navbar/Navbar should match snapshot, for DM channel" time="0.004">
    </testcase>
    <testcase classname="components/navbar/Navbar should match snapshot, for private channel" name="components/navbar/Navbar should match snapshot, for private channel" time="0.007">
    </testcase>
    <testcase classname="components/navbar/Navbar should match snapshot, renderEditChannelHeaderOption" name="components/navbar/Navbar should match snapshot, renderEditChannelHeaderOption" time="0.001">
    </testcase>
    <testcase classname="components/navbar/Navbar should match state when corresponding function is called" name="components/navbar/Navbar should match state when corresponding function is called" time="0.005">
    </testcase>
  </testsuite>
  <testsuite name="components/CreateComment" errors="0" failures="0" skipped="0" timestamp="2019-10-31T15:01:17" time="0.954" tests="33">
    <testcase classname="components/CreateComment should match snapshot, empty comment" name="components/CreateComment should match snapshot, empty comment" time="0.008">
    </testcase>
    <testcase classname="components/CreateComment should match snapshot, comment with message" name="components/CreateComment should match snapshot, comment with message" time="0.004">
    </testcase>
    <testcase classname="components/CreateComment should match snapshot, non-empty message and uploadsInProgress + fileInfos" name="components/CreateComment should match snapshot, non-empty message and uploadsInProgress + fileInfos" time="0.008">
    </testcase>
    <testcase classname="components/CreateComment should correctly change state when toggleEmojiPicker is called" name="components/CreateComment should correctly change state when toggleEmojiPicker is called" time="0.005">
    </testcase>
    <testcase classname="components/CreateComment should correctly change state when hideEmojiPicker is called" name="components/CreateComment should correctly change state when hideEmojiPicker is called" time="0.003">
    </testcase>
    <testcase classname="components/CreateComment should correctly update draft when handleEmojiClick is called" name="components/CreateComment should correctly update draft when handleEmojiClick is called" time="0.007">
    </testcase>
    <testcase classname="components/CreateComment handlePostError should update state with the correct error" name="components/CreateComment handlePostError should update state with the correct error" time="0.003">
    </testcase>
    <testcase classname="components/CreateComment handleUploadError should update state with the correct error" name="components/CreateComment handleUploadError should update state with the correct error" time="0.008">
    </testcase>
    <testcase classname="components/CreateComment getFileCount should return the correct count" name="components/CreateComment getFileCount should return the correct count" time="0.005">
    </testcase>
    <testcase classname="components/CreateComment should correctly change state when showPostDeletedModal is called" name="components/CreateComment should correctly change state when showPostDeletedModal is called" time="0.003">
    </testcase>
    <testcase classname="components/CreateComment should correctly change state when hidePostDeletedModal is called" name="components/CreateComment should correctly change state when hidePostDeletedModal is called" time="0.003">
    </testcase>
    <testcase classname="components/CreateComment handleUploadStart should update comment draft correctly" name="components/CreateComment handleUploadStart should update comment draft correctly" time="0.011">
    </testcase>
    <testcase classname="components/CreateComment handleFileUploadComplete should update comment draft correctly" name="components/CreateComment handleFileUploadComplete should update comment draft correctly" time="0.005">
    </testcase>
    <testcase classname="components/CreateComment calls showPostDeletedModal when createPostErrorId === api.post.create_post.root_id.app_error" name="components/CreateComment calls showPostDeletedModal when createPostErrorId === api.post.create_post.root_id.app_error" time="0.003">
    </testcase>
    <testcase classname="components/CreateComment calls focusTextbox when rootId changes" name="components/CreateComment calls focusTextbox when rootId changes" time="0.002">
    </testcase>
    <testcase classname="components/CreateComment handleChange should update comment draft correctly" name="components/CreateComment handleChange should update comment draft correctly" time="0.002">
    </testcase>
    <testcase classname="components/CreateComment should scroll to bottom when uploadsInProgress increase" name="components/CreateComment should scroll to bottom when uploadsInProgress increase" time="0.001">
    </testcase>
    <testcase classname="components/CreateComment handleSubmit should call onSubmit prop" name="components/CreateComment handleSubmit should call onSubmit prop" time="0.003">
    </testcase>
    <testcase classname="components/CreateComment handleSubmit should not show Confirm Modal for @channel mentions when channel member count too low" name="components/CreateComment handleSubmit should not show Confirm Modal for @channel mentions when channel member count too low" time="0.004">
    </testcase>
    <testcase classname="components/CreateComment handleSubmit should not show Confirm Modal for @channel mentions when feature disabled" name="components/CreateComment handleSubmit should not show Confirm Modal for @channel mentions when feature disabled" time="0.006">
    </testcase>
    <testcase classname="components/CreateComment handleSubmit should not show Confirm Modal for @channel mentions when no mention" name="components/CreateComment handleSubmit should not show Confirm Modal for @channel mentions when no mention" time="0.005">
    </testcase>
    <testcase classname="components/CreateComment handleSubmit should show Confirm Modal for @channel mentions when needed" name="components/CreateComment handleSubmit should show Confirm Modal for @channel mentions when needed" time="0.002">
    </testcase>
    <testcase classname="components/CreateComment handleSubmit should not show Confirm Modal for @all mentions when channel member count too low" name="components/CreateComment handleSubmit should not show Confirm Modal for @all mentions when channel member count too low" time="0.002">
    </testcase>
    <testcase classname="components/CreateComment handleSubmit should not show Confirm Modal for @all mentions when feature disabled" name="components/CreateComment handleSubmit should not show Confirm Modal for @all mentions when feature disabled" time="0.002">
    </testcase>
    <testcase classname="components/CreateComment handleSubmit should not show Confirm Modal for @all mentions when no mention" name="components/CreateComment handleSubmit should not show Confirm Modal for @all mentions when no mention" time="0.002">
    </testcase>
    <testcase classname="components/CreateComment handleSubmit should show Confirm Modal for @all mentions when needed" name="components/CreateComment handleSubmit should show Confirm Modal for @all mentions when needed" time="0.003">
    </testcase>
    <testcase classname="components/CreateComment removePreview should remove file info and upload in progress with corresponding id" name="components/CreateComment removePreview should remove file info and upload in progress with corresponding id" time="0.005">
    </testcase>
    <testcase classname="components/CreateComment should match draft state on componentWillReceiveProps with change in messageInHistory" name="components/CreateComment should match draft state on componentWillReceiveProps with change in messageInHistory" time="0.002">
    </testcase>
    <testcase classname="components/CreateComment should match draft state on componentWillReceiveProps with new rootId" name="components/CreateComment should match draft state on componentWillReceiveProps with new rootId" time="0.002">
    </testcase>
    <testcase classname="components/CreateComment should match snapshot read only channel" name="components/CreateComment should match snapshot read only channel" time="0.002">
    </testcase>
    <testcase classname="components/CreateComment should match snapshot, emoji picker disabled" name="components/CreateComment should match snapshot, emoji picker disabled" time="0.001">
    </testcase>
    <testcase classname="components/CreateComment check for handleFileUploadChange callback for focus" name="components/CreateComment check for handleFileUploadChange callback for focus" time="0.001">
    </testcase>
    <testcase classname="components/CreateComment should call functions on handleKeyDown" name="components/CreateComment should call functions on handleKeyDown" time="0.003">
    </testcase>
  </testsuite>
  <testsuite name="components/admin_console/permission_schemes_settings/permission_team_scheme_settings/permission_team_scheme_settings" errors="0" failures="0" skipped="3" timestamp="2019-10-31T15:01:18" time="0.796" tests="8">
    <testcase classname="components/admin_console/permission_schemes_settings/permission_team_scheme_settings/permission_team_scheme_settings should match snapshot on new with default roles without permissions" name="components/admin_console/permission_schemes_settings/permission_team_scheme_settings/permission_team_scheme_settings should match snapshot on new with default roles without permissions" time="0.008">
    </testcase>
    <testcase classname="components/admin_console/permission_schemes_settings/permission_team_scheme_settings/permission_team_scheme_settings should match snapshot on new with default roles with permissions" name="components/admin_console/permission_schemes_settings/permission_team_scheme_settings/permission_team_scheme_settings should match snapshot on new with default roles with permissions" time="0.01">
    </testcase>
    <testcase classname="components/admin_console/permission_schemes_settings/permission_team_scheme_settings/permission_team_scheme_settings should save each role on save clicked except system_admin role" name="components/admin_console/permission_schemes_settings/permission_team_scheme_settings/permission_team_scheme_settings should save each role on save clicked except system_admin role" time="0">
      <skipped/>
    </testcase>
    <testcase classname="components/admin_console/permission_schemes_settings/permission_team_scheme_settings/permission_team_scheme_settings should show error if createScheme fails" name="components/admin_console/permission_schemes_settings/permission_team_scheme_settings/permission_team_scheme_settings should show error if createScheme fails" time="0">
      <skipped/>
    </testcase>
    <testcase classname="components/admin_console/permission_schemes_settings/permission_team_scheme_settings/permission_team_scheme_settings should show error if editRole fails" name="components/admin_console/permission_schemes_settings/permission_team_scheme_settings/permission_team_scheme_settings should show error if editRole fails" time="0">
      <skipped/>
    </testcase>
    <testcase classname="components/admin_console/permission_schemes_settings/permission_team_scheme_settings/permission_team_scheme_settings should open and close correctly roles blocks" name="components/admin_console/permission_schemes_settings/permission_team_scheme_settings/permission_team_scheme_settings should open and close correctly roles blocks" time="0.06">
    </testcase>
    <testcase classname="components/admin_console/permission_schemes_settings/permission_team_scheme_settings/permission_team_scheme_settings should match snapshot on edit without permissions" name="components/admin_console/permission_schemes_settings/permission_team_scheme_settings/permission_team_scheme_settings should match snapshot on edit without permissions" time="0.007">
    </testcase>
    <testcase classname="components/admin_console/permission_schemes_settings/permission_team_scheme_settings/permission_team_scheme_settings should match snapshot on edit with permissions" name="components/admin_console/permission_schemes_settings/permission_team_scheme_settings/permission_team_scheme_settings should match snapshot on edit with permissions" time="0.007">
    </testcase>
  </testsuite>
  <testsuite name="components/integrations/AbstractOAuthApp" errors="0" failures="0" skipped="0" timestamp="2019-10-31T15:01:18" time="0.632" tests="9">
    <testcase classname="components/integrations/AbstractOAuthApp should match snapshot" name="components/integrations/AbstractOAuthApp should match snapshot" time="0.012">
    </testcase>
    <testcase classname="components/integrations/AbstractOAuthApp should match snapshot, displays client error" name="components/integrations/AbstractOAuthApp should match snapshot, displays client error" time="0.025">
    </testcase>
    <testcase classname="components/integrations/AbstractOAuthApp should call action function" name="components/integrations/AbstractOAuthApp should call action function" time="0.024">
    </testcase>
    <testcase classname="components/integrations/AbstractOAuthApp should have correct state when updateName is called" name="components/integrations/AbstractOAuthApp should have correct state when updateName is called" time="0.01">
    </testcase>
    <testcase classname="components/integrations/AbstractOAuthApp should have correct state when updateTrusted is called" name="components/integrations/AbstractOAuthApp should have correct state when updateTrusted is called" time="0.01">
    </testcase>
    <testcase classname="components/integrations/AbstractOAuthApp should have correct state when updateDescription is called" name="components/integrations/AbstractOAuthApp should have correct state when updateDescription is called" time="0.02">
    </testcase>
    <testcase classname="components/integrations/AbstractOAuthApp should have correct state when updateHomepage is called" name="components/integrations/AbstractOAuthApp should have correct state when updateHomepage is called" time="0.011">
    </testcase>
    <testcase classname="components/integrations/AbstractOAuthApp should have correct state when updateIconUrl is called" name="components/integrations/AbstractOAuthApp should have correct state when updateIconUrl is called" time="0.015">
    </testcase>
    <testcase classname="components/integrations/AbstractOAuthApp should have correct state when handleSubmit is called" name="components/integrations/AbstractOAuthApp should have correct state when handleSubmit is called" time="0.041">
    </testcase>
  </testsuite>
  <testsuite name="components/admin_console/SchemaAdminSettings" errors="0" failures="0" skipped="0" timestamp="2019-10-31T15:01:18" time="0.619" tests="2">
    <testcase classname="components/admin_console/SchemaAdminSettings should match snapshot with settings and plugin" name="components/admin_console/SchemaAdminSettings should match snapshot with settings and plugin" time="0.018">
    </testcase>
    <testcase classname="components/admin_console/SchemaAdminSettings should match snapshot with custom component" name="components/admin_console/SchemaAdminSettings should match snapshot with custom component" time="0.002">
    </testcase>
  </testsuite>
  <testsuite name="components/integrations/AbstractCommand" errors="0" failures="0" skipped="0" timestamp="2019-10-31T15:01:18" time="0.653" tests="6">
    <testcase classname="components/integrations/AbstractCommand should match snapshot" name="components/integrations/AbstractCommand should match snapshot" time="0.013">
    </testcase>
    <testcase classname="components/integrations/AbstractCommand should match snapshot, displays client error" name="components/integrations/AbstractCommand should match snapshot, displays client error" time="0.047">
    </testcase>
    <testcase classname="components/integrations/AbstractCommand should call action function" name="components/integrations/AbstractCommand should call action function" time="0.014">
    </testcase>
    <testcase classname="components/integrations/AbstractCommand should match object returned by getStateFromCommand" name="components/integrations/AbstractCommand should match object returned by getStateFromCommand" time="0.003">
    </testcase>
    <testcase classname="components/integrations/AbstractCommand should match state when method is called" name="components/integrations/AbstractCommand should match state when method is called" time="0.07">
    </testcase>
    <testcase classname="components/integrations/AbstractCommand should match state when handleSubmit is called" name="components/integrations/AbstractCommand should match state when handleSubmit is called" time="0.093">
    </testcase>
  </testsuite>
  <testsuite name="components/PopoverListMembers" errors="0" failures="0" skipped="0" timestamp="2019-10-31T15:01:18" time="0.46" tests="9">
    <testcase classname="components/PopoverListMembers should match snapshot" name="components/PopoverListMembers should match snapshot" time="0.007">
    </testcase>
    <testcase classname="components/PopoverListMembers should have called openDirectChannelToUser when handleShowDirectChannel is called" name="components/PopoverListMembers should have called openDirectChannelToUser when handleShowDirectChannel is called" time="0.002">
    </testcase>
    <testcase classname="components/PopoverListMembers should match state when closePopover is called" name="components/PopoverListMembers should match state when closePopover is called" time="0.003">
    </testcase>
    <testcase classname="components/PopoverListMembers should match state when showMembersModal is called" name="components/PopoverListMembers should match state when showMembersModal is called" time="0.006">
    </testcase>
    <testcase classname="components/PopoverListMembers should match state when hideChannelMembersModal is called" name="components/PopoverListMembers should match state when hideChannelMembersModal is called" time="0.004">
    </testcase>
    <testcase classname="components/PopoverListMembers should match state when showChannelInviteModal is called" name="components/PopoverListMembers should match state when showChannelInviteModal is called" time="0.005">
    </testcase>
    <testcase classname="components/PopoverListMembers should match state when hideChannelInviteModal is called" name="components/PopoverListMembers should match state when hideChannelInviteModal is called" time="0.004">
    </testcase>
    <testcase classname="components/PopoverListMembers should match state when hideTeamMembersModal is called" name="components/PopoverListMembers should match state when hideTeamMembersModal is called" time="0.004">
    </testcase>
    <testcase classname="components/PopoverListMembers should match snapshot with archived channel" name="components/PopoverListMembers should match snapshot with archived channel" time="0.003">
    </testcase>
  </testsuite>
  <testsuite name="components/post_view/PostBodyAdditionalContent" errors="0" failures="0" skipped="0" timestamp="2019-10-31T15:01:18" time="0.676" tests="2">
    <testcase classname="components/post_view/PostBodyAdditionalContent isLinkImage, should return true for valid image URLs" name="components/post_view/PostBodyAdditionalContent isLinkImage, should return true for valid image URLs" time="0.004">
    </testcase>
    <testcase classname="components/post_view/PostBodyAdditionalContent should call toggleEmbedVisibility with post id" name="components/post_view/PostBodyAdditionalContent should call toggleEmbedVisibility with post id" time="0.001">
    </testcase>
  </testsuite>
  <testsuite name="plugins/MainMenuActions" errors="0" failures="0" skipped="0" timestamp="2019-10-31T15:01:18" time="0.761" tests="2">
    <testcase classname="plugins/MainMenuActions should match snapshot and click plugin item for LHS dropdown" name="plugins/MainMenuActions should match snapshot and click plugin item for LHS dropdown" time="0.02">
    </testcase>
    <testcase classname="plugins/MainMenuActions should match snapshot and click plugin item for mobile menu" name="plugins/MainMenuActions should match snapshot and click plugin item for mobile menu" time="0.015">
    </testcase>
  </testsuite>
  <testsuite name="components/ViewImageModal" errors="0" failures="0" skipped="0" timestamp="2019-10-31T15:01:19" time="0.584" tests="20">
    <testcase classname="components/ViewImageModal should match snapshot, modal not shown" name="components/ViewImageModal should match snapshot, modal not shown" time="0.007">
    </testcase>
    <testcase classname="components/ViewImageModal should match snapshot, loading" name="components/ViewImageModal should match snapshot, loading" time="0.003">
    </testcase>
    <testcase classname="components/ViewImageModal should match snapshot, loaded with image" name="components/ViewImageModal should match snapshot, loaded with image" time="0.021">
    </testcase>
    <testcase classname="components/ViewImageModal should match snapshot, loaded with .mov file" name="components/ViewImageModal should match snapshot, loaded with .mov file" time="0.003">
    </testcase>
    <testcase classname="components/ViewImageModal should match snapshot, loaded with .m4a file" name="components/ViewImageModal should match snapshot, loaded with .m4a file" time="0.003">
    </testcase>
    <testcase classname="components/ViewImageModal should match snapshot, loaded with .js file" name="components/ViewImageModal should match snapshot, loaded with .js file" time="0.002">
    </testcase>
    <testcase classname="components/ViewImageModal should match snapshot, loaded with other file" name="components/ViewImageModal should match snapshot, loaded with other file" time="0.002">
    </testcase>
    <testcase classname="components/ViewImageModal should match snapshot, loaded with left and right arrows" name="components/ViewImageModal should match snapshot, loaded with left and right arrows" time="0.025">
    </testcase>
    <testcase classname="components/ViewImageModal should match snapshot, loaded with footer" name="components/ViewImageModal should match snapshot, loaded with footer" time="0.003">
    </testcase>
    <testcase classname="components/ViewImageModal should match snapshot, loaded" name="components/ViewImageModal should match snapshot, loaded" time="0.003">
    </testcase>
    <testcase classname="components/ViewImageModal should match snapshot, loaded and showing footer" name="components/ViewImageModal should match snapshot, loaded and showing footer" time="0.002">
    </testcase>
    <testcase classname="components/ViewImageModal should go to next or previous upon key press of right or left, respectively" name="components/ViewImageModal should go to next or previous upon key press of right or left, respectively" time="0.028">
    </testcase>
    <testcase classname="components/ViewImageModal should handle onMouseEnter and onMouseLeave" name="components/ViewImageModal should handle onMouseEnter and onMouseLeave" time="0.003">
    </testcase>
    <testcase classname="components/ViewImageModal should have called onModalDismissed" name="components/ViewImageModal should have called onModalDismissed" time="0.002">
    </testcase>
    <testcase classname="components/ViewImageModal should match snapshot on onModalShown and onModalHidden" name="components/ViewImageModal should match snapshot on onModalShown and onModalHidden" time="0.007">
    </testcase>
    <testcase classname="components/ViewImageModal should match snapshot for external file" name="components/ViewImageModal should match snapshot for external file" time="0.008">
    </testcase>
    <testcase classname="components/ViewImageModal should have called loadImage" name="components/ViewImageModal should have called loadImage" time="0.004">
    </testcase>
    <testcase classname="components/ViewImageModal should handle handleImageLoaded" name="components/ViewImageModal should handle handleImageLoaded" time="0.004">
    </testcase>
    <testcase classname="components/ViewImageModal should handle handleImageProgress" name="components/ViewImageModal should handle handleImageProgress" time="0.003">
    </testcase>
    <testcase classname="components/ViewImageModal should pass componentWillReceiveProps" name="components/ViewImageModal should pass componentWillReceiveProps" time="0.004">
    </testcase>
  </testsuite>
  <testsuite name="component/sidebar/sidebar_channel_button_or_link/SidebarChannelButtonOrLink" errors="0" failures="0" skipped="0" timestamp="2019-10-31T15:01:19" time="0.699" tests="7">
    <testcase classname="component/sidebar/sidebar_channel_button_or_link/SidebarChannelButtonOrLink should match snapshot, on desktop with mentions badge" name="component/sidebar/sidebar_channel_button_or_link/SidebarChannelButtonOrLink should match snapshot, on desktop with mentions badge" time="0.005">
    </testcase>
    <testcase classname="component/sidebar/sidebar_channel_button_or_link/SidebarChannelButtonOrLink should match snapshot, on desktop with draft" name="component/sidebar/sidebar_channel_button_or_link/SidebarChannelButtonOrLink should match snapshot, on desktop with draft" time="0.002">
    </testcase>
    <testcase classname="component/sidebar/sidebar_channel_button_or_link/SidebarChannelButtonOrLink should match snapshot, on desktop without badge" name="component/sidebar/sidebar_channel_button_or_link/SidebarChannelButtonOrLink should match snapshot, on desktop without badge" time="0.002">
    </testcase>
    <testcase classname="component/sidebar/sidebar_channel_button_or_link/SidebarChannelButtonOrLink should trackEvent, mark and add history entry on desktop on click" name="component/sidebar/sidebar_channel_button_or_link/SidebarChannelButtonOrLink should trackEvent, mark and add history entry on desktop on click" time="0.107">
    </testcase>
    <testcase classname="component/sidebar/sidebar_channel_button_or_link/SidebarChannelButtonOrLink should match snapshot, on non-desktop with mentions badge" name="component/sidebar/sidebar_channel_button_or_link/SidebarChannelButtonOrLink should match snapshot, on non-desktop with mentions badge" time="0.005">
    </testcase>
    <testcase classname="component/sidebar/sidebar_channel_button_or_link/SidebarChannelButtonOrLink should match snapshot, on non-desktop without badge" name="component/sidebar/sidebar_channel_button_or_link/SidebarChannelButtonOrLink should match snapshot, on non-desktop without badge" time="0.002">
    </testcase>
    <testcase classname="component/sidebar/sidebar_channel_button_or_link/SidebarChannelButtonOrLink should trackEvent and mark but not add history entry on non-desktop on click" name="component/sidebar/sidebar_channel_button_or_link/SidebarChannelButtonOrLink should trackEvent and mark but not add history entry on non-desktop on click" time="0.001">
    </testcase>
  </testsuite>
  <testsuite name="components/NewChannelFlow" errors="0" failures="0" skipped="0" timestamp="2019-10-31T15:01:19" time="0.521" tests="17">
    <testcase classname="components/NewChannelFlow should match snapshot, with base props" name="components/NewChannelFlow should match snapshot, with base props" time="0.005">
    </testcase>
    <testcase classname="components/NewChannelFlow should match state when channelDataChanged is called" name="components/NewChannelFlow should match state when channelDataChanged is called" time="0.003">
    </testcase>
    <testcase classname="components/NewChannelFlow should match state when urlChangeDismissed is called" name="components/NewChannelFlow should match state when urlChangeDismissed is called" time="0.001">
    </testcase>
    <testcase classname="components/NewChannelFlow should match state when urlChangeSubmitted is called" name="components/NewChannelFlow should match state when urlChangeSubmitted is called" time="0.002">
    </testcase>
    <testcase classname="components/NewChannelFlow should match state when urlChangeRequested is called" name="components/NewChannelFlow should match state when urlChangeRequested is called" time="0.002">
    </testcase>
    <testcase classname="components/NewChannelFlow should match state when typeSwitched is called, with state switched from OPEN_CHANNEL" name="components/NewChannelFlow should match state when typeSwitched is called, with state switched from OPEN_CHANNEL" time="0.002">
    </testcase>
    <testcase classname="components/NewChannelFlow should match state when typeSwitched is called, with state switched from PRIVATE_CHANNEL" name="components/NewChannelFlow should match state when typeSwitched is called, with state switched from PRIVATE_CHANNEL" time="0.002">
    </testcase>
    <testcase classname="components/NewChannelFlow should match state when onModalExited is called" name="components/NewChannelFlow should match state when onModalExited is called" time="0.001">
    </testcase>
    <testcase classname="components/NewChannelFlow should match state when onSubmit is called with invalid channelDisplayName" name="components/NewChannelFlow should match state when onSubmit is called with invalid channelDisplayName" time="0.001">
    </testcase>
    <testcase classname="components/NewChannelFlow should call createChannel when onSubmit is called with valid channelDisplayName and valid channelName" name="components/NewChannelFlow should call createChannel when onSubmit is called with valid channelDisplayName and valid channelName" time="0.001">
    </testcase>
    <testcase classname="components/NewChannelFlow should not call doOnModalExited when onModalExited is called with doOnModalExited undefined" name="components/NewChannelFlow should not call doOnModalExited when onModalExited is called with doOnModalExited undefined" time="0.001">
    </testcase>
    <testcase classname="components/NewChannelFlow should call doOnModalExited when onModalExited is called with doOnModalExited defined" name="components/NewChannelFlow should call doOnModalExited when onModalExited is called with doOnModalExited defined" time="0.001">
    </testcase>
    <testcase classname="components/NewChannelFlow call onModalDismissed after successfully creating channel" name="components/NewChannelFlow call onModalDismissed after successfully creating channel" time="0.001">
    </testcase>
    <testcase classname="components/NewChannelFlow don&apos;t call onModalDismissed after failing to create channel" name="components/NewChannelFlow don&apos;t call onModalDismissed after failing to create channel" time="0.003">
    </testcase>
    <testcase classname="components/NewChannelFlow call onModalDismissed after successfully creating channel" name="components/NewChannelFlow call onModalDismissed after successfully creating channel" time="0.002">
    </testcase>
    <testcase classname="components/NewChannelFlow show URL modal when trying to submit non-Latin dislay name" name="components/NewChannelFlow show URL modal when trying to submit non-Latin dislay name" time="0.006">
    </testcase>
    <testcase classname="components/NewChannelFlow call onModalDismissed after successfully creating channel from URL modal" name="components/NewChannelFlow call onModalDismissed after successfully creating channel from URL modal" time="0.011">
    </testcase>
  </testsuite>
  <testsuite name="components/AnnouncementBar" errors="0" failures="0" skipped="0" timestamp="2019-10-31T15:01:19" time="0.528" tests="5">
    <testcase classname="components/AnnouncementBar should match snapshot, bar showing" name="components/AnnouncementBar should match snapshot, bar showing" time="0.011">
    </testcase>
    <testcase classname="components/AnnouncementBar should match snapshot, bar not showing" name="components/AnnouncementBar should match snapshot, bar not showing" time="0.001">
    </testcase>
    <testcase classname="components/AnnouncementBar should match snapshot, bar showing, no dismissal" name="components/AnnouncementBar should match snapshot, bar showing, no dismissal" time="0.003">
    </testcase>
    <testcase classname="components/AnnouncementBar should match snapshot, props change" name="components/AnnouncementBar should match snapshot, props change" time="0.007">
    </testcase>
    <testcase classname="components/AnnouncementBar should match snapshot, dismissal" name="components/AnnouncementBar should match snapshot, dismissal" time="0.01">
    </testcase>
  </testsuite>
  <testsuite name="Markdown.Links" errors="0" failures="0" skipped="0" timestamp="2019-10-31T15:01:19" time="0.439" tests="21">
    <testcase classname="Markdown.Links Not links" name="Markdown.Links Not links" time="0.007">
    </testcase>
    <testcase classname="Markdown.Links External links" name="Markdown.Links External links" time="0.002">
    </testcase>
    <testcase classname="Markdown.Links IP addresses" name="Markdown.Links IP addresses" time="0.001">
    </testcase>
    <testcase classname="Markdown.Links Links with anchors" name="Markdown.Links Links with anchors" time="0">
    </testcase>
    <testcase classname="Markdown.Links Links with parameters" name="Markdown.Links Links with parameters" time="0.001">
    </testcase>
    <testcase classname="Markdown.Links Special characters" name="Markdown.Links Special characters" time="0.004">
    </testcase>
    <testcase classname="Markdown.Links Brackets" name="Markdown.Links Brackets" time="0">
    </testcase>
    <testcase classname="Markdown.Links Email addresses" name="Markdown.Links Email addresses" time="0.001">
    </testcase>
    <testcase classname="Markdown.Links Formatted links" name="Markdown.Links Formatted links" time="0.001">
    </testcase>
    <testcase classname="Markdown.Links Links with text" name="Markdown.Links Links with text" time="0.002">
    </testcase>
    <testcase classname="Markdown.Links Links with tooltips" name="Markdown.Links Links with tooltips" time="0.001">
    </testcase>
    <testcase classname="Markdown.Links Links with surrounding text" name="Markdown.Links Links with surrounding text" time="0.001">
    </testcase>
    <testcase classname="Markdown.Links Links with trailing punctuation" name="Markdown.Links Links with trailing punctuation" time="0.001">
    </testcase>
    <testcase classname="Markdown.Links Links with surrounding brackets" name="Markdown.Links Links with surrounding brackets" time="0.016">
    </testcase>
    <testcase classname="Markdown.Links Searching for links" name="Markdown.Links Searching for links" time="0.002">
    </testcase>
    <testcase classname="Markdown.Links Links containing %" name="Markdown.Links Links containing %" time="0.001">
    </testcase>
    <testcase classname="Markdown.Links Relative link" name="Markdown.Links Relative link" time="0">
    </testcase>
    <testcase classname="Markdown.Links autolinkedUrlSchemes all links are rendered when not provided" name="Markdown.Links autolinkedUrlSchemes all links are rendered when not provided" time="0.002">
    </testcase>
    <testcase classname="Markdown.Links autolinkedUrlSchemes no links are rendered when no schemes are provided" name="Markdown.Links autolinkedUrlSchemes no links are rendered when no schemes are provided" time="0.002">
    </testcase>
    <testcase classname="Markdown.Links autolinkedUrlSchemes only matching links are rendered when schemes are provided" name="Markdown.Links autolinkedUrlSchemes only matching links are rendered when schemes are provided" time="0.002">
    </testcase>
    <testcase classname="Markdown.Links autolinkedUrlSchemes explicit links are not affected by this setting" name="Markdown.Links autolinkedUrlSchemes explicit links are not affected by this setting" time="0.001">
    </testcase>
  </testsuite>
  <testsuite name="components/admin_console/permission_schemes_settings/permission_team_scheme_settings/permission_team_scheme_settings" errors="0" failures="0" skipped="0" timestamp="2019-10-31T15:01:19" time="0.868" tests="3">
    <testcase classname="components/admin_console/permission_schemes_settings/permission_team_scheme_settings/permission_team_scheme_settings should save each role on save clicked except system_admin role" name="components/admin_console/permission_schemes_settings/permission_team_scheme_settings/permission_team_scheme_settings should save each role on save clicked except system_admin role" time="0.016">
    </testcase>
    <testcase classname="components/admin_console/permission_schemes_settings/permission_team_scheme_settings/permission_team_scheme_settings should show error if createScheme fails" name="components/admin_console/permission_schemes_settings/permission_team_scheme_settings/permission_team_scheme_settings should show error if createScheme fails" time="0.01">
    </testcase>
    <testcase classname="components/admin_console/permission_schemes_settings/permission_team_scheme_settings/permission_team_scheme_settings should show error if editRole fails" name="components/admin_console/permission_schemes_settings/permission_team_scheme_settings/permission_team_scheme_settings should show error if editRole fails" time="0.012">
    </testcase>
  </testsuite>
  <testsuite name="components/admin_console/permission_schemes_settings/permission_system_scheme_settings/permission_system_scheme_settings" errors="0" failures="0" skipped="1" timestamp="2019-10-31T15:01:19" time="0.903" tests="8">
    <testcase classname="components/admin_console/permission_schemes_settings/permission_system_scheme_settings/permission_system_scheme_settings should match snapshot on roles without permissions" name="components/admin_console/permission_schemes_settings/permission_system_scheme_settings/permission_system_scheme_settings should match snapshot on roles without permissions" time="0.009">
    </testcase>
    <testcase classname="components/admin_console/permission_schemes_settings/permission_system_scheme_settings/permission_system_scheme_settings should match snapshot when the license doesnt have custom schemes" name="components/admin_console/permission_schemes_settings/permission_system_scheme_settings/permission_system_scheme_settings should match snapshot when the license doesnt have custom schemes" time="0.008">
    </testcase>
    <testcase classname="components/admin_console/permission_schemes_settings/permission_system_scheme_settings/permission_system_scheme_settings should match snapshot on roles with permissions" name="components/admin_console/permission_schemes_settings/permission_system_scheme_settings/permission_system_scheme_settings should match snapshot on roles with permissions" time="0.01">
    </testcase>
    <testcase classname="components/admin_console/permission_schemes_settings/permission_system_scheme_settings/permission_system_scheme_settings should save each role on save clicked except system_admin role" name="components/admin_console/permission_schemes_settings/permission_system_scheme_settings/permission_system_scheme_settings should save each role on save clicked except system_admin role" time="0.015">
    </testcase>
    <testcase classname="components/admin_console/permission_schemes_settings/permission_system_scheme_settings/permission_system_scheme_settings should show error if editRole fails" name="components/admin_console/permission_schemes_settings/permission_system_scheme_settings/permission_system_scheme_settings should show error if editRole fails" time="0">
      <skipped/>
    </testcase>
    <testcase classname="components/admin_console/permission_schemes_settings/permission_system_scheme_settings/permission_system_scheme_settings should open and close correctly roles blocks" name="components/admin_console/permission_schemes_settings/permission_system_scheme_settings/permission_system_scheme_settings should open and close correctly roles blocks" time="0.043">
    </testcase>
    <testcase classname="components/admin_console/permission_schemes_settings/permission_system_scheme_settings/permission_system_scheme_settings should open modal on click reset defaults" name="components/admin_console/permission_schemes_settings/permission_system_scheme_settings/permission_system_scheme_settings should open modal on click reset defaults" time="0.009">
    </testcase>
    <testcase classname="components/admin_console/permission_schemes_settings/permission_system_scheme_settings/permission_system_scheme_settings should have default permissions that match the defaults constant" name="components/admin_console/permission_schemes_settings/permission_system_scheme_settings/permission_system_scheme_settings should have default permissions that match the defaults constant" time="0.027">
    </testcase>
  </testsuite>
  <testsuite name="TextFormatting.searchHighlighting" errors="0" failures="0" skipped="0" timestamp="2019-10-31T15:01:19" time="0.462" tests="18">
    <testcase classname="TextFormatting.searchHighlighting no search highlighting" name="TextFormatting.searchHighlighting no search highlighting" time="0.005">
    </testcase>
    <testcase classname="TextFormatting.searchHighlighting search term highlighting" name="TextFormatting.searchHighlighting search term highlighting" time="0.001">
    </testcase>
    <testcase classname="TextFormatting.searchHighlighting search term highlighting with quoted phrase" name="TextFormatting.searchHighlighting search term highlighting with quoted phrase" time="0">
    </testcase>
    <testcase classname="TextFormatting.searchHighlighting search term highlighting with empty quoted phrase" name="TextFormatting.searchHighlighting search term highlighting with empty quoted phrase" time="0.001">
    </testcase>
    <testcase classname="TextFormatting.searchHighlighting search term highlighting with flags" name="TextFormatting.searchHighlighting search term highlighting with flags" time="0">
    </testcase>
    <testcase classname="TextFormatting.searchHighlighting search term highlighting with at mentions" name="TextFormatting.searchHighlighting search term highlighting with at mentions" time="0.001">
    </testcase>
    <testcase classname="TextFormatting.searchHighlighting search term highlighting in a code span" name="TextFormatting.searchHighlighting search term highlighting in a code span" time="0.001">
    </testcase>
    <testcase classname="TextFormatting.searchHighlighting search term highlighting in a code block" name="TextFormatting.searchHighlighting search term highlighting in a code block" time="0.001">
    </testcase>
    <testcase classname="TextFormatting.searchHighlighting search term highlighting in link text" name="TextFormatting.searchHighlighting search term highlighting in link text" time="0.001">
    </testcase>
    <testcase classname="TextFormatting.searchHighlighting search term highlighting in link url" name="TextFormatting.searchHighlighting search term highlighting in link url" time="0">
    </testcase>
    <testcase classname="TextFormatting.searchHighlighting search match highlighting" name="TextFormatting.searchHighlighting search match highlighting" time="0.001">
    </testcase>
    <testcase classname="TextFormatting.searchHighlighting search match highlighting with quoted phrase" name="TextFormatting.searchHighlighting search match highlighting with quoted phrase" time="0">
    </testcase>
    <testcase classname="TextFormatting.searchHighlighting search match highlighting with at mentions" name="TextFormatting.searchHighlighting search match highlighting with at mentions" time="0.001">
    </testcase>
    <testcase classname="TextFormatting.searchHighlighting search match highlighting in a code span" name="TextFormatting.searchHighlighting search match highlighting in a code span" time="0">
    </testcase>
    <testcase classname="TextFormatting.searchHighlighting search match highlighting in a code block" name="TextFormatting.searchHighlighting search match highlighting in a code block" time="0">
    </testcase>
    <testcase classname="TextFormatting.searchHighlighting search match highlighting in link text" name="TextFormatting.searchHighlighting search match highlighting in link text" time="0.001">
    </testcase>
    <testcase classname="TextFormatting.searchHighlighting search match highlighting in link url" name="TextFormatting.searchHighlighting search match highlighting in link url" time="0">
    </testcase>
    <testcase classname="TextFormatting.searchHighlighting wildcard highlighting" name="TextFormatting.searchHighlighting wildcard highlighting" time="0.007">
    </testcase>
  </testsuite>
  <testsuite name="components/integrations/AbstractIncomingWebhook" errors="0" failures="0" skipped="0" timestamp="2019-10-31T15:01:19" time="0.559" tests="10">
    <testcase classname="components/integrations/AbstractIncomingWebhook should match snapshot" name="components/integrations/AbstractIncomingWebhook should match snapshot" time="0.006">
    </testcase>
    <testcase classname="components/integrations/AbstractIncomingWebhook should match snapshot, on serverError" name="components/integrations/AbstractIncomingWebhook should match snapshot, on serverError" time="0.003">
    </testcase>
    <testcase classname="components/integrations/AbstractIncomingWebhook should match snapshot, displays client error when no initial hook" name="components/integrations/AbstractIncomingWebhook should match snapshot, displays client error when no initial hook" time="0.007">
    </testcase>
    <testcase classname="components/integrations/AbstractIncomingWebhook should match snapshot, hiding post username if not enabled" name="components/integrations/AbstractIncomingWebhook should match snapshot, hiding post username if not enabled" time="0.002">
    </testcase>
    <testcase classname="components/integrations/AbstractIncomingWebhook should match snapshot, hiding post icon url if not enabled" name="components/integrations/AbstractIncomingWebhook should match snapshot, hiding post icon url if not enabled" time="0.003">
    </testcase>
    <testcase classname="components/integrations/AbstractIncomingWebhook should call action function" name="components/integrations/AbstractIncomingWebhook should call action function" time="0.01">
    </testcase>
    <testcase classname="components/integrations/AbstractIncomingWebhook should update state.channelId when on channel change" name="components/integrations/AbstractIncomingWebhook should update state.channelId when on channel change" time="0.014">
    </testcase>
    <testcase classname="components/integrations/AbstractIncomingWebhook should update state.description when on description change" name="components/integrations/AbstractIncomingWebhook should update state.description when on description change" time="0.007">
    </testcase>
    <testcase classname="components/integrations/AbstractIncomingWebhook should update state.username on post username change" name="components/integrations/AbstractIncomingWebhook should update state.username on post username change" time="0.006">
    </testcase>
    <testcase classname="components/integrations/AbstractIncomingWebhook should update state.iconURL on post icon url change" name="components/integrations/AbstractIncomingWebhook should update state.iconURL on post icon url change" time="0.004">
    </testcase>
  </testsuite>
  <testsuite name="components/admin_console/system_users/list" errors="0" failures="0" skipped="0" timestamp="2019-10-31T15:01:19" time="0.838" tests="3">
    <testcase classname="components/admin_console/system_users/list should match default snapshot" name="components/admin_console/system_users/list should match default snapshot" time="0.006">
    </testcase>
    <testcase classname="components/admin_console/system_users/list should match default snapshot, with users and mfa enabled" name="components/admin_console/system_users/list should match default snapshot, with users and mfa enabled" time="0.004">
    </testcase>
    <testcase classname="components/admin_console/system_users/list should match default snapshot, with users and mfa disabled" name="components/admin_console/system_users/list should match default snapshot, with users and mfa disabled" time="0.003">
    </testcase>
  </testsuite>
  <testsuite name="components/MessageExportSettings" errors="0" failures="0" skipped="0" timestamp="2019-10-31T15:01:20" time="0.544" tests="4">
    <testcase classname="components/MessageExportSettings should match snapshot, disabled, actiance" name="components/MessageExportSettings should match snapshot, disabled, actiance" time="0.022">
    </testcase>
    <testcase classname="components/MessageExportSettings should match snapshot, enabled, actiance" name="components/MessageExportSettings should match snapshot, enabled, actiance" time="0.028">
    </testcase>
    <testcase classname="components/MessageExportSettings should match snapshot, disabled, globalrelay" name="components/MessageExportSettings should match snapshot, disabled, globalrelay" time="0.022">
    </testcase>
    <testcase classname="components/MessageExportSettings should match snapshot, enabled, globalrelay" name="components/MessageExportSettings should match snapshot, enabled, globalrelay" time="0.04">
    </testcase>
  </testsuite>
  <testsuite name="components/channel_notifications_modal/ChannelNotificationsModal" errors="0" failures="0" skipped="0" timestamp="2019-10-31T15:01:20" time="0.605" tests="12">
    <testcase classname="components/channel_notifications_modal/ChannelNotificationsModal should match snapshot" name="components/channel_notifications_modal/ChannelNotificationsModal should match snapshot" time="0.007">
    </testcase>
    <testcase classname="components/channel_notifications_modal/ChannelNotificationsModal should provide default notify props when missing" name="components/channel_notifications_modal/ChannelNotificationsModal should provide default notify props when missing" time="0.004">
    </testcase>
    <testcase classname="components/channel_notifications_modal/ChannelNotificationsModal should call onHide and match state on handleOnHide" name="components/channel_notifications_modal/ChannelNotificationsModal should call onHide and match state on handleOnHide" time="0.027">
    </testcase>
    <testcase classname="components/channel_notifications_modal/ChannelNotificationsModal should match state on updateSection" name="components/channel_notifications_modal/ChannelNotificationsModal should match state on updateSection" time="0.004">
    </testcase>
    <testcase classname="components/channel_notifications_modal/ChannelNotificationsModal should reset state when collapsing a section" name="components/channel_notifications_modal/ChannelNotificationsModal should reset state when collapsing a section" time="0.027">
    </testcase>
    <testcase classname="components/channel_notifications_modal/ChannelNotificationsModal should match state on handleSubmitDesktopNotifyLevel" name="components/channel_notifications_modal/ChannelNotificationsModal should match state on handleSubmitDesktopNotifyLevel" time="0.005">
    </testcase>
    <testcase classname="components/channel_notifications_modal/ChannelNotificationsModal should match state on handleUpdateDesktopNotifyLevel" name="components/channel_notifications_modal/ChannelNotificationsModal should match state on handleUpdateDesktopNotifyLevel" time="0.012">
    </testcase>
    <testcase classname="components/channel_notifications_modal/ChannelNotificationsModal should match state on handleSubmitMarkUnreadLevel" name="components/channel_notifications_modal/ChannelNotificationsModal should match state on handleSubmitMarkUnreadLevel" time="0.004">
    </testcase>
    <testcase classname="components/channel_notifications_modal/ChannelNotificationsModal should match state on handleUpdateMarkUnreadLevel" name="components/channel_notifications_modal/ChannelNotificationsModal should match state on handleUpdateMarkUnreadLevel" time="0.003">
    </testcase>
    <testcase classname="components/channel_notifications_modal/ChannelNotificationsModal should match state on handleSubmitPushNotificationLevel" name="components/channel_notifications_modal/ChannelNotificationsModal should match state on handleSubmitPushNotificationLevel" time="0.004">
    </testcase>
    <testcase classname="components/channel_notifications_modal/ChannelNotificationsModal should match state on handleUpdatePushNotificationLevel" name="components/channel_notifications_modal/ChannelNotificationsModal should match state on handleUpdatePushNotificationLevel" time="0.003">
    </testcase>
    <testcase classname="components/channel_notifications_modal/ChannelNotificationsModal should match state on resetStateFromNotifyProps" name="components/channel_notifications_modal/ChannelNotificationsModal should match state on resetStateFromNotifyProps" time="0.012">
    </testcase>
  </testsuite>
  <testsuite name="components/channel_notifications_modal/ExpandView" errors="0" failures="0" skipped="0" timestamp="2019-10-31T15:01:20" time="0.446" tests="3">
    <testcase classname="components/channel_notifications_modal/ExpandView should match snapshot, DESKTOP on expanded view" name="components/channel_notifications_modal/ExpandView should match snapshot, DESKTOP on expanded view" time="0.005">
    </testcase>
    <testcase classname="components/channel_notifications_modal/ExpandView should match snapshot, PUSH on expanded view" name="components/channel_notifications_modal/ExpandView should match snapshot, PUSH on expanded view" time="0.002">
    </testcase>
    <testcase classname="components/channel_notifications_modal/ExpandView should match snapshot, MARK_UNREAD on expanded view" name="components/channel_notifications_modal/ExpandView should match snapshot, MARK_UNREAD on expanded view" time="0.002">
    </testcase>
  </testsuite>
  <testsuite name="components/login/LoginController" errors="0" failures="0" skipped="0" timestamp="2019-10-31T15:01:20" time="0.596" tests="5">
    <testcase classname="components/login/LoginController should match snapshot" name="components/login/LoginController should match snapshot" time="0.009">
    </testcase>
    <testcase classname="components/login/LoginController should match snapshot when expired" name="components/login/LoginController should match snapshot when expired" time="0.008">
    </testcase>
    <testcase classname="components/login/LoginController should match snapshot when initializing" name="components/login/LoginController should match snapshot when initializing" time="0.002">
    </testcase>
    <testcase classname="components/login/LoginController should show session expiry notification" name="components/login/LoginController should show session expiry notification" time="0.011">
    </testcase>
    <testcase classname="components/login/LoginController should suppress session expiry notification on sign in change" name="components/login/LoginController should suppress session expiry notification on sign in change" time="0.003">
    </testcase>
  </testsuite>
  <testsuite name="components/integrations/InstalledOutgoingWebhook" errors="0" failures="0" skipped="0" timestamp="2019-10-31T15:01:20" time="0.484" tests="11">
    <testcase classname="components/integrations/InstalledOutgoingWebhook should match snapshot" name="components/integrations/InstalledOutgoingWebhook should match snapshot" time="0.005">
    </testcase>
    <testcase classname="components/integrations/InstalledOutgoingWebhook should not have edit and delete actions if user does not have permissions to change" name="components/integrations/InstalledOutgoingWebhook should not have edit and delete actions if user does not have permissions to change" time="0.002">
    </testcase>
    <testcase classname="components/integrations/InstalledOutgoingWebhook should have edit and delete actions if user can change webhook" name="components/integrations/InstalledOutgoingWebhook should have edit and delete actions if user can change webhook" time="0.002">
    </testcase>
    <testcase classname="components/integrations/InstalledOutgoingWebhook Should have the same name and description on view as it has in outgoingWebhook" name="components/integrations/InstalledOutgoingWebhook Should have the same name and description on view as it has in outgoingWebhook" time="0.003">
    </testcase>
    <testcase classname="components/integrations/InstalledOutgoingWebhook Should not display description as it is null" name="components/integrations/InstalledOutgoingWebhook Should not display description as it is null" time="0.004">
    </testcase>
    <testcase classname="components/integrations/InstalledOutgoingWebhook Should not render any nodes as there are no filtered results" name="components/integrations/InstalledOutgoingWebhook Should not render any nodes as there are no filtered results" time="0">
    </testcase>
    <testcase classname="components/integrations/InstalledOutgoingWebhook Should render a webhook item as filtered result is true" name="components/integrations/InstalledOutgoingWebhook Should render a webhook item as filtered result is true" time="0.003">
    </testcase>
    <testcase classname="components/integrations/InstalledOutgoingWebhook Should call onRegenToken function once" name="components/integrations/InstalledOutgoingWebhook Should call onRegenToken function once" time="0.006">
    </testcase>
    <testcase classname="components/integrations/InstalledOutgoingWebhook Should call onDelete function once" name="components/integrations/InstalledOutgoingWebhook Should call onDelete function once" time="0.002">
    </testcase>
    <testcase classname="components/integrations/InstalledOutgoingWebhook Should match snapshot of makeDisplayName" name="components/integrations/InstalledOutgoingWebhook Should match snapshot of makeDisplayName" time="0.002">
    </testcase>
    <testcase classname="components/integrations/InstalledOutgoingWebhook Should match result when matchesFilter is called" name="components/integrations/InstalledOutgoingWebhook Should match result when matchesFilter is called" time="0.004">
    </testcase>
  </testsuite>
  <testsuite name="components/TeamInfo" errors="0" failures="0" skipped="0" timestamp="2019-10-31T15:01:20" time="0.412" tests="2">
    <testcase classname="components/TeamInfo should match snapshot, without icon" name="components/TeamInfo should match snapshot, without icon" time="0.013">
    </testcase>
    <testcase classname="components/TeamInfo should match snapshot, with icon" name="components/TeamInfo should match snapshot, with icon" time="0.001">
    </testcase>
  </testsuite>
  <testsuite name="components/post_view/combined_system_message/LastUsers" errors="0" failures="0" skipped="0" timestamp="2019-10-31T15:01:20" time="0.427" tests="3">
    <testcase classname="components/post_view/combined_system_message/LastUsers should match snapshot" name="components/post_view/combined_system_message/LastUsers should match snapshot" time="0.008">
    </testcase>
    <testcase classname="components/post_view/combined_system_message/LastUsers should match snapshot, expanded" name="components/post_view/combined_system_message/LastUsers should match snapshot, expanded" time="0.002">
    </testcase>
    <testcase classname="components/post_view/combined_system_message/LastUsers should match state on handleOnClick" name="components/post_view/combined_system_message/LastUsers should match state on handleOnClick" time="0.002">
    </testcase>
  </testsuite>
  <testsuite name="components/FileAttachmentList" errors="0" failures="0" skipped="0" timestamp="2019-10-31T15:01:20" time="0.375" tests="4">
    <testcase classname="components/FileAttachmentList should match snapshot, multiple files ordered 1-2-3" name="components/FileAttachmentList should match snapshot, multiple files ordered 1-2-3" time="0.005">
    </testcase>
    <testcase classname="components/FileAttachmentList should match snapshot, single image view" name="components/FileAttachmentList should match snapshot, single image view" time="0.002">
    </testcase>
    <testcase classname="components/FileAttachmentList should match state on handleImageClick" name="components/FileAttachmentList should match state on handleImageClick" time="0.002">
    </testcase>
    <testcase classname="components/FileAttachmentList should match state on hidePreviewModal" name="components/FileAttachmentList should match state on hidePreviewModal" time="0.002">
    </testcase>
  </testsuite>
  <testsuite name="components/SingleImageView" errors="0" failures="0" skipped="0" timestamp="2019-10-31T15:01:20" time="0.668" tests="8">
    <testcase classname="components/SingleImageView should match snapshot" name="components/SingleImageView should match snapshot" time="0.01">
    </testcase>
    <testcase classname="components/SingleImageView should match snapshot, SVG image" name="components/SingleImageView should match snapshot, SVG image" time="0.008">
    </testcase>
    <testcase classname="components/SingleImageView should call setViewPortWidth on handleResize" name="components/SingleImageView should call setViewPortWidth on handleResize" time="0.001">
    </testcase>
    <testcase classname="components/SingleImageView should match state on setViewPortWidth" name="components/SingleImageView should match state on setViewPortWidth" time="0.003">
    </testcase>
    <testcase classname="components/SingleImageView should match state on handleImageClick" name="components/SingleImageView should match state on handleImageClick" time="0.002">
    </testcase>
    <testcase classname="components/SingleImageView should match state on showPreviewModal" name="components/SingleImageView should match state on showPreviewModal" time="0.003">
    </testcase>
    <testcase classname="components/SingleImageView should match dimensions on computeImageDimensions" name="components/SingleImageView should match dimensions on computeImageDimensions" time="0.009">
    </testcase>
    <testcase classname="components/SingleImageView should call toggleEmbedVisibility with post id" name="components/SingleImageView should call toggleEmbedVisibility with post id" time="0.002">
    </testcase>
  </testsuite>
  <testsuite name="components/ActivityLogModal" errors="0" failures="0" skipped="0" timestamp="2019-10-31T15:01:20" time="0.699" tests="4">
    <testcase classname="components/ActivityLogModal should match snapshot" name="components/ActivityLogModal should match snapshot" time="0.013">
    </testcase>
    <testcase classname="components/ActivityLogModal should match snapshot when submitRevoke is called" name="components/ActivityLogModal should match snapshot when submitRevoke is called" time="0.003">
    </testcase>
    <testcase classname="components/ActivityLogModal should have called actions.getUserAudits when onShow is called" name="components/ActivityLogModal should have called actions.getUserAudits when onShow is called" time="0.002">
    </testcase>
    <testcase classname="components/ActivityLogModal should match state when onHide is called" name="components/ActivityLogModal should match state when onHide is called" time="0.002">
    </testcase>
  </testsuite>
  <testsuite name="components/user_settings/advanced/JoinLeaveSection" errors="0" failures="0" skipped="0" timestamp="2019-10-31T15:01:20" time="0.442" tests="4">
    <testcase classname="components/user_settings/advanced/JoinLeaveSection should match snapshot" name="components/user_settings/advanced/JoinLeaveSection should match snapshot" time="0.008">
    </testcase>
    <testcase classname="components/user_settings/advanced/JoinLeaveSection should match state on handleOnChange" name="components/user_settings/advanced/JoinLeaveSection should match state on handleOnChange" time="0.002">
    </testcase>
    <testcase classname="components/user_settings/advanced/JoinLeaveSection should call props.actions.savePreferences and props.onUpdateSection on handleSubmit" name="components/user_settings/advanced/JoinLeaveSection should call props.actions.savePreferences and props.onUpdateSection on handleSubmit" time="0.002">
    </testcase>
    <testcase classname="components/user_settings/advanced/JoinLeaveSection should match state and call props.onUpdateSection on handleUpdateSection" name="components/user_settings/advanced/JoinLeaveSection should match state and call props.onUpdateSection on handleUpdateSection" time="0.003">
    </testcase>
  </testsuite>
  <testsuite name="components/integrations/InstalledOutgoingWebhooks" errors="0" failures="0" skipped="0" timestamp="2019-10-31T15:01:21" time="0.434" tests="3">
    <testcase classname="components/integrations/InstalledOutgoingWebhooks should match snapshot" name="components/integrations/InstalledOutgoingWebhooks should match snapshot" time="0.008">
    </testcase>
    <testcase classname="components/integrations/InstalledOutgoingWebhooks should call regenOutgoingHookToken function" name="components/integrations/InstalledOutgoingWebhooks should call regenOutgoingHookToken function" time="0.002">
    </testcase>
    <testcase classname="components/integrations/InstalledOutgoingWebhooks should call removeOutgoingHook function" name="components/integrations/InstalledOutgoingWebhooks should call removeOutgoingHook function" time="0.002">
    </testcase>
  </testsuite>
  <testsuite name="components/integrations/ConfirmIntegration" errors="0" failures="0" skipped="0" timestamp="2019-10-31T15:01:21" time="0.437" tests="6">
    <testcase classname="components/integrations/ConfirmIntegration should match snapshot, oauthApps case" name="components/integrations/ConfirmIntegration should match snapshot, oauthApps case" time="0.008">
    </testcase>
    <testcase classname="components/integrations/ConfirmIntegration should match snapshot, commands case" name="components/integrations/ConfirmIntegration should match snapshot, commands case" time="0.003">
    </testcase>
    <testcase classname="components/integrations/ConfirmIntegration should match snapshot, incomingHooks case" name="components/integrations/ConfirmIntegration should match snapshot, incomingHooks case" time="0.003">
    </testcase>
    <testcase classname="components/integrations/ConfirmIntegration should match snapshot, outgoingHooks case" name="components/integrations/ConfirmIntegration should match snapshot, outgoingHooks case" time="0.002">
    </testcase>
    <testcase classname="components/integrations/ConfirmIntegration should match snapshot, outgoingHooks and bad identifier case" name="components/integrations/ConfirmIntegration should match snapshot, outgoingHooks and bad identifier case" time="0.008">
    </testcase>
    <testcase classname="components/integrations/ConfirmIntegration should match snapshot, bad integration type case" name="components/integrations/ConfirmIntegration should match snapshot, bad integration type case" time="0.002">
    </testcase>
  </testsuite>
  <testsuite name="rhs view actions" errors="0" failures="0" skipped="0" timestamp="2019-10-31T15:01:21" time="0.471" tests="16">
    <testcase classname="rhs view actions clearCommentDraftUploads it calls actionOnGlobalItemsWithPrefix action correctly" name="rhs view actions clearCommentDraftUploads it calls actionOnGlobalItemsWithPrefix action correctly" time="0.004">
    </testcase>
    <testcase classname="rhs view actions updateCommentDraft it calls setGlobalItem action correctly" name="rhs view actions updateCommentDraft it calls setGlobalItem action correctly" time="0.001">
    </testcase>
    <testcase classname="rhs view actions makeOnMoveHistoryIndex it moves comment history index back" name="rhs view actions makeOnMoveHistoryIndex it moves comment history index back" time="0.001">
    </testcase>
    <testcase classname="rhs view actions makeOnMoveHistoryIndex it stores history message in draft" name="rhs view actions makeOnMoveHistoryIndex it stores history message in draft" time="0.001">
    </testcase>
    <testcase classname="rhs view actions submitPost it calls GlobalActions.emitUserCommentedEvent with post" name="rhs view actions submitPost it calls GlobalActions.emitUserCommentedEvent with post" time="0.001">
    </testcase>
    <testcase classname="rhs view actions submitPost it call PostActions.createPost with post" name="rhs view actions submitPost it call PostActions.createPost with post" time="0.001">
    </testcase>
    <testcase classname="rhs view actions submitReaction it adds a reaction when action is +" name="rhs view actions submitReaction it adds a reaction when action is +" time="0">
    </testcase>
    <testcase classname="rhs view actions submitReaction it removes a reaction when action is -" name="rhs view actions submitReaction it removes a reaction when action is -" time="0.001">
    </testcase>
    <testcase classname="rhs view actions submitCommand it calls ChannelActions.executeCommand" name="rhs view actions submitCommand it calls ChannelActions.executeCommand" time="0.001">
    </testcase>
    <testcase classname="rhs view actions submitCommand it calls submitPost on error.sendMessage" name="rhs view actions submitCommand it calls submitPost on error.sendMessage" time="0.146">
    </testcase>
    <testcase classname="rhs view actions makeOnSubmit it adds message into history" name="rhs view actions makeOnSubmit it adds message into history" time="0.001">
    </testcase>
    <testcase classname="rhs view actions makeOnSubmit it clears comment draft" name="rhs view actions makeOnSubmit it clears comment draft" time="0">
    </testcase>
    <testcase classname="rhs view actions makeOnSubmit it submits a reaction when message is +:smile:" name="rhs view actions makeOnSubmit it submits a reaction when message is +:smile:" time="0.001">
    </testcase>
    <testcase classname="rhs view actions makeOnSubmit it submits a command when message is /away" name="rhs view actions makeOnSubmit it submits a command when message is /away" time="0">
    </testcase>
    <testcase classname="rhs view actions makeOnSubmit it submits a regular post when message is something else" name="rhs view actions makeOnSubmit it submits a regular post when message is something else" time="0.001">
    </testcase>
    <testcase classname="rhs view actions makeOnEditLatestPost it dispatches the correct actions" name="rhs view actions makeOnEditLatestPost it dispatches the correct actions" time="0.001">
    </testcase>
  </testsuite>
  <testsuite name="component/FileAttachment" errors="0" failures="0" skipped="0" timestamp="2019-10-31T15:01:21" time="0.514" tests="9">
    <testcase classname="component/FileAttachment should match snapshot, regular file" name="component/FileAttachment should match snapshot, regular file" time="0.005">
    </testcase>
    <testcase classname="component/FileAttachment should match snapshot, regular image" name="component/FileAttachment should match snapshot, regular image" time="0.004">
    </testcase>
    <testcase classname="component/FileAttachment should match snapshot, small image" name="component/FileAttachment should match snapshot, small image" time="0.003">
    </testcase>
    <testcase classname="component/FileAttachment should match snapshot, svg image" name="component/FileAttachment should match snapshot, svg image" time="0.002">
    </testcase>
    <testcase classname="component/FileAttachment should match snapshot, after change from file to image" name="component/FileAttachment should match snapshot, after change from file to image" time="0.004">
    </testcase>
    <testcase classname="component/FileAttachment should match snapshot, with compact display" name="component/FileAttachment should match snapshot, with compact display" time="0.001">
    </testcase>
    <testcase classname="component/FileAttachment should match snapshot, without compact display and without can download" name="component/FileAttachment should match snapshot, without compact display and without can download" time="0.002">
    </testcase>
    <testcase classname="component/FileAttachment should match snapshot, file with long name" name="component/FileAttachment should match snapshot, file with long name" time="0.001">
    </testcase>
    <testcase classname="component/FileAttachment should match snapshot, when file is not loaded" name="component/FileAttachment should match snapshot, when file is not loaded" time="0.002">
    </testcase>
  </testsuite>
  <testsuite name="components/integrations/EditOutgoingWebhook" errors="0" failures="0" skipped="0" timestamp="2019-10-31T15:01:21" time="0.404" tests="9">
    <testcase classname="components/integrations/EditOutgoingWebhook should match snapshot" name="components/integrations/EditOutgoingWebhook should match snapshot" time="0.005">
    </testcase>
    <testcase classname="components/integrations/EditOutgoingWebhook should match snapshot, loading" name="components/integrations/EditOutgoingWebhook should match snapshot, loading" time="0.001">
    </testcase>
    <testcase classname="components/integrations/EditOutgoingWebhook should match snapshot when EnableOutgoingWebhooks is false" name="components/integrations/EditOutgoingWebhook should match snapshot when EnableOutgoingWebhooks is false" time="0.002">
    </testcase>
    <testcase classname="components/integrations/EditOutgoingWebhook should have match state when handleConfirmModal is called" name="components/integrations/EditOutgoingWebhook should have match state when handleConfirmModal is called" time="0.002">
    </testcase>
    <testcase classname="components/integrations/EditOutgoingWebhook should have match state when confirmModalDismissed is called" name="components/integrations/EditOutgoingWebhook should have match state when confirmModalDismissed is called" time="0.003">
    </testcase>
    <testcase classname="components/integrations/EditOutgoingWebhook should have match renderExtra" name="components/integrations/EditOutgoingWebhook should have match renderExtra" time="0.001">
    </testcase>
    <testcase classname="components/integrations/EditOutgoingWebhook should have match when editOutgoingHook is called" name="components/integrations/EditOutgoingWebhook should have match when editOutgoingHook is called" time="0.002">
    </testcase>
    <testcase classname="components/integrations/EditOutgoingWebhook should have match when submitHook is called on success" name="components/integrations/EditOutgoingWebhook should have match when submitHook is called on success" time="0.002">
    </testcase>
    <testcase classname="components/integrations/EditOutgoingWebhook should have match when submitHook is called on error" name="components/integrations/EditOutgoingWebhook should have match when submitHook is called on error" time="0.002">
    </testcase>
  </testsuite>
  <testsuite name="components/AdminSidebar" errors="0" failures="0" skipped="0" timestamp="2019-10-31T15:01:21" time="0.457" tests="2">
    <testcase classname="components/AdminSidebar should match snapshot" name="components/AdminSidebar should match snapshot" time="0.012">
    </testcase>
    <testcase classname="components/AdminSidebar should match snapshot, not render the plugin in the sidebar because does not have settings" name="components/AdminSidebar should match snapshot, not render the plugin in the sidebar because does not have settings" time="0.008">
    </testcase>
  </testsuite>
  <testsuite name="components/ChannelMembersModal" errors="0" failures="0" skipped="0" timestamp="2019-10-31T15:01:21" time="0.61" tests="5">
    <testcase classname="components/ChannelMembersModal renders the channel display name" name="components/ChannelMembersModal renders the channel display name" time="0.013">
    </testcase>
    <testcase classname="components/ChannelMembersModal should call the onHide callback when the modal is hidden" name="components/ChannelMembersModal should call the onHide callback when the modal is hidden" time="0.003">
    </testcase>
    <testcase classname="components/ChannelMembersModal should show the invite modal link if the user can manage channel members" name="components/ChannelMembersModal should show the invite modal link if the user can manage channel members" time="0.003">
    </testcase>
    <testcase classname="components/ChannelMembersModal should not show the invite modal link if the user can not manage channel members" name="components/ChannelMembersModal should not show the invite modal link if the user can not manage channel members" time="0.003">
    </testcase>
    <testcase classname="components/ChannelMembersModal should call showInviteModal when the invite modal link is clicked" name="components/ChannelMembersModal should call showInviteModal when the invite modal link is clicked" time="0.002">
    </testcase>
  </testsuite>
  <testsuite name="components/admin_console/permission_schemes_settings/permission_tree" errors="0" failures="0" skipped="0" timestamp="2019-10-31T15:01:21" time="0.433" tests="7">
    <testcase classname="components/admin_console/permission_schemes_settings/permission_tree should match snapshot on default data" name="components/admin_console/permission_schemes_settings/permission_tree should match snapshot on default data" time="0.005">
    </testcase>
    <testcase classname="components/admin_console/permission_schemes_settings/permission_tree should match snapshot on read only" name="components/admin_console/permission_schemes_settings/permission_tree should match snapshot on read only" time="0.003">
    </testcase>
    <testcase classname="components/admin_console/permission_schemes_settings/permission_tree should match snapshot on team scope" name="components/admin_console/permission_schemes_settings/permission_tree should match snapshot on team scope" time="0.002">
    </testcase>
    <testcase classname="components/admin_console/permission_schemes_settings/permission_tree should match snapshot on system scope" name="components/admin_console/permission_schemes_settings/permission_tree should match snapshot on system scope" time="0.003">
    </testcase>
    <testcase classname="components/admin_console/permission_schemes_settings/permission_tree should match snapshot with parentRole with permissions" name="components/admin_console/permission_schemes_settings/permission_tree should match snapshot with parentRole with permissions" time="0.002">
    </testcase>
    <testcase classname="components/admin_console/permission_schemes_settings/permission_tree should ask to toggle on row toggle" name="components/admin_console/permission_schemes_settings/permission_tree should ask to toggle on row toggle" time="0.002">
    </testcase>
    <testcase classname="components/admin_console/permission_schemes_settings/permission_tree should hide disabbled integration options" name="components/admin_console/permission_schemes_settings/permission_tree should hide disabbled integration options" time="0.002">
    </testcase>
  </testsuite>
  <testsuite name="components/admin_console/permission_schemes_settings/permission_system_scheme_settings/permission_system_scheme_settings" errors="0" failures="0" skipped="0" timestamp="2019-10-31T15:01:21" time="0.421" tests="1">
    <testcase classname="components/admin_console/permission_schemes_settings/permission_system_scheme_settings/permission_system_scheme_settings should show error if editRole fails" name="components/admin_console/permission_schemes_settings/permission_system_scheme_settings/permission_system_scheme_settings should show error if editRole fails" time="0.021">
    </testcase>
  </testsuite>
  <testsuite name="components/EditChannelHeaderModal" errors="0" failures="0" skipped="0" timestamp="2019-10-31T15:01:21" time="0.463" tests="12">
    <testcase classname="components/EditChannelHeaderModal should match snapshot, init" name="components/EditChannelHeaderModal should match snapshot, init" time="0.005">
    </testcase>
    <testcase classname="components/EditChannelHeaderModal edit dirrect message channel" name="components/EditChannelHeaderModal edit dirrect message channel" time="0.004">
    </testcase>
    <testcase classname="components/EditChannelHeaderModal submitted" name="components/EditChannelHeaderModal submitted" time="0.002">
    </testcase>
    <testcase classname="components/EditChannelHeaderModal error with intl message" name="components/EditChannelHeaderModal error with intl message" time="0.007">
    </testcase>
    <testcase classname="components/EditChannelHeaderModal error without intl message" name="components/EditChannelHeaderModal error without intl message" time="0.004">
    </testcase>
    <testcase classname="components/EditChannelHeaderModal hide error message on new request" name="components/EditChannelHeaderModal hide error message on new request" time="0.004">
    </testcase>
    <testcase classname="components/EditChannelHeaderModal hide on requestsStatus changed to success" name="components/EditChannelHeaderModal hide on requestsStatus changed to success" time="0.003">
    </testcase>
    <testcase classname="components/EditChannelHeaderModal change header" name="components/EditChannelHeaderModal change header" time="0.002">
    </testcase>
    <testcase classname="components/EditChannelHeaderModal patch on save button click" name="components/EditChannelHeaderModal patch on save button click" time="0.003">
    </testcase>
    <testcase classname="components/EditChannelHeaderModal patch on enter keypress event with ctrl" name="components/EditChannelHeaderModal patch on enter keypress event with ctrl" time="0.001">
    </testcase>
    <testcase classname="components/EditChannelHeaderModal patch on enter keypress" name="components/EditChannelHeaderModal patch on enter keypress" time="0.002">
    </testcase>
    <testcase classname="components/EditChannelHeaderModal patch on enter keydown" name="components/EditChannelHeaderModal patch on enter keydown" time="0.001">
    </testcase>
  </testsuite>
  <testsuite name="components/SettingItemMin" errors="0" failures="0" skipped="0" timestamp="2019-10-31T15:01:21" time="0.425" tests="11">
    <testcase classname="components/SettingItemMin should match snapshot, profile picture on source" name="components/SettingItemMin should match snapshot, profile picture on source" time="0.005">
    </testcase>
    <testcase classname="components/SettingItemMin should match snapshot, profile picture on file" name="components/SettingItemMin should match snapshot, profile picture on file" time="0.003">
    </testcase>
    <testcase classname="components/SettingItemMin should match snapshot, team icon on source" name="components/SettingItemMin should match snapshot, team icon on source" time="0.003">
    </testcase>
    <testcase classname="components/SettingItemMin should match snapshot, team icon on file" name="components/SettingItemMin should match snapshot, team icon on file" time="0.003">
    </testcase>
    <testcase classname="components/SettingItemMin should match snapshot, on loading picture" name="components/SettingItemMin should match snapshot, on loading picture" time="0.002">
    </testcase>
    <testcase classname="components/SettingItemMin should match snapshot with active Save button" name="components/SettingItemMin should match snapshot with active Save button" time="0.007">
    </testcase>
    <testcase classname="components/SettingItemMin should match state and call props.updateSection on handleCancel" name="components/SettingItemMin should match state and call props.updateSection on handleCancel" time="0.004">
    </testcase>
    <testcase classname="components/SettingItemMin should call props.onRemove on handleSave" name="components/SettingItemMin should call props.onRemove on handleSave" time="0.002">
    </testcase>
    <testcase classname="components/SettingItemMin should match state and call props.onSubmit on handleSave" name="components/SettingItemMin should match state and call props.onSubmit on handleSave" time="0.003">
    </testcase>
    <testcase classname="components/SettingItemMin should match state on handleRemoveSrc" name="components/SettingItemMin should match state on handleRemoveSrc" time="0.003">
    </testcase>
    <testcase classname="components/SettingItemMin should match state and call props.onFileChange on handleFileChange" name="components/SettingItemMin should match state and call props.onFileChange on handleFileChange" time="0.004">
    </testcase>
  </testsuite>
  <testsuite name="components/integrations/InstalledOAuthApps" errors="0" failures="0" skipped="0" timestamp="2019-10-31T15:01:21" time="0.482" tests="2">
    <testcase classname="components/integrations/InstalledOAuthApps should match snapshot" name="components/integrations/InstalledOAuthApps should match snapshot" time="0.019">
    </testcase>
    <testcase classname="components/integrations/InstalledOAuthApps should props.deleteOAuthApp on deleteOAuthApp" name="components/integrations/InstalledOAuthApps should props.deleteOAuthApp on deleteOAuthApp" time="0.002">
    </testcase>
  </testsuite>
  <testsuite name="components/signup/SignupLTI" errors="0" failures="0" skipped="0" timestamp="2019-10-31T15:01:21" time="0.55" tests="1">
    <testcase classname="components/signup/SignupLTI should have match state and make API call when handleSubmit is called" name="components/signup/SignupLTI should have match state and make API call when handleSubmit is called" time="0.024">
    </testcase>
  </testsuite>
  <testsuite name="components/post_view/CommentedOn" errors="0" failures="0" skipped="0" timestamp="2019-10-31T15:01:21" time="0.538" tests="8">
    <testcase classname="components/post_view/CommentedOn should match snapshot" name="components/post_view/CommentedOn should match snapshot" time="0.008">
    </testcase>
    <testcase classname="components/post_view/CommentedOn should match snapshots for post with props.pretext as message" name="components/post_view/CommentedOn should match snapshots for post with props.pretext as message" time="0.003">
    </testcase>
    <testcase classname="components/post_view/CommentedOn should match snapshots for post with props.title as message" name="components/post_view/CommentedOn should match snapshots for post with props.title as message" time="0.001">
    </testcase>
    <testcase classname="components/post_view/CommentedOn should match snapshots for post with props.text as message" name="components/post_view/CommentedOn should match snapshots for post with props.text as message" time="0.002">
    </testcase>
    <testcase classname="components/post_view/CommentedOn should match snapshots for post with props.fallback as message" name="components/post_view/CommentedOn should match snapshots for post with props.fallback as message" time="0.001">
    </testcase>
    <testcase classname="components/post_view/CommentedOn should call onCommentClick on click of text message" name="components/post_view/CommentedOn should call onCommentClick on click of text message" time="0.002">
    </testcase>
    <testcase classname="components/post_view/CommentedOn should call actions.updateSearchTerms and actions.showSearchResults on handleOnClick" name="components/post_view/CommentedOn should call actions.updateSearchTerms and actions.showSearchResults on handleOnClick" time="0.002">
    </testcase>
    <testcase classname="components/post_view/CommentedOn Should trigger search with override_username" name="components/post_view/CommentedOn Should trigger search with override_username" time="0.002">
    </testcase>
  </testsuite>
  <testsuite name="components/admin_console/permission_schemes_settings/permission_row" errors="0" failures="0" skipped="0" timestamp="2019-10-31T15:01:21" time="0.543" tests="6">
    <testcase classname="components/admin_console/permission_schemes_settings/permission_row should match snapshot on editable and not inherited" name="components/admin_console/permission_schemes_settings/permission_row should match snapshot on editable and not inherited" time="0.003">
    </testcase>
    <testcase classname="components/admin_console/permission_schemes_settings/permission_row should match snapshot on editable and inherited" name="components/admin_console/permission_schemes_settings/permission_row should match snapshot on editable and inherited" time="0.002">
    </testcase>
    <testcase classname="components/admin_console/permission_schemes_settings/permission_row should match snapshot on read only and not inherited" name="components/admin_console/permission_schemes_settings/permission_row should match snapshot on read only and not inherited" time="0">
    </testcase>
    <testcase classname="components/admin_console/permission_schemes_settings/permission_row should match snapshot on read only and not inherited" name="components/admin_console/permission_schemes_settings/permission_row should match snapshot on read only and not inherited" time="0.001">
    </testcase>
    <testcase classname="components/admin_console/permission_schemes_settings/permission_row should call onChange function on click" name="components/admin_console/permission_schemes_settings/permission_row should call onChange function on click" time="0.002">
    </testcase>
    <testcase classname="components/admin_console/permission_schemes_settings/permission_row shouldn&apos;t call onChange function on click when is read-only" name="components/admin_console/permission_schemes_settings/permission_row shouldn&apos;t call onChange function on click when is read-only" time="0.001">
    </testcase>
  </testsuite>
  <testsuite name="components/admin_console/email_connection_test/email_connection_test" errors="0" failures="0" skipped="0" timestamp="2019-10-31T15:01:22" time="0.479" tests="3">
    <testcase classname="components/admin_console/email_connection_test/email_connection_test should match snapshot, disabled" name="components/admin_console/email_connection_test/email_connection_test should match snapshot, disabled" time="0.004">
    </testcase>
    <testcase classname="components/admin_console/email_connection_test/email_connection_test should match snapshot, enable" name="components/admin_console/email_connection_test/email_connection_test should match snapshot, enable" time="0.002">
    </testcase>
    <testcase classname="components/admin_console/email_connection_test/email_connection_test should have called handleTestConnection" name="components/admin_console/email_connection_test/email_connection_test should have called handleTestConnection" time="0.005">
    </testcase>
  </testsuite>
  <testsuite name="components/AddUsersToTeam" errors="0" failures="0" skipped="0" timestamp="2019-10-31T15:01:22" time="0.51" tests="11">
    <testcase classname="components/AddUsersToTeam should match snapshot" name="components/AddUsersToTeam should match snapshot" time="0.006">
    </testcase>
    <testcase classname="components/AddUsersToTeam should match state when onHide is called" name="components/AddUsersToTeam should match state when onHide is called" time="0.003">
    </testcase>
    <testcase classname="components/AddUsersToTeam should have called onModalDismissed when handleExit is called" name="components/AddUsersToTeam should have called onModalDismissed when handleExit is called" time="0.002">
    </testcase>
    <testcase classname="components/AddUsersToTeam should match state when handleResponse is called" name="components/AddUsersToTeam should match state when handleResponse is called" time="0.005">
    </testcase>
    <testcase classname="components/AddUsersToTeam should match state when handleSubmit is called" name="components/AddUsersToTeam should match state when handleSubmit is called" time="0.005">
    </testcase>
    <testcase classname="components/AddUsersToTeam should match state when addValue is called" name="components/AddUsersToTeam should match state when addValue is called" time="0.005">
    </testcase>
    <testcase classname="components/AddUsersToTeam should match state when handlePageChange is called" name="components/AddUsersToTeam should match state when handlePageChange is called" time="0.004">
    </testcase>
    <testcase classname="components/AddUsersToTeam should match state when search is called" name="components/AddUsersToTeam should match state when search is called" time="0.011">
    </testcase>
    <testcase classname="components/AddUsersToTeam should match state when handleDelete is called" name="components/AddUsersToTeam should match state when handleDelete is called" time="0.016">
    </testcase>
    <testcase classname="components/AddUsersToTeam should match when renderOption is called" name="components/AddUsersToTeam should match when renderOption is called" time="0.003">
    </testcase>
    <testcase classname="components/AddUsersToTeam should match when renderValue is called" name="components/AddUsersToTeam should match when renderValue is called" time="0.001">
    </testcase>
  </testsuite>
  <testsuite name="components/NewChannelModal" errors="0" failures="0" skipped="0" timestamp="2019-10-31T15:01:22" time="0.531" tests="6">
    <testcase classname="components/NewChannelModal should match snapshot, modal not showing" name="components/NewChannelModal should match snapshot, modal not showing" time="0.011">
    </testcase>
    <testcase classname="components/NewChannelModal should match snapshot, modal showing" name="components/NewChannelModal should match snapshot, modal showing" time="0.005">
    </testcase>
    <testcase classname="components/NewChannelModal should match snapshot, private channel filled in header and purpose" name="components/NewChannelModal should match snapshot, private channel filled in header and purpose" time="0.005">
    </testcase>
    <testcase classname="components/NewChannelModal should match snapshot, on displayNameError" name="components/NewChannelModal should match snapshot, on displayNameError" time="0.031">
    </testcase>
    <testcase classname="components/NewChannelModal should match snapshot, on serverError" name="components/NewChannelModal should match snapshot, on serverError" time="0.004">
    </testcase>
    <testcase classname="components/NewChannelModal should have called handleSubmit on onEnterKeyDown" name="components/NewChannelModal should have called handleSubmit on onEnterKeyDown" time="0.003">
    </testcase>
  </testsuite>
  <testsuite name="components/logged_in/LoggedIn" errors="0" failures="0" skipped="0" timestamp="2019-10-31T15:01:22" time="0.632" tests="7">
    <testcase classname="components/logged_in/LoggedIn should render loading state without user" name="components/logged_in/LoggedIn should render loading state without user" time="0.023">
    </testcase>
    <testcase classname="components/logged_in/LoggedIn should redirect to mfa when required and not on /mfa/setup" name="components/logged_in/LoggedIn should redirect to mfa when required and not on /mfa/setup" time="0.017">
    </testcase>
    <testcase classname="components/logged_in/LoggedIn should render children when mfa required and already on /mfa/setup" name="components/logged_in/LoggedIn should render children when mfa required and already on /mfa/setup" time="0.009">
    </testcase>
    <testcase classname="components/logged_in/LoggedIn should render children when mfa is not required and on /mfa/confirm" name="components/logged_in/LoggedIn should render children when mfa is not required and on /mfa/confirm" time="0.008">
    </testcase>
    <testcase classname="components/logged_in/LoggedIn should redirect to terms of service when mfa not required and terms of service required but not on /terms_of_service" name="components/logged_in/LoggedIn should redirect to terms of service when mfa not required and terms of service required but not on /terms_of_service" time="0.014">
    </testcase>
    <testcase classname="components/logged_in/LoggedIn should render children when mfa is not required and terms of service required and on /terms_of_service" name="components/logged_in/LoggedIn should render children when mfa is not required and terms of service required and on /terms_of_service" time="0.009">
    </testcase>
    <testcase classname="components/logged_in/LoggedIn should render children when neither mfa nor terms of service required" name="components/logged_in/LoggedIn should render children when neither mfa nor terms of service required" time="0.008">
    </testcase>
  </testsuite>
  <testsuite name="components/AccessHistoryModal" errors="0" failures="0" skipped="0" timestamp="2019-10-31T15:01:22" time="0.615" tests="4">
    <testcase classname="components/AccessHistoryModal should match snapshot when no audits exist" name="components/AccessHistoryModal should match snapshot when no audits exist" time="0.008">
    </testcase>
    <testcase classname="components/AccessHistoryModal should match snapshot when audits exist" name="components/AccessHistoryModal should match snapshot when audits exist" time="0.004">
    </testcase>
    <testcase classname="components/AccessHistoryModal should have called actions.getUserAudits when onShow is called" name="components/AccessHistoryModal should have called actions.getUserAudits when onShow is called" time="0.002">
    </testcase>
    <testcase classname="components/AccessHistoryModal should match state when onHide is called" name="components/AccessHistoryModal should match state when onHide is called" time="0.002">
    </testcase>
  </testsuite>
  <testsuite name="components/ProfilePicture" errors="0" failures="0" skipped="0" timestamp="2019-10-31T15:01:22" time="0.393" tests="2">
    <testcase classname="components/ProfilePicture should match snapshot, user specified" name="components/ProfilePicture should match snapshot, user specified" time="0.004">
    </testcase>
    <testcase classname="components/ProfilePicture should match snapshot, user specified, overridden props" name="components/ProfilePicture should match snapshot, user specified, overridden props" time="0.002">
    </testcase>
  </testsuite>
  <testsuite name="components/MoreDirectChannels" errors="0" failures="0" skipped="0" timestamp="2019-10-31T15:01:22" time="0.388" tests="9">
    <testcase classname="components/MoreDirectChannels should match snapshot" name="components/MoreDirectChannels should match snapshot" time="0.011">
    </testcase>
    <testcase classname="components/MoreDirectChannels should call actions.getStatusesByIds on loadProfilesMissingStatus" name="components/MoreDirectChannels should call actions.getStatusesByIds on loadProfilesMissingStatus" time="0.002">
    </testcase>
    <testcase classname="components/MoreDirectChannels should call actions.setModalSearchTerm and match state on handleHide" name="components/MoreDirectChannels should call actions.setModalSearchTerm and match state on handleHide" time="0.002">
    </testcase>
    <testcase classname="components/MoreDirectChannels should match state on setUsersLoadingState" name="components/MoreDirectChannels should match state on setUsersLoadingState" time="0.003">
    </testcase>
    <testcase classname="components/MoreDirectChannels should call on search" name="components/MoreDirectChannels should call on search" time="0.001">
    </testcase>
    <testcase classname="components/MoreDirectChannels should match state on handleDelete" name="components/MoreDirectChannels should match state on handleDelete" time="0.001">
    </testcase>
    <testcase classname="components/MoreDirectChannels should match renderOption snapshot" name="components/MoreDirectChannels should match renderOption snapshot" time="0.003">
    </testcase>
    <testcase classname="components/MoreDirectChannels should match output on renderValue" name="components/MoreDirectChannels should match output on renderValue" time="0.001">
    </testcase>
    <testcase classname="components/MoreDirectChannels should match output on handleSubmitImmediatelyOn" name="components/MoreDirectChannels should match output on handleSubmitImmediatelyOn" time="0.002">
    </testcase>
  </testsuite>
  <testsuite name="component/sidebar/sidebar_channel/SidebarChannel" errors="0" failures="0" skipped="0" timestamp="2019-10-31T15:01:22" time="0.782" tests="23">
    <testcase classname="component/sidebar/sidebar_channel/SidebarChannel should match snapshot, on channel show" name="component/sidebar/sidebar_channel/SidebarChannel should match snapshot, on channel show" time="0.003">
    </testcase>
    <testcase classname="component/sidebar/sidebar_channel/SidebarChannel should match snapshot, on channel hide" name="component/sidebar/sidebar_channel/SidebarChannel should match snapshot, on channel hide" time="0.001">
    </testcase>
    <testcase classname="component/sidebar/sidebar_channel/SidebarChannel should match snapshot, on fake channel show" name="component/sidebar/sidebar_channel/SidebarChannel should match snapshot, on fake channel show" time="0.001">
    </testcase>
    <testcase classname="component/sidebar/sidebar_channel/SidebarChannel should match snapshot, on active channel show" name="component/sidebar/sidebar_channel/SidebarChannel should match snapshot, on active channel show" time="0.001">
    </testcase>
    <testcase classname="component/sidebar/sidebar_channel/SidebarChannel should match snapshot, on myself channel show" name="component/sidebar/sidebar_channel/SidebarChannel should match snapshot, on myself channel show" time="0.002">
    </testcase>
    <testcase classname="component/sidebar/sidebar_channel/SidebarChannel should match snapshot, on channel with draft" name="component/sidebar/sidebar_channel/SidebarChannel should match snapshot, on channel with draft" time="0.002">
    </testcase>
    <testcase classname="component/sidebar/sidebar_channel/SidebarChannel should match snapshot, on channel show with tutorial tip" name="component/sidebar/sidebar_channel/SidebarChannel should match snapshot, on channel show with tutorial tip" time="0.001">
    </testcase>
    <testcase classname="component/sidebar/sidebar_channel/SidebarChannel should match snapshot, on channel show with unread mentions (must have mentions badge)" name="component/sidebar/sidebar_channel/SidebarChannel should match snapshot, on channel show with unread mentions (must have mentions badge)" time="0.001">
    </testcase>
    <testcase classname="component/sidebar/sidebar_channel/SidebarChannel should match snapshot, on channel show without unread mentions (must have no badge)" name="component/sidebar/sidebar_channel/SidebarChannel should match snapshot, on channel show without unread mentions (must have no badge)" time="0.001">
    </testcase>
    <testcase classname="component/sidebar/sidebar_channel/SidebarChannel should match snapshot, on public channel show" name="component/sidebar/sidebar_channel/SidebarChannel should match snapshot, on public channel show" time="0">
    </testcase>
    <testcase classname="component/sidebar/sidebar_channel/SidebarChannel should match snapshot, on private channel show" name="component/sidebar/sidebar_channel/SidebarChannel should match snapshot, on private channel show" time="0.001">
    </testcase>
    <testcase classname="component/sidebar/sidebar_channel/SidebarChannel should match snapshot, on group channel show" name="component/sidebar/sidebar_channel/SidebarChannel should match snapshot, on group channel show" time="0.002">
    </testcase>
    <testcase classname="component/sidebar/sidebar_channel/SidebarChannel should match snapshot, on default channel show" name="component/sidebar/sidebar_channel/SidebarChannel should match snapshot, on default channel show" time="0.001">
    </testcase>
    <testcase classname="component/sidebar/sidebar_channel/SidebarChannel should match snapshot, on public channel show with enable X to close" name="component/sidebar/sidebar_channel/SidebarChannel should match snapshot, on public channel show with enable X to close" time="0.001">
    </testcase>
    <testcase classname="component/sidebar/sidebar_channel/SidebarChannel should match snapshot, on private channel show with enable X to close" name="component/sidebar/sidebar_channel/SidebarChannel should match snapshot, on private channel show with enable X to close" time="0.001">
    </testcase>
    <testcase classname="component/sidebar/sidebar_channel/SidebarChannel should match snapshot, on group channel show with enable X to close" name="component/sidebar/sidebar_channel/SidebarChannel should match snapshot, on group channel show with enable X to close" time="0.001">
    </testcase>
    <testcase classname="component/sidebar/sidebar_channel/SidebarChannel should match snapshot, on default channel show with enable X to close" name="component/sidebar/sidebar_channel/SidebarChannel should match snapshot, on default channel show with enable X to close" time="0.001">
    </testcase>
    <testcase classname="component/sidebar/sidebar_channel/SidebarChannel should leave the direct channel" name="component/sidebar/sidebar_channel/SidebarChannel should leave the direct channel" time="0.001">
    </testcase>
    <testcase classname="component/sidebar/sidebar_channel/SidebarChannel should leave the group channel" name="component/sidebar/sidebar_channel/SidebarChannel should leave the group channel" time="0.001">
    </testcase>
    <testcase classname="component/sidebar/sidebar_channel/SidebarChannel should leave the active channel" name="component/sidebar/sidebar_channel/SidebarChannel should leave the active channel" time="0.001">
    </testcase>
    <testcase classname="component/sidebar/sidebar_channel/SidebarChannel do not leave the channel if it is already leaving" name="component/sidebar/sidebar_channel/SidebarChannel do not leave the channel if it is already leaving" time="0">
    </testcase>
    <testcase classname="component/sidebar/sidebar_channel/SidebarChannel should leave the public channel" name="component/sidebar/sidebar_channel/SidebarChannel should leave the public channel" time="0.001">
    </testcase>
    <testcase classname="component/sidebar/sidebar_channel/SidebarChannel should leave the private channel" name="component/sidebar/sidebar_channel/SidebarChannel should leave the private channel" time="0.001">
    </testcase>
  </testsuite>
  <testsuite name="components/YoutubeVideo" errors="0" failures="0" skipped="0" timestamp="2019-10-31T15:01:22" time="0.365" tests="1">
    <testcase classname="components/YoutubeVideo should correctly parse youtube start time formats" name="components/YoutubeVideo should correctly parse youtube start time formats" time="0.02">
    </testcase>
  </testsuite>
  <testsuite name="components/integrations/InstalledIncomingWebhook" errors="0" failures="0" skipped="0" timestamp="2019-10-31T15:01:22" time="0.511" tests="7">
    <testcase classname="components/integrations/InstalledIncomingWebhook should match snapshot" name="components/integrations/InstalledIncomingWebhook should match snapshot" time="0.007">
    </testcase>
    <testcase classname="components/integrations/InstalledIncomingWebhook should not have edit and delete actions if user does not have permissions to change" name="components/integrations/InstalledIncomingWebhook should not have edit and delete actions if user does not have permissions to change" time="0.009">
    </testcase>
    <testcase classname="components/integrations/InstalledIncomingWebhook should have edit and delete actions if user can change webhook" name="components/integrations/InstalledIncomingWebhook should have edit and delete actions if user can change webhook" time="0.005">
    </testcase>
    <testcase classname="components/integrations/InstalledIncomingWebhook Should have the same name and description on view as it has in incomingWebhook" name="components/integrations/InstalledIncomingWebhook Should have the same name and description on view as it has in incomingWebhook" time="0.025">
    </testcase>
    <testcase classname="components/integrations/InstalledIncomingWebhook Should not display description as it is null" name="components/integrations/InstalledIncomingWebhook Should not display description as it is null" time="0.003">
    </testcase>
    <testcase classname="components/integrations/InstalledIncomingWebhook Should not render any nodes as there are no filtered results" name="components/integrations/InstalledIncomingWebhook Should not render any nodes as there are no filtered results" time="0.001">
    </testcase>
    <testcase classname="components/integrations/InstalledIncomingWebhook Should render a webhook item as filtered result is true" name="components/integrations/InstalledIncomingWebhook Should render a webhook item as filtered result is true" time="0.001">
    </testcase>
  </testsuite>
  <testsuite name="component/sidebar/SidebarTutorialTip" errors="0" failures="0" skipped="0" timestamp="2019-10-31T15:01:22" time="0.409" tests="4">
    <testcase classname="component/sidebar/SidebarTutorialTip should match snapshot, without townSquare and without offTopic" name="component/sidebar/SidebarTutorialTip should match snapshot, without townSquare and without offTopic" time="0.005">
    </testcase>
    <testcase classname="component/sidebar/SidebarTutorialTip should match snapshot, with townSquare and without offTopic" name="component/sidebar/SidebarTutorialTip should match snapshot, with townSquare and without offTopic" time="0.002">
    </testcase>
    <testcase classname="component/sidebar/SidebarTutorialTip should match snapshot, without townSquare and with offTopic" name="component/sidebar/SidebarTutorialTip should match snapshot, without townSquare and with offTopic" time="0.002">
    </testcase>
    <testcase classname="component/sidebar/SidebarTutorialTip should match snapshot, with townSquare and with offTopic" name="component/sidebar/SidebarTutorialTip should match snapshot, with townSquare and with offTopic" time="0.002">
    </testcase>
  </testsuite>
  <testsuite name="components/PluginManagement" errors="0" failures="0" skipped="0" timestamp="2019-10-31T15:01:22" time="0.394" tests="9">
    <testcase classname="components/PluginManagement should match snapshot" name="components/PluginManagement should match snapshot" time="0.009">
    </testcase>
    <testcase classname="components/PluginManagement should match snapshot, disabled" name="components/PluginManagement should match snapshot, disabled" time="0.002">
    </testcase>
    <testcase classname="components/PluginManagement should match snapshot, upload disabled" name="components/PluginManagement should match snapshot, upload disabled" time="0.004">
    </testcase>
    <testcase classname="components/PluginManagement should match snapshot, No installed plugins" name="components/PluginManagement should match snapshot, No installed plugins" time="0.005">
    </testcase>
    <testcase classname="components/PluginManagement should match snapshot, with installed plugins" name="components/PluginManagement should match snapshot, with installed plugins" time="0.007">
    </testcase>
    <testcase classname="components/PluginManagement should match snapshot, with installed plugins and not settings link should set hasSettings to false" name="components/PluginManagement should match snapshot, with installed plugins and not settings link should set hasSettings to false" time="0.006">
    </testcase>
    <testcase classname="components/PluginManagement should match snapshot, with installed plugins and just header should set hasSettings to true" name="components/PluginManagement should match snapshot, with installed plugins and just header should set hasSettings to true" time="0.006">
    </testcase>
    <testcase classname="components/PluginManagement should match snapshot, with installed plugins and just footer should set hasSettings to true" name="components/PluginManagement should match snapshot, with installed plugins and just footer should set hasSettings to true" time="0.006">
    </testcase>
    <testcase classname="components/PluginManagement should match snapshot, with installed plugins and just settings should set hasSettings to true" name="components/PluginManagement should match snapshot, with installed plugins and just settings should set hasSettings to true" time="0.008">
    </testcase>
  </testsuite>
  <testsuite name="components/integrations/InstalledOAuthApp" errors="0" failures="0" skipped="0" timestamp="2019-10-31T15:01:22" time="0.577" tests="8">
    <testcase classname="components/integrations/InstalledOAuthApp should match snapshot" name="components/integrations/InstalledOAuthApp should match snapshot" time="0.008">
    </testcase>
    <testcase classname="components/integrations/InstalledOAuthApp should match snapshot, when oauthApp is without name and not trusted" name="components/integrations/InstalledOAuthApp should match snapshot, when oauthApp is without name and not trusted" time="0.004">
    </testcase>
    <testcase classname="components/integrations/InstalledOAuthApp should match snapshot, on error" name="components/integrations/InstalledOAuthApp should match snapshot, on error" time="0.012">
    </testcase>
    <testcase classname="components/integrations/InstalledOAuthApp should call onRegenerateSecret function" name="components/integrations/InstalledOAuthApp should call onRegenerateSecret function" time="0.007">
    </testcase>
    <testcase classname="components/integrations/InstalledOAuthApp should filter out OAuthApp" name="components/integrations/InstalledOAuthApp should filter out OAuthApp" time="0.001">
    </testcase>
    <testcase classname="components/integrations/InstalledOAuthApp should match state on button clicks, both showSecretButton and hideSecretButton" name="components/integrations/InstalledOAuthApp should match state on button clicks, both showSecretButton and hideSecretButton" time="0.024">
    </testcase>
    <testcase classname="components/integrations/InstalledOAuthApp should match on handleRegenerate" name="components/integrations/InstalledOAuthApp should match on handleRegenerate" time="0.005">
    </testcase>
    <testcase classname="components/integrations/InstalledOAuthApp should have called props.onDelete on handleDelete " name="components/integrations/InstalledOAuthApp should have called props.onDelete on handleDelete " time="0.011">
    </testcase>
  </testsuite>
  <testsuite name="components/analytics/line_chart.jsx" errors="0" failures="0" skipped="0" timestamp="2019-10-31T15:01:22" time="0.836" tests="3">
    <testcase classname="components/analytics/line_chart.jsx should match snapshot, on loading" name="components/analytics/line_chart.jsx should match snapshot, on loading" time="0.004">
    </testcase>
    <testcase classname="components/analytics/line_chart.jsx should match snapshot, loaded without data" name="components/analytics/line_chart.jsx should match snapshot, loaded without data" time="0.001">
    </testcase>
    <testcase classname="components/analytics/line_chart.jsx should match snapshot, loaded with data" name="components/analytics/line_chart.jsx should match snapshot, loaded with data" time="0.002">
    </testcase>
  </testsuite>
  <testsuite name="components/TeamSelectorModal" errors="0" failures="0" skipped="0" timestamp="2019-10-31T15:01:23" time="0.424" tests="1">
    <testcase classname="components/TeamSelectorModal should match snapshot" name="components/TeamSelectorModal should match snapshot" time="0.01">
    </testcase>
  </testsuite>
  <testsuite name="components/integrations/EditOAuthApp" errors="0" failures="0" skipped="0" timestamp="2019-10-31T15:01:23" time="0.564" tests="9">
    <testcase classname="components/integrations/EditOAuthApp should match snapshot, loading" name="components/integrations/EditOAuthApp should match snapshot, loading" time="0.004">
    </testcase>
    <testcase classname="components/integrations/EditOAuthApp should match snapshot" name="components/integrations/EditOAuthApp should match snapshot" time="0.003">
    </testcase>
    <testcase classname="components/integrations/EditOAuthApp should match snapshot when EnableOAuthServiceProvider is false" name="components/integrations/EditOAuthApp should match snapshot when EnableOAuthServiceProvider is false" time="0.002">
    </testcase>
    <testcase classname="components/integrations/EditOAuthApp should have match state when handleConfirmModal is called" name="components/integrations/EditOAuthApp should have match state when handleConfirmModal is called" time="0.005">
    </testcase>
    <testcase classname="components/integrations/EditOAuthApp should have match state when confirmModalDismissed is called" name="components/integrations/EditOAuthApp should have match state when confirmModalDismissed is called" time="0.002">
    </testcase>
    <testcase classname="components/integrations/EditOAuthApp should have match renderExtra" name="components/integrations/EditOAuthApp should have match renderExtra" time="0.001">
    </testcase>
    <testcase classname="components/integrations/EditOAuthApp should have match when editOAuthApp is called" name="components/integrations/EditOAuthApp should have match when editOAuthApp is called" time="0.002">
    </testcase>
    <testcase classname="components/integrations/EditOAuthApp should have match when submitOAuthApp is called on success" name="components/integrations/EditOAuthApp should have match when submitOAuthApp is called on success" time="0.003">
    </testcase>
    <testcase classname="components/integrations/EditOAuthApp should have match when submitOAuthApp is called on error" name="components/integrations/EditOAuthApp should have match when submitOAuthApp is called on error" time="0.003">
    </testcase>
  </testsuite>
  <testsuite name="components/FileUpload" errors="0" failures="0" skipped="0" timestamp="2019-10-31T15:01:23" time="0.558" tests="13">
    <testcase classname="components/FileUpload should match snapshot" name="components/FileUpload should match snapshot" time="0.005">
    </testcase>
    <testcase classname="components/FileUpload should call onClick when fileInput is clicked" name="components/FileUpload should call onClick when fileInput is clicked" time="0.003">
    </testcase>
    <testcase classname="components/FileUpload should match state and call handleMaxUploadReached or props.onClick on handleLocalFileUploaded" name="components/FileUpload should match state and call handleMaxUploadReached or props.onClick on handleLocalFileUploaded" time="0.006">
    </testcase>
    <testcase classname="components/FileUpload should props.onFileUpload when fileUploadSuccess is called" name="components/FileUpload should props.onFileUpload when fileUploadSuccess is called" time="0.001">
    </testcase>
    <testcase classname="components/FileUpload should props.onUploadError when fileUploadFail is called" name="components/FileUpload should props.onUploadError when fileUploadFail is called" time="0.002">
    </testcase>
    <testcase classname="components/FileUpload should have props.functions when uploadFiles is called" name="components/FileUpload should have props.functions when uploadFiles is called" time="0.003">
    </testcase>
    <testcase classname="components/FileUpload should error max upload files" name="components/FileUpload should error max upload files" time="0.007">
    </testcase>
    <testcase classname="components/FileUpload should error max upload files" name="components/FileUpload should error max upload files" time="0.002">
    </testcase>
    <testcase classname="components/FileUpload should error max too large files" name="components/FileUpload should error max too large files" time="0.003">
    </testcase>
    <testcase classname="components/FileUpload should functions when handleChange is called" name="components/FileUpload should functions when handleChange is called" time="0.018">
    </testcase>
    <testcase classname="components/FileUpload should functions when handleDrop is called" name="components/FileUpload should functions when handleDrop is called" time="0.003">
    </testcase>
    <testcase classname="components/FileUpload FilesWillUploadHook - should reject all files" name="components/FileUpload FilesWillUploadHook - should reject all files" time="0.002">
    </testcase>
    <testcase classname="components/FileUpload FilesWillUploadHook - should reject one file and allow one file" name="components/FileUpload FilesWillUploadHook - should reject one file and allow one file" time="0.002">
    </testcase>
  </testsuite>
  <testsuite name="comoponents/EditChannelPurposeModal" errors="0" failures="0" skipped="0" timestamp="2019-10-31T15:01:23" time="0.438" tests="12">
    <testcase classname="comoponents/EditChannelPurposeModal should match on init" name="comoponents/EditChannelPurposeModal should match on init" time="0.006">
    </testcase>
    <testcase classname="comoponents/EditChannelPurposeModal should match with display name" name="comoponents/EditChannelPurposeModal should match with display name" time="0.004">
    </testcase>
    <testcase classname="comoponents/EditChannelPurposeModal should match for private channel" name="comoponents/EditChannelPurposeModal should match for private channel" time="0.003">
    </testcase>
    <testcase classname="comoponents/EditChannelPurposeModal should match submitted" name="comoponents/EditChannelPurposeModal should match submitted" time="0.002">
    </testcase>
    <testcase classname="comoponents/EditChannelPurposeModal match with modal error" name="comoponents/EditChannelPurposeModal match with modal error" time="0.004">
    </testcase>
    <testcase classname="comoponents/EditChannelPurposeModal match with modal error with fake id" name="comoponents/EditChannelPurposeModal match with modal error with fake id" time="0.004">
    </testcase>
    <testcase classname="comoponents/EditChannelPurposeModal clear error on next" name="comoponents/EditChannelPurposeModal clear error on next" time="0.005">
    </testcase>
    <testcase classname="comoponents/EditChannelPurposeModal update purpose state" name="comoponents/EditChannelPurposeModal update purpose state" time="0.004">
    </testcase>
    <testcase classname="comoponents/EditChannelPurposeModal hide on success" name="comoponents/EditChannelPurposeModal hide on success" time="0.003">
    </testcase>
    <testcase classname="comoponents/EditChannelPurposeModal submit on save button click" name="comoponents/EditChannelPurposeModal submit on save button click" time="0.003">
    </testcase>
    <testcase classname="comoponents/EditChannelPurposeModal submit on ctrl + enter" name="comoponents/EditChannelPurposeModal submit on ctrl + enter" time="0.003">
    </testcase>
    <testcase classname="comoponents/EditChannelPurposeModal submit on enter" name="comoponents/EditChannelPurposeModal submit on enter" time="0.002">
    </testcase>
  </testsuite>
  <testsuite name="components/DoVerifyEmail" errors="0" failures="0" skipped="0" timestamp="2019-10-31T15:01:23" time="0.521" tests="3">
    <testcase classname="components/DoVerifyEmail should match snapshot" name="components/DoVerifyEmail should match snapshot" time="0.004">
    </testcase>
    <testcase classname="components/DoVerifyEmail should show verifyStatus as pending" name="components/DoVerifyEmail should show verifyStatus as pending" time="0.002">
    </testcase>
    <testcase classname="components/DoVerifyEmail should set serverError state on mount" name="components/DoVerifyEmail should set serverError state on mount" time="0.001">
    </testcase>
  </testsuite>
  <testsuite name="components/RenameChannelModal" errors="0" failures="0" skipped="0" timestamp="2019-10-31T15:01:23" time="0.396" tests="11">
    <testcase classname="components/RenameChannelModal should match snapshot" name="components/RenameChannelModal should match snapshot" time="0.011">
    </testcase>
    <testcase classname="components/RenameChannelModal should submit form" name="components/RenameChannelModal should submit form" time="0.009">
    </testcase>
    <testcase classname="components/RenameChannelModal should not call updateChannel as channel.name.length &gt; Constants.MAX_CHANNELNAME_LENGTH (22)" name="components/RenameChannelModal should not call updateChannel as channel.name.length &gt; Constants.MAX_CHANNELNAME_LENGTH (22)" time="0.008">
    </testcase>
    <testcase classname="components/RenameChannelModal should change state when display_name is edited" name="components/RenameChannelModal should change state when display_name is edited" time="0.004">
    </testcase>
    <testcase classname="components/RenameChannelModal should call componentWillReceiveProps" name="components/RenameChannelModal should call componentWillReceiveProps" time="0.004">
    </testcase>
    <testcase classname="components/RenameChannelModal should call setError function" name="components/RenameChannelModal should call setError function" time="0.004">
    </testcase>
    <testcase classname="components/RenameChannelModal should call unsetError function" name="components/RenameChannelModal should call unsetError function" time="0.006">
    </testcase>
    <testcase classname="components/RenameChannelModal should call handleSubmit function" name="components/RenameChannelModal should call handleSubmit function" time="0.005">
    </testcase>
    <testcase classname="components/RenameChannelModal should call handleCancel" name="components/RenameChannelModal should call handleCancel" time="0.002">
    </testcase>
    <testcase classname="components/RenameChannelModal should call handleHide function" name="components/RenameChannelModal should call handleHide function" time="0.003">
    </testcase>
    <testcase classname="components/RenameChannelModal should call onNameChange function" name="components/RenameChannelModal should call onNameChange function" time="0.002">
    </testcase>
  </testsuite>
  <testsuite name="components/post_view/PostAttachment" errors="0" failures="0" skipped="0" timestamp="2019-10-31T15:01:23" time="0.371" tests="7">
    <testcase classname="components/post_view/PostAttachment should match snapshot" name="components/post_view/PostAttachment should match snapshot" time="0.005">
    </testcase>
    <testcase classname="components/post_view/PostAttachment should match snapshot, on Show More" name="components/post_view/PostAttachment should match snapshot, on Show More" time="0.002">
    </testcase>
    <testcase classname="components/post_view/PostAttachment should match snapshot, on Show Less" name="components/post_view/PostAttachment should match snapshot, on Show Less" time="0.002">
    </testcase>
    <testcase classname="components/post_view/PostAttachment should match snapshot, on deleted post" name="components/post_view/PostAttachment should match snapshot, on deleted post" time="0.002">
    </testcase>
    <testcase classname="components/post_view/PostAttachment should match snapshot, on edited post" name="components/post_view/PostAttachment should match snapshot, on edited post" time="0.002">
    </testcase>
    <testcase classname="components/post_view/PostAttachment should match snapshot, on ephemeral post" name="components/post_view/PostAttachment should match snapshot, on ephemeral post" time="0.002">
    </testcase>
    <testcase classname="components/post_view/PostAttachment should match state and call GlobalActions.postListScrollChange on handleHeightChange" name="components/post_view/PostAttachment should match state and call GlobalActions.postListScrollChange on handleHeightChange" time="0.002">
    </testcase>
  </testsuite>
  <testsuite name="components/integrations/EditCommand" errors="0" failures="0" skipped="0" timestamp="2019-10-31T15:01:23" time="0.494" tests="7">
    <testcase classname="components/integrations/EditCommand should match snapshot" name="components/integrations/EditCommand should match snapshot" time="0.006">
    </testcase>
    <testcase classname="components/integrations/EditCommand should match snapshot, loading" name="components/integrations/EditCommand should match snapshot, loading" time="0.001">
    </testcase>
    <testcase classname="components/integrations/EditCommand should match snapshot when EnableCommands is false" name="components/integrations/EditCommand should match snapshot when EnableCommands is false" time="0.002">
    </testcase>
    <testcase classname="components/integrations/EditCommand should have match state when handleConfirmModal is called" name="components/integrations/EditCommand should have match state when handleConfirmModal is called" time="0.001">
    </testcase>
    <testcase classname="components/integrations/EditCommand should have match state when confirmModalDismissed is called" name="components/integrations/EditCommand should have match state when confirmModalDismissed is called" time="0.001">
    </testcase>
    <testcase classname="components/integrations/EditCommand should have match renderExtra" name="components/integrations/EditCommand should have match renderExtra" time="0.001">
    </testcase>
    <testcase classname="components/integrations/EditCommand should have match when editCommand is called" name="components/integrations/EditCommand should have match when editCommand is called" time="0.002">
    </testcase>
  </testsuite>
  <testsuite name="components/TeamSettings" errors="0" failures="0" skipped="0" timestamp="2019-10-31T15:01:23" time="0.453" tests="6">
    <testcase classname="components/TeamSettings should handle bad updateTeamIcon function call" name="components/TeamSettings should handle bad updateTeamIcon function call" time="0.008">
    </testcase>
    <testcase classname="components/TeamSettings should handle invalid file selection" name="components/TeamSettings should handle invalid file selection" time="0.003">
    </testcase>
    <testcase classname="components/TeamSettings should handle too large files" name="components/TeamSettings should handle too large files" time="0.004">
    </testcase>
    <testcase classname="components/TeamSettings should call actions.setTeamIcon on handleTeamIconSubmit" name="components/TeamSettings should call actions.setTeamIcon on handleTeamIconSubmit" time="0.009">
    </testcase>
    <testcase classname="components/TeamSettings should call actions.removeTeamIcon on handleTeamIconRemove" name="components/TeamSettings should call actions.removeTeamIcon on handleTeamIconRemove" time="0.004">
    </testcase>
    <testcase classname="components/TeamSettings hide invite code if no permissions for team inviting" name="components/TeamSettings hide invite code if no permissions for team inviting" time="0.006">
    </testcase>
  </testsuite>
  <testsuite name="components/select_team/SelectTeam" errors="0" failures="0" skipped="0" timestamp="2019-10-31T15:01:23" time="0.446" tests="8">
    <testcase classname="components/select_team/SelectTeam should match snapshot" name="components/select_team/SelectTeam should match snapshot" time="0.008">
    </testcase>
    <testcase classname="components/select_team/SelectTeam should match snapshot, on loading" name="components/select_team/SelectTeam should match snapshot, on loading" time="0.004">
    </testcase>
    <testcase classname="components/select_team/SelectTeam should match snapshot, on error" name="components/select_team/SelectTeam should match snapshot, on error" time="0.004">
    </testcase>
    <testcase classname="components/select_team/SelectTeam should match snapshot, on no joinable team but can create team" name="components/select_team/SelectTeam should match snapshot, on no joinable team but can create team" time="0.016">
    </testcase>
    <testcase classname="components/select_team/SelectTeam should match snapshot, on no joinable team and is not system admin nor can create team" name="components/select_team/SelectTeam should match snapshot, on no joinable team and is not system admin nor can create team" time="0.002">
    </testcase>
    <testcase classname="components/select_team/SelectTeam should match state and call addUserToTeamFromInvite on handleTeamClick" name="components/select_team/SelectTeam should match state and call addUserToTeamFromInvite on handleTeamClick" time="0.015">
    </testcase>
    <testcase classname="components/select_team/SelectTeam should call emitUserLoggedOutEvent on handleLogoutClick" name="components/select_team/SelectTeam should call emitUserLoggedOutEvent on handleLogoutClick" time="0.002">
    </testcase>
    <testcase classname="components/select_team/SelectTeam should match state on clearError" name="components/select_team/SelectTeam should match state on clearError" time="0.003">
    </testcase>
  </testsuite>
  <testsuite name="PostUtils.containsAtChannel" errors="0" failures="0" skipped="0" timestamp="2019-10-31T15:01:23" time="0.427" tests="51">
    <testcase classname="PostUtils.containsAtChannel should return correct @all (same for @channel)" name="PostUtils.containsAtChannel should return correct @all (same for @channel)" time="0.008">
    </testcase>
    <testcase classname="PostUtils.shouldFocusMainTextbox basic cases" name="PostUtils.shouldFocusMainTextbox basic cases" time="0.001">
    </testcase>
    <testcase classname="PostUtils.postMessageOnKeyPress null/empty: Test for null event" name="PostUtils.postMessageOnKeyPress null/empty: Test for null event" time="0.001">
    </testcase>
    <testcase classname="PostUtils.postMessageOnKeyPress null/empty: Test for empty message" name="PostUtils.postMessageOnKeyPress null/empty: Test for empty message" time="0">
    </testcase>
    <testcase classname="PostUtils.postMessageOnKeyPress null/empty: Test for shiftKey event" name="PostUtils.postMessageOnKeyPress null/empty: Test for shiftKey event" time="0.001">
    </testcase>
    <testcase classname="PostUtils.postMessageOnKeyPress null/empty: Test for altKey event" name="PostUtils.postMessageOnKeyPress null/empty: Test for altKey event" time="0">
    </testcase>
    <testcase classname="PostUtils.postMessageOnKeyPress no override: Test no override setting" name="PostUtils.postMessageOnKeyPress no override: Test no override setting" time="0.001">
    </testcase>
    <testcase classname="PostUtils.postMessageOnKeyPress no override: empty message" name="PostUtils.postMessageOnKeyPress no override: empty message" time="0">
    </testcase>
    <testcase classname="PostUtils.postMessageOnKeyPress no override: empty message on ctrl + enter" name="PostUtils.postMessageOnKeyPress no override: empty message on ctrl + enter" time="0.001">
    </testcase>
    <testcase classname="PostUtils.postMessageOnKeyPress sendMessageOnCtrlEnter: Test for overriding sending of message on CTRL+ENTER, no ctrlKey|metaKey" name="PostUtils.postMessageOnKeyPress sendMessageOnCtrlEnter: Test for overriding sending of message on CTRL+ENTER, no ctrlKey|metaKey" time="0">
    </testcase>
    <testcase classname="PostUtils.postMessageOnKeyPress sendMessageOnCtrlEnter: Test for overriding sending of message on CTRL+ENTER, no ctrlKey|metaKey, with opening backticks" name="PostUtils.postMessageOnKeyPress sendMessageOnCtrlEnter: Test for overriding sending of message on CTRL+ENTER, no ctrlKey|metaKey, with opening backticks" time="0.001">
    </testcase>
    <testcase classname="PostUtils.postMessageOnKeyPress sendMessageOnCtrlEnter: Test for overriding sending of message on CTRL+ENTER, no ctrlKey|metaKey, with opening backticks" name="PostUtils.postMessageOnKeyPress sendMessageOnCtrlEnter: Test for overriding sending of message on CTRL+ENTER, no ctrlKey|metaKey, with opening backticks" time="0">
    </testcase>
    <testcase classname="PostUtils.postMessageOnKeyPress sendMessageOnCtrlEnter: Test for overriding sending of message on CTRL+ENTER, no ctrlKey|metaKey, with opening backticks" name="PostUtils.postMessageOnKeyPress sendMessageOnCtrlEnter: Test for overriding sending of message on CTRL+ENTER, no ctrlKey|metaKey, with opening backticks" time="0">
    </testcase>
    <testcase classname="PostUtils.postMessageOnKeyPress sendMessageOnCtrlEnter: Test for overriding sending of message on CTRL+ENTER, no ctrlKey|metaKey, with opening and closing backticks" name="PostUtils.postMessageOnKeyPress sendMessageOnCtrlEnter: Test for overriding sending of message on CTRL+ENTER, no ctrlKey|metaKey, with opening and closing backticks" time="0">
    </testcase>
    <testcase classname="PostUtils.postMessageOnKeyPress sendMessageOnCtrlEnter: Test for overriding sending of message on CTRL+ENTER, with ctrlKey" name="PostUtils.postMessageOnKeyPress sendMessageOnCtrlEnter: Test for overriding sending of message on CTRL+ENTER, with ctrlKey" time="0">
    </testcase>
    <testcase classname="PostUtils.postMessageOnKeyPress sendMessageOnCtrlEnter: Test for overriding sending of message on CTRL+ENTER, with metaKey" name="PostUtils.postMessageOnKeyPress sendMessageOnCtrlEnter: Test for overriding sending of message on CTRL+ENTER, with metaKey" time="0.001">
    </testcase>
    <testcase classname="PostUtils.postMessageOnKeyPress sendMessageOnCtrlEnter: Test for overriding sending of message on CTRL+ENTER, with ctrlKey, with opening backticks" name="PostUtils.postMessageOnKeyPress sendMessageOnCtrlEnter: Test for overriding sending of message on CTRL+ENTER, with ctrlKey, with opening backticks" time="0">
    </testcase>
    <testcase classname="PostUtils.postMessageOnKeyPress sendMessageOnCtrlEnter: Test for overriding sending of message on CTRL+ENTER, with ctrlKey, with opening backticks, with language set" name="PostUtils.postMessageOnKeyPress sendMessageOnCtrlEnter: Test for overriding sending of message on CTRL+ENTER, with ctrlKey, with opening backticks, with language set" time="0.001">
    </testcase>
    <testcase classname="PostUtils.postMessageOnKeyPress sendMessageOnCtrlEnter: Test for overriding sending of message on CTRL+ENTER, with ctrlKey, with opening backticks" name="PostUtils.postMessageOnKeyPress sendMessageOnCtrlEnter: Test for overriding sending of message on CTRL+ENTER, with ctrlKey, with opening backticks" time="0">
    </testcase>
    <testcase classname="PostUtils.postMessageOnKeyPress sendMessageOnCtrlEnter: Test for overriding sending of message on CTRL+ENTER, with ctrlKey, with opening backticks" name="PostUtils.postMessageOnKeyPress sendMessageOnCtrlEnter: Test for overriding sending of message on CTRL+ENTER, with ctrlKey, with opening backticks" time="0.001">
    </testcase>
    <testcase classname="PostUtils.postMessageOnKeyPress sendMessageOnCtrlEnter: Test for overriding sending of message on CTRL+ENTER, with ctrlKey, with opening backticks, with line break on last line" name="PostUtils.postMessageOnKeyPress sendMessageOnCtrlEnter: Test for overriding sending of message on CTRL+ENTER, with ctrlKey, with opening backticks, with line break on last line" time="0">
    </testcase>
    <testcase classname="PostUtils.postMessageOnKeyPress sendMessageOnCtrlEnter: Test for overriding sending of message on CTRL+ENTER, with ctrlKey, with opening backticks, with multiple line breaks on last lines" name="PostUtils.postMessageOnKeyPress sendMessageOnCtrlEnter: Test for overriding sending of message on CTRL+ENTER, with ctrlKey, with opening backticks, with multiple line breaks on last lines" time="0">
    </testcase>
    <testcase classname="PostUtils.postMessageOnKeyPress sendMessageOnCtrlEnter: Test for overriding sending of message on CTRL+ENTER, with ctrlKey, with opening and closing backticks" name="PostUtils.postMessageOnKeyPress sendMessageOnCtrlEnter: Test for overriding sending of message on CTRL+ENTER, with ctrlKey, with opening and closing backticks" time="0">
    </testcase>
    <testcase classname="PostUtils.postMessageOnKeyPress sendMessageOnCtrlEnter: Test for overriding sending of message on CTRL+ENTER, with ctrlKey, with opening and closing backticks, with language set" name="PostUtils.postMessageOnKeyPress sendMessageOnCtrlEnter: Test for overriding sending of message on CTRL+ENTER, with ctrlKey, with opening and closing backticks, with language set" time="0">
    </testcase>
    <testcase classname="PostUtils.postMessageOnKeyPress sendMessageOnCtrlEnter: Test for overriding sending of message on CTRL+ENTER, with ctrlKey, with inline opening backticks" name="PostUtils.postMessageOnKeyPress sendMessageOnCtrlEnter: Test for overriding sending of message on CTRL+ENTER, with ctrlKey, with inline opening backticks" time="0.001">
    </testcase>
    <testcase classname="PostUtils.postMessageOnKeyPress sendCodeBlockOnCtrlEnter: Test for overriding sending of code block on CTRL+ENTER, no ctrlKey|metaKey, without opening backticks" name="PostUtils.postMessageOnKeyPress sendCodeBlockOnCtrlEnter: Test for overriding sending of code block on CTRL+ENTER, no ctrlKey|metaKey, without opening backticks" time="0">
    </testcase>
    <testcase classname="PostUtils.postMessageOnKeyPress sendCodeBlockOnCtrlEnter: Test for overriding sending of code block on CTRL+ENTER, no ctrlKey|metaKey, with opening backticks" name="PostUtils.postMessageOnKeyPress sendCodeBlockOnCtrlEnter: Test for overriding sending of code block on CTRL+ENTER, no ctrlKey|metaKey, with opening backticks" time="0.001">
    </testcase>
    <testcase classname="PostUtils.postMessageOnKeyPress sendCodeBlockOnCtrlEnter: Test for overriding sending of code block on CTRL+ENTER, no ctrlKey|metaKey, with opening backticks" name="PostUtils.postMessageOnKeyPress sendCodeBlockOnCtrlEnter: Test for overriding sending of code block on CTRL+ENTER, no ctrlKey|metaKey, with opening backticks" time="0">
    </testcase>
    <testcase classname="PostUtils.postMessageOnKeyPress sendCodeBlockOnCtrlEnter: Test for overriding sending of code block on CTRL+ENTER, no ctrlKey|metaKey, with opening backticks" name="PostUtils.postMessageOnKeyPress sendCodeBlockOnCtrlEnter: Test for overriding sending of code block on CTRL+ENTER, no ctrlKey|metaKey, with opening backticks" time="0">
    </testcase>
    <testcase classname="PostUtils.postMessageOnKeyPress sendCodeBlockOnCtrlEnter: Test for overriding sending of code block on CTRL+ENTER, no ctrlKey|metaKey, with opening backticks" name="PostUtils.postMessageOnKeyPress sendCodeBlockOnCtrlEnter: Test for overriding sending of code block on CTRL+ENTER, no ctrlKey|metaKey, with opening backticks" time="0.001">
    </testcase>
    <testcase classname="PostUtils.postMessageOnKeyPress sendCodeBlockOnCtrlEnter: Test for overriding sending of code block on CTRL+ENTER, with ctrlKey, without opening backticks" name="PostUtils.postMessageOnKeyPress sendCodeBlockOnCtrlEnter: Test for overriding sending of code block on CTRL+ENTER, with ctrlKey, without opening backticks" time="0">
    </testcase>
    <testcase classname="PostUtils.postMessageOnKeyPress sendCodeBlockOnCtrlEnter: Test for overriding sending of code block on CTRL+ENTER, with metaKey, without opening backticks" name="PostUtils.postMessageOnKeyPress sendCodeBlockOnCtrlEnter: Test for overriding sending of code block on CTRL+ENTER, with metaKey, without opening backticks" time="0">
    </testcase>
    <testcase classname="PostUtils.postMessageOnKeyPress sendCodeBlockOnCtrlEnter: Test for overriding sending of code block on CTRL+ENTER, with ctrlKey, with line break" name="PostUtils.postMessageOnKeyPress sendCodeBlockOnCtrlEnter: Test for overriding sending of code block on CTRL+ENTER, with ctrlKey, with line break" time="0.007">
    </testcase>
    <testcase classname="PostUtils.postMessageOnKeyPress sendCodeBlockOnCtrlEnter: Test for overriding sending of code block on CTRL+ENTER, with ctrlKey, with multiple line breaks" name="PostUtils.postMessageOnKeyPress sendCodeBlockOnCtrlEnter: Test for overriding sending of code block on CTRL+ENTER, with ctrlKey, with multiple line breaks" time="0">
    </testcase>
    <testcase classname="PostUtils.postMessageOnKeyPress sendCodeBlockOnCtrlEnter: Test for overriding sending of code block on CTRL+ENTER, with ctrlKey, with opening backticks" name="PostUtils.postMessageOnKeyPress sendCodeBlockOnCtrlEnter: Test for overriding sending of code block on CTRL+ENTER, with ctrlKey, with opening backticks" time="0.001">
    </testcase>
    <testcase classname="PostUtils.postMessageOnKeyPress sendCodeBlockOnCtrlEnter: Test for overriding sending of code block on CTRL+ENTER, with ctrlKey, with opening backticks, with language set" name="PostUtils.postMessageOnKeyPress sendCodeBlockOnCtrlEnter: Test for overriding sending of code block on CTRL+ENTER, with ctrlKey, with opening backticks, with language set" time="0">
    </testcase>
    <testcase classname="PostUtils.postMessageOnKeyPress sendCodeBlockOnCtrlEnter: Test for overriding sending of code block on CTRL+ENTER, with ctrlKey, with opening and closing backticks, with language set" name="PostUtils.postMessageOnKeyPress sendCodeBlockOnCtrlEnter: Test for overriding sending of code block on CTRL+ENTER, with ctrlKey, with opening and closing backticks, with language set" time="0.001">
    </testcase>
    <testcase classname="PostUtils.postMessageOnKeyPress sendCodeBlockOnCtrlEnter: Test for overriding sending of code block on CTRL+ENTER, with ctrlKey, with opening and closing backticks" name="PostUtils.postMessageOnKeyPress sendCodeBlockOnCtrlEnter: Test for overriding sending of code block on CTRL+ENTER, with ctrlKey, with opening and closing backticks" time="0">
    </testcase>
    <testcase classname="PostUtils.postMessageOnKeyPress sendCodeBlockOnCtrlEnter: Test for overriding sending of code block on CTRL+ENTER, with ctrlKey, with opening backticks, with last line of empty spaces" name="PostUtils.postMessageOnKeyPress sendCodeBlockOnCtrlEnter: Test for overriding sending of code block on CTRL+ENTER, with ctrlKey, with opening backticks, with last line of empty spaces" time="0">
    </testcase>
    <testcase classname="PostUtils.postMessageOnKeyPress sendCodeBlockOnCtrlEnter: Test for overriding sending of code block on CTRL+ENTER, with ctrlKey, with opening backticks, with empty line break on last line" name="PostUtils.postMessageOnKeyPress sendCodeBlockOnCtrlEnter: Test for overriding sending of code block on CTRL+ENTER, with ctrlKey, with opening backticks, with empty line break on last line" time="0.001">
    </testcase>
    <testcase classname="PostUtils.postMessageOnKeyPress sendCodeBlockOnCtrlEnter: Test for overriding sending of code block on CTRL+ENTER, with ctrlKey, with opening backticks, with multiple empty line breaks on last lines" name="PostUtils.postMessageOnKeyPress sendCodeBlockOnCtrlEnter: Test for overriding sending of code block on CTRL+ENTER, with ctrlKey, with opening backticks, with multiple empty line breaks on last lines" time="0">
    </testcase>
    <testcase classname="PostUtils.postMessageOnKeyPress sendCodeBlockOnCtrlEnter: Test for overriding sending of code block on CTRL+ENTER, with ctrlKey, with opening backticks, with multiple empty line breaks and spaces on last lines" name="PostUtils.postMessageOnKeyPress sendCodeBlockOnCtrlEnter: Test for overriding sending of code block on CTRL+ENTER, with ctrlKey, with opening backticks, with multiple empty line breaks and spaces on last lines" time="0">
    </testcase>
    <testcase classname="PostUtils.postMessageOnKeyPress sendCodeBlockOnCtrlEnter: Test for overriding sending of code block on CTRL+ENTER, with ctrlKey, with opening backticks, without line break on last line" name="PostUtils.postMessageOnKeyPress sendCodeBlockOnCtrlEnter: Test for overriding sending of code block on CTRL+ENTER, with ctrlKey, with opening backticks, without line break on last line" time="0.001">
    </testcase>
    <testcase classname="PostUtils.postMessageOnKeyPress sendCodeBlockOnCtrlEnter: Test for overriding sending of code block on CTRL+ENTER, with ctrlKey, with inline opening backticks" name="PostUtils.postMessageOnKeyPress sendCodeBlockOnCtrlEnter: Test for overriding sending of code block on CTRL+ENTER, with ctrlKey, with inline opening backticks" time="0">
    </testcase>
    <testcase classname="PostUtils.postMessageOnKeyPress now unspecified, last channel switch unspecified" name="PostUtils.postMessageOnKeyPress now unspecified, last channel switch unspecified" time="0">
    </testcase>
    <testcase classname="PostUtils.postMessageOnKeyPress now specified, last channel switch unspecified" name="PostUtils.postMessageOnKeyPress now specified, last channel switch unspecified" time="0.001">
    </testcase>
    <testcase classname="PostUtils.postMessageOnKeyPress now specified, last channel switch unspecified" name="PostUtils.postMessageOnKeyPress now specified, last channel switch unspecified" time="0">
    </testcase>
    <testcase classname="PostUtils.postMessageOnKeyPress last channel switch within threshold" name="PostUtils.postMessageOnKeyPress last channel switch within threshold" time="0">
    </testcase>
    <testcase classname="PostUtils.postMessageOnKeyPress last channel switch at threshold" name="PostUtils.postMessageOnKeyPress last channel switch at threshold" time="0.001">
    </testcase>
    <testcase classname="PostUtils.postMessageOnKeyPress last channel switch outside threshold" name="PostUtils.postMessageOnKeyPress last channel switch outside threshold" time="0">
    </testcase>
    <testcase classname="PostUtils.postMessageOnKeyPress last channel switch well outside threshold" name="PostUtils.postMessageOnKeyPress last channel switch well outside threshold" time="0.014">
    </testcase>
  </testsuite>
  <testsuite name="components/MoreChannels" errors="0" failures="0" skipped="0" timestamp="2019-10-31T15:01:23" time="0.463" tests="6">
    <testcase classname="components/MoreChannels should match snapshot and state" name="components/MoreChannels should match snapshot and state" time="0.009">
    </testcase>
    <testcase classname="components/MoreChannels should match state on handleHide" name="components/MoreChannels should match state on handleHide" time="0.003">
    </testcase>
    <testcase classname="components/MoreChannels should call props.onModalDismissed on handleExit" name="components/MoreChannels should call props.onModalDismissed on handleExit" time="0.002">
    </testcase>
    <testcase classname="components/MoreChannels should match state on onChange" name="components/MoreChannels should match state on onChange" time="0.003">
    </testcase>
    <testcase classname="components/MoreChannels should call props.getChannels on nextPage" name="components/MoreChannels should call props.getChannels on nextPage" time="0.001">
    </testcase>
    <testcase classname="components/MoreChannels should have loading prop true when searching state is true" name="components/MoreChannels should have loading prop true when searching state is true" time="0.002">
    </testcase>
  </testsuite>
  <testsuite name="components/select_team/components/SelectTeamItem" errors="0" failures="0" skipped="0" timestamp="2019-10-31T15:01:23" time="0.453" tests="1">
    <testcase classname="components/select_team/components/SelectTeamItem should call props.onTeamClick on handleTeamClick" name="components/select_team/components/SelectTeamItem should call props.onTeamClick on handleTeamClick" time="0.003">
    </testcase>
  </testsuite>
  <testsuite name="stripMarkdown | RemoveMarkdown" errors="0" failures="0" skipped="0" timestamp="2019-10-31T15:01:24" time="0.431" tests="53">
    <testcase classname="stripMarkdown | RemoveMarkdown emoji: same" name="stripMarkdown | RemoveMarkdown emoji: same" time="0.007">
    </testcase>
    <testcase classname="stripMarkdown | RemoveMarkdown at-mention: same" name="stripMarkdown | RemoveMarkdown at-mention: same" time="0.001">
    </testcase>
    <testcase classname="stripMarkdown | RemoveMarkdown channel-link: same" name="stripMarkdown | RemoveMarkdown channel-link: same" time="0">
    </testcase>
    <testcase classname="stripMarkdown | RemoveMarkdown codespan: single backtick" name="stripMarkdown | RemoveMarkdown codespan: single backtick" time="0.001">
    </testcase>
    <testcase classname="stripMarkdown | RemoveMarkdown codespan: double backtick" name="stripMarkdown | RemoveMarkdown codespan: double backtick" time="0">
    </testcase>
    <testcase classname="stripMarkdown | RemoveMarkdown codespan: triple backtick" name="stripMarkdown | RemoveMarkdown codespan: triple backtick" time="0.001">
    </testcase>
    <testcase classname="stripMarkdown | RemoveMarkdown codespan: inline code" name="stripMarkdown | RemoveMarkdown codespan: inline code" time="0">
    </testcase>
    <testcase classname="stripMarkdown | RemoveMarkdown codespan: multiline codespan" name="stripMarkdown | RemoveMarkdown codespan: multiline codespan" time="0.001">
    </testcase>
    <testcase classname="stripMarkdown | RemoveMarkdown codespan: multiline codespan 2" name="stripMarkdown | RemoveMarkdown codespan: multiline codespan 2" time="0">
    </testcase>
    <testcase classname="stripMarkdown | RemoveMarkdown codespan: language highlighting" name="stripMarkdown | RemoveMarkdown codespan: language highlighting" time="0.001">
    </testcase>
    <testcase classname="stripMarkdown | RemoveMarkdown blockquote:" name="stripMarkdown | RemoveMarkdown blockquote:" time="0">
    </testcase>
    <testcase classname="stripMarkdown | RemoveMarkdown blockquote: multiline" name="stripMarkdown | RemoveMarkdown blockquote: multiline" time="0.001">
    </testcase>
    <testcase classname="stripMarkdown | RemoveMarkdown heading: # H1 header" name="stripMarkdown | RemoveMarkdown heading: # H1 header" time="0">
    </testcase>
    <testcase classname="stripMarkdown | RemoveMarkdown heading: heading with @user" name="stripMarkdown | RemoveMarkdown heading: heading with @user" time="0.001">
    </testcase>
    <testcase classname="stripMarkdown | RemoveMarkdown heading: ## H2 header" name="stripMarkdown | RemoveMarkdown heading: ## H2 header" time="0">
    </testcase>
    <testcase classname="stripMarkdown | RemoveMarkdown heading: ### H3 header" name="stripMarkdown | RemoveMarkdown heading: ### H3 header" time="0.001">
    </testcase>
    <testcase classname="stripMarkdown | RemoveMarkdown heading: #### H4 header" name="stripMarkdown | RemoveMarkdown heading: #### H4 header" time="0">
    </testcase>
    <testcase classname="stripMarkdown | RemoveMarkdown heading: ##### H5 header" name="stripMarkdown | RemoveMarkdown heading: ##### H5 header" time="0.001">
    </testcase>
    <testcase classname="stripMarkdown | RemoveMarkdown heading: ###### H6 header" name="stripMarkdown | RemoveMarkdown heading: ###### H6 header" time="0">
    </testcase>
    <testcase classname="stripMarkdown | RemoveMarkdown heading: multiline with header and paragraph" name="stripMarkdown | RemoveMarkdown heading: multiline with header and paragraph" time="0">
    </testcase>
    <testcase classname="stripMarkdown | RemoveMarkdown heading: multiline with header and list items" name="stripMarkdown | RemoveMarkdown heading: multiline with header and list items" time="0.001">
    </testcase>
    <testcase classname="stripMarkdown | RemoveMarkdown heading: multiline with header and links" name="stripMarkdown | RemoveMarkdown heading: multiline with header and links" time="0.001">
    </testcase>
    <testcase classname="stripMarkdown | RemoveMarkdown list: 1. First ordered list item" name="stripMarkdown | RemoveMarkdown list: 1. First ordered list item" time="0.001">
    </testcase>
    <testcase classname="stripMarkdown | RemoveMarkdown list: 2. Another item" name="stripMarkdown | RemoveMarkdown list: 2. Another item" time="0">
    </testcase>
    <testcase classname="stripMarkdown | RemoveMarkdown list: * Unordered sub-list." name="stripMarkdown | RemoveMarkdown list: * Unordered sub-list." time="0.001">
    </testcase>
    <testcase classname="stripMarkdown | RemoveMarkdown list: - Or minuses" name="stripMarkdown | RemoveMarkdown list: - Or minuses" time="0">
    </testcase>
    <testcase classname="stripMarkdown | RemoveMarkdown list: + Or pluses" name="stripMarkdown | RemoveMarkdown list: + Or pluses" time="0">
    </testcase>
    <testcase classname="stripMarkdown | RemoveMarkdown list: multiline" name="stripMarkdown | RemoveMarkdown list: multiline" time="0">
    </testcase>
    <testcase classname="stripMarkdown | RemoveMarkdown tablerow:)" name="stripMarkdown | RemoveMarkdown tablerow:)" time="0.001">
    </testcase>
    <testcase classname="stripMarkdown | RemoveMarkdown table:" name="stripMarkdown | RemoveMarkdown table:" time="0.001">
    </testcase>
    <testcase classname="stripMarkdown | RemoveMarkdown strong: Bold with **asterisks** or __underscores__." name="stripMarkdown | RemoveMarkdown strong: Bold with **asterisks** or __underscores__." time="0.001">
    </testcase>
    <testcase classname="stripMarkdown | RemoveMarkdown strong &amp; em: Bold and italics with **asterisks and _underscores_**." name="stripMarkdown | RemoveMarkdown strong &amp; em: Bold and italics with **asterisks and _underscores_**." time="0">
    </testcase>
    <testcase classname="stripMarkdown | RemoveMarkdown em: Italics with *asterisks* or _underscores_." name="stripMarkdown | RemoveMarkdown em: Italics with *asterisks* or _underscores_." time="0.001">
    </testcase>
    <testcase classname="stripMarkdown | RemoveMarkdown del: Strikethrough ~~strike this.~~" name="stripMarkdown | RemoveMarkdown del: Strikethrough ~~strike this.~~" time="0">
    </testcase>
    <testcase classname="stripMarkdown | RemoveMarkdown links: [inline-style link](http://localhost:8065)" name="stripMarkdown | RemoveMarkdown links: [inline-style link](http://localhost:8065)" time="0.001">
    </testcase>
    <testcase classname="stripMarkdown | RemoveMarkdown image: ![image link](http://localhost:8065/image)" name="stripMarkdown | RemoveMarkdown image: ![image link](http://localhost:8065/image)" time="0">
    </testcase>
    <testcase classname="stripMarkdown | RemoveMarkdown text: plain" name="stripMarkdown | RemoveMarkdown text: plain" time="0.001">
    </testcase>
    <testcase classname="stripMarkdown | RemoveMarkdown text: multiline" name="stripMarkdown | RemoveMarkdown text: multiline" time="0">
    </testcase>
    <testcase classname="stripMarkdown | RemoveMarkdown text: &amp;amp; entity" name="stripMarkdown | RemoveMarkdown text: &amp;amp; entity" time="0.001">
    </testcase>
    <testcase classname="stripMarkdown | RemoveMarkdown text: &amp;lt; entity" name="stripMarkdown | RemoveMarkdown text: &amp;lt; entity" time="0">
    </testcase>
    <testcase classname="stripMarkdown | RemoveMarkdown text: &amp;gt; entity" name="stripMarkdown | RemoveMarkdown text: &amp;gt; entity" time="0">
    </testcase>
    <testcase classname="stripMarkdown | RemoveMarkdown text: &amp;#39; entity" name="stripMarkdown | RemoveMarkdown text: &amp;#39; entity" time="0.001">
    </testcase>
    <testcase classname="stripMarkdown | RemoveMarkdown text: &amp;quot; entity" name="stripMarkdown | RemoveMarkdown text: &amp;quot; entity" time="0">
    </testcase>
    <testcase classname="stripMarkdown | RemoveMarkdown text: multiple entities" name="stripMarkdown | RemoveMarkdown text: multiple entities" time="0.001">
    </testcase>
    <testcase classname="stripMarkdown | RemoveMarkdown text: multiple entities" name="stripMarkdown | RemoveMarkdown text: multiple entities" time="0">
    </testcase>
    <testcase classname="stripMarkdown | RemoveMarkdown text: multiple entities" name="stripMarkdown | RemoveMarkdown text: multiple entities" time="0">
    </testcase>
    <testcase classname="stripMarkdown | RemoveMarkdown text: multiple entities" name="stripMarkdown | RemoveMarkdown text: multiple entities" time="0.001">
    </testcase>
    <testcase classname="stripMarkdown | RemoveMarkdown text: multiple entities" name="stripMarkdown | RemoveMarkdown text: multiple entities" time="0">
    </testcase>
    <testcase classname="stripMarkdown | RemoveMarkdown text: empty string" name="stripMarkdown | RemoveMarkdown text: empty string" time="0">
    </testcase>
    <testcase classname="stripMarkdown | RemoveMarkdown text: null" name="stripMarkdown | RemoveMarkdown text: null" time="0.001">
    </testcase>
    <testcase classname="stripMarkdown | RemoveMarkdown text: {}" name="stripMarkdown | RemoveMarkdown text: {}" time="0">
    </testcase>
    <testcase classname="stripMarkdown | RemoveMarkdown text: []" name="stripMarkdown | RemoveMarkdown text: []" time="0">
    </testcase>
    <testcase classname="stripMarkdown | RemoveMarkdown text: node" name="stripMarkdown | RemoveMarkdown text: node" time="0.001">
    </testcase>
  </testsuite>
  <testsuite name="Utils.getDisplayNameByUser" errors="0" failures="0" skipped="0" timestamp="2019-10-31T15:01:24" time="0.405" tests="18">
    <testcase classname="Utils.getDisplayNameByUser Show display name of user with TeammateNameDisplay set to username" name="Utils.getDisplayNameByUser Show display name of user with TeammateNameDisplay set to username" time="0.007">
    </testcase>
    <testcase classname="Utils.getDisplayNameByUser Show display name of user with TeammateNameDisplay set to nickname_full_name" name="Utils.getDisplayNameByUser Show display name of user with TeammateNameDisplay set to nickname_full_name" time="0.004">
    </testcase>
    <testcase classname="Utils.getDisplayNameByUser Show display name of user with TeammateNameDisplay set to username" name="Utils.getDisplayNameByUser Show display name of user with TeammateNameDisplay set to username" time="0.004">
    </testcase>
    <testcase classname="Utils.sortUsersByStatusAndDisplayName Users sort by status and displayname, TeammateNameDisplay set to username" name="Utils.sortUsersByStatusAndDisplayName Users sort by status and displayname, TeammateNameDisplay set to username" time="0.006">
    </testcase>
    <testcase classname="Utils.sortUsersByStatusAndDisplayName Users sort by status and displayname, TeammateNameDisplay set to nickname_full_name" name="Utils.sortUsersByStatusAndDisplayName Users sort by status and displayname, TeammateNameDisplay set to nickname_full_name" time="0.006">
    </testcase>
    <testcase classname="Utils.sortUsersByStatusAndDisplayName Users sort by status and displayname, TeammateNameDisplay set to full_name" name="Utils.sortUsersByStatusAndDisplayName Users sort by status and displayname, TeammateNameDisplay set to full_name" time="0.016">
    </testcase>
    <testcase classname="Utils.isValidPassword Minimum length enforced" name="Utils.isValidPassword Minimum length enforced" time="0.001">
    </testcase>
    <testcase classname="Utils.isValidPassword Require lowercase enforced" name="Utils.isValidPassword Require lowercase enforced" time="0.001">
    </testcase>
    <testcase classname="Utils.isValidPassword Require uppercase enforced" name="Utils.isValidPassword Require uppercase enforced" time="0">
    </testcase>
    <testcase classname="Utils.isValidPassword Require number enforced" name="Utils.isValidPassword Require number enforced" time="0.001">
    </testcase>
    <testcase classname="Utils.isValidPassword Require symbol enforced" name="Utils.isValidPassword Require symbol enforced" time="0.001">
    </testcase>
    <testcase classname="Utils.isKeyPressed Key match is used over keyCode if it exists" name="Utils.isKeyPressed Key match is used over keyCode if it exists" time="0.001">
    </testcase>
    <testcase classname="Utils.isKeyPressed Key match works for both uppercase and lower case" name="Utils.isKeyPressed Key match works for both uppercase and lower case" time="0.001">
    </testcase>
    <testcase classname="Utils.isKeyPressed KeyCode is used for dead letter keys" name="Utils.isKeyPressed KeyCode is used for dead letter keys" time="0.001">
    </testcase>
    <testcase classname="Utils.isKeyPressed KeyCode is used for unidentified keys" name="Utils.isKeyPressed KeyCode is used for unidentified keys" time="0.001">
    </testcase>
    <testcase classname="Utils.isKeyPressed KeyCode is used for undefined keys" name="Utils.isKeyPressed KeyCode is used for undefined keys" time="0">
    </testcase>
    <testcase classname="Utils.isKeyPressed keyCode is used for determining if it exists" name="Utils.isKeyPressed keyCode is used for determining if it exists" time="0.001">
    </testcase>
    <testcase classname="Utils.isKeyPressed key should be tested as fallback for different layout of english keyboards" name="Utils.isKeyPressed key should be tested as fallback for different layout of english keyboards" time="0">
    </testcase>
  </testsuite>
  <testsuite name="components/integrations/AbstractOutgoingWebhook" errors="0" failures="0" skipped="0" timestamp="2019-10-31T15:01:24" time="0.471" tests="3">
    <testcase classname="components/integrations/AbstractOutgoingWebhook should match snapshot" name="components/integrations/AbstractOutgoingWebhook should match snapshot" time="0.012">
    </testcase>
    <testcase classname="components/integrations/AbstractOutgoingWebhook should render username in case of enablePostUsernameOverride is true " name="components/integrations/AbstractOutgoingWebhook should render username in case of enablePostUsernameOverride is true " time="0.006">
    </testcase>
    <testcase classname="components/integrations/AbstractOutgoingWebhook should render username in case of enablePostUsernameOverride is true " name="components/integrations/AbstractOutgoingWebhook should render username in case of enablePostUsernameOverride is true " time="0.004">
    </testcase>
  </testsuite>
  <testsuite name="components/LeaveTeamModal" errors="0" failures="0" skipped="0" timestamp="2019-10-31T15:01:24" time="0.411" tests="4">
    <testcase classname="components/LeaveTeamModal should render the leave team model" name="components/LeaveTeamModal should render the leave team model" time="0.007">
    </testcase>
    <testcase classname="components/LeaveTeamModal should call onHide when cancel is clicked" name="components/LeaveTeamModal should call onHide when cancel is clicked" time="0.003">
    </testcase>
    <testcase classname="components/LeaveTeamModal should call removeUserFromTeam and toggleSideBarRightMenu when ok is clicked" name="components/LeaveTeamModal should call removeUserFromTeam and toggleSideBarRightMenu when ok is clicked" time="0.002">
    </testcase>
    <testcase classname="components/LeaveTeamModal should call attach and remove event listeners" name="components/LeaveTeamModal should call attach and remove event listeners" time="0.001">
    </testcase>
  </testsuite>
  <testsuite name="components/admin_console/system_users" errors="0" failures="0" skipped="0" timestamp="2019-10-31T15:01:24" time="0.483" tests="1">
    <testcase classname="components/admin_console/system_users should match default snapshot" name="components/admin_console/system_users should match default snapshot" time="0.018">
    </testcase>
  </testsuite>
  <testsuite name="components/integrations/EditIncomingWebhook" errors="0" failures="0" skipped="0" timestamp="2019-10-31T15:01:24" time="0.523" tests="6">
    <testcase classname="components/integrations/EditIncomingWebhook should show Loading screen when no hook is provided" name="components/integrations/EditIncomingWebhook should show Loading screen when no hook is provided" time="0.004">
    </testcase>
    <testcase classname="components/integrations/EditIncomingWebhook should show AbstractIncomingWebhook" name="components/integrations/EditIncomingWebhook should show AbstractIncomingWebhook" time="0.001">
    </testcase>
    <testcase classname="components/integrations/EditIncomingWebhook should not call getIncomingHook" name="components/integrations/EditIncomingWebhook should not call getIncomingHook" time="0.001">
    </testcase>
    <testcase classname="components/integrations/EditIncomingWebhook should have called submitHook when editIncomingHook is initiated (no server error)" name="components/integrations/EditIncomingWebhook should have called submitHook when editIncomingHook is initiated (no server error)" time="0.004">
    </testcase>
    <testcase classname="components/integrations/EditIncomingWebhook should have called submitHook when editIncomingHook is initiated (with server error)" name="components/integrations/EditIncomingWebhook should have called submitHook when editIncomingHook is initiated (with server error)" time="0.002">
    </testcase>
    <testcase classname="components/integrations/EditIncomingWebhook should have called submitHook when editIncomingHook is initiated (with data)" name="components/integrations/EditIncomingWebhook should have called submitHook when editIncomingHook is initiated (with data)" time="0.006">
    </testcase>
  </testsuite>
  <testsuite name="components/AboutBuildModal" errors="0" failures="0" skipped="0" timestamp="2019-10-31T15:01:24" time="0.531" tests="4">
    <testcase classname="components/AboutBuildModal should match snapshot for enterprise edition" name="components/AboutBuildModal should match snapshot for enterprise edition" time="0.015">
    </testcase>
    <testcase classname="components/AboutBuildModal should match snapshot for team edition" name="components/AboutBuildModal should match snapshot for team edition" time="0.008">
    </testcase>
    <testcase classname="components/AboutBuildModal should show dev if this is a dev build" name="components/AboutBuildModal should show dev if this is a dev build" time="0.009">
    </testcase>
    <testcase classname="components/AboutBuildModal should show ci if a ci build" name="components/AboutBuildModal should show ci if a ci build" time="0.011">
    </testcase>
  </testsuite>
  <testsuite name="components/ResetStatusModal" errors="0" failures="0" skipped="0" timestamp="2019-10-31T15:01:24" time="0.413" tests="4">
    <testcase classname="components/ResetStatusModal should match snapshot" name="components/ResetStatusModal should match snapshot" time="0.005">
    </testcase>
    <testcase classname="components/ResetStatusModal should have match state when onConfirm is called" name="components/ResetStatusModal should have match state when onConfirm is called" time="0.005">
    </testcase>
    <testcase classname="components/ResetStatusModal should have match state when onCancel is called" name="components/ResetStatusModal should have match state when onCancel is called" time="0.003">
    </testcase>
    <testcase classname="components/ResetStatusModal should match snapshot, render modal for OOF status" name="components/ResetStatusModal should match snapshot, render modal for OOF status" time="0.001">
    </testcase>
  </testsuite>
  <testsuite name="components/dot_menu/DotMenu on mobile view" errors="0" failures="0" skipped="0" timestamp="2019-10-31T15:01:24" time="0.413" tests="1">
    <testcase classname="components/dot_menu/DotMenu on mobile view should match snapshot" name="components/dot_menu/DotMenu on mobile view should match snapshot" time="0.005">
    </testcase>
  </testsuite>
  <testsuite name="components/error_page/ErrorTitle" errors="0" failures="0" skipped="0" timestamp="2019-10-31T15:01:24" time="0.477" tests="9">
    <testcase classname="components/error_page/ErrorTitle should match snapshot, local_storage type" name="components/error_page/ErrorTitle should match snapshot, local_storage type" time="0.004">
    </testcase>
    <testcase classname="components/error_page/ErrorTitle should match snapshot, permalink_not_found type" name="components/error_page/ErrorTitle should match snapshot, permalink_not_found type" time="0.001">
    </testcase>
    <testcase classname="components/error_page/ErrorTitle should match snapshot, oauth_missing_code type" name="components/error_page/ErrorTitle should match snapshot, oauth_missing_code type" time="0.001">
    </testcase>
    <testcase classname="components/error_page/ErrorTitle should match snapshot, oauth_access_denied type" name="components/error_page/ErrorTitle should match snapshot, oauth_access_denied type" time="0.002">
    </testcase>
    <testcase classname="components/error_page/ErrorTitle should match snapshot, page_not_found type" name="components/error_page/ErrorTitle should match snapshot, page_not_found type" time="0.001">
    </testcase>
    <testcase classname="components/error_page/ErrorTitle should match snapshot, team_not_found type" name="components/error_page/ErrorTitle should match snapshot, team_not_found type" time="0.001">
    </testcase>
    <testcase classname="components/error_page/ErrorTitle should match snapshot, channel_not_found type" name="components/error_page/ErrorTitle should match snapshot, channel_not_found type" time="0.001">
    </testcase>
    <testcase classname="components/error_page/ErrorTitle should match snapshot, no type but with title" name="components/error_page/ErrorTitle should match snapshot, no type but with title" time="0">
    </testcase>
    <testcase classname="components/error_page/ErrorTitle should match snapshot, no type nor title" name="components/error_page/ErrorTitle should match snapshot, no type nor title" time="0.001">
    </testcase>
  </testsuite>
  <testsuite name="components/QuickSwitchModal" errors="0" failures="0" skipped="0" timestamp="2019-10-31T15:01:24" time="0.476" tests="6">
    <testcase classname="components/QuickSwitchModal should match snapshot" name="components/QuickSwitchModal should match snapshot" time="0.007">
    </testcase>
    <testcase classname="components/QuickSwitchModal handleSubmit should do nothing if nothing selected" name="components/QuickSwitchModal handleSubmit should do nothing if nothing selected" time="0.002">
    </testcase>
    <testcase classname="components/QuickSwitchModal handleSubmit should open direct channel to user when selecting a dm channel" name="components/QuickSwitchModal handleSubmit should open direct channel to user when selecting a dm channel" time="0.02">
    </testcase>
    <testcase classname="components/QuickSwitchModal handleSubmit should switch to group channel when selecting a group channel" name="components/QuickSwitchModal handleSubmit should switch to group channel when selecting a group channel" time="0.002">
    </testcase>
    <testcase classname="components/QuickSwitchModal handleSubmit should switch to channel when selecting a private channel" name="components/QuickSwitchModal handleSubmit should switch to channel when selecting a private channel" time="0.002">
    </testcase>
    <testcase classname="components/QuickSwitchModal handleSubmit should switch to channel when selecting an open channel" name="components/QuickSwitchModal handleSubmit should switch to channel when selecting an open channel" time="0.002">
    </testcase>
  </testsuite>
  <testsuite name="components/channel_notifications_modal/NotificationSection" errors="0" failures="0" skipped="0" timestamp="2019-10-31T15:01:24" time="0.428" tests="10">
    <testcase classname="components/channel_notifications_modal/NotificationSection should match snapshot, DESKTOP on collapsed view" name="components/channel_notifications_modal/NotificationSection should match snapshot, DESKTOP on collapsed view" time="0.003">
    </testcase>
    <testcase classname="components/channel_notifications_modal/NotificationSection should match snapshot, DESKTOP on expanded view" name="components/channel_notifications_modal/NotificationSection should match snapshot, DESKTOP on expanded view" time="0.002">
    </testcase>
    <testcase classname="components/channel_notifications_modal/NotificationSection should match snapshot, PUSH on collapsed view" name="components/channel_notifications_modal/NotificationSection should match snapshot, PUSH on collapsed view" time="0.001">
    </testcase>
    <testcase classname="components/channel_notifications_modal/NotificationSection should match snapshot, PUSH on expanded view" name="components/channel_notifications_modal/NotificationSection should match snapshot, PUSH on expanded view" time="0.001">
    </testcase>
    <testcase classname="components/channel_notifications_modal/NotificationSection should match snapshot, MARK_UNREAD on collapsed view" name="components/channel_notifications_modal/NotificationSection should match snapshot, MARK_UNREAD on collapsed view" time="0.001">
    </testcase>
    <testcase classname="components/channel_notifications_modal/NotificationSection should match snapshot, MARK_UNREAD on expanded view" name="components/channel_notifications_modal/NotificationSection should match snapshot, MARK_UNREAD on expanded view" time="0.001">
    </testcase>
    <testcase classname="components/channel_notifications_modal/NotificationSection should have called onChange when handleOnChange is called" name="components/channel_notifications_modal/NotificationSection should have called onChange when handleOnChange is called" time="0.001">
    </testcase>
    <testcase classname="components/channel_notifications_modal/NotificationSection should have called onUpdateSection when handleExpandSection is called" name="components/channel_notifications_modal/NotificationSection should have called onUpdateSection when handleExpandSection is called" time="0.001">
    </testcase>
    <testcase classname="components/channel_notifications_modal/NotificationSection should have called onUpdateSection when handleCollapseSection is called" name="components/channel_notifications_modal/NotificationSection should have called onUpdateSection when handleCollapseSection is called" time="0.002">
    </testcase>
    <testcase classname="components/channel_notifications_modal/NotificationSection should match snapshot on server error" name="components/channel_notifications_modal/NotificationSection should match snapshot on server error" time="0">
    </testcase>
  </testsuite>
  <testsuite name="components/TeamMembersModal" errors="0" failures="0" skipped="0" timestamp="2019-10-31T15:01:24" time="0.441" tests="3">
    <testcase classname="components/TeamMembersModal should match snapshot" name="components/TeamMembersModal should match snapshot" time="0.003">
    </testcase>
    <testcase classname="components/TeamMembersModal should set show to false on Modal&apos;s onHide" name="components/TeamMembersModal should set show to false on Modal&apos;s onHide" time="0.002">
    </testcase>
    <testcase classname="components/TeamMembersModal should call onHide on Modal&apos;s onExited" name="components/TeamMembersModal should call onHide on Modal&apos;s onExited" time="0.001">
    </testcase>
  </testsuite>
  <testsuite name="components/integrations/AddIncomingWebhook" errors="0" failures="0" skipped="0" timestamp="2019-10-31T15:01:24" time="0.448" tests="2">
    <testcase classname="components/integrations/AddIncomingWebhook should match snapshot" name="components/integrations/AddIncomingWebhook should match snapshot" time="0.004">
    </testcase>
    <testcase classname="components/integrations/AddIncomingWebhook should have called createIncomingHook" name="components/integrations/AddIncomingWebhook should have called createIncomingHook" time="0.002">
    </testcase>
  </testsuite>
  <testsuite name="utils/riff/recommendations/index" errors="0" failures="0" skipped="0" timestamp="2019-10-31T15:01:24" time="0.506" tests="11">
    <testcase classname="utils/riff/recommendations/index getGroupChannel should handle empty learningGroup being empty" name="utils/riff/recommendations/index getGroupChannel should handle empty learningGroup being empty" time="0.002">
    </testcase>
    <testcase classname="utils/riff/recommendations/index getGroupChannel should return the requested learningGroup object based on prefix" name="utils/riff/recommendations/index getGroupChannel should return the requested learningGroup object based on prefix" time="0.001">
    </testcase>
    <testcase classname="utils/riff/recommendations/index getGroupChannel should return an accurate array of teammateIds" name="utils/riff/recommendations/index getGroupChannel should return an accurate array of teammateIds" time="0.001">
    </testcase>
    <testcase classname="utils/riff/recommendations/index getRecommendations should display the recommendations for week 0 in that week" name="utils/riff/recommendations/index getRecommendations should display the recommendations for week 0 in that week" time="0.002">
    </testcase>
    <testcase classname="utils/riff/recommendations/index getRecommendations should display the recommendations for week 1 in that week" name="utils/riff/recommendations/index getRecommendations should display the recommendations for week 1 in that week" time="0.001">
    </testcase>
    <testcase classname="utils/riff/recommendations/index getRecommendations should display the recommendations for week 2 in that week" name="utils/riff/recommendations/index getRecommendations should display the recommendations for week 2 in that week" time="0.007">
    </testcase>
    <testcase classname="utils/riff/recommendations/index getRecommendations should display the recommendations for week 3 in that week" name="utils/riff/recommendations/index getRecommendations should display the recommendations for week 3 in that week" time="0.001">
    </testcase>
    <testcase classname="utils/riff/recommendations/index getRecommendations should display the recommendations for week 4 in that week" name="utils/riff/recommendations/index getRecommendations should display the recommendations for week 4 in that week" time="0.001">
    </testcase>
    <testcase classname="utils/riff/recommendations/index getRecommendations should display the recommendations for week 5 in that week" name="utils/riff/recommendations/index getRecommendations should display the recommendations for week 5 in that week" time="0.001">
    </testcase>
    <testcase classname="utils/riff/recommendations/index getRecommendations should display the recommendations for week 6 in that week" name="utils/riff/recommendations/index getRecommendations should display the recommendations for week 6 in that week" time="0">
    </testcase>
    <testcase classname="utils/riff/recommendations/index getRecommendations should display the recommendations for week 7 in that week" name="utils/riff/recommendations/index getRecommendations should display the recommendations for week 7 in that week" time="0.001">
    </testcase>
  </testsuite>
  <testsuite name="TextFormatting.Emails" errors="0" failures="0" skipped="0" timestamp="2019-10-31T15:01:25" time="0.394" tests="6">
    <testcase classname="TextFormatting.Emails Valid email addresses" name="TextFormatting.Emails Valid email addresses" time="0.024">
    </testcase>
    <testcase classname="TextFormatting.Emails Should be valid, but matching GitHub" name="TextFormatting.Emails Should be valid, but matching GitHub" time="0">
    </testcase>
    <testcase classname="TextFormatting.Emails Should be valid, but broken due to Markdown parsing happening before email autolinking" name="TextFormatting.Emails Should be valid, but broken due to Markdown parsing happening before email autolinking" time="0.001">
    </testcase>
    <testcase classname="TextFormatting.Emails Not valid emails" name="TextFormatting.Emails Not valid emails" time="0.002">
    </testcase>
    <testcase classname="TextFormatting.Emails Should be invalid, but matching GitHub" name="TextFormatting.Emails Should be invalid, but matching GitHub" time="0">
    </testcase>
    <testcase classname="TextFormatting.Emails Should be invalid, but broken" name="TextFormatting.Emails Should be invalid, but broken" time="0">
    </testcase>
  </testsuite>
  <testsuite name="components/channel_header/components/HeaderIconWrapper" errors="0" failures="0" skipped="0" timestamp="2019-10-31T15:01:25" time="0.414" tests="4">
    <testcase classname="components/channel_header/components/HeaderIconWrapper should match snapshot, on MentionsIcon" name="components/channel_header/components/HeaderIconWrapper should match snapshot, on MentionsIcon" time="0.005">
    </testcase>
    <testcase classname="components/channel_header/components/HeaderIconWrapper should match snapshot, on FlagIcon" name="components/channel_header/components/HeaderIconWrapper should match snapshot, on FlagIcon" time="0.001">
    </testcase>
    <testcase classname="components/channel_header/components/HeaderIconWrapper should match snapshot, on PinIcon" name="components/channel_header/components/HeaderIconWrapper should match snapshot, on PinIcon" time="0.002">
    </testcase>
    <testcase classname="components/channel_header/components/HeaderIconWrapper should match snapshot, on SearchIcon" name="components/channel_header/components/HeaderIconWrapper should match snapshot, on SearchIcon" time="0.002">
    </testcase>
  </testsuite>
  <testsuite name="TextFormatting.ChannelLinks" errors="0" failures="0" skipped="0" timestamp="2019-10-31T15:01:25" time="0.411" tests="5">
    <testcase classname="TextFormatting.ChannelLinks Not channel links" name="TextFormatting.ChannelLinks Not channel links" time="0.005">
    </testcase>
    <testcase classname="TextFormatting.ChannelLinks Channel links should link ~town-square" name="TextFormatting.ChannelLinks Channel links should link ~town-square" time="0.001">
    </testcase>
    <testcase classname="TextFormatting.ChannelLinks Channel links should link ~town-square followed by a period" name="TextFormatting.ChannelLinks Channel links should link ~town-square followed by a period" time="0.001">
    </testcase>
    <testcase classname="TextFormatting.ChannelLinks Channel links should link ~town-square, with display_name an HTML string" name="TextFormatting.ChannelLinks Channel links should link ~town-square, with display_name an HTML string" time="0">
    </testcase>
    <testcase classname="TextFormatting.ChannelLinks Channel links should link ~town-square, with a basename defined" name="TextFormatting.ChannelLinks Channel links should link ~town-square, with a basename defined" time="0.001">
    </testcase>
  </testsuite>
  <testsuite name="components/post_view/ShowMore" errors="0" failures="0" skipped="0" timestamp="2019-10-31T15:01:25" time="0.438" tests="6">
    <testcase classname="components/post_view/ShowMore should match snapshot" name="components/post_view/ShowMore should match snapshot" time="0.004">
    </testcase>
    <testcase classname="components/post_view/ShowMore should match snapshot, PostMessageView on collapsed view" name="components/post_view/ShowMore should match snapshot, PostMessageView on collapsed view" time="0.003">
    </testcase>
    <testcase classname="components/post_view/ShowMore should match snapshot, PostMessageView on expanded view" name="components/post_view/ShowMore should match snapshot, PostMessageView on expanded view" time="0.002">
    </testcase>
    <testcase classname="components/post_view/ShowMore should match snapshot, PostAttachment on collapsed view" name="components/post_view/ShowMore should match snapshot, PostAttachment on collapsed view" time="0.002">
    </testcase>
    <testcase classname="components/post_view/ShowMore should match snapshot, PostAttachment on expanded view" name="components/post_view/ShowMore should match snapshot, PostAttachment on expanded view" time="0.002">
    </testcase>
    <testcase classname="components/post_view/ShowMore should call checkTextOverflow" name="components/post_view/ShowMore should call checkTextOverflow" time="0.004">
    </testcase>
  </testsuite>
  <testsuite name="Actions.Posts" errors="0" failures="0" skipped="0" timestamp="2019-10-31T15:01:25" time="0.457" tests="2">
    <testcase classname="Actions.Posts setEditingPost" name="Actions.Posts setEditingPost" time="0.005">
    </testcase>
    <testcase classname="Actions.Posts hideEditPostModal" name="Actions.Posts hideEditPostModal" time="0.001">
    </testcase>
  </testsuite>
  <testsuite name="components/Markdown" errors="0" failures="0" skipped="0" timestamp="2019-10-31T15:01:25" time="0.413" tests="2">
    <testcase classname="components/Markdown should render properly" name="components/Markdown should render properly" time="0.017">
    </testcase>
    <testcase classname="components/Markdown should not render markdown when formatting is disabled" name="components/Markdown should not render markdown when formatting is disabled" time="0.001">
    </testcase>
  </testsuite>
  <testsuite name="components/channel_notifications_modal/CollapseView" errors="0" failures="0" skipped="0" timestamp="2019-10-31T15:01:25" time="0.379" tests="3">
    <testcase classname="components/channel_notifications_modal/CollapseView should match snapshot, DESKTOP on collapsed view" name="components/channel_notifications_modal/CollapseView should match snapshot, DESKTOP on collapsed view" time="0.004">
    </testcase>
    <testcase classname="components/channel_notifications_modal/CollapseView should match snapshot, PUSH on collapsed view" name="components/channel_notifications_modal/CollapseView should match snapshot, PUSH on collapsed view" time="0.001">
    </testcase>
    <testcase classname="components/channel_notifications_modal/CollapseView should match snapshot, MARK_UNREAD on collapsed view" name="components/channel_notifications_modal/CollapseView should match snapshot, MARK_UNREAD on collapsed view" time="0.001">
    </testcase>
  </testsuite>
  <testsuite name="components/admin_console/brand_image_setting/UploadButton" errors="0" failures="0" skipped="0" timestamp="2019-10-31T15:01:25" time="0.387" tests="2">
    <testcase classname="components/admin_console/brand_image_setting/UploadButton should match snapshot" name="components/admin_console/brand_image_setting/UploadButton should match snapshot" time="0.007">
    </testcase>
    <testcase classname="components/admin_console/brand_image_setting/UploadButton should have called props.onClick on button click" name="components/admin_console/brand_image_setting/UploadButton should have called props.onClick on button click" time="0.002">
    </testcase>
  </testsuite>
  <testsuite name="components/TextBox" errors="0" failures="0" skipped="0" timestamp="2019-10-31T15:01:25" time="0.929" tests="3">
    <testcase classname="components/TextBox should match snapshot with required props" name="components/TextBox should match snapshot with required props" time="0.004">
    </testcase>
    <testcase classname="components/TextBox should throw error when value is too long" name="components/TextBox should throw error when value is too long" time="0.002">
    </testcase>
    <testcase classname="components/TextBox should throw error when new property is too long" name="components/TextBox should throw error when new property is too long" time="0.004">
    </testcase>
  </testsuite>
  <testsuite name="components/login/LoginMfa" errors="0" failures="0" skipped="0" timestamp="2019-10-31T15:01:25" time="0.443" tests="3">
    <testcase classname="components/login/LoginMfa should match snapshot" name="components/login/LoginMfa should match snapshot" time="0.005">
    </testcase>
    <testcase classname="components/login/LoginMfa should have match state when handleChange is called" name="components/login/LoginMfa should have match state when handleChange is called" time="0.002">
    </testcase>
    <testcase classname="components/login/LoginMfa should have match state when handleSubmit is called" name="components/login/LoginMfa should have match state when handleSubmit is called" time="0.005">
    </testcase>
  </testsuite>
  <testsuite name="TextFormatting.mentionHighlighting" errors="0" failures="0" skipped="0" timestamp="2019-10-31T15:01:25" time="0.43" tests="10">
    <testcase classname="TextFormatting.mentionHighlighting no mentions" name="TextFormatting.mentionHighlighting no mentions" time="0.007">
    </testcase>
    <testcase classname="TextFormatting.mentionHighlighting not an at-mention" name="TextFormatting.mentionHighlighting not an at-mention" time="0.001">
    </testcase>
    <testcase classname="TextFormatting.mentionHighlighting at-mention" name="TextFormatting.mentionHighlighting at-mention" time="0.001">
    </testcase>
    <testcase classname="TextFormatting.mentionHighlighting at-mention and non-at-mention for same word" name="TextFormatting.mentionHighlighting at-mention and non-at-mention for same word" time="0">
    </testcase>
    <testcase classname="TextFormatting.mentionHighlighting case insensitive mentions" name="TextFormatting.mentionHighlighting case insensitive mentions" time="0.001">
    </testcase>
    <testcase classname="TextFormatting.mentionHighlighting case sensitive mentions" name="TextFormatting.mentionHighlighting case sensitive mentions" time="0.001">
    </testcase>
    <testcase classname="TextFormatting.mentionHighlighting at mention linking disabled, mentioned by non-at-mention" name="TextFormatting.mentionHighlighting at mention linking disabled, mentioned by non-at-mention" time="0">
    </testcase>
    <testcase classname="TextFormatting.mentionHighlighting at mention linking disabled, mentioned by at-mention" name="TextFormatting.mentionHighlighting at mention linking disabled, mentioned by at-mention" time="0.001">
    </testcase>
    <testcase classname="TextFormatting.mentionHighlighting mention highlighting disabled" name="TextFormatting.mentionHighlighting mention highlighting disabled" time="0">
    </testcase>
    <testcase classname="TextFormatting.mentionHighlighting mention highlighting and at mention linking disabled" name="TextFormatting.mentionHighlighting mention highlighting and at mention linking disabled" time="0.001">
    </testcase>
  </testsuite>
  <testsuite name="rhs view actions" errors="0" failures="0" skipped="0" timestamp="2019-10-31T15:01:25" time="0.462" tests="16">
    <testcase classname="rhs view actions updateRhsState it dispatches UPDATE_RHS_STATE correctly" name="rhs view actions updateRhsState it dispatches UPDATE_RHS_STATE correctly" time="0.003">
    </testcase>
    <testcase classname="rhs view actions selectPostFromRightHandSideSearch it dispatches PostActions.getPostThread correctly" name="rhs view actions selectPostFromRightHandSideSearch it dispatches PostActions.getPostThread correctly" time="0.001">
    </testcase>
    <testcase classname="rhs view actions selectPostFromRightHandSideSearch it dispatches SELECT_POST correctly" name="rhs view actions selectPostFromRightHandSideSearch it dispatches SELECT_POST correctly" time="0.001">
    </testcase>
    <testcase classname="rhs view actions updateSearchTerms it dispatches UPDATE_RHS_SEARCH_TERMS correctly" name="rhs view actions updateSearchTerms it dispatches UPDATE_RHS_SEARCH_TERMS correctly" time="0">
    </testcase>
    <testcase classname="rhs view actions performSearch it dispatches searchPosts correctly" name="rhs view actions performSearch it dispatches searchPosts correctly" time="0.016">
    </testcase>
    <testcase classname="rhs view actions showSearchResults it dispatches the right actions" name="rhs view actions showSearchResults it dispatches the right actions" time="0.002">
    </testcase>
    <testcase classname="rhs view actions getFlaggedPosts it dispatches the right actions" name="rhs view actions getFlaggedPosts it dispatches the right actions" time="0.001">
    </testcase>
    <testcase classname="rhs view actions showFlaggedPosts it dispatches the right actions" name="rhs view actions showFlaggedPosts it dispatches the right actions" time="0.002">
    </testcase>
    <testcase classname="rhs view actions getPinnedPosts it dispatches the right actions" name="rhs view actions getPinnedPosts it dispatches the right actions" time="0.001">
    </testcase>
    <testcase classname="rhs view actions showPinnedPosts it dispatches the right actions" name="rhs view actions showPinnedPosts it dispatches the right actions" time="0.002">
    </testcase>
    <testcase classname="rhs view actions showMentions it dispatches the right actions" name="rhs view actions showMentions it dispatches the right actions" time="0.001">
    </testcase>
    <testcase classname="rhs view actions showMentions it calls trackEvent correctly" name="rhs view actions showMentions it calls trackEvent correctly" time="0.001">
    </testcase>
    <testcase classname="rhs view actions closeRightHandSide it dispatches the right actions" name="rhs view actions closeRightHandSide it dispatches the right actions" time="0.001">
    </testcase>
    <testcase classname="rhs view actions toggleMenu dispatches the right action" name="rhs view actions toggleMenu dispatches the right action" time="0">
    </testcase>
    <testcase classname="rhs view actions openMenu dispatches the right action" name="rhs view actions openMenu dispatches the right action" time="0.001">
    </testcase>
    <testcase classname="rhs view actions closeMenu dispatches the right action" name="rhs view actions closeMenu dispatches the right action" time="0">
    </testcase>
  </testsuite>
  <testsuite name="component/FilePreview" errors="0" failures="0" skipped="0" timestamp="2019-10-31T15:01:25" time="0.46" tests="3">
    <testcase classname="component/FilePreview should match snapshot" name="component/FilePreview should match snapshot" time="0.006">
    </testcase>
    <testcase classname="component/FilePreview should match snapshot when props are changed" name="component/FilePreview should match snapshot when props are changed" time="0.009">
    </testcase>
    <testcase classname="component/FilePreview should call handleRemove when file removed" name="component/FilePreview should call handleRemove when file removed" time="0.002">
    </testcase>
  </testsuite>
  <testsuite name="components/admin_console/permission_schemes_settings/permission_group" errors="0" failures="0" skipped="0" timestamp="2019-10-31T15:01:25" time="0.472" tests="17">
    <testcase classname="components/admin_console/permission_schemes_settings/permission_group should match snapshot on editable without permissions" name="components/admin_console/permission_schemes_settings/permission_group should match snapshot on editable without permissions" time="0.007">
    </testcase>
    <testcase classname="components/admin_console/permission_schemes_settings/permission_group should match snapshot on editable without every permission out of the scope" name="components/admin_console/permission_schemes_settings/permission_group should match snapshot on editable without every permission out of the scope" time="0.002">
    </testcase>
    <testcase classname="components/admin_console/permission_schemes_settings/permission_group should match snapshot on editable with some permissions" name="components/admin_console/permission_schemes_settings/permission_group should match snapshot on editable with some permissions" time="0.002">
    </testcase>
    <testcase classname="components/admin_console/permission_schemes_settings/permission_group should match snapshot on editable with all permissions" name="components/admin_console/permission_schemes_settings/permission_group should match snapshot on editable with all permissions" time="0.003">
    </testcase>
    <testcase classname="components/admin_console/permission_schemes_settings/permission_group should match snapshot on editable without permissions and read-only" name="components/admin_console/permission_schemes_settings/permission_group should match snapshot on editable without permissions and read-only" time="0.002">
    </testcase>
    <testcase classname="components/admin_console/permission_schemes_settings/permission_group should match snapshot on editable with some permissions and read-only" name="components/admin_console/permission_schemes_settings/permission_group should match snapshot on editable with some permissions and read-only" time="0.002">
    </testcase>
    <testcase classname="components/admin_console/permission_schemes_settings/permission_group should match snapshot on editable with all permissions and read-only" name="components/admin_console/permission_schemes_settings/permission_group should match snapshot on editable with all permissions and read-only" time="0.002">
    </testcase>
    <testcase classname="components/admin_console/permission_schemes_settings/permission_group should match snapshot on editable with some permissions from parentRole" name="components/admin_console/permission_schemes_settings/permission_group should match snapshot on editable with some permissions from parentRole" time="0.002">
    </testcase>
    <testcase classname="components/admin_console/permission_schemes_settings/permission_group should match snapshot on editable with all permissions from parentRole" name="components/admin_console/permission_schemes_settings/permission_group should match snapshot on editable with all permissions from parentRole" time="0.002">
    </testcase>
    <testcase classname="components/admin_console/permission_schemes_settings/permission_group should expand and collapse correctly, expanded by default, collapsed and then expanded again" name="components/admin_console/permission_schemes_settings/permission_group should expand and collapse correctly, expanded by default, collapsed and then expanded again" time="0.006">
    </testcase>
    <testcase classname="components/admin_console/permission_schemes_settings/permission_group should call correctly onChange function on click without permissions" name="components/admin_console/permission_schemes_settings/permission_group should call correctly onChange function on click without permissions" time="0.003">
    </testcase>
    <testcase classname="components/admin_console/permission_schemes_settings/permission_group should call correctly onChange function on click with some permissions" name="components/admin_console/permission_schemes_settings/permission_group should call correctly onChange function on click with some permissions" time="0.001">
    </testcase>
    <testcase classname="components/admin_console/permission_schemes_settings/permission_group should call correctly onChange function on click with all permissions" name="components/admin_console/permission_schemes_settings/permission_group should call correctly onChange function on click with all permissions" time="0.012">
    </testcase>
    <testcase classname="components/admin_console/permission_schemes_settings/permission_group shouldn&apos;t call onChange function on click when is read-only" name="components/admin_console/permission_schemes_settings/permission_group shouldn&apos;t call onChange function on click when is read-only" time="0.002">
    </testcase>
    <testcase classname="components/admin_console/permission_schemes_settings/permission_group shouldn&apos;t call onChange function on click when is read-only" name="components/admin_console/permission_schemes_settings/permission_group shouldn&apos;t call onChange function on click when is read-only" time="0.007">
    </testcase>
    <testcase classname="components/admin_console/permission_schemes_settings/permission_group should collapse when toggle to all permissions and expand otherwise" name="components/admin_console/permission_schemes_settings/permission_group should collapse when toggle to all permissions and expand otherwise" time="0.006">
    </testcase>
    <testcase classname="components/admin_console/permission_schemes_settings/permission_group should toggle correctly between states" name="components/admin_console/permission_schemes_settings/permission_group should toggle correctly between states" time="0.007">
    </testcase>
  </testsuite>
  <testsuite name="Riff Recommendations Time Utility" errors="0" failures="0" skipped="0" timestamp="2019-10-31T15:01:25" time="0.41" tests="13">
    <testcase classname="Riff Recommendations Time Utility getCourseStartTime tests: Returns timelord&apos;s creation time:" name="Riff Recommendations Time Utility getCourseStartTime tests: Returns timelord&apos;s creation time:" time="0.003">
    </testcase>
    <testcase classname="Riff Recommendations Time Utility getCourseStartTime tests: Returns 0 if timelord does not exist:" name="Riff Recommendations Time Utility getCourseStartTime tests: Returns 0 if timelord does not exist:" time="0.001">
    </testcase>
    <testcase classname="Riff Recommendations Time Utility weekNumToMillis tests: Course just started:" name="Riff Recommendations Time Utility weekNumToMillis tests: Course just started:" time="0">
    </testcase>
    <testcase classname="Riff Recommendations Time Utility weekNumToMillis tests: Week 2:" name="Riff Recommendations Time Utility weekNumToMillis tests: Week 2:" time="0.001">
    </testcase>
    <testcase classname="Riff Recommendations Time Utility weekNumToMillis tests: Week 8:" name="Riff Recommendations Time Utility weekNumToMillis tests: Week 8:" time="0">
    </testcase>
    <testcase classname="Riff Recommendations Time Utility weekNumToMillis tests: Week 11:" name="Riff Recommendations Time Utility weekNumToMillis tests: Week 11:" time="0.001">
    </testcase>
    <testcase classname="Riff Recommendations Time Utility getCurrentWeekNumber tests: Course just started this millisecond:" name="Riff Recommendations Time Utility getCurrentWeekNumber tests: Course just started this millisecond:" time="0">
    </testcase>
    <testcase classname="Riff Recommendations Time Utility getCurrentWeekNumber tests: Middle of week 1:" name="Riff Recommendations Time Utility getCurrentWeekNumber tests: Middle of week 1:" time="0.001">
    </testcase>
    <testcase classname="Riff Recommendations Time Utility getCurrentWeekNumber tests: Alternate middle of week 1:" name="Riff Recommendations Time Utility getCurrentWeekNumber tests: Alternate middle of week 1:" time="0">
    </testcase>
    <testcase classname="Riff Recommendations Time Utility getCurrentWeekNumber tests: Week 1 completed:" name="Riff Recommendations Time Utility getCurrentWeekNumber tests: Week 1 completed:" time="0">
    </testcase>
    <testcase classname="Riff Recommendations Time Utility getCurrentWeekNumber tests: Middle of week 4:" name="Riff Recommendations Time Utility getCurrentWeekNumber tests: Middle of week 4:" time="0.001">
    </testcase>
    <testcase classname="Riff Recommendations Time Utility getCurrentWeekNumber tests: Alternate middle of week 4:" name="Riff Recommendations Time Utility getCurrentWeekNumber tests: Alternate middle of week 4:" time="0">
    </testcase>
    <testcase classname="Riff Recommendations Time Utility getCurrentWeekNumber tests: Week 4 completed:" name="Riff Recommendations Time Utility getCurrentWeekNumber tests: Week 4 completed:" time="0.001">
    </testcase>
  </testsuite>
  <testsuite name="components/SystemNotice" errors="0" failures="0" skipped="0" timestamp="2019-10-31T15:01:26" time="0.414" tests="5">
    <testcase classname="components/SystemNotice should match snapshot for regular user, no notice" name="components/SystemNotice should match snapshot for regular user, no notice" time="0.004">
    </testcase>
    <testcase classname="components/SystemNotice should match snapshot for regular user, admin notice" name="components/SystemNotice should match snapshot for regular user, admin notice" time="0.001">
    </testcase>
    <testcase classname="components/SystemNotice should match snapshot for regular user, dismissed notice" name="components/SystemNotice should match snapshot for regular user, dismissed notice" time="0.001">
    </testcase>
    <testcase classname="components/SystemNotice should match snapshot for regular user, dont show again notice" name="components/SystemNotice should match snapshot for regular user, dont show again notice" time="0">
    </testcase>
    <testcase classname="components/SystemNotice should match snapshot for show function returning false" name="components/SystemNotice should match snapshot for show function returning false" time="0.001">
    </testcase>
  </testsuite>
  <testsuite name="components/user_settings/advanced/JoinLeaveSection" errors="0" failures="0" skipped="0" timestamp="2019-10-31T15:01:26" time="0.474" tests="4">
    <testcase classname="components/user_settings/advanced/JoinLeaveSection should match snapshot" name="components/user_settings/advanced/JoinLeaveSection should match snapshot" time="0.014">
    </testcase>
    <testcase classname="components/user_settings/advanced/JoinLeaveSection should match state on handleOnChange" name="components/user_settings/advanced/JoinLeaveSection should match state on handleOnChange" time="0.001">
    </testcase>
    <testcase classname="components/user_settings/advanced/JoinLeaveSection should call props.actions.savePreferences and props.onUpdateSection on handleSubmit" name="components/user_settings/advanced/JoinLeaveSection should call props.actions.savePreferences and props.onUpdateSection on handleSubmit" time="0.002">
    </testcase>
    <testcase classname="components/user_settings/advanced/JoinLeaveSection should match state and call props.onUpdateSection on handleUpdateSection" name="components/user_settings/advanced/JoinLeaveSection should match state and call props.onUpdateSection on handleUpdateSection" time="0.002">
    </testcase>
  </testsuite>
  <testsuite name="component/sidebar/sidebar_channel_button_or_link/SidebarChannelButtonOrLinkIcon" errors="0" failures="0" skipped="0" timestamp="2019-10-31T15:01:26" time="0.423" tests="7">
    <testcase classname="component/sidebar/sidebar_channel_button_or_link/SidebarChannelButtonOrLinkIcon should match snapshot, on direct message" name="component/sidebar/sidebar_channel_button_or_link/SidebarChannelButtonOrLinkIcon should match snapshot, on direct message" time="0.004">
    </testcase>
    <testcase classname="component/sidebar/sidebar_channel_button_or_link/SidebarChannelButtonOrLinkIcon should match snapshot, on archive direct message" name="component/sidebar/sidebar_channel_button_or_link/SidebarChannelButtonOrLinkIcon should match snapshot, on archive direct message" time="0.001">
    </testcase>
    <testcase classname="component/sidebar/sidebar_channel_button_or_link/SidebarChannelButtonOrLinkIcon should match snapshot, on group direct message" name="component/sidebar/sidebar_channel_button_or_link/SidebarChannelButtonOrLinkIcon should match snapshot, on group direct message" time="0.001">
    </testcase>
    <testcase classname="component/sidebar/sidebar_channel_button_or_link/SidebarChannelButtonOrLinkIcon should match snapshot, on private channel" name="component/sidebar/sidebar_channel_button_or_link/SidebarChannelButtonOrLinkIcon should match snapshot, on private channel" time="0.001">
    </testcase>
    <testcase classname="component/sidebar/sidebar_channel_button_or_link/SidebarChannelButtonOrLinkIcon should match snapshot, on public channel" name="component/sidebar/sidebar_channel_button_or_link/SidebarChannelButtonOrLinkIcon should match snapshot, on public channel" time="0.001">
    </testcase>
    <testcase classname="component/sidebar/sidebar_channel_button_or_link/SidebarChannelButtonOrLinkIcon should match snapshot, on archived public channel" name="component/sidebar/sidebar_channel_button_or_link/SidebarChannelButtonOrLinkIcon should match snapshot, on archived public channel" time="0.001">
    </testcase>
    <testcase classname="component/sidebar/sidebar_channel_button_or_link/SidebarChannelButtonOrLinkIcon should match snapshot, with draft in public channel" name="component/sidebar/sidebar_channel_button_or_link/SidebarChannelButtonOrLinkIcon should match snapshot, with draft in public channel" time="0">
    </testcase>
  </testsuite>
  <testsuite name="components/GetTeamInviteLinkModal" errors="0" failures="0" skipped="0" timestamp="2019-10-31T15:01:26" time="0.439" tests="3">
    <testcase classname="components/GetTeamInviteLinkModal should match snapshot when user creation is enabled" name="components/GetTeamInviteLinkModal should match snapshot when user creation is enabled" time="0.003">
    </testcase>
    <testcase classname="components/GetTeamInviteLinkModal should match snapshot when user creation is disabled" name="components/GetTeamInviteLinkModal should match snapshot when user creation is disabled" time="0.001">
    </testcase>
    <testcase classname="components/GetTeamInviteLinkModal should call handleToggle on GetLinkModal&apos;s onHide" name="components/GetTeamInviteLinkModal should call handleToggle on GetLinkModal&apos;s onHide" time="0.001">
    </testcase>
  </testsuite>
  <testsuite name="components/dot_menu/DotMenu" errors="0" failures="0" skipped="0" timestamp="2019-10-31T15:01:26" time="0.445" tests="2">
    <testcase classname="components/dot_menu/DotMenu should match snapshot, on Center" name="components/dot_menu/DotMenu should match snapshot, on Center" time="0.009">
    </testcase>
    <testcase classname="components/dot_menu/DotMenu should match snapshot, canDelete" name="components/dot_menu/DotMenu should match snapshot, canDelete" time="0.004">
    </testcase>
  </testsuite>
  <testsuite name="components/user_settings/notifications/DesktopNotificationSettings" errors="0" failures="0" skipped="0" timestamp="2019-10-31T15:01:26" time="0.485" tests="7">
    <testcase classname="components/user_settings/notifications/DesktopNotificationSettings should match snapshot, on max setting" name="components/user_settings/notifications/DesktopNotificationSettings should match snapshot, on max setting" time="0.006">
    </testcase>
    <testcase classname="components/user_settings/notifications/DesktopNotificationSettings should match snapshot, on min setting" name="components/user_settings/notifications/DesktopNotificationSettings should match snapshot, on min setting" time="0.001">
    </testcase>
    <testcase classname="components/user_settings/notifications/DesktopNotificationSettings should call props.updateSection and props.cancel on handleMinUpdateSection" name="components/user_settings/notifications/DesktopNotificationSettings should call props.updateSection and props.cancel on handleMinUpdateSection" time="0.003">
    </testcase>
    <testcase classname="components/user_settings/notifications/DesktopNotificationSettings should call props.updateSection on handleMaxUpdateSection" name="components/user_settings/notifications/DesktopNotificationSettings should call props.updateSection on handleMaxUpdateSection" time="0.002">
    </testcase>
    <testcase classname="components/user_settings/notifications/DesktopNotificationSettings should call props.setParentState on handleOnChange" name="components/user_settings/notifications/DesktopNotificationSettings should call props.setParentState on handleOnChange" time="0.001">
    </testcase>
    <testcase classname="components/user_settings/notifications/DesktopNotificationSettings should match snapshot, on buildMaximizedSetting" name="components/user_settings/notifications/DesktopNotificationSettings should match snapshot, on buildMaximizedSetting" time="0.005">
    </testcase>
    <testcase classname="components/user_settings/notifications/DesktopNotificationSettings should match snapshot, on buildMinimizedSetting" name="components/user_settings/notifications/DesktopNotificationSettings should match snapshot, on buildMinimizedSetting" time="0.002">
    </testcase>
  </testsuite>
  <testsuite name="components/post_view/CombinedSystemMessage" errors="0" failures="0" skipped="0" timestamp="2019-10-31T15:01:26" time="0.484" tests="6">
    <testcase classname="components/post_view/CombinedSystemMessage should match snapshot" name="components/post_view/CombinedSystemMessage should match snapshot" time="0.011">
    </testcase>
    <testcase classname="components/post_view/CombinedSystemMessage should match snapshot, combining users removed from channel by all actors" name="components/post_view/CombinedSystemMessage should match snapshot, combining users removed from channel by all actors" time="0.002">
    </testcase>
    <testcase classname="components/post_view/CombinedSystemMessage should match snapshot when join leave messages are turned off" name="components/post_view/CombinedSystemMessage should match snapshot when join leave messages are turned off" time="0.002">
    </testcase>
    <testcase classname="components/post_view/CombinedSystemMessage should match snapshot, &quot;removed from channel&quot; message when join leave messages are turned off" name="components/post_view/CombinedSystemMessage should match snapshot, &quot;removed from channel&quot; message when join leave messages are turned off" time="0.001">
    </testcase>
    <testcase classname="components/post_view/CombinedSystemMessage should match snapshot, when current user is removed from then rejoined the channel" name="components/post_view/CombinedSystemMessage should match snapshot, when current user is removed from then rejoined the channel" time="0.002">
    </testcase>
    <testcase classname="components/post_view/CombinedSystemMessage should call getMissingProfilesByIds and/or getMissingProfilesByUsernames on loadUserProfiles" name="components/post_view/CombinedSystemMessage should call getMissingProfilesByIds and/or getMissingProfilesByUsernames on loadUserProfiles" time="0.003">
    </testcase>
  </testsuite>
  <testsuite name="components/multiselect/multiselect" errors="0" failures="0" skipped="0" timestamp="2019-10-31T15:01:26" time="0.517" tests="2">
    <testcase classname="components/multiselect/multiselect should match snapshot" name="components/multiselect/multiselect should match snapshot" time="0.005">
    </testcase>
    <testcase classname="components/multiselect/multiselect should match snapshot for page 2" name="components/multiselect/multiselect should match snapshot for page 2" time="0.015">
    </testcase>
  </testsuite>
  <testsuite name="components/FileInfoPreview" errors="0" failures="0" skipped="0" timestamp="2019-10-31T15:01:26" time="0.459" tests="2">
    <testcase classname="components/FileInfoPreview should match snapshot, can download files" name="components/FileInfoPreview should match snapshot, can download files" time="0.005">
    </testcase>
    <testcase classname="components/FileInfoPreview should match snapshot, cannot download files" name="components/FileInfoPreview should match snapshot, cannot download files" time="0.002">
    </testcase>
  </testsuite>
  <testsuite name="components/SearchableChannelList" errors="0" failures="0" skipped="0" timestamp="2019-10-31T15:01:26" time="0.418" tests="1">
    <testcase classname="components/SearchableChannelList should match init snapshot" name="components/SearchableChannelList should match init snapshot" time="0.004">
    </testcase>
  </testsuite>
  <testsuite name="components/FlagPostSearchHint" errors="0" failures="0" skipped="0" timestamp="2019-10-31T15:01:26" time="0.464" tests="2">
    <testcase classname="components/FlagPostSearchHint should match snapshot, with data retention" name="components/FlagPostSearchHint should match snapshot, with data retention" time="0.005">
    </testcase>
    <testcase classname="components/FlagPostSearchHint should match snapshot, without data retention" name="components/FlagPostSearchHint should match snapshot, without data retention" time="0.002">
    </testcase>
  </testsuite>
  <testsuite name="components/integrations/InstalledCommand" errors="0" failures="0" skipped="0" timestamp="2019-10-31T15:01:26" time="0.504" tests="5">
    <testcase classname="components/integrations/InstalledCommand should match snapshot" name="components/integrations/InstalledCommand should match snapshot" time="0.018">
    </testcase>
    <testcase classname="components/integrations/InstalledCommand should match snapshot, not autocomplete, no display_name/description/auto_complete_hint" name="components/integrations/InstalledCommand should match snapshot, not autocomplete, no display_name/description/auto_complete_hint" time="0.004">
    </testcase>
    <testcase classname="components/integrations/InstalledCommand should call onRegenToken function" name="components/integrations/InstalledCommand should call onRegenToken function" time="0.006">
    </testcase>
    <testcase classname="components/integrations/InstalledCommand should call onDelete function" name="components/integrations/InstalledCommand should call onDelete function" time="0.003">
    </testcase>
    <testcase classname="components/integrations/InstalledCommand should filter out command" name="components/integrations/InstalledCommand should filter out command" time="0.001">
    </testcase>
  </testsuite>
  <testsuite name="components/signup/SignupLTI" errors="0" failures="0" skipped="0" timestamp="2019-10-31T15:01:26" time="0.59" tests="3">
    <testcase classname="components/signup/SignupLTI should match snapshot" name="components/signup/SignupLTI should match snapshot" time="0.012">
    </testcase>
    <testcase classname="components/signup/SignupLTI should redirect to / when not signup with lti disabled" name="components/signup/SignupLTI should redirect to / when not signup with lti disabled" time="0.006">
    </testcase>
    <testcase classname="components/signup/SignupLTI should pick email, username and full name from state" name="components/signup/SignupLTI should pick email, username and full name from state" time="0.009">
    </testcase>
  </testsuite>
  <testsuite name="components/GetLinkModal" errors="0" failures="0" skipped="0" timestamp="2019-10-31T15:01:26" time="0.516" tests="3">
    <testcase classname="components/GetLinkModal should match snapshot when all props is set" name="components/GetLinkModal should match snapshot when all props is set" time="0.006">
    </testcase>
    <testcase classname="components/GetLinkModal should match snapshot when helpText is not set" name="components/GetLinkModal should match snapshot when helpText is not set" time="0.003">
    </testcase>
    <testcase classname="components/GetLinkModal should have called onHide" name="components/GetLinkModal should have called onHide" time="0.011">
    </testcase>
  </testsuite>
  <testsuite name="components/post_view/MessageAttachment" errors="0" failures="0" skipped="0" timestamp="2019-10-31T15:01:27" time="0.476" tests="5">
    <testcase classname="components/post_view/MessageAttachment should match snapshot" name="components/post_view/MessageAttachment should match snapshot" time="0.004">
    </testcase>
    <testcase classname="components/post_view/MessageAttachment should match state and have called postListScrollChange on handleImageHeightReceived" name="components/post_view/MessageAttachment should match state and have called postListScrollChange on handleImageHeightReceived" time="0.004">
    </testcase>
    <testcase classname="components/post_view/MessageAttachment should match value on getActionView" name="components/post_view/MessageAttachment should match value on getActionView" time="0.003">
    </testcase>
    <testcase classname="components/post_view/MessageAttachment should call PostActions.doPostAction on handleAction" name="components/post_view/MessageAttachment should call PostActions.doPostAction on handleAction" time="0.002">
    </testcase>
    <testcase classname="components/post_view/MessageAttachment should match value on getFieldsTable" name="components/post_view/MessageAttachment should match value on getFieldsTable" time="0.003">
    </testcase>
  </testsuite>
  <testsuite name="components/audit_table/AuditTable" errors="0" failures="0" skipped="0" timestamp="2019-10-31T15:01:27" time="0.545" tests="2">
    <testcase classname="components/audit_table/AuditTable should match snapshot with no audits" name="components/audit_table/AuditTable should match snapshot with no audits" time="0.006">
    </testcase>
    <testcase classname="components/audit_table/AuditTable should match snapshot with audits" name="components/audit_table/AuditTable should match snapshot with audits" time="0.007">
    </testcase>
  </testsuite>
  <testsuite name="highlightSearchTerms" errors="0" failures="0" skipped="0" timestamp="2019-10-31T15:01:27" time="0.425" tests="1">
    <testcase classname="highlightSearchTerms hashtags should highlight case-insensitively" name="highlightSearchTerms hashtags should highlight case-insensitively" time="0.003">
    </testcase>
  </testsuite>
  <testsuite name="components/file_attachment/FilenameOverlay" errors="0" failures="0" skipped="0" timestamp="2019-10-31T15:01:27" time="0.409" tests="4">
    <testcase classname="components/file_attachment/FilenameOverlay should match snapshot, standard display" name="components/file_attachment/FilenameOverlay should match snapshot, standard display" time="0.004">
    </testcase>
    <testcase classname="components/file_attachment/FilenameOverlay should match snapshot, compact display" name="components/file_attachment/FilenameOverlay should match snapshot, compact display" time="0.004">
    </testcase>
    <testcase classname="components/file_attachment/FilenameOverlay should match snapshot, with Download icon as children" name="components/file_attachment/FilenameOverlay should match snapshot, with Download icon as children" time="0.001">
    </testcase>
    <testcase classname="components/file_attachment/FilenameOverlay should match snapshot, standard but not downloadable" name="components/file_attachment/FilenameOverlay should match snapshot, standard but not downloadable" time="0.001">
    </testcase>
  </testsuite>
  <testsuite name="components/SaveButton" errors="0" failures="0" skipped="0" timestamp="2019-10-31T15:01:27" time="0.415" tests="3">
    <testcase classname="components/SaveButton should match snapshot, on defaultMessage" name="components/SaveButton should match snapshot, on defaultMessage" time="0.015">
    </testcase>
    <testcase classname="components/SaveButton should match snapshot, on savingMessage" name="components/SaveButton should match snapshot, on savingMessage" time="0.004">
    </testcase>
    <testcase classname="components/SaveButton should match snapshot, extraClasses" name="components/SaveButton should match snapshot, extraClasses" time="0.001">
    </testcase>
  </testsuite>
  <testsuite name="components/select_team/components/SelectTeamItem" errors="0" failures="0" skipped="0" timestamp="2019-10-31T15:01:27" time="0.441" tests="2">
    <testcase classname="components/select_team/components/SelectTeamItem should match snapshot" name="components/select_team/components/SelectTeamItem should match snapshot" time="0.006">
    </testcase>
    <testcase classname="components/select_team/components/SelectTeamItem should match snapshot, on loading" name="components/select_team/components/SelectTeamItem should match snapshot, on loading" time="0.003">
    </testcase>
  </testsuite>
  <testsuite name="components/AdminConsole/CustomUrlSchemeSetting" errors="0" failures="0" skipped="0" timestamp="2019-10-31T15:01:27" time="0.498" tests="10">
    <testcase classname="components/AdminConsole/CustomUrlSchemeSetting initial state with no items" name="components/AdminConsole/CustomUrlSchemeSetting initial state with no items" time="0.033">
    </testcase>
    <testcase classname="components/AdminConsole/CustomUrlSchemeSetting initial state with one item" name="components/AdminConsole/CustomUrlSchemeSetting initial state with one item" time="0.001">
    </testcase>
    <testcase classname="components/AdminConsole/CustomUrlSchemeSetting initial state with multiple items" name="components/AdminConsole/CustomUrlSchemeSetting initial state with multiple items" time="0.002">
    </testcase>
    <testcase classname="components/AdminConsole/CustomUrlSchemeSetting onChange called on change to empty" name="components/AdminConsole/CustomUrlSchemeSetting onChange called on change to empty" time="0.003">
    </testcase>
    <testcase classname="components/AdminConsole/CustomUrlSchemeSetting onChange called on change to one item" name="components/AdminConsole/CustomUrlSchemeSetting onChange called on change to one item" time="0.001">
    </testcase>
    <testcase classname="components/AdminConsole/CustomUrlSchemeSetting onChange called on change to two items" name="components/AdminConsole/CustomUrlSchemeSetting onChange called on change to two items" time="0.002">
    </testcase>
    <testcase classname="components/AdminConsole/CustomUrlSchemeSetting onChange called on change to more items" name="components/AdminConsole/CustomUrlSchemeSetting onChange called on change to more items" time="0.002">
    </testcase>
    <testcase classname="components/AdminConsole/CustomUrlSchemeSetting onChange called on change with extra commas" name="components/AdminConsole/CustomUrlSchemeSetting onChange called on change with extra commas" time="0.001">
    </testcase>
    <testcase classname="components/AdminConsole/CustomUrlSchemeSetting renders properly when disabled" name="components/AdminConsole/CustomUrlSchemeSetting renders properly when disabled" time="0.001">
    </testcase>
    <testcase classname="components/AdminConsole/CustomUrlSchemeSetting renders properly when set by environment variable" name="components/AdminConsole/CustomUrlSchemeSetting renders properly when set by environment variable" time="0.001">
    </testcase>
  </testsuite>
  <testsuite name="components/file_attachment/FileThumbnail" errors="0" failures="0" skipped="0" timestamp="2019-10-31T15:01:27" time="0.421" tests="4">
    <testcase classname="components/file_attachment/FileThumbnail should match snapshot, small size image" name="components/file_attachment/FileThumbnail should match snapshot, small size image" time="0.003">
    </testcase>
    <testcase classname="components/file_attachment/FileThumbnail should match snapshot, normal size image" name="components/file_attachment/FileThumbnail should match snapshot, normal size image" time="0.001">
    </testcase>
    <testcase classname="components/file_attachment/FileThumbnail should match snapshot, svg" name="components/file_attachment/FileThumbnail should match snapshot, svg" time="0.001">
    </testcase>
    <testcase classname="components/file_attachment/FileThumbnail should match snapshot, pdf" name="components/file_attachment/FileThumbnail should match snapshot, pdf" time="0.001">
    </testcase>
  </testsuite>
  <testsuite name="components/GetPostLinkModal" errors="0" failures="0" skipped="0" timestamp="2019-10-31T15:01:27" time="0.429" tests="3">
    <testcase classname="components/GetPostLinkModal should match snapshot with currentTeamUrl passed in" name="components/GetPostLinkModal should match snapshot with currentTeamUrl passed in" time="0.006">
    </testcase>
    <testcase classname="components/GetPostLinkModal should call hide on GetLinkModal&apos;s onHide" name="components/GetPostLinkModal should call hide on GetLinkModal&apos;s onHide" time="0.001">
    </testcase>
    <testcase classname="components/GetPostLinkModal should pass handleToggle" name="components/GetPostLinkModal should pass handleToggle" time="0.003">
    </testcase>
  </testsuite>
  <testsuite name="messageHtmlToComponent" errors="0" failures="0" skipped="0" timestamp="2019-10-31T15:01:27" time="0.431" tests="2">
    <testcase classname="messageHtmlToComponent plain text" name="messageHtmlToComponent plain text" time="0.012">
    </testcase>
    <testcase classname="messageHtmlToComponent latex" name="messageHtmlToComponent latex" time="0.002">
    </testcase>
  </testsuite>
  <testsuite name="components/UnreadChannelIndicator" errors="0" failures="0" skipped="0" timestamp="2019-10-31T15:01:27" time="0.403" tests="5">
    <testcase classname="components/UnreadChannelIndicator should match snapshot" name="components/UnreadChannelIndicator should match snapshot" time="0.004">
    </testcase>
    <testcase classname="components/UnreadChannelIndicator should match snapshot when show is set" name="components/UnreadChannelIndicator should match snapshot when show is set" time="0.001">
    </testcase>
    <testcase classname="components/UnreadChannelIndicator should match snapshot when content is text" name="components/UnreadChannelIndicator should match snapshot when content is text" time="0.001">
    </testcase>
    <testcase classname="components/UnreadChannelIndicator should match snapshot when content is an element" name="components/UnreadChannelIndicator should match snapshot when content is an element" time="0.002">
    </testcase>
    <testcase classname="components/UnreadChannelIndicator should have called onClick" name="components/UnreadChannelIndicator should have called onClick" time="0.013">
    </testcase>
  </testsuite>
  <testsuite name="components/activity_log_modal/ActivityLog" errors="0" failures="0" skipped="0" timestamp="2019-10-31T15:01:27" time="0.491" tests="5">
    <testcase classname="components/activity_log_modal/ActivityLog should match snapshot" name="components/activity_log_modal/ActivityLog should match snapshot" time="0.006">
    </testcase>
    <testcase classname="components/activity_log_modal/ActivityLog submitRevoke is called correctly" name="components/activity_log_modal/ActivityLog submitRevoke is called correctly" time="0.002">
    </testcase>
    <testcase classname="components/activity_log_modal/ActivityLog handleMoreInfo updates state correctly" name="components/activity_log_modal/ActivityLog handleMoreInfo updates state correctly" time="0.003">
    </testcase>
    <testcase classname="components/activity_log_modal/ActivityLog should match when isMobileSession is called" name="components/activity_log_modal/ActivityLog should match when isMobileSession is called" time="0.001">
    </testcase>
    <testcase classname="components/activity_log_modal/ActivityLog should match when mobileSessionInfo is called" name="components/activity_log_modal/ActivityLog should match when mobileSessionInfo is called" time="0.003">
    </testcase>
  </testsuite>
  <testsuite name="component/PDFPreview" errors="0" failures="0" skipped="0" timestamp="2019-10-31T15:01:27" time="0.414" tests="4">
    <testcase classname="component/PDFPreview should match snapshot, loading" name="component/PDFPreview should match snapshot, loading" time="0.006">
    </testcase>
    <testcase classname="component/PDFPreview should match snapshot, not successful" name="component/PDFPreview should match snapshot, not successful" time="0.002">
    </testcase>
    <testcase classname="component/PDFPreview should return correct state when updateStateFromProps is called" name="component/PDFPreview should return correct state when updateStateFromProps is called" time="0.003">
    </testcase>
    <testcase classname="component/PDFPreview should return correct state when onDocumentLoad is called" name="component/PDFPreview should return correct state when onDocumentLoad is called" time="0.004">
    </testcase>
  </testsuite>
  <testsuite name="Recommendations Class" errors="0" failures="0" skipped="0" timestamp="2019-10-31T15:01:27" time="0.472" tests="4">
    <testcase classname="Recommendations Class should calculate if meeting is complete based on provided function" name="Recommendations Class should calculate if meeting is complete based on provided function" time="0.002">
    </testcase>
    <testcase classname="Recommendations Class should calculate whether or not to display properly" name="Recommendations Class should calculate whether or not to display properly" time="0.001">
    </testcase>
    <testcase classname="Recommendations Class should calculate priority correctly" name="Recommendations Class should calculate priority correctly" time="0">
    </testcase>
    <testcase classname="Recommendations Class should display given text" name="Recommendations Class should display given text" time="0">
    </testcase>
  </testsuite>
  <testsuite name="components/ProfilePicture" errors="0" failures="0" skipped="0" timestamp="2019-10-31T15:01:28" time="0.4" tests="2">
    <testcase classname="components/ProfilePicture should match snapshot, no user specified, default props" name="components/ProfilePicture should match snapshot, no user specified, default props" time="0.004">
    </testcase>
    <testcase classname="components/ProfilePicture should match snapshot, no user specified, overridden props" name="components/ProfilePicture should match snapshot, no user specified, overridden props" time="0.001">
    </testcase>
  </testsuite>
  <testsuite name="components/integrations/AddOutgoingWebhook" errors="0" failures="0" skipped="0" timestamp="2019-10-31T15:01:28" time="0.395" tests="1">
    <testcase classname="components/integrations/AddOutgoingWebhook should match snapshot" name="components/integrations/AddOutgoingWebhook should match snapshot" time="0.004">
    </testcase>
  </testsuite>
  <testsuite name="Channel Utils" errors="0" failures="0" skipped="0" timestamp="2019-10-31T15:01:28" time="0.416" tests="16">
    <testcase classname="Channel Utils findNextUnreadChannelId no channels are unread" name="Channel Utils findNextUnreadChannelId no channels are unread" time="0.002">
    </testcase>
    <testcase classname="Channel Utils findNextUnreadChannelId only current channel is unread" name="Channel Utils findNextUnreadChannelId only current channel is unread" time="0">
    </testcase>
    <testcase classname="Channel Utils findNextUnreadChannelId going forward to unread channels" name="Channel Utils findNextUnreadChannelId going forward to unread channels" time="0.001">
    </testcase>
    <testcase classname="Channel Utils findNextUnreadChannelId going forward to unread channels with wrapping" name="Channel Utils findNextUnreadChannelId going forward to unread channels with wrapping" time="0">
    </testcase>
    <testcase classname="Channel Utils findNextUnreadChannelId going backwards to unread channels" name="Channel Utils findNextUnreadChannelId going backwards to unread channels" time="0.001">
    </testcase>
    <testcase classname="Channel Utils findNextUnreadChannelId going backwards to unread channels with wrapping" name="Channel Utils findNextUnreadChannelId going backwards to unread channels with wrapping" time="0">
    </testcase>
    <testcase classname="Channel Utils getChannelDisplayName should return display name unmodified for channels of type D" name="Channel Utils getChannelDisplayName should return display name unmodified for channels of type D" time="0.001">
    </testcase>
    <testcase classname="Channel Utils getChannelDisplayName should return display name unmodified for channels of type O" name="Channel Utils getChannelDisplayName should return display name unmodified for channels of type O" time="0">
    </testcase>
    <testcase classname="Channel Utils getChannelDisplayName should return display name unmodified for channels of type P" name="Channel Utils getChannelDisplayName should return display name unmodified for channels of type P" time="0">
    </testcase>
    <testcase classname="Channel Utils getChannelDisplayName should return display name unmodified if there is no current user" name="Channel Utils getChannelDisplayName should return display name unmodified if there is no current user" time="0.001">
    </testcase>
    <testcase classname="Channel Utils getChannelDisplayName should splice out current username with three users when at the beginning" name="Channel Utils getChannelDisplayName should splice out current username with three users when at the beginning" time="0.001">
    </testcase>
    <testcase classname="Channel Utils getChannelDisplayName should splice out current username with three users when in the middle" name="Channel Utils getChannelDisplayName should splice out current username with three users when in the middle" time="0">
    </testcase>
    <testcase classname="Channel Utils getChannelDisplayName should splice out current username with three users when at the end" name="Channel Utils getChannelDisplayName should splice out current username with three users when at the end" time="0">
    </testcase>
    <testcase classname="Channel Utils getChannelDisplayName should splice out current username with four users when at the beginning" name="Channel Utils getChannelDisplayName should splice out current username with four users when at the beginning" time="0">
    </testcase>
    <testcase classname="Channel Utils getChannelDisplayName should splice out current username with four users when in the middle" name="Channel Utils getChannelDisplayName should splice out current username with four users when in the middle" time="0">
    </testcase>
    <testcase classname="Channel Utils getChannelDisplayName should splice out current username with four users when at the end" name="Channel Utils getChannelDisplayName should splice out current username with four users when at the end" time="0.001">
    </testcase>
  </testsuite>
  <testsuite name="Riff Recommendation Channel Utils" errors="0" failures="0" skipped="0" timestamp="2019-10-31T15:01:28" time="0.406" tests="10">
    <testcase classname="Riff Recommendation Channel Utils getChannelURL Normal channel." name="Riff Recommendation Channel Utils getChannelURL Normal channel." time="0.002">
    </testcase>
    <testcase classname="Riff Recommendation Channel Utils getChannelURL Channel not present: " name="Riff Recommendation Channel Utils getChannelURL Channel not present: " time="0.001">
    </testcase>
    <testcase classname="Riff Recommendation Channel Utils getChannelURL No channels at all." name="Riff Recommendation Channel Utils getChannelURL No channels at all." time="0.001">
    </testcase>
    <testcase classname="Riff Recommendation Channel Utils getChannelURL Two channels with same name." name="Riff Recommendation Channel Utils getChannelURL Two channels with same name." time="0">
    </testcase>
    <testcase classname="Riff Recommendation Channel Utils didUserPostInChannel user did post once" name="Riff Recommendation Channel Utils didUserPostInChannel user did post once" time="0.001">
    </testcase>
    <testcase classname="Riff Recommendation Channel Utils didUserPostInChannel user did not post" name="Riff Recommendation Channel Utils didUserPostInChannel user did not post" time="0.001">
    </testcase>
    <testcase classname="Riff Recommendation Channel Utils didUserPostInChannel user posted more than once." name="Riff Recommendation Channel Utils didUserPostInChannel user posted more than once." time="0">
    </testcase>
    <testcase classname="Riff Recommendation Channel Utils didUserPostInChannel empty posts" name="Riff Recommendation Channel Utils didUserPostInChannel empty posts" time="0.001">
    </testcase>
    <testcase classname="Riff Recommendation Channel Utils didUserPostInChannel Only join events" name="Riff Recommendation Channel Utils didUserPostInChannel Only join events" time="0">
    </testcase>
    <testcase classname="Riff Recommendation Channel Utils didUserPostInChannel Join &amp; regular post" name="Riff Recommendation Channel Utils didUserPostInChannel Join &amp; regular post" time="0.001">
    </testcase>
  </testsuite>
  <testsuite name="Meeting Utils" errors="0" failures="0" skipped="0" timestamp="2019-10-31T15:01:28" time="0.437" tests="4">
    <testcase classname="Meeting Utils numberOfUserMeetingsDuringWeeks should handle when the user has been in no meetings with teammates" name="Meeting Utils numberOfUserMeetingsDuringWeeks should handle when the user has been in no meetings with teammates" time="0.003">
    </testcase>
    <testcase classname="Meeting Utils numberOfUserMeetingsDuringWeeks should handle when the user has been in exactly one meeting with exactly one teammate" name="Meeting Utils numberOfUserMeetingsDuringWeeks should handle when the user has been in exactly one meeting with exactly one teammate" time="0.001">
    </testcase>
    <testcase classname="Meeting Utils numberOfUserMeetingsDuringWeeks should handle when the user has been in exactly one meeting with more than one teammate" name="Meeting Utils numberOfUserMeetingsDuringWeeks should handle when the user has been in exactly one meeting with more than one teammate" time="0.001">
    </testcase>
    <testcase classname="Meeting Utils numberOfUserMeetingsDuringWeeks should handle when the user has been in multiple meetings with more than one teammate" name="Meeting Utils numberOfUserMeetingsDuringWeeks should handle when the user has been in multiple meetings with more than one teammate" time="0">
    </testcase>
  </testsuite>
  <testsuite name="components/ChannelMembersModal" errors="0" failures="0" skipped="0" timestamp="2019-10-31T15:01:28" time="0.447" tests="6">
    <testcase classname="components/ChannelMembersModal should match snapshot" name="components/ChannelMembersModal should match snapshot" time="0.005">
    </testcase>
    <testcase classname="components/ChannelMembersModal should match state when onHide is called" name="components/ChannelMembersModal should match state when onHide is called" time="0.003">
    </testcase>
    <testcase classname="components/ChannelMembersModal should have called props.showInviteModal and match state when onClickManageChannelsButton is called" name="components/ChannelMembersModal should have called props.showInviteModal and match state when onClickManageChannelsButton is called" time="0.003">
    </testcase>
    <testcase classname="components/ChannelMembersModal should have state when Modal.onHide" name="components/ChannelMembersModal should have state when Modal.onHide" time="0.003">
    </testcase>
    <testcase classname="components/ChannelMembersModal should have called props.onModalDismissed when Modal.onExited" name="components/ChannelMembersModal should have called props.onModalDismissed when Modal.onExited" time="0.001">
    </testcase>
    <testcase classname="components/ChannelMembersModal should match snapshot with archived channel" name="components/ChannelMembersModal should match snapshot with archived channel" time="0.002">
    </testcase>
  </testsuite>
  <testsuite name="components/integrations/AddOAuthApp" errors="0" failures="0" skipped="0" timestamp="2019-10-31T15:01:28" time="0.433" tests="1">
    <testcase classname="components/integrations/AddOAuthApp should match snapshot" name="components/integrations/AddOAuthApp should match snapshot" time="0.004">
    </testcase>
  </testsuite>
  <testsuite name="components/GetPublicLinkModal" errors="0" failures="0" skipped="0" timestamp="2019-10-31T15:01:28" time="0.465" tests="6">
    <testcase classname="components/GetPublicLinkModal should match snapshot when link is empty" name="components/GetPublicLinkModal should match snapshot when link is empty" time="0.003">
    </testcase>
    <testcase classname="components/GetPublicLinkModal should match snapshot when link is undefined" name="components/GetPublicLinkModal should match snapshot when link is undefined" time="0.001">
    </testcase>
    <testcase classname="components/GetPublicLinkModal should match snapshot when link is not empty" name="components/GetPublicLinkModal should match snapshot when link is not empty" time="0">
    </testcase>
    <testcase classname="components/GetPublicLinkModal should call getFilePublicLink on GetPublicLinkModal&apos;s show" name="components/GetPublicLinkModal should call getFilePublicLink on GetPublicLinkModal&apos;s show" time="0.002">
    </testcase>
    <testcase classname="components/GetPublicLinkModal should not call getFilePublicLink on GetLinkModal&apos;s onHide" name="components/GetPublicLinkModal should not call getFilePublicLink on GetLinkModal&apos;s onHide" time="0.001">
    </testcase>
    <testcase classname="components/GetPublicLinkModal should call handleToggle on GetLinkModal&apos;s onHide" name="components/GetPublicLinkModal should call handleToggle on GetLinkModal&apos;s onHide" time="0.001">
    </testcase>
  </testsuite>
  <testsuite name="components/integrations/AddCommand" errors="0" failures="0" skipped="0" timestamp="2019-10-31T15:01:28" time="0.449" tests="1">
    <testcase classname="components/integrations/AddCommand should match snapshot" name="components/integrations/AddCommand should match snapshot" time="0.003">
    </testcase>
  </testsuite>
  <testsuite name="components/DeleteModalTrigger" errors="0" failures="0" skipped="0" timestamp="2019-10-31T15:01:28" time="0.41" tests="10">
    <testcase classname="components/DeleteModalTrigger should throw error when trying to construct DeleteModalTrigger" name="components/DeleteModalTrigger should throw error when trying to construct DeleteModalTrigger" time="0.003">
    </testcase>
    <testcase classname="components/DeleteModalTrigger should match snapshot" name="components/DeleteModalTrigger should match snapshot" time="0.003">
    </testcase>
    <testcase classname="components/DeleteModalTrigger should match snapshot when showDeleteModal is set" name="components/DeleteModalTrigger should match snapshot when showDeleteModal is set" time="0.002">
    </testcase>
    <testcase classname="components/DeleteModalTrigger should have called onDelete on confirm" name="components/DeleteModalTrigger should have called onDelete on confirm" time="0.001">
    </testcase>
    <testcase classname="components/DeleteModalTrigger should have called onDelete on enter key down" name="components/DeleteModalTrigger should have called onDelete on enter key down" time="0.001">
    </testcase>
    <testcase classname="components/DeleteModalTrigger should not called onDelete on not enter key down" name="components/DeleteModalTrigger should not called onDelete on not enter key down" time="0.001">
    </testcase>
    <testcase classname="components/DeleteModalTrigger should match state when handleOpenModal is called" name="components/DeleteModalTrigger should match state when handleOpenModal is called" time="0.002">
    </testcase>
    <testcase classname="components/DeleteModalTrigger should have called onDelete when handleConfirm is called" name="components/DeleteModalTrigger should have called onDelete when handleConfirm is called" time="0.001">
    </testcase>
    <testcase classname="components/DeleteModalTrigger should match state when handleCancel is called" name="components/DeleteModalTrigger should match state when handleCancel is called" time="0.001">
    </testcase>
    <testcase classname="components/DeleteModalTrigger should have called handleConfirm when on handleKeyDown ENTER" name="components/DeleteModalTrigger should have called handleConfirm when on handleKeyDown ENTER" time="0.002">
    </testcase>
  </testsuite>
  <testsuite name="components/SettingItemMin" errors="0" failures="0" skipped="0" timestamp="2019-10-31T15:01:28" time="0.426" tests="10">
    <testcase classname="components/SettingItemMin should match snapshot" name="components/SettingItemMin should match snapshot" time="0.006">
    </testcase>
    <testcase classname="components/SettingItemMin should match snapshot, without submit" name="components/SettingItemMin should match snapshot, without submit" time="0.003">
    </testcase>
    <testcase classname="components/SettingItemMin should match snapshot, on clientError" name="components/SettingItemMin should match snapshot, on clientError" time="0.002">
    </testcase>
    <testcase classname="components/SettingItemMin should match snapshot, on serverError" name="components/SettingItemMin should match snapshot, on serverError" time="0.003">
    </testcase>
    <testcase classname="components/SettingItemMin should have called updateSection on handleUpdateSection with section" name="components/SettingItemMin should have called updateSection on handleUpdateSection with section" time="0.001">
    </testcase>
    <testcase classname="components/SettingItemMin should have called updateSection on handleUpdateSection with empty string" name="components/SettingItemMin should have called updateSection on handleUpdateSection with empty string" time="0.002">
    </testcase>
    <testcase classname="components/SettingItemMin should have called submit on handleSubmit with setting" name="components/SettingItemMin should have called submit on handleSubmit with setting" time="0.001">
    </testcase>
    <testcase classname="components/SettingItemMin should have called submit on handleSubmit with empty string" name="components/SettingItemMin should have called submit on handleSubmit with empty string" time="0.001">
    </testcase>
    <testcase classname="components/SettingItemMin should have called submit on handleSubmit onKeyDown ENTER" name="components/SettingItemMin should have called submit on handleSubmit onKeyDown ENTER" time="0.002">
    </testcase>
    <testcase classname="components/SettingItemMin should match snapshot, with new saveTextButton" name="components/SettingItemMin should match snapshot, with new saveTextButton" time="0.001">
    </testcase>
  </testsuite>
  <testsuite name="component/AudioVideoPreview" errors="0" failures="0" skipped="0" timestamp="2019-10-31T15:01:28" time="0.422" tests="2">
    <testcase classname="component/AudioVideoPreview should match snapshot without children" name="component/AudioVideoPreview should match snapshot without children" time="0.005">
    </testcase>
    <testcase classname="component/AudioVideoPreview should match snapshot, cannot play" name="component/AudioVideoPreview should match snapshot, cannot play" time="0.001">
    </testcase>
  </testsuite>
  <testsuite name="components/ChannelInfoModal" errors="0" failures="0" skipped="0" timestamp="2019-10-31T15:01:28" time="0.433" tests="2">
    <testcase classname="components/ChannelInfoModal should match snapshot" name="components/ChannelInfoModal should match snapshot" time="0.027">
    </testcase>
    <testcase classname="components/ChannelInfoModal should match snapshot with channel props" name="components/ChannelInfoModal should match snapshot with channel props" time="0.004">
    </testcase>
  </testsuite>
  <testsuite name="TextFormatting.AtMentions" errors="0" failures="0" skipped="0" timestamp="2019-10-31T15:01:28" time="0.411" tests="4">
    <testcase classname="TextFormatting.AtMentions At mentions" name="TextFormatting.AtMentions At mentions" time="0.001">
    </testcase>
    <testcase classname="TextFormatting.AtMentions Not at mentions" name="TextFormatting.AtMentions Not at mentions" time="0">
    </testcase>
    <testcase classname="TextFormatting.AtMentions Highlighted at mentions" name="TextFormatting.AtMentions Highlighted at mentions" time="0.006">
    </testcase>
    <testcase classname="TextFormatting.AtMentions Mix highlight at mentions" name="TextFormatting.AtMentions Mix highlight at mentions" time="0.001">
    </testcase>
  </testsuite>
  <testsuite name="Markdown.Imgs" errors="0" failures="0" skipped="0" timestamp="2019-10-31T15:01:28" time="0.394" tests="5">
    <testcase classname="Markdown.Imgs Inline mage" name="Markdown.Imgs Inline mage" time="0.003">
    </testcase>
    <testcase classname="Markdown.Imgs Image with hover text" name="Markdown.Imgs Image with hover text" time="0">
    </testcase>
    <testcase classname="Markdown.Imgs Image with link" name="Markdown.Imgs Image with link" time="0.001">
    </testcase>
    <testcase classname="Markdown.Imgs Image with width and height" name="Markdown.Imgs Image with width and height" time="0">
    </testcase>
    <testcase classname="Markdown.Imgs Image with width" name="Markdown.Imgs Image with width" time="0">
    </testcase>
  </testsuite>
  <testsuite name="components/backstage/components/BackstageHeader" errors="0" failures="0" skipped="0" timestamp="2019-10-31T15:01:28" time="0.406" tests="2">
    <testcase classname="components/backstage/components/BackstageHeader should match snapshot without children" name="components/backstage/components/BackstageHeader should match snapshot without children" time="0.004">
    </testcase>
    <testcase classname="components/backstage/components/BackstageHeader should match snapshot with children" name="components/backstage/components/BackstageHeader should match snapshot with children" time="0.001">
    </testcase>
  </testsuite>
  <testsuite name="components/SettingItemMin" errors="0" failures="0" skipped="0" timestamp="2019-10-31T15:01:29" time="0.407" tests="4">
    <testcase classname="components/SettingItemMin should match snapshot" name="components/SettingItemMin should match snapshot" time="0.004">
    </testcase>
    <testcase classname="components/SettingItemMin should match snapshot, on disableOpen to true" name="components/SettingItemMin should match snapshot, on disableOpen to true" time="0.002">
    </testcase>
    <testcase classname="components/SettingItemMin should have called updateSection on handleUpdateSection with section" name="components/SettingItemMin should have called updateSection on handleUpdateSection with section" time="0.001">
    </testcase>
    <testcase classname="components/SettingItemMin should have called updateSection on handleUpdateSection with empty string" name="components/SettingItemMin should have called updateSection on handleUpdateSection with empty string" time="0.015">
    </testcase>
  </testsuite>
  <testsuite name="components/dot_menu/DotMenu returning empty (&quot;&quot;)" errors="0" failures="0" skipped="0" timestamp="2019-10-31T15:01:29" time="0.449" tests="1">
    <testcase classname="components/dot_menu/DotMenu returning empty (&quot;&quot;) should match snapshot, return empty (&quot;&quot;) on Center" name="components/dot_menu/DotMenu returning empty (&quot;&quot;) should match snapshot, return empty (&quot;&quot;) on Center" time="0.005">
    </testcase>
  </testsuite>
  <testsuite name="components/terms_of_service/TermsOfService" errors="0" failures="0" skipped="0" timestamp="2019-10-31T15:01:29" time="0.459" tests="9">
    <testcase classname="components/terms_of_service/TermsOfService should match snapshot" name="components/terms_of_service/TermsOfService should match snapshot" time="0.004">
    </testcase>
    <testcase classname="components/terms_of_service/TermsOfService should call getTermsOfService on mount" name="components/terms_of_service/TermsOfService should call getTermsOfService on mount" time="0.001">
    </testcase>
    <testcase classname="components/terms_of_service/TermsOfService should match snapshot on loading" name="components/terms_of_service/TermsOfService should match snapshot on loading" time="0.001">
    </testcase>
    <testcase classname="components/terms_of_service/TermsOfService should match snapshot, on accept terms" name="components/terms_of_service/TermsOfService should match snapshot, on accept terms" time="0.001">
    </testcase>
    <testcase classname="components/terms_of_service/TermsOfService should match snapshot, on reject terms" name="components/terms_of_service/TermsOfService should match snapshot, on reject terms" time="0.001">
    </testcase>
    <testcase classname="components/terms_of_service/TermsOfService should call updateTermsOfServiceStatus on registerUserAction" name="components/terms_of_service/TermsOfService should call updateTermsOfServiceStatus on registerUserAction" time="0.001">
    </testcase>
    <testcase classname="components/terms_of_service/TermsOfService should match state and call updateTermsOfServiceStatus on handleAcceptTerms" name="components/terms_of_service/TermsOfService should match state and call updateTermsOfServiceStatus on handleAcceptTerms" time="0.001">
    </testcase>
    <testcase classname="components/terms_of_service/TermsOfService should match state and call updateTermsOfServiceStatus on handleRejectTerms" name="components/terms_of_service/TermsOfService should match state and call updateTermsOfServiceStatus on handleRejectTerms" time="0.001">
    </testcase>
    <testcase classname="components/terms_of_service/TermsOfService should call emitUserLoggedOutEvent on handleLogoutClick" name="components/terms_of_service/TermsOfService should call emitUserLoggedOutEvent on handleLogoutClick" time="0.001">
    </testcase>
  </testsuite>
  <testsuite name="components/PostMarkdown" errors="0" failures="0" skipped="0" timestamp="2019-10-31T15:01:29" time="0.399" tests="3">
    <testcase classname="components/PostMarkdown should render properly with an empty post" name="components/PostMarkdown should render properly with an empty post" time="0.003">
    </testcase>
    <testcase classname="components/PostMarkdown should render properly with a post" name="components/PostMarkdown should render properly with a post" time="0.001">
    </testcase>
    <testcase classname="components/PostMarkdown should render header change properly" name="components/PostMarkdown should render header change properly" time="0.003">
    </testcase>
  </testsuite>
  <testsuite name="TextFormatting.Hashtags" errors="0" failures="0" skipped="0" timestamp="2019-10-31T15:01:29" time="0.397" tests="5">
    <testcase classname="TextFormatting.Hashtags Not hashtags" name="TextFormatting.Hashtags Not hashtags" time="0.003">
    </testcase>
    <testcase classname="TextFormatting.Hashtags Hashtags" name="TextFormatting.Hashtags Hashtags" time="0.002">
    </testcase>
    <testcase classname="TextFormatting.Hashtags Formatted hashtags" name="TextFormatting.Hashtags Formatted hashtags" time="0.002">
    </testcase>
    <testcase classname="TextFormatting.Hashtags Searching for hashtags" name="TextFormatting.Hashtags Searching for hashtags" time="0.002">
    </testcase>
    <testcase classname="TextFormatting.Hashtags Potential hashtags with other entities nested" name="TextFormatting.Hashtags Potential hashtags with other entities nested" time="0.001">
    </testcase>
  </testsuite>
  <testsuite name="components/admin_console/permission_schemes_settings/permission_schemes_settings" errors="0" failures="0" skipped="0" timestamp="2019-10-31T15:01:29" time="0.281" tests="6">
    <testcase classname="components/admin_console/permission_schemes_settings/permission_schemes_settings should match snapshot loading" name="components/admin_console/permission_schemes_settings/permission_schemes_settings should match snapshot loading" time="0.004">
    </testcase>
    <testcase classname="components/admin_console/permission_schemes_settings/permission_schemes_settings should match snapshot without schemes" name="components/admin_console/permission_schemes_settings/permission_schemes_settings should match snapshot without schemes" time="0.005">
    </testcase>
    <testcase classname="components/admin_console/permission_schemes_settings/permission_schemes_settings should match snapshot with schemes" name="components/admin_console/permission_schemes_settings/permission_schemes_settings should match snapshot with schemes" time="0.004">
    </testcase>
    <testcase classname="components/admin_console/permission_schemes_settings/permission_schemes_settings should show migration in-progress view" name="components/admin_console/permission_schemes_settings/permission_schemes_settings should show migration in-progress view" time="0.006">
    </testcase>
    <testcase classname="components/admin_console/permission_schemes_settings/permission_schemes_settings should show migration on hold view" name="components/admin_console/permission_schemes_settings/permission_schemes_settings should show migration on hold view" time="0.006">
    </testcase>
    <testcase classname="components/admin_console/permission_schemes_settings/permission_schemes_settings should show normal view (jobs disabled after migration)" name="components/admin_console/permission_schemes_settings/permission_schemes_settings should show normal view (jobs disabled after migration)" time="0.004">
    </testcase>
  </testsuite>
  <testsuite name="Selectors.Rhs" errors="0" failures="0" skipped="0" timestamp="2019-10-31T15:01:29" time="0.373" tests="4">
    <testcase classname="Selectors.Rhs should return the open state of the sidebar when open is true" name="Selectors.Rhs should return the open state of the sidebar when open is true" time="0.002">
    </testcase>
    <testcase classname="Selectors.Rhs should return the open state of the sidebar when open is false" name="Selectors.Rhs should return the open state of the sidebar when open is false" time="0">
    </testcase>
    <testcase classname="Selectors.Rhs should return the open state of the sidebar menu when open is true" name="Selectors.Rhs should return the open state of the sidebar menu when open is true" time="0">
    </testcase>
    <testcase classname="Selectors.Rhs should return the open state of the sidebar menu when open is false" name="Selectors.Rhs should return the open state of the sidebar menu when open is false" time="0.001">
    </testcase>
  </testsuite>
  <testsuite name="Actions.Storage" errors="0" failures="0" skipped="0" timestamp="2019-10-31T15:01:29" time="0.269" tests="9">
    <testcase classname="Actions.Storage setItem" name="Actions.Storage setItem" time="0.009">
    </testcase>
    <testcase classname="Actions.Storage removeItem" name="Actions.Storage removeItem" time="0.008">
    </testcase>
    <testcase classname="Actions.Storage setGlobalItem" name="Actions.Storage setGlobalItem" time="0.006">
    </testcase>
    <testcase classname="Actions.Storage removeGlobalItem" name="Actions.Storage removeGlobalItem" time="0.004">
    </testcase>
    <testcase classname="Actions.Storage actionOnGlobalItemsWithPrefix" name="Actions.Storage actionOnGlobalItemsWithPrefix" time="0.006">
    </testcase>
    <testcase classname="Actions.Storage actionOnItemsWithPrefix" name="Actions.Storage actionOnItemsWithPrefix" time="0.006">
    </testcase>
    <testcase classname="Actions.Storage clear" name="Actions.Storage clear" time="0.007">
    </testcase>
    <testcase classname="Actions.Storage rehydrate" name="Actions.Storage rehydrate" time="0.007">
    </testcase>
    <testcase classname="Actions.Storage rehydrate-with-timestamp" name="Actions.Storage rehydrate-with-timestamp" time="0.006">
    </testcase>
  </testsuite>
  <testsuite name="components/admin_console/permission_schemes_settings/permissions_scheme_summary" errors="0" failures="0" skipped="0" timestamp="2019-10-31T15:01:29" time="0.23" tests="4">
    <testcase classname="components/admin_console/permission_schemes_settings/permissions_scheme_summary should match snapshot on default data" name="components/admin_console/permission_schemes_settings/permissions_scheme_summary should match snapshot on default data" time="0.005">
    </testcase>
    <testcase classname="components/admin_console/permission_schemes_settings/permissions_scheme_summary should match snapshot on more than eight teams" name="components/admin_console/permission_schemes_settings/permissions_scheme_summary should match snapshot on more than eight teams" time="0.004">
    </testcase>
    <testcase classname="components/admin_console/permission_schemes_settings/permissions_scheme_summary should match snapshot on no teams" name="components/admin_console/permission_schemes_settings/permissions_scheme_summary should match snapshot on no teams" time="0.002">
    </testcase>
    <testcase classname="components/admin_console/permission_schemes_settings/permissions_scheme_summary should ask to toggle on row toggle" name="components/admin_console/permission_schemes_settings/permissions_scheme_summary should ask to toggle on row toggle" time="0.012">
    </testcase>
  </testsuite>
  <testsuite name="components/post_view/PostAddChannelMember" errors="0" failures="0" skipped="0" timestamp="2019-10-31T15:01:29" time="0.365" tests="6">
    <testcase classname="components/post_view/PostAddChannelMember should match snapshot, empty postId" name="components/post_view/PostAddChannelMember should match snapshot, empty postId" time="0.003">
    </testcase>
    <testcase classname="components/post_view/PostAddChannelMember should match snapshot, empty channelType" name="components/post_view/PostAddChannelMember should match snapshot, empty channelType" time="0.001">
    </testcase>
    <testcase classname="components/post_view/PostAddChannelMember should match snapshot, public channel" name="components/post_view/PostAddChannelMember should match snapshot, public channel" time="0.002">
    </testcase>
    <testcase classname="components/post_view/PostAddChannelMember should match snapshot, private channel" name="components/post_view/PostAddChannelMember should match snapshot, private channel" time="0.002">
    </testcase>
    <testcase classname="components/post_view/PostAddChannelMember actions should have been called" name="components/post_view/PostAddChannelMember actions should have been called" time="0.003">
    </testcase>
    <testcase classname="components/post_view/PostAddChannelMember addChannelMember should have been called multiple times" name="components/post_view/PostAddChannelMember addChannelMember should have been called multiple times" time="0.002">
    </testcase>
  </testsuite>
  <testsuite name="components/ChangeURLModal" errors="0" failures="0" skipped="0" timestamp="2019-10-31T15:01:29" time="0.278" tests="5">
    <testcase classname="components/ChangeURLModal should match snapshot, modal not showing" name="components/ChangeURLModal should match snapshot, modal not showing" time="0.008">
    </testcase>
    <testcase classname="components/ChangeURLModal should match snapshot, modal showing" name="components/ChangeURLModal should match snapshot, modal showing" time="0.005">
    </testcase>
    <testcase classname="components/ChangeURLModal should match snapshot, with a input" name="components/ChangeURLModal should match snapshot, with a input" time="0.005">
    </testcase>
    <testcase classname="components/ChangeURLModal should match snapshot, on urlError" name="components/ChangeURLModal should match snapshot, on urlError" time="0.006">
    </testcase>
    <testcase classname="components/ChangeURLModal should match snapshot, on currentURL" name="components/ChangeURLModal should match snapshot, on currentURL" time="0.005">
    </testcase>
  </testsuite>
  <testsuite name="components/post_view/Reaction" errors="0" failures="0" skipped="0" timestamp="2019-10-31T15:01:29" time="0.335" tests="8">
    <testcase classname="components/post_view/Reaction should match snapshot" name="components/post_view/Reaction should match snapshot" time="0.006">
    </testcase>
    <testcase classname="components/post_view/Reaction should match snapshot when a current user reacted to a post" name="components/post_view/Reaction should match snapshot when a current user reacted to a post" time="0.002">
    </testcase>
    <testcase classname="components/post_view/Reaction should return null/empty if no emojiImageUrl" name="components/post_view/Reaction should return null/empty if no emojiImageUrl" time="0.001">
    </testcase>
    <testcase classname="components/post_view/Reaction should disable add reaction when you do not have permissions" name="components/post_view/Reaction should disable add reaction when you do not have permissions" time="0.002">
    </testcase>
    <testcase classname="components/post_view/Reaction should disable remove reaction when you do not have permissions" name="components/post_view/Reaction should disable remove reaction when you do not have permissions" time="0.001">
    </testcase>
    <testcase classname="components/post_view/Reaction should have called actions.addReaction and emitEmojiPosted when addReaction is called" name="components/post_view/Reaction should have called actions.addReaction and emitEmojiPosted when addReaction is called" time="0.001">
    </testcase>
    <testcase classname="components/post_view/Reaction should have called actions.removeReaction when removeReaction is called" name="components/post_view/Reaction should have called actions.removeReaction when removeReaction is called" time="0.001">
    </testcase>
    <testcase classname="components/post_view/Reaction should have called actions.getMissingProfilesByIds when loadMissingProfiles is called" name="components/post_view/Reaction should have called actions.getMissingProfilesByIds when loadMissingProfiles is called" time="0.001">
    </testcase>
  </testsuite>
  <testsuite name="components/delete_channel_modal" errors="0" failures="0" skipped="0" timestamp="2019-10-31T15:01:29" time="0.251" tests="4">
    <testcase classname="components/delete_channel_modal should match snapshot for delete_channel_modal" name="components/delete_channel_modal should match snapshot for delete_channel_modal" time="0.004">
    </testcase>
    <testcase classname="components/delete_channel_modal should match state when onHide is called" name="components/delete_channel_modal should match state when onHide is called" time="0.003">
    </testcase>
    <testcase classname="components/delete_channel_modal should have called actions.deleteChannel when handleDelete is called" name="components/delete_channel_modal should have called actions.deleteChannel when handleDelete is called" time="0.004">
    </testcase>
    <testcase classname="components/delete_channel_modal should have called props.onHide when Modal.onExited is called" name="components/delete_channel_modal should have called props.onHide when Modal.onExited is called" time="0.002">
    </testcase>
  </testsuite>
  <testsuite name="components/delete_post_modal" errors="0" failures="0" skipped="0" timestamp="2019-10-31T15:01:29" time="0.221" tests="8">
    <testcase classname="components/delete_post_modal should match snapshot for delete_post_modal with 0 comments" name="components/delete_post_modal should match snapshot for delete_post_modal with 0 comments" time="0.005">
    </testcase>
    <testcase classname="components/delete_post_modal should match snapshot for delete_post_modal with 1 comment" name="components/delete_post_modal should match snapshot for delete_post_modal with 1 comment" time="0.004">
    </testcase>
    <testcase classname="components/delete_post_modal should focus delete button on enter" name="components/delete_post_modal should focus delete button on enter" time="0.001">
    </testcase>
    <testcase classname="components/delete_post_modal should match state when onHide is called" name="components/delete_post_modal should match state when onHide is called" time="0.004">
    </testcase>
    <testcase classname="components/delete_post_modal should match state when the cancel button is clicked" name="components/delete_post_modal should match state when the cancel button is clicked" time="0.005">
    </testcase>
    <testcase classname="components/delete_post_modal should have called actions.deleteAndRemovePost when handleDelete is called" name="components/delete_post_modal should have called actions.deleteAndRemovePost when handleDelete is called" time="0.004">
    </testcase>
    <testcase classname="components/delete_post_modal should call browserHistory.push on handleDelete with post.id === focusedPostId &amp;&amp; channelName" name="components/delete_post_modal should call browserHistory.push on handleDelete with post.id === focusedPostId &amp;&amp; channelName" time="0.002">
    </testcase>
    <testcase classname="components/delete_post_modal should have called props.onHide when Modal.onExited is called" name="components/delete_post_modal should have called props.onHide when Modal.onExited is called" time="0.002">
    </testcase>
  </testsuite>
  <testsuite name="component/sidebar/sidebar_channel_button_or_link/SidebarChannelButtonOrLinkCloseButton" errors="0" failures="0" skipped="0" timestamp="2019-10-31T15:01:29" time="0.236" tests="7">
    <testcase classname="component/sidebar/sidebar_channel_button_or_link/SidebarChannelButtonOrLinkCloseButton should be null, on close button without handleClose" name="component/sidebar/sidebar_channel_button_or_link/SidebarChannelButtonOrLinkCloseButton should be null, on close button without handleClose" time="0.001">
    </testcase>
    <testcase classname="component/sidebar/sidebar_channel_button_or_link/SidebarChannelButtonOrLinkCloseButton should be null, on close button with badge" name="component/sidebar/sidebar_channel_button_or_link/SidebarChannelButtonOrLinkCloseButton should be null, on close button with badge" time="0.001">
    </testcase>
    <testcase classname="component/sidebar/sidebar_channel_button_or_link/SidebarChannelButtonOrLinkCloseButton should match snapshot, on close button with public channel" name="component/sidebar/sidebar_channel_button_or_link/SidebarChannelButtonOrLinkCloseButton should match snapshot, on close button with public channel" time="0.002">
    </testcase>
    <testcase classname="component/sidebar/sidebar_channel_button_or_link/SidebarChannelButtonOrLinkCloseButton should match snapshot, on close button with private channel" name="component/sidebar/sidebar_channel_button_or_link/SidebarChannelButtonOrLinkCloseButton should match snapshot, on close button with private channel" time="0.002">
    </testcase>
    <testcase classname="component/sidebar/sidebar_channel_button_or_link/SidebarChannelButtonOrLinkCloseButton should match snapshot, on close button with direct message" name="component/sidebar/sidebar_channel_button_or_link/SidebarChannelButtonOrLinkCloseButton should match snapshot, on close button with direct message" time="0.001">
    </testcase>
    <testcase classname="component/sidebar/sidebar_channel_button_or_link/SidebarChannelButtonOrLinkCloseButton should match snapshot, on close button with group message" name="component/sidebar/sidebar_channel_button_or_link/SidebarChannelButtonOrLinkCloseButton should match snapshot, on close button with group message" time="0.002">
    </testcase>
    <testcase classname="component/sidebar/sidebar_channel_button_or_link/SidebarChannelButtonOrLinkCloseButton should call handleClose, on button clicked" name="component/sidebar/sidebar_channel_button_or_link/SidebarChannelButtonOrLinkCloseButton should call handleClose, on button clicked" time="0.003">
    </testcase>
  </testsuite>
  <testsuite name="components/channel_notifications_modal/NotificationSection" errors="0" failures="0" skipped="0" timestamp="2019-10-31T15:01:29" time="0.184" tests="5">
    <testcase classname="components/channel_notifications_modal/NotificationSection should match snapshot, on global DEFAULT" name="components/channel_notifications_modal/NotificationSection should match snapshot, on global DEFAULT" time="0.001">
    </testcase>
    <testcase classname="components/channel_notifications_modal/NotificationSection should match snapshot, on MENTION" name="components/channel_notifications_modal/NotificationSection should match snapshot, on MENTION" time="0.001">
    </testcase>
    <testcase classname="components/channel_notifications_modal/NotificationSection should match snapshot, on DESKTOP/PUSH &amp; ALL" name="components/channel_notifications_modal/NotificationSection should match snapshot, on DESKTOP/PUSH &amp; ALL" time="0">
    </testcase>
    <testcase classname="components/channel_notifications_modal/NotificationSection should match snapshot, on MARK_UNREAD &amp; ALL" name="components/channel_notifications_modal/NotificationSection should match snapshot, on MARK_UNREAD &amp; ALL" time="0.001">
    </testcase>
    <testcase classname="components/channel_notifications_modal/NotificationSection should match snapshot, on NONE" name="components/channel_notifications_modal/NotificationSection should match snapshot, on NONE" time="0.001">
    </testcase>
  </testsuite>
  <testsuite name="modals view actions" errors="0" failures="0" skipped="0" timestamp="2019-10-31T15:01:29" time="0.22" tests="2">
    <testcase classname="modals view actions MODAL_OPEN" name="modals view actions MODAL_OPEN" time="0.001">
    </testcase>
    <testcase classname="modals view actions MODAL_CLOSE" name="modals view actions MODAL_CLOSE" time="0.001">
    </testcase>
  </testsuite>
  <testsuite name="components/channel_notifications_modal/ExtraInfo" errors="0" failures="0" skipped="0" timestamp="2019-10-31T15:01:29" time="0.198" tests="3">
    <testcase classname="components/channel_notifications_modal/ExtraInfo should match snapshot, on DESKTOP" name="components/channel_notifications_modal/ExtraInfo should match snapshot, on DESKTOP" time="0.002">
    </testcase>
    <testcase classname="components/channel_notifications_modal/ExtraInfo should match snapshot, on PUSH" name="components/channel_notifications_modal/ExtraInfo should match snapshot, on PUSH" time="0.001">
    </testcase>
    <testcase classname="components/channel_notifications_modal/ExtraInfo should match snapshot, on MARK_UNREAD" name="components/channel_notifications_modal/ExtraInfo should match snapshot, on MARK_UNREAD" time="0.001">
    </testcase>
  </testsuite>
  <testsuite name="components/analytics/table_chart.jsx" errors="0" failures="0" skipped="0" timestamp="2019-10-31T15:01:29" time="0.204" tests="2">
    <testcase classname="components/analytics/table_chart.jsx should match snapshot, loaded without data" name="components/analytics/table_chart.jsx should match snapshot, loaded without data" time="0.003">
    </testcase>
    <testcase classname="components/analytics/table_chart.jsx should match snapshot, loaded with data" name="components/analytics/table_chart.jsx should match snapshot, loaded with data" time="0.003">
    </testcase>
  </testsuite>
  <testsuite name="components/HeaderFooterTemplate" errors="0" failures="0" skipped="0" timestamp="2019-10-31T15:01:29" time="0.196" tests="9">
    <testcase classname="components/HeaderFooterTemplate should match snapshot without children" name="components/HeaderFooterTemplate should match snapshot without children" time="0.006">
    </testcase>
    <testcase classname="components/HeaderFooterTemplate should match snapshot with children" name="components/HeaderFooterTemplate should match snapshot with children" time="0.003">
    </testcase>
    <testcase classname="components/HeaderFooterTemplate should match snapshot with help link" name="components/HeaderFooterTemplate should match snapshot with help link" time="0.003">
    </testcase>
    <testcase classname="components/HeaderFooterTemplate should match snapshot with term of service link" name="components/HeaderFooterTemplate should match snapshot with term of service link" time="0.002">
    </testcase>
    <testcase classname="components/HeaderFooterTemplate should match snapshot with privacy policy link" name="components/HeaderFooterTemplate should match snapshot with privacy policy link" time="0.003">
    </testcase>
    <testcase classname="components/HeaderFooterTemplate should match snapshot with about link" name="components/HeaderFooterTemplate should match snapshot with about link" time="0.002">
    </testcase>
    <testcase classname="components/HeaderFooterTemplate should match snapshot with all links" name="components/HeaderFooterTemplate should match snapshot with all links" time="0.004">
    </testcase>
    <testcase classname="components/HeaderFooterTemplate should set classes on body and #root on mount" name="components/HeaderFooterTemplate should set classes on body and #root on mount" time="0.002">
    </testcase>
    <testcase classname="components/HeaderFooterTemplate should unset classes on body and #root on unmount" name="components/HeaderFooterTemplate should unset classes on body and #root on unmount" time="0.002">
    </testcase>
  </testsuite>
  <testsuite name="components/SearchHint" errors="0" failures="0" skipped="0" timestamp="2019-10-31T15:01:30" time="0.147" tests="2">
    <testcase classname="components/SearchHint should match snapshot, with title" name="components/SearchHint should match snapshot, with title" time="0.002">
    </testcase>
    <testcase classname="components/SearchHint should match snapshot, without title" name="components/SearchHint should match snapshot, without title" time="0.001">
    </testcase>
  </testsuite>
  <testsuite name="Reducers.Modals" errors="0" failures="0" skipped="0" timestamp="2019-10-31T15:01:30" time="0.198" tests="3">
    <testcase classname="Reducers.Modals Initial state" name="Reducers.Modals Initial state" time="0">
    </testcase>
    <testcase classname="Reducers.Modals MODAL_OPEN" name="Reducers.Modals MODAL_OPEN" time="0.001">
    </testcase>
    <testcase classname="Reducers.Modals MODAL_CLOSE" name="Reducers.Modals MODAL_CLOSE" time="0.001">
    </testcase>
  </testsuite>
  <testsuite name="components/ChannelInfoModal" errors="0" failures="0" skipped="0" timestamp="2019-10-31T15:01:30" time="0.206" tests="3">
    <testcase classname="components/ChannelInfoModal should match snapshot when modal is showing" name="components/ChannelInfoModal should match snapshot when modal is showing" time="0.003">
    </testcase>
    <testcase classname="components/ChannelInfoModal should match snapshot when modal is not showing" name="components/ChannelInfoModal should match snapshot when modal is not showing" time="0.003">
    </testcase>
    <testcase classname="components/ChannelInfoModal shouldComponentUpdate returns the correct results" name="components/ChannelInfoModal shouldComponentUpdate returns the correct results" time="0.001">
    </testcase>
  </testsuite>
  <testsuite name="components/PinPostSearchHint" errors="0" failures="0" skipped="0" timestamp="2019-10-31T15:01:30" time="0.155" tests="2">
    <testcase classname="components/PinPostSearchHint should match snapshot, with data retention" name="components/PinPostSearchHint should match snapshot, with data retention" time="0.002">
    </testcase>
    <testcase classname="components/PinPostSearchHint should match snapshot, without data retention" name="components/PinPostSearchHint should match snapshot, without data retention" time="0.001">
    </testcase>
  </testsuite>
  <testsuite name="components/channel_notifications_modal/ExtraInfo" errors="0" failures="0" skipped="0" timestamp="2019-10-31T15:01:30" time="0.173" tests="3">
    <testcase classname="components/channel_notifications_modal/ExtraInfo should match snapshot, on DESKTOP" name="components/channel_notifications_modal/ExtraInfo should match snapshot, on DESKTOP" time="0.002">
    </testcase>
    <testcase classname="components/channel_notifications_modal/ExtraInfo should match snapshot, on PUSH" name="components/channel_notifications_modal/ExtraInfo should match snapshot, on PUSH" time="0.012">
    </testcase>
    <testcase classname="components/channel_notifications_modal/ExtraInfo should match snapshot, on MARK_UNREAD" name="components/channel_notifications_modal/ExtraInfo should match snapshot, on MARK_UNREAD" time="0.001">
    </testcase>
  </testsuite>
  <testsuite name="TeamUtils.filterAndSortTeamsByDisplayName" errors="0" failures="0" skipped="0" timestamp="2019-10-31T15:01:30" time="0.133" tests="1">
    <testcase classname="TeamUtils.filterAndSortTeamsByDisplayName should return correct sorted teams" name="TeamUtils.filterAndSortTeamsByDisplayName should return correct sorted teams" time="0.003">
    </testcase>
  </testsuite>
  <testsuite name="components/AtMention" errors="0" failures="0" skipped="11" timestamp="2019-10-31T15:01:30" time="0.175" tests="12">
    <testcase classname="components/AtMention should match snapshot when mentioning user" name="components/AtMention should match snapshot when mentioning user" time="0">
      <skipped/>
    </testcase>
    <testcase classname="components/AtMention should match snapshot when mentioning user with different teammate name display setting" name="components/AtMention should match snapshot when mentioning user with different teammate name display setting" time="0">
      <skipped/>
    </testcase>
    <testcase classname="components/AtMention should match snapshot when mentioning user followed by punctuation" name="components/AtMention should match snapshot when mentioning user followed by punctuation" time="0">
      <skipped/>
    </testcase>
    <testcase classname="components/AtMention should match snapshot when mentioning user containing punctuation" name="components/AtMention should match snapshot when mentioning user containing punctuation" time="0">
      <skipped/>
    </testcase>
    <testcase classname="components/AtMention should match snapshot when mentioning user containing and followed by punctuation" name="components/AtMention should match snapshot when mentioning user containing and followed by punctuation" time="0">
      <skipped/>
    </testcase>
    <testcase classname="components/AtMention should match snapshot when mentioning user with mixed case" name="components/AtMention should match snapshot when mentioning user with mixed case" time="0">
      <skipped/>
    </testcase>
    <testcase classname="components/AtMention should match snapshot when mentioning current user" name="components/AtMention should match snapshot when mentioning current user" time="0.003">
    </testcase>
    <testcase classname="components/AtMention should match snapshot when mentioning all" name="components/AtMention should match snapshot when mentioning all" time="0">
      <skipped/>
    </testcase>
    <testcase classname="components/AtMention should match snapshot when mentioning all with mixed case" name="components/AtMention should match snapshot when mentioning all with mixed case" time="0">
      <skipped/>
    </testcase>
    <testcase classname="components/AtMention should match snapshot when not mentioning a user" name="components/AtMention should match snapshot when not mentioning a user" time="0">
      <skipped/>
    </testcase>
    <testcase classname="components/AtMention should match snapshot when not mentioning a user with mixed case" name="components/AtMention should match snapshot when not mentioning a user with mixed case" time="0">
      <skipped/>
    </testcase>
    <testcase classname="components/AtMention should have placement state based on ref position of click handler" name="components/AtMention should have placement state based on ref position of click handler" time="0">
      <skipped/>
    </testcase>
  </testsuite>
  <testsuite name="Reducers.RHS" errors="0" failures="0" skipped="0" timestamp="2019-10-31T15:01:30" time="0.167" tests="18">
    <testcase classname="Reducers.RHS Initial state" name="Reducers.RHS Initial state" time="0">
    </testcase>
    <testcase classname="Reducers.RHS should match RHS state to pin" name="Reducers.RHS should match RHS state to pin" time="0.001">
    </testcase>
    <testcase classname="Reducers.RHS should wipe selectedPostId on UPDATE_RHS_STATE" name="Reducers.RHS should wipe selectedPostId on UPDATE_RHS_STATE" time="0">
    </testcase>
    <testcase classname="Reducers.RHS should match isSearchingTerm state to true" name="Reducers.RHS should match isSearchingTerm state to true" time="0.001">
    </testcase>
    <testcase classname="Reducers.RHS should match isSearchingTerm state to false" name="Reducers.RHS should match isSearchingTerm state to false" time="0">
    </testcase>
    <testcase classname="Reducers.RHS should match isSearchingTerm state to false" name="Reducers.RHS should match isSearchingTerm state to false" time="0">
    </testcase>
    <testcase classname="Reducers.RHS should match isSearchingFlaggedPost state to true" name="Reducers.RHS should match isSearchingFlaggedPost state to true" time="0">
    </testcase>
    <testcase classname="Reducers.RHS should match isSearchingFlaggedPost state to false" name="Reducers.RHS should match isSearchingFlaggedPost state to false" time="0">
    </testcase>
    <testcase classname="Reducers.RHS should match searchTerms state" name="Reducers.RHS should match searchTerms state" time="0">
    </testcase>
    <testcase classname="Reducers.RHS should match select_post state" name="Reducers.RHS should match select_post state" time="0.002">
    </testcase>
    <testcase classname="Reducers.RHS should wipe rhsState on SELECT_POST" name="Reducers.RHS should wipe rhsState on SELECT_POST" time="0">
    </testcase>
    <testcase classname="Reducers.RHS should open menu, closing sidebar on TOGGLE_RHS_MENU" name="Reducers.RHS should open menu, closing sidebar on TOGGLE_RHS_MENU" time="0.001">
    </testcase>
    <testcase classname="Reducers.RHS should close menu on TOGGLE_RHS_MENU" name="Reducers.RHS should close menu on TOGGLE_RHS_MENU" time="0">
    </testcase>
    <testcase classname="Reducers.RHS should open menu, closing sidebar on OPEN_RHS_MENU" name="Reducers.RHS should open menu, closing sidebar on OPEN_RHS_MENU" time="0">
    </testcase>
    <testcase classname="Reducers.RHS should close menu on CLOSE_RHS_MENU" name="Reducers.RHS should close menu on CLOSE_RHS_MENU" time="0">
    </testcase>
    <testcase classname="Reducers.RHS should close menu and sidebar on TOGGLE_LHS" name="Reducers.RHS should close menu and sidebar on TOGGLE_LHS" time="0">
    </testcase>
    <testcase classname="Reducers.RHS should close menu and sidebar on OPEN_LHS" name="Reducers.RHS should close menu and sidebar on OPEN_LHS" time="0">
    </testcase>
    <testcase classname="Reducers.RHS should close menu and sidebar on SELECT_TEAM" name="Reducers.RHS should close menu and sidebar on SELECT_TEAM" time="0.001">
    </testcase>
  </testsuite>
  <testsuite name="Reducers.LHS" errors="0" failures="0" skipped="0" timestamp="2019-10-31T15:01:30" time="0.14" tests="8">
    <testcase classname="Reducers.LHS Initial state" name="Reducers.LHS Initial state" time="0.001">
    </testcase>
    <testcase classname="Reducers.LHS should close on TOGGLE_LHS" name="Reducers.LHS should close on TOGGLE_LHS" time="0">
    </testcase>
    <testcase classname="Reducers.LHS should open on TOGGLE_LHS" name="Reducers.LHS should open on TOGGLE_LHS" time="0.001">
    </testcase>
    <testcase classname="Reducers.LHS should open on OPEN_LHS" name="Reducers.LHS should open on OPEN_LHS" time="0">
    </testcase>
    <testcase classname="Reducers.LHS should close on CLOSE_LHS" name="Reducers.LHS should close on CLOSE_LHS" time="0.001">
    </testcase>
    <testcase classname="Reducers.LHS should close on TOGGLE_RHS_MENU" name="Reducers.LHS should close on TOGGLE_RHS_MENU" time="0">
    </testcase>
    <testcase classname="Reducers.LHS should close on OPEN_RHS_MENU" name="Reducers.LHS should close on OPEN_RHS_MENU" time="0.001">
    </testcase>
    <testcase classname="Reducers.LHS should close on SELECT_TEAM" name="Reducers.LHS should close on SELECT_TEAM" time="0">
    </testcase>
  </testsuite>
  <testsuite name="components/error_page/ErrorLink" errors="0" failures="0" skipped="0" timestamp="2019-10-31T15:01:30" time="0.149" tests="1">
    <testcase classname="components/error_page/ErrorLink should match snapshot" name="components/error_page/ErrorLink should match snapshot" time="0.002">
    </testcase>
  </testsuite>
  <testsuite name="PositionUtils.popOverOverlayPosition" errors="0" failures="0" skipped="0" timestamp="2019-10-31T15:01:30" time="0.129" tests="1">
    <testcase classname="PositionUtils.popOverOverlayPosition Should return placement position for overlay based on bounds, space required and innerHeight" name="PositionUtils.popOverOverlayPosition Should return placement position for overlay based on bounds, space required and innerHeight" time="0.001">
    </testcase>
  </testsuite>
  <testsuite name="stores/SuggestionStore" errors="0" failures="0" skipped="0" timestamp="2019-10-31T15:01:30" time="0.137" tests="4">
    <testcase classname="stores/SuggestionStore should ignore events from unknown suggestion boxes" name="stores/SuggestionStore should ignore events from unknown suggestion boxes" time="0.001">
    </testcase>
    <testcase classname="stores/SuggestionStore should process events from registered suggestion boxes" name="stores/SuggestionStore should process events from registered suggestion boxes" time="0">
    </testcase>
    <testcase classname="stores/SuggestionStore should ignore events from unregistered suggestion boxes" name="stores/SuggestionStore should ignore events from unregistered suggestion boxes" time="0.001">
    </testcase>
    <testcase classname="stores/SuggestionStore hasSuggestions should ignore loading items" name="stores/SuggestionStore hasSuggestions should ignore loading items" time="0">
    </testcase>
  </testsuite>
  <testsuite name="components/NoResultSearchHint" errors="0" failures="0" skipped="0" timestamp="2019-10-31T15:01:30" time="0.137" tests="2">
    <testcase classname="components/NoResultSearchHint should match snapshot, with data retention" name="components/NoResultSearchHint should match snapshot, with data retention" time="0.002">
    </testcase>
    <testcase classname="components/NoResultSearchHint should match snapshot, without data retention" name="components/NoResultSearchHint should match snapshot, without data retention" time="0.002">
    </testcase>
  </testsuite>
  <testsuite name="components/error_page/ErrorMessage" errors="0" failures="0" skipped="0" timestamp="2019-10-31T15:01:30" time="0.212" tests="9">
    <testcase classname="components/error_page/ErrorMessage should match snapshot, local_storage type" name="components/error_page/ErrorMessage should match snapshot, local_storage type" time="0.001">
    </testcase>
    <testcase classname="components/error_page/ErrorMessage should match snapshot, permalink_not_found type" name="components/error_page/ErrorMessage should match snapshot, permalink_not_found type" time="0.001">
    </testcase>
    <testcase classname="components/error_page/ErrorMessage should match snapshot, oauth_missing_code type" name="components/error_page/ErrorMessage should match snapshot, oauth_missing_code type" time="0.002">
    </testcase>
    <testcase classname="components/error_page/ErrorMessage should match snapshot, oauth_access_denied type" name="components/error_page/ErrorMessage should match snapshot, oauth_access_denied type" time="0.001">
    </testcase>
    <testcase classname="components/error_page/ErrorMessage should match snapshot, page_not_found type" name="components/error_page/ErrorMessage should match snapshot, page_not_found type" time="0.001">
    </testcase>
    <testcase classname="components/error_page/ErrorMessage should match snapshot, team_not_found type" name="components/error_page/ErrorMessage should match snapshot, team_not_found type" time="0.001">
    </testcase>
    <testcase classname="components/error_page/ErrorMessage should match snapshot, channel_not_found type" name="components/error_page/ErrorMessage should match snapshot, channel_not_found type" time="0.001">
    </testcase>
    <testcase classname="components/error_page/ErrorMessage should match snapshot, no type but with message" name="components/error_page/ErrorMessage should match snapshot, no type but with message" time="0.001">
    </testcase>
    <testcase classname="components/error_page/ErrorMessage should match snapshot, no type nor message" name="components/error_page/ErrorMessage should match snapshot, no type nor message" time="0.001">
    </testcase>
  </testsuite>
  <testsuite name="components/post_view/FailedPostOptions" errors="0" failures="0" skipped="0" timestamp="2019-10-31T15:01:30" time="0.157" tests="3">
    <testcase classname="components/post_view/FailedPostOptions should match snapshot" name="components/post_view/FailedPostOptions should match snapshot" time="0.003">
    </testcase>
    <testcase classname="components/post_view/FailedPostOptions should create post on retry" name="components/post_view/FailedPostOptions should create post on retry" time="0.003">
    </testcase>
    <testcase classname="components/post_view/FailedPostOptions should remove post on cancel" name="components/post_view/FailedPostOptions should remove post on cancel" time="0.002">
    </testcase>
  </testsuite>
  <testsuite name="components/admin_console/permission_schemes_settings/permission_checkbox" errors="0" failures="0" skipped="0" timestamp="2019-10-31T15:01:30" time="0.174" tests="4">
    <testcase classname="components/admin_console/permission_schemes_settings/permission_checkbox should match snapshot on no value" name="components/admin_console/permission_schemes_settings/permission_checkbox should match snapshot on no value" time="0.002">
    </testcase>
    <testcase classname="components/admin_console/permission_schemes_settings/permission_checkbox should match snapshot on value &quot;checked&quot;" name="components/admin_console/permission_schemes_settings/permission_checkbox should match snapshot on value &quot;checked&quot;" time="0.014">
    </testcase>
    <testcase classname="components/admin_console/permission_schemes_settings/permission_checkbox should match snapshot on value &quot;intermediate&quot;" name="components/admin_console/permission_schemes_settings/permission_checkbox should match snapshot on value &quot;intermediate&quot;" time="0.001">
    </testcase>
    <testcase classname="components/admin_console/permission_schemes_settings/permission_checkbox should match snapshot on other value" name="components/admin_console/permission_schemes_settings/permission_checkbox should match snapshot on other value" time="0.001">
    </testcase>
  </testsuite>
  <testsuite name="components/activity_log_modal/MoreInfo" errors="0" failures="0" skipped="0" timestamp="2019-10-31T15:01:30" time="0.179" tests="2">
    <testcase classname="components/activity_log_modal/MoreInfo should match snapshot extra info toggled off" name="components/activity_log_modal/MoreInfo should match snapshot extra info toggled off" time="0.002">
    </testcase>
    <testcase classname="components/activity_log_modal/MoreInfo should match snapshot, extra info toggled on" name="components/activity_log_modal/MoreInfo should match snapshot, extra info toggled on" time="0.003">
    </testcase>
  </testsuite>
  <testsuite name="components/MsgTyping" errors="0" failures="0" skipped="0" timestamp="2019-10-31T15:01:30" time="0.155" tests="3">
    <testcase classname="components/MsgTyping should match snapshot, on nobody typing" name="components/MsgTyping should match snapshot, on nobody typing" time="0.002">
    </testcase>
    <testcase classname="components/MsgTyping should match snapshot, on one user typing" name="components/MsgTyping should match snapshot, on one user typing" time="0.001">
    </testcase>
    <testcase classname="components/MsgTyping should match snapshot, on multiple users typing" name="components/MsgTyping should match snapshot, on multiple users typing" time="0.001">
    </testcase>
  </testsuite>
  <testsuite name="FileUtils.trimFilename" errors="0" failures="0" skipped="0" timestamp="2019-10-31T15:01:30" time="0.145" tests="5">
    <testcase classname="FileUtils.trimFilename trimFilename" name="FileUtils.trimFilename trimFilename" time="0">
    </testcase>
    <testcase classname="FileUtils.canUploadFiles is false when file attachments are disabled" name="FileUtils.canUploadFiles is false when file attachments are disabled" time="0">
    </testcase>
    <testcase classname="FileUtils.canUploadFiles is true when file attachments are enabled and not on mobile" name="FileUtils.canUploadFiles is true when file attachments are enabled and not on mobile" time="0.001">
    </testcase>
    <testcase classname="FileUtils.canUploadFiles is true when file attachments are enabled and on mobile with mobile file upload enabled" name="FileUtils.canUploadFiles is true when file attachments are enabled and on mobile with mobile file upload enabled" time="0">
    </testcase>
    <testcase classname="FileUtils.canUploadFiles is true when file attachments are enabled unless on mobile with mobile file upload disabled" name="FileUtils.canUploadFiles is true when file attachments are enabled unless on mobile with mobile file upload disabled" time="0">
    </testcase>
  </testsuite>
  <testsuite name="components/DataRetentionHint" errors="0" failures="0" skipped="0" timestamp="2019-10-31T15:01:30" time="0.156" tests="1">
    <testcase classname="components/DataRetentionHint should match snapshot" name="components/DataRetentionHint should match snapshot" time="0.001">
    </testcase>
  </testsuite>
  <testsuite name="stores/LocalStorageStore" errors="0" failures="0" skipped="0" timestamp="2019-10-31T15:01:30" time="0.182" tests="2">
    <testcase classname="stores/LocalStorageStore should persist previous team id per user" name="stores/LocalStorageStore should persist previous team id per user" time="0">
    </testcase>
    <testcase classname="stores/LocalStorageStore should persist previous channel name per team and user" name="stores/LocalStorageStore should persist previous channel name per team and user" time="0.001">
    </testcase>
  </testsuite>
  <testsuite name="Reducers.Browser" errors="0" failures="0" skipped="0" timestamp="2019-10-31T15:01:30" time="0.142" tests="3">
    <testcase classname="Reducers.Browser Initial state" name="Reducers.Browser Initial state" time="0.001">
    </testcase>
    <testcase classname="Reducers.Browser should lose focus on BROWSER_CHANGE_FOCUS" name="Reducers.Browser should lose focus on BROWSER_CHANGE_FOCUS" time="0">
    </testcase>
    <testcase classname="Reducers.Browser should gain focus on BROWSER_CHANGE_FOCUS" name="Reducers.Browser should gain focus on BROWSER_CHANGE_FOCUS" time="0.001">
    </testcase>
  </testsuite>
  <testsuite name="plugins/Pluggable" errors="0" failures="0" skipped="0" timestamp="2019-10-31T15:01:30" time="0.125" tests="2">
    <testcase classname="plugins/Pluggable should return null if neither pluggableName nor children is is defined in props" name="plugins/Pluggable should return null if neither pluggableName nor children is is defined in props" time="0.001">
    </testcase>
    <testcase classname="plugins/Pluggable should return null if with pluggableName but no children" name="plugins/Pluggable should return null if with pluggableName but no children" time="0.001">
    </testcase>
  </testsuite>
  <testsuite name="components/ColorInput" errors="0" failures="0" skipped="0" timestamp="2019-10-31T15:01:30" time="0.716" tests="6">
    <testcase classname="components/ColorInput should match snapshot, init" name="components/ColorInput should match snapshot, init" time="0.003">
    </testcase>
    <testcase classname="components/ColorInput should match snapshot, opened" name="components/ColorInput should match snapshot, opened" time="0.005">
    </testcase>
    <testcase classname="components/ColorInput should match snapshot, toggle picker" name="components/ColorInput should match snapshot, toggle picker" time="0.005">
    </testcase>
    <testcase classname="components/ColorInput should match snapshot, click on picker" name="components/ColorInput should match snapshot, click on picker" time="0.005">
    </testcase>
    <testcase classname="components/ColorInput should have match state on togglePicker" name="components/ColorInput should have match state on togglePicker" time="0.009">
    </testcase>
    <testcase classname="components/ColorInput should have called onChange prop" name="components/ColorInput should have called onChange prop" time="0.001">
    </testcase>
  </testsuite>
  <testsuite name="components/view_image/ImagePreview" errors="0" failures="0" skipped="0" timestamp="2019-10-31T15:01:30" time="0.209" tests="4">
    <testcase classname="components/view_image/ImagePreview should match snapshot, without preview" name="components/view_image/ImagePreview should match snapshot, without preview" time="0.002">
    </testcase>
    <testcase classname="components/view_image/ImagePreview should match snapshot, with preview" name="components/view_image/ImagePreview should match snapshot, with preview" time="0.001">
    </testcase>
    <testcase classname="components/view_image/ImagePreview should match snapshot, without preview, cannot download" name="components/view_image/ImagePreview should match snapshot, without preview, cannot download" time="0.001">
    </testcase>
    <testcase classname="components/view_image/ImagePreview should match snapshot, with preview, cannot download" name="components/view_image/ImagePreview should match snapshot, with preview, cannot download" time="0.001">
    </testcase>
  </testsuite>
  <testsuite name="Utils.URL" errors="0" failures="0" skipped="0" timestamp="2019-10-31T15:01:30" time="0.088" tests="6">
    <testcase classname="Utils.URL getRelativeChannelURL" name="Utils.URL getRelativeChannelURL" time="0">
    </testcase>
    <testcase classname="Utils.URL getSiteURL origin" name="Utils.URL getSiteURL origin" time="0.001">
    </testcase>
    <testcase classname="Utils.URL getSiteURL origin, trailing slash" name="Utils.URL getSiteURL origin, trailing slash" time="0">
    </testcase>
    <testcase classname="Utils.URL getSiteURL origin, with basename" name="Utils.URL getSiteURL origin, with basename" time="0">
    </testcase>
    <testcase classname="Utils.URL getSiteURL no origin" name="Utils.URL getSiteURL no origin" time="0">
    </testcase>
    <testcase classname="Utils.URL getSiteURL no origin, with basename" name="Utils.URL getSiteURL no origin, with basename" time="0.001">
    </testcase>
  </testsuite>
  <testsuite name="components/ColorSetting" errors="0" failures="0" skipped="0" timestamp="2019-10-31T15:01:30" time="0.153" tests="4">
    <testcase classname="components/ColorSetting should match snapshot, all" name="components/ColorSetting should match snapshot, all" time="0.003">
    </testcase>
    <testcase classname="components/ColorSetting should match snapshot, no help text" name="components/ColorSetting should match snapshot, no help text" time="0.002">
    </testcase>
    <testcase classname="components/ColorSetting should match snapshot, disabled" name="components/ColorSetting should match snapshot, disabled" time="0.002">
    </testcase>
    <testcase classname="components/ColorSetting should match snapshot, clicked on color setting" name="components/ColorSetting should match snapshot, clicked on color setting" time="0.004">
    </testcase>
  </testsuite>
  <testsuite name="components/CopyUrlContextMenu" errors="0" failures="0" skipped="0" timestamp="2019-10-31T15:01:30" time="0.229" tests="2">
    <testcase classname="components/CopyUrlContextMenu should copy relative url on click" name="components/CopyUrlContextMenu should copy relative url on click" time="0.005">
    </testcase>
    <testcase classname="components/CopyUrlContextMenu should copy absolute url on click" name="components/CopyUrlContextMenu should copy absolute url on click" time="0.004">
    </testcase>
  </testsuite>
  <testsuite name="components/LoadingImagePreview" errors="0" failures="0" skipped="0" timestamp="2019-10-31T15:01:30" time="0.123" tests="1">
    <testcase classname="components/LoadingImagePreview should match snapshot" name="components/LoadingImagePreview should match snapshot" time="0.006">
    </testcase>
  </testsuite>
  <testsuite name="Emoticons" errors="0" failures="0" skipped="0" timestamp="2019-10-31T15:01:30" time="0.116" tests="5">
    <testcase classname="Emoticons handleEmoticons should replace emoticons with tokens" name="Emoticons handleEmoticons should replace emoticons with tokens" time="0.001">
    </testcase>
    <testcase classname="Emoticons handleEmoticons should replace emoticons not separated by whitespace" name="Emoticons handleEmoticons should replace emoticons not separated by whitespace" time="0.001">
    </testcase>
    <testcase classname="Emoticons handleEmoticons should replace emoticons separated by punctuation" name="Emoticons handleEmoticons should replace emoticons separated by punctuation" time="0">
    </testcase>
    <testcase classname="Emoticons handleEmoticons should replace emoticons separated by text" name="Emoticons handleEmoticons should replace emoticons separated by text" time="0.001">
    </testcase>
    <testcase classname="Emoticons handleEmoticons shouldn&apos;t replace invalid emoticons" name="Emoticons handleEmoticons shouldn&apos;t replace invalid emoticons" time="0">
    </testcase>
  </testsuite>
  <testsuite name="PolicyRolesAdapter" errors="0" failures="0" skipped="0" timestamp="2019-10-31T15:01:30" time="0.113" tests="10">
    <testcase classname="PolicyRolesAdapter PolicyRolesAdapter.rolesFromMapping unknown value throws an exception" name="PolicyRolesAdapter PolicyRolesAdapter.rolesFromMapping unknown value throws an exception" time="0.002">
    </testcase>
    <testcase classname="PolicyRolesAdapter PolicyRolesAdapter.rolesFromMapping ignores unknown keys" name="PolicyRolesAdapter PolicyRolesAdapter.rolesFromMapping ignores unknown keys" time="0.001">
    </testcase>
    <testcase classname="PolicyRolesAdapter PolicyRolesAdapter.rolesFromMapping mock data setup" name="PolicyRolesAdapter PolicyRolesAdapter.rolesFromMapping mock data setup" time="0.001">
    </testcase>
    <testcase classname="PolicyRolesAdapter PolicyRolesAdapter.rolesFromMapping enableTeamCreation true" name="PolicyRolesAdapter PolicyRolesAdapter.rolesFromMapping enableTeamCreation true" time="0.001">
    </testcase>
    <testcase classname="PolicyRolesAdapter PolicyRolesAdapter.rolesFromMapping enableTeamCreation false" name="PolicyRolesAdapter PolicyRolesAdapter.rolesFromMapping enableTeamCreation false" time="0.001">
    </testcase>
    <testcase classname="PolicyRolesAdapter PolicyRolesAdapter.rolesFromMapping enableOnlyAdminIntegrations true" name="PolicyRolesAdapter PolicyRolesAdapter.rolesFromMapping enableOnlyAdminIntegrations true" time="0.001">
    </testcase>
    <testcase classname="PolicyRolesAdapter PolicyRolesAdapter.rolesFromMapping enableOnlyAdminIntegrations false" name="PolicyRolesAdapter PolicyRolesAdapter.rolesFromMapping enableOnlyAdminIntegrations false" time="0.001">
    </testcase>
    <testcase classname="PolicyRolesAdapter PolicyRolesAdapter.rolesFromMapping it only returns the updated roles" name="PolicyRolesAdapter PolicyRolesAdapter.rolesFromMapping it only returns the updated roles" time="0.001">
    </testcase>
    <testcase classname="PolicyRolesAdapter PolicyRolesAdapter.mappingValueFromRoles enableTeamCreation returns the expected policy value for a enableTeamCreation policy" name="PolicyRolesAdapter PolicyRolesAdapter.mappingValueFromRoles enableTeamCreation returns the expected policy value for a enableTeamCreation policy" time="0.001">
    </testcase>
    <testcase classname="PolicyRolesAdapter PolicyRolesAdapter.mappingValueFromRoles enableOnlyAdminIntegrations returns the expected policy value for a enableOnlyAdminIntegrations policy" name="PolicyRolesAdapter PolicyRolesAdapter.mappingValueFromRoles enableOnlyAdminIntegrations returns the expected policy value for a enableOnlyAdminIntegrations policy" time="0.001">
    </testcase>
  </testsuite>
  <testsuite name="components/view_image/popover_bar/PopoverBar" errors="0" failures="0" skipped="0" timestamp="2019-10-31T15:01:30" time="0.176" tests="7">
    <testcase classname="components/view_image/popover_bar/PopoverBar should match snapshot with public links disabled" name="components/view_image/popover_bar/PopoverBar should match snapshot with public links disabled" time="0.003">
    </testcase>
    <testcase classname="components/view_image/popover_bar/PopoverBar should match snapshot with public links enabled" name="components/view_image/popover_bar/PopoverBar should match snapshot with public links enabled" time="0.002">
    </testcase>
    <testcase classname="components/view_image/popover_bar/PopoverBar should call public link callback" name="components/view_image/popover_bar/PopoverBar should call public link callback" time="0.003">
    </testcase>
    <testcase classname="components/view_image/popover_bar/PopoverBar should match snapshot for downloadable file when externally hosted" name="components/view_image/popover_bar/PopoverBar should match snapshot for downloadable file when externally hosted" time="0.002">
    </testcase>
    <testcase classname="components/view_image/popover_bar/PopoverBar should match snapshot for downloadable file when externally hosted and on the desktop app" name="components/view_image/popover_bar/PopoverBar should match snapshot for downloadable file when externally hosted and on the desktop app" time="0.002">
    </testcase>
    <testcase classname="components/view_image/popover_bar/PopoverBar should match snapshot for downloadable file when internally hosted" name="components/view_image/popover_bar/PopoverBar should match snapshot for downloadable file when internally hosted" time="0.001">
    </testcase>
    <testcase classname="components/view_image/popover_bar/PopoverBar should match snapshot for downloadable file when internally hosted and on the desktop app" name="components/view_image/popover_bar/PopoverBar should match snapshot for downloadable file when internally hosted and on the desktop app" time="0.001">
    </testcase>
  </testsuite>
  <testsuite name="Reducers.Storage" errors="0" failures="0" skipped="0" timestamp="2019-10-31T15:01:30" time="0.155" tests="8">
    <testcase classname="Reducers.Storage Storage.SET_ITEM" name="Reducers.Storage Storage.SET_ITEM" time="0.001">
    </testcase>
    <testcase classname="Reducers.Storage Storage.SET_GLOBAL_ITEM" name="Reducers.Storage Storage.SET_GLOBAL_ITEM" time="0">
    </testcase>
    <testcase classname="Reducers.Storage Storage.REMOVE_ITEM" name="Reducers.Storage Storage.REMOVE_ITEM" time="0.001">
    </testcase>
    <testcase classname="Reducers.Storage Storage.REMOVE_GLOBAL_ITEM" name="Reducers.Storage Storage.REMOVE_GLOBAL_ITEM" time="0">
    </testcase>
    <testcase classname="Reducers.Storage Storage.CLEAR" name="Reducers.Storage Storage.CLEAR" time="0.001">
    </testcase>
    <testcase classname="Reducers.Storage Storage.ACTION_ON_ITEMS_WITH_PREFIX" name="Reducers.Storage Storage.ACTION_ON_ITEMS_WITH_PREFIX" time="0">
    </testcase>
    <testcase classname="Reducers.Storage Storage.ACTION_ON_GLOBAL_ITEMS_WITH_PREFIX" name="Reducers.Storage Storage.ACTION_ON_GLOBAL_ITEMS_WITH_PREFIX" time="0.001">
    </testcase>
    <testcase classname="Reducers.Storage Storage.STORAGE_REHYDRATE" name="Reducers.Storage Storage.STORAGE_REHYDRATE" time="0">
    </testcase>
  </testsuite>
  <testsuite name="CommonUtils.getNearestPoint" errors="0" failures="0" skipped="0" timestamp="2019-10-31T15:01:30" time="0.103" tests="1">
    <testcase classname="CommonUtils.getNearestPoint should return nearest point" name="CommonUtils.getNearestPoint should return nearest point" time="0.003">
    </testcase>
  </testsuite>
  <testsuite name="Riff Utils" errors="0" failures="0" skipped="0" timestamp="2019-10-31T15:01:30" time="0.121" tests="1">
    <testcase classname="Riff Utils readablePeers handles empty array" name="Riff Utils readablePeers handles empty array" time="0">
    </testcase>
  </testsuite>
  <testsuite name="components/admin_console/system_users/list/selectors" errors="0" failures="0" skipped="0" timestamp="2019-10-31T15:01:30" time="0.15" tests="10">
    <testcase classname="components/admin_console/system_users/list/selectors should return no users when loading" name="components/admin_console/system_users/list/selectors should return no users when loading" time="0.001">
    </testcase>
    <testcase classname="components/admin_console/system_users/list/selectors should search by term over all profiles returning users users" name="components/admin_console/system_users/list/selectors should search by term over all profiles returning users users" time="0">
    </testcase>
    <testcase classname="components/admin_console/system_users/list/selectors should search by term over all profiles falling back to fetching user by id and the user is found" name="components/admin_console/system_users/list/selectors should search by term over all profiles falling back to fetching user by id and the user is found" time="0.001">
    </testcase>
    <testcase classname="components/admin_console/system_users/list/selectors should search by term over all profiles falling back to fetching user by id and the user is not found" name="components/admin_console/system_users/list/selectors should search by term over all profiles falling back to fetching user by id and the user is not found" time="0">
    </testcase>
    <testcase classname="components/admin_console/system_users/list/selectors should search by term and team id returning users users found in team" name="components/admin_console/system_users/list/selectors should search by term and team id returning users users found in team" time="0.001">
    </testcase>
    <testcase classname="components/admin_console/system_users/list/selectors should search by term and team id falling back to fetching user by id and the user is found" name="components/admin_console/system_users/list/selectors should search by term and team id falling back to fetching user by id and the user is found" time="0">
    </testcase>
    <testcase classname="components/admin_console/system_users/list/selectors should search by term and team id falling back to fetching user by id and the user is not found" name="components/admin_console/system_users/list/selectors should search by term and team id falling back to fetching user by id and the user is not found" time="0.001">
    </testcase>
    <testcase classname="components/admin_console/system_users/list/selectors should return all profiles" name="components/admin_console/system_users/list/selectors should return all profiles" time="0.001">
    </testcase>
    <testcase classname="components/admin_console/system_users/list/selectors should return profiles without a team" name="components/admin_console/system_users/list/selectors should return profiles without a team" time="0">
    </testcase>
    <testcase classname="components/admin_console/system_users/list/selectors should return profiles for the given team" name="components/admin_console/system_users/list/selectors should return profiles for the given team" time="0.001">
    </testcase>
  </testsuite>
  <testsuite name="lhs view actions" errors="0" failures="0" skipped="0" timestamp="2019-10-31T15:01:30" time="0.137" tests="3">
    <testcase classname="lhs view actions toggle dispatches the right action" name="lhs view actions toggle dispatches the right action" time="0.001">
    </testcase>
    <testcase classname="lhs view actions open dispatches the right action" name="lhs view actions open dispatches the right action" time="0.001">
    </testcase>
    <testcase classname="lhs view actions close dispatches the right action" name="lhs view actions close dispatches the right action" time="0.001">
    </testcase>
  </testsuite>
  <testsuite name="components/SpinnerButton" errors="0" failures="0" skipped="0" timestamp="2019-10-31T15:01:31" time="0.169" tests="3">
    <testcase classname="components/SpinnerButton should match snapshot with required props" name="components/SpinnerButton should match snapshot with required props" time="0.002">
    </testcase>
    <testcase classname="components/SpinnerButton should match snapshot with spinning" name="components/SpinnerButton should match snapshot with spinning" time="0.001">
    </testcase>
    <testcase classname="components/SpinnerButton should match snapshot with children" name="components/SpinnerButton should match snapshot with children" time="0.001">
    </testcase>
  </testsuite>
  <testsuite name="modals selector" errors="0" failures="0" skipped="0" timestamp="2019-10-31T15:01:31" time="0.119" tests="2">
    <testcase classname="modals selector should return the isOpen value from the state for the given modalId" name="modals selector should return the isOpen value from the state for the given modalId" time="0.001">
    </testcase>
    <testcase classname="modals selector should return false when the given ModalId is not in state" name="modals selector should return false when the given ModalId is not in state" time="0">
    </testcase>
  </testsuite>
  <testsuite name="utils/server_version/equalServerVersions" errors="0" failures="0" skipped="0" timestamp="2019-10-31T15:01:31" time="0.119" tests="10">
    <testcase classname="utils/server_version/equalServerVersions should handle undefined values" name="utils/server_version/equalServerVersions should handle undefined values" time="0">
    </testcase>
    <testcase classname="utils/server_version/equalServerVersions should consider two empty versions as equal" name="utils/server_version/equalServerVersions should consider two empty versions as equal" time="0">
    </testcase>
    <testcase classname="utils/server_version/equalServerVersions should consider different strings without components as equal" name="utils/server_version/equalServerVersions should consider different strings without components as equal" time="0">
    </testcase>
    <testcase classname="utils/server_version/equalServerVersions should consider different malformed versions as equal ignoring the last two components" name="utils/server_version/equalServerVersions should consider different malformed versions as equal ignoring the last two components" time="0.001">
    </testcase>
    <testcase classname="utils/server_version/equalServerVersions should consider an empty version different from a non-empty one" name="utils/server_version/equalServerVersions should consider an empty version different from a non-empty one" time="0">
    </testcase>
    <testcase classname="utils/server_version/equalServerVersions should consider the same versions equal" name="utils/server_version/equalServerVersions should consider the same versions equal" time="0.001">
    </testcase>
    <testcase classname="utils/server_version/equalServerVersions should consider different release versions unequal" name="utils/server_version/equalServerVersions should consider different release versions unequal" time="0">
    </testcase>
    <testcase classname="utils/server_version/equalServerVersions should consider different build numbers unequal" name="utils/server_version/equalServerVersions should consider different build numbers unequal" time="0">
    </testcase>
    <testcase classname="utils/server_version/equalServerVersions should ignore different config hashes" name="utils/server_version/equalServerVersions should ignore different config hashes" time="0.001">
    </testcase>
    <testcase classname="utils/server_version/equalServerVersions should ignore different licensed statuses" name="utils/server_version/equalServerVersions should ignore different licensed statuses" time="0">
    </testcase>
  </testsuite>
  <testsuite name="components/analytics/statistic_count.jsx" errors="0" failures="0" skipped="0" timestamp="2019-10-31T15:01:31" time="0.163" tests="2">
    <testcase classname="components/analytics/statistic_count.jsx should match snapshot, on loading" name="components/analytics/statistic_count.jsx should match snapshot, on loading" time="0.002">
    </testcase>
    <testcase classname="components/analytics/statistic_count.jsx should match snapshot, loaded" name="components/analytics/statistic_count.jsx should match snapshot, loaded" time="0.001">
    </testcase>
  </testsuite>
  <testsuite name="Selectors.Lhs" errors="0" failures="0" skipped="0" timestamp="2019-10-31T15:01:31" time="0.126" tests="2">
    <testcase classname="Selectors.Lhs should return the open state of the sidebar menu when open is true" name="Selectors.Lhs should return the open state of the sidebar menu when open is true" time="0.001">
    </testcase>
    <testcase classname="Selectors.Lhs should return the open state of the sidebar menu when open is false" name="Selectors.Lhs should return the open state of the sidebar menu when open is false" time="0">
    </testcase>
  </testsuite>
  <testsuite name="components/dot_menu/DotMenuItem" errors="0" failures="0" skipped="0" timestamp="2019-10-31T15:01:31" time="0.141" tests="1">
    <testcase classname="components/dot_menu/DotMenuItem should match snapshot, " name="components/dot_menu/DotMenuItem should match snapshot, " time="0.019">
    </testcase>
  </testsuite>
  <testsuite name="components/user_settings/display/ColorChooser" errors="0" failures="0" skipped="0" timestamp="2019-10-31T15:01:31" time="0.125" tests="1">
    <testcase classname="components/user_settings/display/ColorChooser should match, init" name="components/user_settings/display/ColorChooser should match, init" time="0.004">
    </testcase>
  </testsuite>
  <testsuite name="Latinise" errors="0" failures="0" skipped="0" timestamp="2019-10-31T15:01:31" time="0.102" tests="3">
    <testcase classname="Latinise handleNames should return ascii version of Dév Spé" name="Latinise handleNames should return ascii version of Dév Spé" time="0.001">
    </testcase>
    <testcase classname="Latinise handleNames should not replace any characters" name="Latinise handleNames should not replace any characters" time="0.001">
    </testcase>
    <testcase classname="Latinise handleNames should replace characters with diacritics with ascii equivalents" name="Latinise handleNames should replace characters with diacritics with ascii equivalents" time="0">
    </testcase>
  </testsuite>
  <testsuite name="components/AutosizeTextarea" errors="0" failures="0" skipped="0" timestamp="2019-10-31T15:01:31" time="0.114" tests="1">
    <testcase classname="components/AutosizeTextarea should match snapshot, init" name="components/AutosizeTextarea should match snapshot, init" time="0.002">
    </testcase>
  </testsuite>
  <testsuite name="Selectors.Storage" errors="0" failures="0" skipped="0" timestamp="2019-10-31T15:01:31" time="0.124" tests="3">
    <testcase classname="Selectors.Storage getPrefix" name="Selectors.Storage getPrefix" time="0">
    </testcase>
    <testcase classname="Selectors.Storage makeGetGlobalItem" name="Selectors.Storage makeGetGlobalItem" time="0">
    </testcase>
    <testcase classname="Selectors.Storage makeGetItem" name="Selectors.Storage makeGetItem" time="0.001">
    </testcase>
  </testsuite>
</testsuites>